{"synthetic": false,
 "schemaVersion": "2025-09-10",
 "outputs":
 {"rs": "e08d9a7985029b32.ir.sig",
  "r": "b93c9cf9a2b18aa5.ir",
  "o":
  ["8a18301db2c4adb6.olean",
   "7283743d3088a18e.olean.server",
   "dd6163aaec63187f.olean.private"],
  "m": true,
  "i": "a4af64851f3401bd.ilean",
  "c": "633180a56dee5722.c"},
 "log":
 [{"message":
   ".> LEAN_PATH=C:\\lean\\mathlib4\\.lake\\packages\\Cli\\.lake\\build\\lib\\lean;C:\\lean\\mathlib4\\.lake\\packages\\batteries\\.lake\\build\\lib\\lean;C:\\lean\\mathlib4\\.lake\\packages\\Qq\\.lake\\build\\lib\\lean;C:\\lean\\mathlib4\\.lake\\packages\\aesop\\.lake\\build\\lib\\lean;C:\\lean\\mathlib4\\.lake\\packages\\proofwidgets\\.lake\\build\\lib\\lean;C:\\lean\\mathlib4\\.lake\\packages\\importGraph\\.lake\\build\\lib\\lean;C:\\lean\\mathlib4\\.lake\\packages\\LeanSearchClient\\.lake\\build\\lib\\lean;C:\\lean\\mathlib4\\.lake\\packages\\plausible\\.lake\\build\\lib\\lean;C:\\lean\\mathlib4\\.lake\\build\\lib\\lean;C:\\lean\\libs\\physlib\\.lake\\build\\lib\\lean c:\\Users\\Administrator\\.elan\\toolchains\\leanprover--lean4---v4.34.0\\bin\\lean.exe -Dwarn.sorry=false -Dweak.says.verify=true C:\\lean\\libs\\physlib\\QuantumInfo\\ForMathlib\\ComplexLaplaceTransform.lean -o C:\\lean\\libs\\physlib\\.lake\\build\\lib\\lean\\QuantumInfo\\ForMathlib\\ComplexLaplaceTransform.olean -i C:\\lean\\libs\\physlib\\.lake\\build\\lib\\lean\\QuantumInfo\\ForMathlib\\ComplexLaplaceTransform.ilean -c C:\\lean\\libs\\physlib\\.lake\\build\\ir\\QuantumInfo\\ForMathlib\\ComplexLaplaceTransform.c --setup C:\\lean\\libs\\physlib\\.lake\\build\\ir\\QuantumInfo\\ForMathlib\\ComplexLaplaceTransform.setup.json --json",
   "level": "trace"}],
 "inputs":
 [["deps",
   [["Physlib/QuantumInfo:extraDep",
     [["@Physlib:extraDep", "00000000000006bb"]]],
    ["imports",
     [["Mathlib.Analysis.Complex.HasPrimitives transitive imports (public)",
       "de808898ab93d5fe"],
      ["Mathlib.Analysis.Complex.HasPrimitives:importArts", "5bd479aaadda65e2"],
      ["Mathlib.Algebra.Order.Star.Real transitive imports (public)",
       "a753ffde5ee0f9ec"],
      ["Mathlib.Algebra.Order.Star.Real:importArts", "4a93c7c728ec95f8"],
      ["Mathlib.MeasureTheory.Constructions.BorelSpace.WithTop transitive imports (public)",
       "10321c598de208eb"],
      ["Mathlib.MeasureTheory.Constructions.BorelSpace.WithTop:importArts",
       "96255a5cea626277"],
      ["Mathlib.Order.CompletePartialOrder transitive imports (public)",
       "0f2ca31407aee214"],
      ["Mathlib.Order.CompletePartialOrder:importArts", "bcb44742f5543554"]]]]],
  ["libs",
   [["import dynlibs", "00000000000006bb"],
    ["package external libraries", "00000000000006bb"],
    ["module dynlibs", "00000000000006bb"],
    ["module plugins", "00000000000006bb"]]],
  ["Lean 4.34.0, commit 293d5d0c0c3f3dded4688b3ccd6a33939ac5102b",
   "a1c6c7aa3e9abfe7"],
  ["C:\\lean\\libs\\physlib\\QuantumInfo\\ForMathlib\\ComplexLaplaceTransform.lean",
   "15961c8c5c3a31d8"],
  ["options", "00000000000006bb"],
  ["isModule: true", "760fcc16989f4b9b"],
  ["Module.name: QuantumInfo.ForMathlib.ComplexLaplaceTransform",
   "d41fd25edc78cf24"],
  ["Package.id?: (some Physlib)", "6dd4b1a3d0e46d70"],
  ["Module.leanArgs: #[-Dwarn.sorry=false, -Dweak.says.verify=true]",
   "72cd5083b9c31fb2"]],
 "depHash": "bf5524233fea6202"}