{"synthetic": false,
 "schemaVersion": "2025-09-10",
 "outputs":
 {"rs": "bafd7c567fd376d5.ir.sig",
  "r": "9424c256bfe9d2ee.ir",
  "o":
  ["9b7a09d47914f9d5.olean",
   "7c09e0153c5df799.olean.server",
   "6cd9404cd2cdb00e.olean.private"],
  "m": true,
  "i": "e2d9f79ec4a08238.ilean",
  "c": "296ccc6b8e3a84a3.c"},
 "log":
 [{"message":
   ".> LEAN_PATH=C:\\lean\\mathlib4\\.lake\\packages\\Cli\\.lake\\build\\lib\\lean;C:\\lean\\mathlib4\\.lake\\packages\\batteries\\.lake\\build\\lib\\lean;C:\\lean\\mathlib4\\.lake\\packages\\Qq\\.lake\\build\\lib\\lean;C:\\lean\\mathlib4\\.lake\\packages\\aesop\\.lake\\build\\lib\\lean;C:\\lean\\mathlib4\\.lake\\packages\\proofwidgets\\.lake\\build\\lib\\lean;C:\\lean\\mathlib4\\.lake\\packages\\importGraph\\.lake\\build\\lib\\lean;C:\\lean\\mathlib4\\.lake\\packages\\LeanSearchClient\\.lake\\build\\lib\\lean;C:\\lean\\mathlib4\\.lake\\packages\\plausible\\.lake\\build\\lib\\lean;C:\\lean\\mathlib4\\.lake\\build\\lib\\lean;C:\\lean\\libs\\physlib\\.lake\\build\\lib\\lean c:\\Users\\Administrator\\.elan\\toolchains\\leanprover--lean4---v4.34.0\\bin\\lean.exe -Dwarn.sorry=false -Dweak.says.verify=true C:\\lean\\libs\\physlib\\QuantumInfo\\ForMathlib\\ContinuousSup.lean -o C:\\lean\\libs\\physlib\\.lake\\build\\lib\\lean\\QuantumInfo\\ForMathlib\\ContinuousSup.olean -i C:\\lean\\libs\\physlib\\.lake\\build\\lib\\lean\\QuantumInfo\\ForMathlib\\ContinuousSup.ilean -c C:\\lean\\libs\\physlib\\.lake\\build\\ir\\QuantumInfo\\ForMathlib\\ContinuousSup.c --setup C:\\lean\\libs\\physlib\\.lake\\build\\ir\\QuantumInfo\\ForMathlib\\ContinuousSup.setup.json --json",
   "level": "trace"}],
 "inputs":
 [["deps",
   [["Physlib/QuantumInfo:extraDep",
     [["@Physlib:extraDep", "00000000000006bb"]]],
    ["imports",
     [["Mathlib.Analysis.InnerProductSpace.Basic transitive imports (public)",
       "1f9638cf31b8ba42"],
      ["Mathlib.Analysis.InnerProductSpace.Basic:importArts",
       "fe32a1eddbaf33a7"],
      ["Mathlib.Analysis.Normed.Module.FiniteDimension transitive imports (public)",
       "3fa47228c231110d"],
      ["Mathlib.Analysis.Normed.Module.FiniteDimension:importArts",
       "4a97c9329c2db38c"],
      ["Mathlib.Algebra.Order.Star.Real transitive imports (public)",
       "a753ffde5ee0f9ec"],
      ["Mathlib.Algebra.Order.Star.Real:importArts", "4a93c7c728ec95f8"],
      ["Mathlib.Analysis.Normed.Operator.BoundedLinearMaps transitive imports (public)",
       "38df2a47de9f942f"],
      ["Mathlib.Analysis.Normed.Operator.BoundedLinearMaps:importArts",
       "9819f37fea87e845"]]]]],
  ["libs",
   [["import dynlibs", "00000000000006bb"],
    ["package external libraries", "00000000000006bb"],
    ["module dynlibs", "00000000000006bb"],
    ["module plugins", "00000000000006bb"]]],
  ["Lean 4.34.0, commit 293d5d0c0c3f3dded4688b3ccd6a33939ac5102b",
   "a1c6c7aa3e9abfe7"],
  ["C:\\lean\\libs\\physlib\\QuantumInfo\\ForMathlib\\ContinuousSup.lean",
   "f55a4d9834f92e11"],
  ["options", "00000000000006bb"],
  ["isModule: true", "760fcc16989f4b9b"],
  ["Module.name: QuantumInfo.ForMathlib.ContinuousSup", "aff6181535576604"],
  ["Package.id?: (some Physlib)", "6dd4b1a3d0e46d70"],
  ["Module.leanArgs: #[-Dwarn.sorry=false, -Dweak.says.verify=true]",
   "72cd5083b9c31fb2"]],
 "depHash": "b9da06942a5d8c2e"}