{"synthetic": false,
 "schemaVersion": "2025-09-10",
 "outputs":
 {"rs": "3e36d7751ce1bab6.ir.sig",
  "r": "3591385d78ec3070.ir",
  "o":
  ["944165aa935b17e0.olean",
   "4bab17ec941e623d.olean.server",
   "fb1370525846ce5e.olean.private"],
  "m": true,
  "i": "ce1fb2ae81a04896.ilean",
  "c": "2e12cc234990109f.c"},
 "log":
 [{"message":
   ".> LEAN_PATH=C:\\lean\\mathlib4\\.lake\\packages\\Cli\\.lake\\build\\lib\\lean;C:\\lean\\mathlib4\\.lake\\packages\\batteries\\.lake\\build\\lib\\lean;C:\\lean\\mathlib4\\.lake\\packages\\Qq\\.lake\\build\\lib\\lean;C:\\lean\\mathlib4\\.lake\\packages\\aesop\\.lake\\build\\lib\\lean;C:\\lean\\mathlib4\\.lake\\packages\\proofwidgets\\.lake\\build\\lib\\lean;C:\\lean\\mathlib4\\.lake\\packages\\importGraph\\.lake\\build\\lib\\lean;C:\\lean\\mathlib4\\.lake\\packages\\LeanSearchClient\\.lake\\build\\lib\\lean;C:\\lean\\mathlib4\\.lake\\packages\\plausible\\.lake\\build\\lib\\lean;C:\\lean\\mathlib4\\.lake\\build\\lib\\lean;C:\\lean\\libs\\physlib\\.lake\\build\\lib\\lean c:\\Users\\Administrator\\.elan\\toolchains\\leanprover--lean4---v4.34.0\\bin\\lean.exe -Dwarn.sorry=false -Dweak.says.verify=true C:\\lean\\libs\\physlib\\QuantumInfo\\ForMathlib\\Filter.lean -o C:\\lean\\libs\\physlib\\.lake\\build\\lib\\lean\\QuantumInfo\\ForMathlib\\Filter.olean -i C:\\lean\\libs\\physlib\\.lake\\build\\lib\\lean\\QuantumInfo\\ForMathlib\\Filter.ilean -c C:\\lean\\libs\\physlib\\.lake\\build\\ir\\QuantumInfo\\ForMathlib\\Filter.c --setup C:\\lean\\libs\\physlib\\.lake\\build\\ir\\QuantumInfo\\ForMathlib\\Filter.setup.json --json",
   "level": "trace"},
  {"message":
   "QuantumInfo/ForMathlib/Filter.lean:49:0: macro 'Lean.Parser.Command.declaration' (expanded from 'Lean.Parser.Command.in') produces deprecated syntax 'Mathlib.Tactic.Peel.peel': use `gconvert` or `congr!` instead of `peel`\n\nNote: This linter can be disabled with `set_option linter.deprecated.syntax false`",
   "level": "warning"}],
 "inputs":
 [["deps",
   [["Physlib/QuantumInfo:extraDep",
     [["@Physlib:extraDep", "00000000000006bb"]]],
    ["imports",
     [["Mathlib transitive imports (public)", "21cc843370243c87"],
      ["Mathlib:importArts", "9396645682755ea5"],
      ["Mathlib.Tactic.Bound transitive imports (public)", "b8d292ff3ace2805"],
      ["Mathlib.Tactic.Bound:importArts", "df38111650e6649e"]]]]],
  ["libs",
   [["import dynlibs", "00000000000006bb"],
    ["package external libraries", "00000000000006bb"],
    ["module dynlibs", "00000000000006bb"],
    ["module plugins", "00000000000006bb"]]],
  ["Lean 4.34.0, commit 293d5d0c0c3f3dded4688b3ccd6a33939ac5102b",
   "a1c6c7aa3e9abfe7"],
  ["C:\\lean\\libs\\physlib\\QuantumInfo\\ForMathlib\\Filter.lean",
   "a541ab5b7cdcadc1"],
  ["options", "00000000000006bb"],
  ["isModule: true", "760fcc16989f4b9b"],
  ["Module.name: QuantumInfo.ForMathlib.Filter", "bbc4f5fec4046679"],
  ["Package.id?: (some Physlib)", "6dd4b1a3d0e46d70"],
  ["Module.leanArgs: #[-Dwarn.sorry=false, -Dweak.says.verify=true]",
   "72cd5083b9c31fb2"]],
 "depHash": "5141f6875ebdceeb"}