{"synthetic": false,
 "schemaVersion": "2025-09-10",
 "outputs":
 {"rs": "40e20a48b0526575.ir.sig",
  "r": "287608f60a7b8934.ir",
  "o":
  ["4583eae5816cedc5.olean",
   "1a0b6257a155e3c0.olean.server",
   "9d6cfd0432a4486b.olean.private"],
  "m": true,
  "i": "5ebd9572adceb224.ilean",
  "c": "9abcb0033b8e4559.c"},
 "log":
 [{"message":
   ".> LEAN_PATH=C:\\lean\\mathlib4\\.lake\\packages\\Cli\\.lake\\build\\lib\\lean;C:\\lean\\mathlib4\\.lake\\packages\\batteries\\.lake\\build\\lib\\lean;C:\\lean\\mathlib4\\.lake\\packages\\Qq\\.lake\\build\\lib\\lean;C:\\lean\\mathlib4\\.lake\\packages\\aesop\\.lake\\build\\lib\\lean;C:\\lean\\mathlib4\\.lake\\packages\\proofwidgets\\.lake\\build\\lib\\lean;C:\\lean\\mathlib4\\.lake\\packages\\importGraph\\.lake\\build\\lib\\lean;C:\\lean\\mathlib4\\.lake\\packages\\LeanSearchClient\\.lake\\build\\lib\\lean;C:\\lean\\mathlib4\\.lake\\packages\\plausible\\.lake\\build\\lib\\lean;C:\\lean\\mathlib4\\.lake\\build\\lib\\lean;C:\\lean\\libs\\physlib\\.lake\\build\\lib\\lean c:\\Users\\Administrator\\.elan\\toolchains\\leanprover--lean4---v4.34.0\\bin\\lean.exe -Dwarn.sorry=false -Dweak.says.verify=true C:\\lean\\libs\\physlib\\QuantumInfo\\ForMathlib\\HermitianMat.lean -o C:\\lean\\libs\\physlib\\.lake\\build\\lib\\lean\\QuantumInfo\\ForMathlib\\HermitianMat.olean -i C:\\lean\\libs\\physlib\\.lake\\build\\lib\\lean\\QuantumInfo\\ForMathlib\\HermitianMat.ilean -c C:\\lean\\libs\\physlib\\.lake\\build\\ir\\QuantumInfo\\ForMathlib\\HermitianMat.c --setup C:\\lean\\libs\\physlib\\.lake\\build\\ir\\QuantumInfo\\ForMathlib\\HermitianMat.setup.json --json",
   "level": "trace"}],
 "inputs":
 [["deps",
   [["Physlib/QuantumInfo:extraDep",
     [["@Physlib:extraDep", "00000000000006bb"]]],
    ["imports",
     [["QuantumInfo.ForMathlib.HermitianMat.Basic transitive imports (public)",
       "57a134a574de9aae"],
      ["QuantumInfo.ForMathlib.HermitianMat.Basic:importArts",
       "23f90142b898aef7"],
      ["QuantumInfo.ForMathlib.HermitianMat.CFC transitive imports (public)",
       "ca618752ebac62a3"],
      ["QuantumInfo.ForMathlib.HermitianMat.CFC:importArts",
       "ca1ded7df1a07e17"],
      ["QuantumInfo.ForMathlib.HermitianMat.Inner transitive imports (public)",
       "28b18881cc451449"],
      ["QuantumInfo.ForMathlib.HermitianMat.Inner:importArts",
       "869880f17c0a88c9"],
      ["QuantumInfo.ForMathlib.HermitianMat.LiebConcavity transitive imports (public)",
       "98e15c4ea5669073"],
      ["QuantumInfo.ForMathlib.HermitianMat.LiebConcavity:importArts",
       "d4cb8b67eb2a4f79"],
      ["QuantumInfo.ForMathlib.HermitianMat.LogExp transitive imports (public)",
       "9d52cfa216ee82ad"],
      ["QuantumInfo.ForMathlib.HermitianMat.LogExp:importArts",
       "6d4bf27171907ce0"],
      ["QuantumInfo.ForMathlib.HermitianMat.Order transitive imports (public)",
       "53130c6a4fa58fdf"],
      ["QuantumInfo.ForMathlib.HermitianMat.Order:importArts",
       "d5ad9b55f2bc7fce"],
      ["QuantumInfo.ForMathlib.HermitianMat.Peierls transitive imports (public)",
       "7384ce97fd19c8b6"],
      ["QuantumInfo.ForMathlib.HermitianMat.Peierls:importArts",
       "497ef0b51db81ed8"],
      ["QuantumInfo.ForMathlib.HermitianMat.Proj transitive imports (public)",
       "533cb331d3b0e5e8"],
      ["QuantumInfo.ForMathlib.HermitianMat.Proj:importArts",
       "fe5ea32df63f4431"],
      ["QuantumInfo.ForMathlib.HermitianMat.Rpow transitive imports (public)",
       "a0ff208f9bceb598"],
      ["QuantumInfo.ForMathlib.HermitianMat.Rpow:importArts",
       "d1c407ac125a5590"],
      ["QuantumInfo.ForMathlib.HermitianMat.Reindex transitive imports (public)",
       "2c4e9143bc13df38"],
      ["QuantumInfo.ForMathlib.HermitianMat.Reindex:importArts",
       "45956f1863cb9f0d"],
      ["QuantumInfo.ForMathlib.HermitianMat.Schatten transitive imports (public)",
       "cea48254d49eae0d"],
      ["QuantumInfo.ForMathlib.HermitianMat.Schatten:importArts",
       "25970f1896ff092f"],
      ["QuantumInfo.ForMathlib.HermitianMat.Sqrt transitive imports (public)",
       "a3748ac0674b9087"],
      ["QuantumInfo.ForMathlib.HermitianMat.Sqrt:importArts",
       "e1d0bbc38440bb13"],
      ["QuantumInfo.ForMathlib.HermitianMat.Trace transitive imports (public)",
       "3d16090f5ee6d2a6"],
      ["QuantumInfo.ForMathlib.HermitianMat.Trace:importArts",
       "e9cee1037307d374"],
      ["QuantumInfo.ForMathlib.HermitianMat.Unitary transitive imports (public)",
       "e8c16340b732db2b"],
      ["QuantumInfo.ForMathlib.HermitianMat.Unitary:importArts",
       "88f57cb4cc0da784"]]]]],
  ["libs",
   [["import dynlibs", "00000000000006bb"],
    ["package external libraries", "00000000000006bb"],
    ["module dynlibs", "00000000000006bb"],
    ["module plugins", "00000000000006bb"]]],
  ["Lean 4.34.0, commit 293d5d0c0c3f3dded4688b3ccd6a33939ac5102b",
   "a1c6c7aa3e9abfe7"],
  ["C:\\lean\\libs\\physlib\\QuantumInfo\\ForMathlib\\HermitianMat.lean",
   "a427fa3c9522f2c7"],
  ["options", "00000000000006bb"],
  ["isModule: true", "760fcc16989f4b9b"],
  ["Module.name: QuantumInfo.ForMathlib.HermitianMat", "9d986529eb23fdc7"],
  ["Package.id?: (some Physlib)", "6dd4b1a3d0e46d70"],
  ["Module.leanArgs: #[-Dwarn.sorry=false, -Dweak.says.verify=true]",
   "72cd5083b9c31fb2"]],
 "depHash": "b717d58f0d03f4f0"}