{"synthetic": false,
 "schemaVersion": "2025-09-10",
 "outputs":
 {"rs": "496dbe78861c614b.ir.sig",
  "r": "12995f81f4dc41b3.ir",
  "o":
  ["adc87236b03abcc0.olean",
   "cc73351433f9ddb7.olean.server",
   "b93d2bb4346b4553.olean.private"],
  "m": true,
  "i": "6a055f587ddd6345.ilean",
  "c": "27cf1b27b02972dd.c"},
 "log":
 [{"message":
   ".> LEAN_PATH=C:\\lean\\mathlib4\\.lake\\packages\\Cli\\.lake\\build\\lib\\lean;C:\\lean\\mathlib4\\.lake\\packages\\batteries\\.lake\\build\\lib\\lean;C:\\lean\\mathlib4\\.lake\\packages\\Qq\\.lake\\build\\lib\\lean;C:\\lean\\mathlib4\\.lake\\packages\\aesop\\.lake\\build\\lib\\lean;C:\\lean\\mathlib4\\.lake\\packages\\proofwidgets\\.lake\\build\\lib\\lean;C:\\lean\\mathlib4\\.lake\\packages\\importGraph\\.lake\\build\\lib\\lean;C:\\lean\\mathlib4\\.lake\\packages\\LeanSearchClient\\.lake\\build\\lib\\lean;C:\\lean\\mathlib4\\.lake\\packages\\plausible\\.lake\\build\\lib\\lean;C:\\lean\\mathlib4\\.lake\\build\\lib\\lean;C:\\lean\\libs\\physlib\\.lake\\build\\lib\\lean c:\\Users\\Administrator\\.elan\\toolchains\\leanprover--lean4---v4.34.0-rc1\\bin\\lean.exe -Dwarn.sorry=false -Dweak.says.verify=true C:\\lean\\libs\\physlib\\QuantumInfo\\ForMathlib\\Isometry.lean -o C:\\lean\\libs\\physlib\\.lake\\build\\lib\\lean\\QuantumInfo\\ForMathlib\\Isometry.olean -i C:\\lean\\libs\\physlib\\.lake\\build\\lib\\lean\\QuantumInfo\\ForMathlib\\Isometry.ilean -c C:\\lean\\libs\\physlib\\.lake\\build\\ir\\QuantumInfo\\ForMathlib\\Isometry.c --setup C:\\lean\\libs\\physlib\\.lake\\build\\ir\\QuantumInfo\\ForMathlib\\Isometry.setup.json --json",
   "level": "trace"}],
 "inputs":
 [["deps",
   [["Physlib/QuantumInfo:extraDep",
     [["@Physlib:extraDep", "00000000000006bb"]]],
    ["imports",
     [["Mathlib.Analysis.InnerProductSpace.JointEigenspace transitive imports (public)",
       "09be10baa94bc8fd"],
      ["Mathlib.Analysis.InnerProductSpace.JointEigenspace:importArts",
       "d5284a14698b0354"],
      ["Mathlib.LinearAlgebra.Matrix.Permutation transitive imports (public)",
       "a047cd84dbfc7829"],
      ["Mathlib.LinearAlgebra.Matrix.Permutation:importArts",
       "ef57306b9b6b9b8b"],
      ["QuantumInfo.ForMathlib.Matrix transitive imports (public)",
       "94e007313f575d27"],
      ["QuantumInfo.ForMathlib.Matrix:importArts", "289199f384561564"]]]]],
  ["libs",
   [["import dynlibs", "00000000000006bb"],
    ["package external libraries", "00000000000006bb"],
    ["module dynlibs", "00000000000006bb"],
    ["module plugins", "00000000000006bb"]]],
  ["Lean 4.34.0, commit 3447a668783dbce1a8fdb97101dd067687b2b418",
   "421484e3e0c70198"],
  ["C:\\lean\\libs\\physlib\\QuantumInfo\\ForMathlib\\Isometry.lean",
   "72b721a4dc3fa1a2"],
  ["options", "00000000000006bb"],
  ["isModule: true", "760fcc16989f4b9b"],
  ["Module.name: QuantumInfo.ForMathlib.Isometry", "14e76e394c4386d1"],
  ["Package.id?: (some Physlib)", "6dd4b1a3d0e46d70"],
  ["Module.leanArgs: #[-Dwarn.sorry=false, -Dweak.says.verify=true]",
   "72cd5083b9c31fb2"]],
 "depHash": "574aa204fcc6e3f2"}