{"synthetic": false,
 "schemaVersion": "2025-09-10",
 "outputs":
 {"rs": "5387563ffa8200fd.ir.sig",
  "r": "eaedae7fcc204d1c.ir",
  "o":
  ["7f50d53f7095d1ec.olean",
   "90d5debba889feac.olean.server",
   "3dcabc8dfaddb76f.olean.private"],
  "m": true,
  "i": "c330544e4b322587.ilean",
  "c": "ebc5c0e21eecee73.c"},
 "log":
 [{"message":
   ".> LEAN_PATH=C:\\lean\\mathlib4\\.lake\\packages\\Cli\\.lake\\build\\lib\\lean;C:\\lean\\mathlib4\\.lake\\packages\\batteries\\.lake\\build\\lib\\lean;C:\\lean\\mathlib4\\.lake\\packages\\Qq\\.lake\\build\\lib\\lean;C:\\lean\\mathlib4\\.lake\\packages\\aesop\\.lake\\build\\lib\\lean;C:\\lean\\mathlib4\\.lake\\packages\\proofwidgets\\.lake\\build\\lib\\lean;C:\\lean\\mathlib4\\.lake\\packages\\importGraph\\.lake\\build\\lib\\lean;C:\\lean\\mathlib4\\.lake\\packages\\LeanSearchClient\\.lake\\build\\lib\\lean;C:\\lean\\mathlib4\\.lake\\packages\\plausible\\.lake\\build\\lib\\lean;C:\\lean\\mathlib4\\.lake\\build\\lib\\lean;C:\\lean\\libs\\physlib\\.lake\\build\\lib\\lean c:\\Users\\Administrator\\.elan\\toolchains\\leanprover--lean4---v4.34.0\\bin\\lean.exe -Dwarn.sorry=false -Dweak.says.verify=true C:\\lean\\libs\\physlib\\QuantumInfo\\ForMathlib\\LimSupInf.lean -o C:\\lean\\libs\\physlib\\.lake\\build\\lib\\lean\\QuantumInfo\\ForMathlib\\LimSupInf.olean -i C:\\lean\\libs\\physlib\\.lake\\build\\lib\\lean\\QuantumInfo\\ForMathlib\\LimSupInf.ilean -c C:\\lean\\libs\\physlib\\.lake\\build\\ir\\QuantumInfo\\ForMathlib\\LimSupInf.c --setup C:\\lean\\libs\\physlib\\.lake\\build\\ir\\QuantumInfo\\ForMathlib\\LimSupInf.setup.json --json",
   "level": "trace"},
  {"message":
   "QuantumInfo/ForMathlib/LimSupInf.lean:177:0: macro 'lemma' produces deprecated syntax 'Mathlib.Tactic.Peel.peel': use `gconvert` or `congr!` instead of `peel`\n\nNote: This linter can be disabled with `set_option linter.deprecated.syntax false`",
   "level": "warning"}],
 "inputs":
 [["deps",
   [["Physlib/QuantumInfo:extraDep",
     [["@Physlib:extraDep", "00000000000006bb"]]],
    ["imports",
     [["Mathlib.Algebra.Order.Ring.Star transitive imports (public)",
       "a20b423d23a4c0ba"],
      ["Mathlib.Algebra.Order.Ring.Star:importArts", "096910b45da9d0ed"],
      ["Mathlib.Analysis.Normed.Ring.Lemmas transitive imports (public)",
       "72afd41962a2a67f"],
      ["Mathlib.Analysis.Normed.Ring.Lemmas:importArts", "3e04986f68ddf1ab"],
      ["Mathlib.Data.Finset.Attr transitive imports (public)",
       "f4390001eb650bc4"],
      ["Mathlib.Data.Finset.Attr:importArts", "3c04394a2f8c2bc2"],
      ["Mathlib.Data.Int.Star transitive imports (public)", "739e5b40f69be0c7"],
      ["Mathlib.Data.Int.Star:importArts", "998798e079868b65"],
      ["Mathlib.Algebra.Order.Star.Real transitive imports (public)",
       "a753ffde5ee0f9ec"],
      ["Mathlib.Algebra.Order.Star.Real:importArts", "4a93c7c728ec95f8"],
      ["Mathlib.Tactic.Bound transitive imports (public)", "b8d292ff3ace2805"],
      ["Mathlib.Tactic.Bound:importArts", "df38111650e6649e"],
      ["Mathlib.Tactic.Peel transitive imports (public)", "ba02b48c6e6dc0af"],
      ["Mathlib.Tactic.Peel:importArts", "0fdcfbca9ec4045d"],
      ["Mathlib.Tactic.Common transitive imports (public)", "490e92bb90ed065b"],
      ["Mathlib.Tactic.Common:importArts", "63f2cf740d074b5e"],
      ["Mathlib.Tactic.Continuity transitive imports (public)",
       "0dd07feb32051c44"],
      ["Mathlib.Tactic.Continuity:importArts", "10eae4e655cd249d"],
      ["Mathlib.Tactic.Finiteness.Attr transitive imports (public)",
       "f9ac031b91eb887e"],
      ["Mathlib.Tactic.Finiteness.Attr:importArts", "ed94be74908e6670"],
      ["Mathlib.Tactic.SetLike transitive imports (public)",
       "821cabf59ede275a"],
      ["Mathlib.Tactic.SetLike:importArts", "cd6773c42c38ea2e"],
      ["Mathlib.Util.CompileInductive transitive imports (public)",
       "87d9ef412faedab3"],
      ["Mathlib.Util.CompileInductive:importArts", "6fe62e22c3560a52"],
      ["Mathlib.Topology.Instances.ENNReal.Lemmas transitive imports (public)",
       "62fcc0c3de4848f0"],
      ["Mathlib.Topology.Instances.ENNReal.Lemmas:importArts",
       "10632ea68b7d996e"],
      ["Mathlib.Topology.Instances.Nat transitive imports (public)",
       "48fa14b9eb395eab"],
      ["Mathlib.Topology.Instances.Nat:importArts", "b10e409aad127399"]]]]],
  ["libs",
   [["import dynlibs", "00000000000006bb"],
    ["package external libraries", "00000000000006bb"],
    ["module dynlibs", "00000000000006bb"],
    ["module plugins", "00000000000006bb"]]],
  ["Lean 4.34.0, commit 293d5d0c0c3f3dded4688b3ccd6a33939ac5102b",
   "a1c6c7aa3e9abfe7"],
  ["C:\\lean\\libs\\physlib\\QuantumInfo\\ForMathlib\\LimSupInf.lean",
   "1f189516e9c4f083"],
  ["options", "00000000000006bb"],
  ["isModule: true", "760fcc16989f4b9b"],
  ["Module.name: QuantumInfo.ForMathlib.LimSupInf", "86c079351045c44d"],
  ["Package.id?: (some Physlib)", "6dd4b1a3d0e46d70"],
  ["Module.leanArgs: #[-Dwarn.sorry=false, -Dweak.says.verify=true]",
   "72cd5083b9c31fb2"]],
 "depHash": "8f0ab419043926d9"}