{"synthetic": false,
 "schemaVersion": "2025-09-10",
 "outputs":
 {"rs": "c6c3bfd5b23db860.ir.sig",
  "r": "76b1e5815debe295.ir",
  "o":
  ["471c7434d0fecd32.olean",
   "c0c6f08afee9948e.olean.server",
   "7e5a9a6c21b8a376.olean.private"],
  "m": true,
  "i": "e840e7d1e2a63abd.ilean",
  "c": "b02f14e8b07ec275.c"},
 "log":
 [{"message":
   ".> LEAN_PATH=C:\\lean\\mathlib4\\.lake\\packages\\Cli\\.lake\\build\\lib\\lean;C:\\lean\\mathlib4\\.lake\\packages\\batteries\\.lake\\build\\lib\\lean;C:\\lean\\mathlib4\\.lake\\packages\\Qq\\.lake\\build\\lib\\lean;C:\\lean\\mathlib4\\.lake\\packages\\aesop\\.lake\\build\\lib\\lean;C:\\lean\\mathlib4\\.lake\\packages\\proofwidgets\\.lake\\build\\lib\\lean;C:\\lean\\mathlib4\\.lake\\packages\\importGraph\\.lake\\build\\lib\\lean;C:\\lean\\mathlib4\\.lake\\packages\\LeanSearchClient\\.lake\\build\\lib\\lean;C:\\lean\\mathlib4\\.lake\\packages\\plausible\\.lake\\build\\lib\\lean;C:\\lean\\mathlib4\\.lake\\build\\lib\\lean;C:\\lean\\libs\\physlib\\.lake\\build\\lib\\lean c:\\Users\\Administrator\\.elan\\toolchains\\leanprover--lean4---v4.34.0-rc1\\bin\\lean.exe -Dwarn.sorry=false -Dweak.says.verify=true C:\\lean\\libs\\physlib\\QuantumInfo\\ForMathlib\\Matrix.lean -o C:\\lean\\libs\\physlib\\.lake\\build\\lib\\lean\\QuantumInfo\\ForMathlib\\Matrix.olean -i C:\\lean\\libs\\physlib\\.lake\\build\\lib\\lean\\QuantumInfo\\ForMathlib\\Matrix.ilean -c C:\\lean\\libs\\physlib\\.lake\\build\\ir\\QuantumInfo\\ForMathlib\\Matrix.c --setup C:\\lean\\libs\\physlib\\.lake\\build\\ir\\QuantumInfo\\ForMathlib\\Matrix.setup.json --json",
   "level": "trace"}],
 "inputs":
 [["deps",
   [["Physlib/QuantumInfo:extraDep",
     [["@Physlib:extraDep", "00000000000006bb"]]],
    ["imports",
     [["Mathlib.Algebra.Algebra.Spectrum.Quasispectrum transitive imports (public)",
       "c15cebde16100171"],
      ["Mathlib.Algebra.Algebra.Spectrum.Quasispectrum:importArts",
       "8a448c6eb71cba0d"],
      ["Mathlib.Algebra.Order.Group.Pointwise.CompleteLattice transitive imports (public)",
       "df6a919410468fba"],
      ["Mathlib.Algebra.Order.Group.Pointwise.CompleteLattice:importArts",
       "744b8e5f83a5376e"],
      ["Mathlib.Analysis.CStarAlgebra.Matrix transitive imports (public)",
       "45e2adb3868dfdc9"],
      ["Mathlib.Analysis.CStarAlgebra.Matrix:importArts", "673875de75f5cfcb"],
      ["Mathlib.Analysis.Matrix.Order transitive imports (public)",
       "21996938c2ae3a91"],
      ["Mathlib.Analysis.Matrix.Order:importArts", "5609cbc977b857eb"],
      ["Mathlib.Analysis.SpecialFunctions.Bernstein transitive imports (public)",
       "d3a97b89ef95496e"],
      ["Mathlib.Analysis.SpecialFunctions.Bernstein:importArts",
       "bf98b7cf3159c496"],
      ["Mathlib.Analysis.SpecialFunctions.Pow.NNReal transitive imports (public)",
       "0995c40b0620f4fd"],
      ["Mathlib.Analysis.SpecialFunctions.Pow.NNReal:importArts",
       "24caaa8d6cc2f990"],
      ["Mathlib.Data.Multiset.Functor transitive imports (public)",
       "24e48f544b21c31f"],
      ["Mathlib.Data.Multiset.Functor:importArts", "57226e2c7a6da3fe"],
      ["Mathlib.LinearAlgebra.Matrix.Kronecker transitive imports (public)",
       "0baee6adf977c348"],
      ["Mathlib.LinearAlgebra.Matrix.Kronecker:importArts", "b8711a0355f200f4"],
      ["Mathlib.LinearAlgebra.Matrix.PosDef transitive imports (public)",
       "433b55eb97140934"],
      ["Mathlib.LinearAlgebra.Matrix.PosDef:importArts", "b764a142c62f2794"],
      ["Mathlib.LinearAlgebra.Matrix.IsDiag transitive imports (public)",
       "fd8782d2c67b8e7a"],
      ["Mathlib.LinearAlgebra.Matrix.IsDiag:importArts", "f2048addc90d4ddc"],
      ["Mathlib.Tactic.Bound transitive imports (public)", "7b6ddb1bb551608b"],
      ["Mathlib.Tactic.Bound:importArts", "62f1a6d6a1ecc24f"],
      ["Mathlib.Tactic.NormNum.GCD transitive imports (public)",
       "e0c4609f8d85c67f"],
      ["Mathlib.Tactic.NormNum.GCD:importArts", "af28be7a4d2f456d"],
      ["QuantumInfo.ForMathlib.Misc transitive imports (public)",
       "b340644d005e1da0"],
      ["QuantumInfo.ForMathlib.Misc:importArts", "410a69c29c9f19f8"]]]]],
  ["libs",
   [["import dynlibs", "00000000000006bb"],
    ["package external libraries", "00000000000006bb"],
    ["module dynlibs", "00000000000006bb"],
    ["module plugins", "00000000000006bb"]]],
  ["Lean 4.34.0, commit 3447a668783dbce1a8fdb97101dd067687b2b418",
   "421484e3e0c70198"],
  ["C:\\lean\\libs\\physlib\\QuantumInfo\\ForMathlib\\Matrix.lean",
   "2c362ea671a38427"],
  ["options", "00000000000006bb"],
  ["isModule: true", "760fcc16989f4b9b"],
  ["Module.name: QuantumInfo.ForMathlib.Matrix", "005abaa3692378a9"],
  ["Package.id?: (some Physlib)", "6dd4b1a3d0e46d70"],
  ["Module.leanArgs: #[-Dwarn.sorry=false, -Dweak.says.verify=true]",
   "72cd5083b9c31fb2"]],
 "depHash": "423a380117654180"}