{"synthetic": false,
 "schemaVersion": "2025-09-10",
 "outputs":
 {"rs": "d1240fe62e085705.ir.sig",
  "r": "c9d85f06ba85b76f.ir",
  "o":
  ["0f21057f692d2431.olean",
   "e678e5d749d92527.olean.server",
   "eb1eac031192325d.olean.private"],
  "m": true,
  "i": "c64ee38f563147ca.ilean",
  "c": "0ca218ae46ea90bc.c"},
 "log":
 [{"message":
   ".> LEAN_PATH=C:\\lean\\mathlib4\\.lake\\packages\\Cli\\.lake\\build\\lib\\lean;C:\\lean\\mathlib4\\.lake\\packages\\batteries\\.lake\\build\\lib\\lean;C:\\lean\\mathlib4\\.lake\\packages\\Qq\\.lake\\build\\lib\\lean;C:\\lean\\mathlib4\\.lake\\packages\\aesop\\.lake\\build\\lib\\lean;C:\\lean\\mathlib4\\.lake\\packages\\proofwidgets\\.lake\\build\\lib\\lean;C:\\lean\\mathlib4\\.lake\\packages\\importGraph\\.lake\\build\\lib\\lean;C:\\lean\\mathlib4\\.lake\\packages\\LeanSearchClient\\.lake\\build\\lib\\lean;C:\\lean\\mathlib4\\.lake\\packages\\plausible\\.lake\\build\\lib\\lean;C:\\lean\\mathlib4\\.lake\\build\\lib\\lean;C:\\lean\\libs\\physlib\\.lake\\build\\lib\\lean c:\\Users\\Administrator\\.elan\\toolchains\\leanprover--lean4---v4.34.0\\bin\\lean.exe -Dwarn.sorry=false -Dweak.says.verify=true C:\\lean\\libs\\physlib\\QuantumInfo\\ForMathlib\\Minimax.lean -o C:\\lean\\libs\\physlib\\.lake\\build\\lib\\lean\\QuantumInfo\\ForMathlib\\Minimax.olean -i C:\\lean\\libs\\physlib\\.lake\\build\\lib\\lean\\QuantumInfo\\ForMathlib\\Minimax.ilean -c C:\\lean\\libs\\physlib\\.lake\\build\\ir\\QuantumInfo\\ForMathlib\\Minimax.c --setup C:\\lean\\libs\\physlib\\.lake\\build\\ir\\QuantumInfo\\ForMathlib\\Minimax.setup.json --json",
   "level": "trace"}],
 "inputs":
 [["deps",
   [["Physlib/QuantumInfo:extraDep",
     [["@Physlib:extraDep", "00000000000006bb"]]],
    ["imports",
     [["Mathlib.Topology.Algebra.Module.FiniteDimension transitive imports (public)",
       "4531ac43eecf0ca0"],
      ["Mathlib.Topology.Algebra.Module.FiniteDimension:importArts",
       "92f695d5d8ef5aad"],
      ["Mathlib.Topology.Algebra.Module.Spaces.ContinuousLinearMap transitive imports (public)",
       "5865fd17b1128f93"],
      ["Mathlib.Topology.Algebra.Module.Spaces.ContinuousLinearMap:importArts",
       "0c9a8727d9667f22"],
      ["QuantumInfo.ForMathlib.SionMinimax transitive imports (public)",
       "4891c1fce4e35121"],
      ["QuantumInfo.ForMathlib.SionMinimax:importArts", "88fa6aa5ad202cbb"]]]]],
  ["libs",
   [["import dynlibs", "00000000000006bb"],
    ["package external libraries", "00000000000006bb"],
    ["module dynlibs", "00000000000006bb"],
    ["module plugins", "00000000000006bb"]]],
  ["Lean 4.34.0, commit 293d5d0c0c3f3dded4688b3ccd6a33939ac5102b",
   "a1c6c7aa3e9abfe7"],
  ["C:\\lean\\libs\\physlib\\QuantumInfo\\ForMathlib\\Minimax.lean",
   "5918d21d6a4523d8"],
  ["options", "00000000000006bb"],
  ["isModule: true", "760fcc16989f4b9b"],
  ["Module.name: QuantumInfo.ForMathlib.Minimax", "58a00e852e3e48bb"],
  ["Package.id?: (some Physlib)", "6dd4b1a3d0e46d70"],
  ["Module.leanArgs: #[-Dwarn.sorry=false, -Dweak.says.verify=true]",
   "72cd5083b9c31fb2"]],
 "depHash": "8a97a2b9ae3ff84e"}