{"synthetic": false,
 "schemaVersion": "2025-09-10",
 "outputs":
 {"rs": "0d79e2d32613dd98.ir.sig",
  "r": "ae0d292a51449445.ir",
  "o":
  ["1f62cbecb4834b17.olean",
   "9de5f2bc194e94b9.olean.server",
   "f7dab9b7ec683cff.olean.private"],
  "m": true,
  "i": "4a8dca563d4059ac.ilean",
  "c": "2831b26fdf0b8221.c"},
 "log":
 [{"message":
   ".> LEAN_PATH=C:\\lean\\mathlib4\\.lake\\packages\\Cli\\.lake\\build\\lib\\lean;C:\\lean\\mathlib4\\.lake\\packages\\batteries\\.lake\\build\\lib\\lean;C:\\lean\\mathlib4\\.lake\\packages\\Qq\\.lake\\build\\lib\\lean;C:\\lean\\mathlib4\\.lake\\packages\\aesop\\.lake\\build\\lib\\lean;C:\\lean\\mathlib4\\.lake\\packages\\proofwidgets\\.lake\\build\\lib\\lean;C:\\lean\\mathlib4\\.lake\\packages\\importGraph\\.lake\\build\\lib\\lean;C:\\lean\\mathlib4\\.lake\\packages\\LeanSearchClient\\.lake\\build\\lib\\lean;C:\\lean\\mathlib4\\.lake\\packages\\plausible\\.lake\\build\\lib\\lean;C:\\lean\\mathlib4\\.lake\\build\\lib\\lean;C:\\lean\\libs\\physlib\\.lake\\build\\lib\\lean c:\\Users\\Administrator\\.elan\\toolchains\\leanprover--lean4---v4.34.0\\bin\\lean.exe -Dwarn.sorry=false -Dweak.says.verify=true C:\\lean\\libs\\physlib\\QuantumInfo\\ForMathlib\\SionMinimax.lean -o C:\\lean\\libs\\physlib\\.lake\\build\\lib\\lean\\QuantumInfo\\ForMathlib\\SionMinimax.olean -i C:\\lean\\libs\\physlib\\.lake\\build\\lib\\lean\\QuantumInfo\\ForMathlib\\SionMinimax.ilean -c C:\\lean\\libs\\physlib\\.lake\\build\\ir\\QuantumInfo\\ForMathlib\\SionMinimax.c --setup C:\\lean\\libs\\physlib\\.lake\\build\\ir\\QuantumInfo\\ForMathlib\\SionMinimax.setup.json --json",
   "level": "trace"}],
 "inputs":
 [["deps",
   [["Physlib/QuantumInfo:extraDep",
     [["@Physlib:extraDep", "00000000000006bb"]]],
    ["imports",
     [["Mathlib.Algebra.Order.Module.Field transitive imports (public)",
       "9b25c48911ffad64"],
      ["Mathlib.Algebra.Order.Module.Field:importArts", "273a990a436e939a"],
      ["Mathlib.Analysis.Convex.PathConnected transitive imports (public)",
       "039981126562ef2d"],
      ["Mathlib.Analysis.Convex.PathConnected:importArts", "b7189dab8e3f5b54"],
      ["Mathlib.Analysis.Convex.Quasiconvex transitive imports (public)",
       "0619f39cd5b55907"],
      ["Mathlib.Analysis.Convex.Quasiconvex:importArts", "a85c05eb88d3bcd4"],
      ["Mathlib.Analysis.Convex.Topology transitive imports (public)",
       "f560b354ad180771"],
      ["Mathlib.Analysis.Convex.Topology:importArts", "7db072e224772bec"],
      ["Mathlib.Analysis.Normed.Order.Lattice transitive imports (public)",
       "eab745a64cda1149"],
      ["Mathlib.Analysis.Normed.Order.Lattice:importArts", "18c3f03f0e91eba0"],
      ["Mathlib.Analysis.SpecificLimits.Basic transitive imports (public)",
       "105a06f558992318"],
      ["Mathlib.Analysis.SpecificLimits.Basic:importArts", "2f6112f25c8311e5"],
      ["Mathlib.Data.EReal.Operations transitive imports (public)",
       "11fb258af166681d"],
      ["Mathlib.Data.EReal.Operations:importArts", "ce9f50dea2bd4571"],
      ["Mathlib.Data.Fintype.Order transitive imports (public)",
       "f3806b42ecdac247"],
      ["Mathlib.Data.Fintype.Order:importArts", "71cd4eeb6b176c8d"],
      ["Mathlib.Topology.Algebra.InfiniteSum.Order transitive imports (public)",
       "ffc5e4c81ecc70a0"],
      ["Mathlib.Topology.Algebra.InfiniteSum.Order:importArts",
       "ebfc601d461ed7cb"],
      ["Mathlib.Topology.MetricSpace.Bounded transitive imports (public)",
       "6ddae9f51ee3540c"],
      ["Mathlib.Topology.MetricSpace.Bounded:importArts",
       "30682e2b0b6a5cd5"]]]]],
  ["libs",
   [["import dynlibs", "00000000000006bb"],
    ["package external libraries", "00000000000006bb"],
    ["module dynlibs", "00000000000006bb"],
    ["module plugins", "00000000000006bb"]]],
  ["Lean 4.34.0, commit 293d5d0c0c3f3dded4688b3ccd6a33939ac5102b",
   "a1c6c7aa3e9abfe7"],
  ["C:\\lean\\libs\\physlib\\QuantumInfo\\ForMathlib\\SionMinimax.lean",
   "7e6793af95458ebb"],
  ["options", "00000000000006bb"],
  ["isModule: true", "760fcc16989f4b9b"],
  ["Module.name: QuantumInfo.ForMathlib.SionMinimax", "0a98dca48b08a21a"],
  ["Package.id?: (some Physlib)", "6dd4b1a3d0e46d70"],
  ["Module.leanArgs: #[-Dwarn.sorry=false, -Dweak.says.verify=true]",
   "72cd5083b9c31fb2"]],
 "depHash": "3e1d92d0ccf0145f"}