{"synthetic": false,
 "schemaVersion": "2025-09-10",
 "outputs":
 {"rs": "8c65ffd952e55ffa.ir.sig",
  "r": "13e414b3bdbf6948.ir",
  "o":
  ["751f00727f8ae0a5.olean",
   "3e847204a2a31652.olean.server",
   "f963b67681743041.olean.private"],
  "m": true,
  "i": "131145b3f8c096da.ilean",
  "c": "f8fd6be427875784.c"},
 "log":
 [{"message":
   ".> LEAN_PATH=C:\\lean\\mathlib4\\.lake\\packages\\Cli\\.lake\\build\\lib\\lean;C:\\lean\\mathlib4\\.lake\\packages\\batteries\\.lake\\build\\lib\\lean;C:\\lean\\mathlib4\\.lake\\packages\\Qq\\.lake\\build\\lib\\lean;C:\\lean\\mathlib4\\.lake\\packages\\aesop\\.lake\\build\\lib\\lean;C:\\lean\\mathlib4\\.lake\\packages\\proofwidgets\\.lake\\build\\lib\\lean;C:\\lean\\mathlib4\\.lake\\packages\\importGraph\\.lake\\build\\lib\\lean;C:\\lean\\mathlib4\\.lake\\packages\\LeanSearchClient\\.lake\\build\\lib\\lean;C:\\lean\\mathlib4\\.lake\\packages\\plausible\\.lake\\build\\lib\\lean;C:\\lean\\mathlib4\\.lake\\build\\lib\\lean;C:\\lean\\libs\\physlib\\.lake\\build\\lib\\lean c:\\Users\\Administrator\\.elan\\toolchains\\leanprover--lean4---v4.34.0\\bin\\lean.exe -Dwarn.sorry=false -Dweak.says.verify=true C:\\lean\\libs\\physlib\\Physlib\\ClassicalMechanics\\Pendulum\\SimplePendulum\\Hamiltonian.lean -o C:\\lean\\libs\\physlib\\.lake\\build\\lib\\lean\\Physlib\\ClassicalMechanics\\Pendulum\\SimplePendulum\\Hamiltonian.olean -i C:\\lean\\libs\\physlib\\.lake\\build\\lib\\lean\\Physlib\\ClassicalMechanics\\Pendulum\\SimplePendulum\\Hamiltonian.ilean -c C:\\lean\\libs\\physlib\\.lake\\build\\ir\\Physlib\\ClassicalMechanics\\Pendulum\\SimplePendulum\\Hamiltonian.c --setup C:\\lean\\libs\\physlib\\.lake\\build\\ir\\Physlib\\ClassicalMechanics\\Pendulum\\SimplePendulum\\Hamiltonian.setup.json --json",
   "level": "trace"},
  {"message":
   "Physlib/ClassicalMechanics/Pendulum/SimplePendulum/Hamiltonian.lean:312:13: `List.tfae_cons_self` has been deprecated: Use `List.tfae_cons_of_mem` instead\n\nNote: The updated constant has a different type:\n  ∀ {a : Prop} {l : List Prop}, a ∈ l → ((a :: l).TFAE ↔ l.TFAE)\ninstead of\n  ∀ {a : Prop} {l : List Prop}, (a :: a :: l).TFAE ↔ (a :: l).TFAE",
   "level": "warning"},
  {"message":
   "Physlib/ClassicalMechanics/Pendulum/SimplePendulum/Hamiltonian.lean:315:13: `List.tfae_cons_self` has been deprecated: Use `List.tfae_cons_of_mem` instead\n\nNote: The updated constant has a different type:\n  ∀ {a : Prop} {l : List Prop}, a ∈ l → ((a :: l).TFAE ↔ l.TFAE)\ninstead of\n  ∀ {a : Prop} {l : List Prop}, (a :: a :: l).TFAE ↔ (a :: l).TFAE",
   "level": "warning"},
  {"message":
   "Physlib/ClassicalMechanics/Pendulum/SimplePendulum/Hamiltonian.lean:319:13: `List.tfae_cons_self` has been deprecated: Use `List.tfae_cons_of_mem` instead\n\nNote: The updated constant has a different type:\n  ∀ {a : Prop} {l : List Prop}, a ∈ l → ((a :: l).TFAE ↔ l.TFAE)\ninstead of\n  ∀ {a : Prop} {l : List Prop}, (a :: a :: l).TFAE ↔ (a :: l).TFAE",
   "level": "warning"}],
 "inputs":
 [["deps",
   [["Physlib/Physlib:extraDep", [["@Physlib:extraDep", "00000000000006bb"]]],
    ["imports",
     [["Physlib.ClassicalMechanics.HamiltonsEquations transitive imports (public)",
       "ffa4ee99cdb601aa"],
      ["Physlib.ClassicalMechanics.HamiltonsEquations:importArts",
       "b4b77ee1927835f2"],
      ["Physlib.ClassicalMechanics.Pendulum.SimplePendulum.Basic transitive imports (public)",
       "7bae7bfc4fea0645"],
      ["Physlib.ClassicalMechanics.Pendulum.SimplePendulum.Basic:importArts",
       "740fdfac1cabbccd"]]]]],
  ["libs",
   [["import dynlibs", "00000000000006bb"],
    ["package external libraries", "00000000000006bb"],
    ["module dynlibs", "00000000000006bb"],
    ["module plugins", "00000000000006bb"]]],
  ["Lean 4.34.0, commit 293d5d0c0c3f3dded4688b3ccd6a33939ac5102b",
   "a1c6c7aa3e9abfe7"],
  ["C:\\lean\\libs\\physlib\\Physlib\\ClassicalMechanics\\Pendulum\\SimplePendulum\\Hamiltonian.lean",
   "f399adc265ec9f3b"],
  ["options", "00000000000006bb"],
  ["isModule: true", "760fcc16989f4b9b"],
  ["Module.name: Physlib.ClassicalMechanics.Pendulum.SimplePendulum.Hamiltonian",
   "4e62047f39e663bf"],
  ["Package.id?: (some Physlib)", "6dd4b1a3d0e46d70"],
  ["Module.leanArgs: #[-Dwarn.sorry=false, -Dweak.says.verify=true]",
   "72cd5083b9c31fb2"]],
 "depHash": "12928cdef16ccc6f"}