{"synthetic": false,
 "schemaVersion": "2025-09-10",
 "outputs":
 {"rs": "a5d5b74596d0c01e.ir.sig",
  "r": "5c04812cf38fa11c.ir",
  "o":
  ["1a084e0046c73ec5.olean",
   "9abe7c8742c1c1a4.olean.server",
   "c873f8ef317c1e6b.olean.private"],
  "m": true,
  "i": "55ecdf70450b484f.ilean",
  "c": "11714b1c7249613c.c"},
 "log":
 [{"message":
   ".> LEAN_PATH=C:\\lean\\mathlib4\\.lake\\packages\\Cli\\.lake\\build\\lib\\lean;C:\\lean\\mathlib4\\.lake\\packages\\batteries\\.lake\\build\\lib\\lean;C:\\lean\\mathlib4\\.lake\\packages\\Qq\\.lake\\build\\lib\\lean;C:\\lean\\mathlib4\\.lake\\packages\\aesop\\.lake\\build\\lib\\lean;C:\\lean\\mathlib4\\.lake\\packages\\proofwidgets\\.lake\\build\\lib\\lean;C:\\lean\\mathlib4\\.lake\\packages\\importGraph\\.lake\\build\\lib\\lean;C:\\lean\\mathlib4\\.lake\\packages\\LeanSearchClient\\.lake\\build\\lib\\lean;C:\\lean\\mathlib4\\.lake\\packages\\plausible\\.lake\\build\\lib\\lean;C:\\lean\\mathlib4\\.lake\\build\\lib\\lean;C:\\lean\\libs\\physlib\\.lake\\build\\lib\\lean c:\\Users\\Administrator\\.elan\\toolchains\\leanprover--lean4---v4.34.0\\bin\\lean.exe -Dwarn.sorry=false -Dweak.says.verify=true C:\\lean\\libs\\physlib\\Physlib\\ClassicalMechanics\\Pendulum\\SimplePendulum\\LiftInvariance.lean -o C:\\lean\\libs\\physlib\\.lake\\build\\lib\\lean\\Physlib\\ClassicalMechanics\\Pendulum\\SimplePendulum\\LiftInvariance.olean -i C:\\lean\\libs\\physlib\\.lake\\build\\lib\\lean\\Physlib\\ClassicalMechanics\\Pendulum\\SimplePendulum\\LiftInvariance.ilean -c C:\\lean\\libs\\physlib\\.lake\\build\\ir\\Physlib\\ClassicalMechanics\\Pendulum\\SimplePendulum\\LiftInvariance.c --setup C:\\lean\\libs\\physlib\\.lake\\build\\ir\\Physlib\\ClassicalMechanics\\Pendulum\\SimplePendulum\\LiftInvariance.setup.json --json",
   "level": "trace"}],
 "inputs":
 [["deps",
   [["Physlib/Physlib:extraDep", [["@Physlib:extraDep", "00000000000006bb"]]],
    ["imports",
     [["Physlib.ClassicalMechanics.Pendulum.SimplePendulum.Basic transitive imports (public)",
       "7bae7bfc4fea0645"],
      ["Physlib.ClassicalMechanics.Pendulum.SimplePendulum.Basic:importArts",
       "740fdfac1cabbccd"],
      ["Physlib.ClassicalMechanics.Pendulum.SimplePendulum.Geometric.Basic transitive imports (public)",
       "77d1aeae72a24830"],
      ["Physlib.ClassicalMechanics.Pendulum.SimplePendulum.Geometric.Basic:importArts",
       "345e0e753ec55ef2"]]]]],
  ["libs",
   [["import dynlibs", "00000000000006bb"],
    ["package external libraries", "00000000000006bb"],
    ["module dynlibs", "00000000000006bb"],
    ["module plugins", "00000000000006bb"]]],
  ["Lean 4.34.0, commit 293d5d0c0c3f3dded4688b3ccd6a33939ac5102b",
   "a1c6c7aa3e9abfe7"],
  ["C:\\lean\\libs\\physlib\\Physlib\\ClassicalMechanics\\Pendulum\\SimplePendulum\\LiftInvariance.lean",
   "ec46641da54ad8c7"],
  ["options", "00000000000006bb"],
  ["isModule: true", "760fcc16989f4b9b"],
  ["Module.name: Physlib.ClassicalMechanics.Pendulum.SimplePendulum.LiftInvariance",
   "19502e0c7a529109"],
  ["Package.id?: (some Physlib)", "6dd4b1a3d0e46d70"],
  ["Module.leanArgs: #[-Dwarn.sorry=false, -Dweak.says.verify=true]",
   "72cd5083b9c31fb2"]],
 "depHash": "4bf19f89e779156a"}