{"synthetic": false,
 "schemaVersion": "2025-09-10",
 "outputs":
 {"rs": "9ac8ec1590d2c300.ir.sig",
  "r": "0342fdb42f78a633.ir",
  "o":
  ["de5e2f39af598163.olean",
   "1cbaece53fb3857b.olean.server",
   "debb8a82fd5cf97b.olean.private"],
  "m": true,
  "i": "9f8a2681ca81aafe.ilean",
  "c": "03dcfc43c652bc51.c"},
 "log":
 [{"message":
   ".> LEAN_PATH=C:\\lean\\mathlib4\\.lake\\packages\\Cli\\.lake\\build\\lib\\lean;C:\\lean\\mathlib4\\.lake\\packages\\batteries\\.lake\\build\\lib\\lean;C:\\lean\\mathlib4\\.lake\\packages\\Qq\\.lake\\build\\lib\\lean;C:\\lean\\mathlib4\\.lake\\packages\\aesop\\.lake\\build\\lib\\lean;C:\\lean\\mathlib4\\.lake\\packages\\proofwidgets\\.lake\\build\\lib\\lean;C:\\lean\\mathlib4\\.lake\\packages\\importGraph\\.lake\\build\\lib\\lean;C:\\lean\\mathlib4\\.lake\\packages\\LeanSearchClient\\.lake\\build\\lib\\lean;C:\\lean\\mathlib4\\.lake\\packages\\plausible\\.lake\\build\\lib\\lean;C:\\lean\\mathlib4\\.lake\\build\\lib\\lean;C:\\lean\\libs\\physlib\\.lake\\build\\lib\\lean c:\\Users\\Administrator\\.elan\\toolchains\\leanprover--lean4---v4.34.0\\bin\\lean.exe -Dwarn.sorry=false -Dweak.says.verify=true C:\\lean\\libs\\physlib\\Physlib\\ClassicalMechanics\\Pendulum\\SimplePendulum\\PeriodFormula.lean -o C:\\lean\\libs\\physlib\\.lake\\build\\lib\\lean\\Physlib\\ClassicalMechanics\\Pendulum\\SimplePendulum\\PeriodFormula.olean -i C:\\lean\\libs\\physlib\\.lake\\build\\lib\\lean\\Physlib\\ClassicalMechanics\\Pendulum\\SimplePendulum\\PeriodFormula.ilean -c C:\\lean\\libs\\physlib\\.lake\\build\\ir\\Physlib\\ClassicalMechanics\\Pendulum\\SimplePendulum\\PeriodFormula.c --setup C:\\lean\\libs\\physlib\\.lake\\build\\ir\\Physlib\\ClassicalMechanics\\Pendulum\\SimplePendulum\\PeriodFormula.setup.json --json",
   "level": "trace"}],
 "inputs":
 [["deps",
   [["Physlib/Physlib:extraDep", [["@Physlib:extraDep", "00000000000006bb"]]],
    ["imports",
     [["Physlib.ClassicalMechanics.Pendulum.SimplePendulum.SmallAngle transitive imports (public)",
       "30fc345da673f035"],
      ["Physlib.ClassicalMechanics.Pendulum.SimplePendulum.SmallAngle:importArts",
       "190cf24061a9a782"],
      ["Physlib.Mathematics.SpecialFunctions.EllipticIntegral transitive imports (public)",
       "76009b13b5337f10"],
      ["Physlib.Mathematics.SpecialFunctions.EllipticIntegral:importArts",
       "f21a78475ec0f6fa"],
      ["Physlib.Mathematics.Trigonometry.SinSq transitive imports (public)",
       "f6851f8b3867dab4"],
      ["Physlib.Mathematics.Trigonometry.SinSq:importArts",
       "3c25ed08e9e1e63c"]]]]],
  ["libs",
   [["import dynlibs", "00000000000006bb"],
    ["package external libraries", "00000000000006bb"],
    ["module dynlibs", "00000000000006bb"],
    ["module plugins", "00000000000006bb"]]],
  ["Lean 4.34.0, commit 293d5d0c0c3f3dded4688b3ccd6a33939ac5102b",
   "a1c6c7aa3e9abfe7"],
  ["C:\\lean\\libs\\physlib\\Physlib\\ClassicalMechanics\\Pendulum\\SimplePendulum\\PeriodFormula.lean",
   "fb7e2fb9698ede18"],
  ["options", "00000000000006bb"],
  ["isModule: true", "760fcc16989f4b9b"],
  ["Module.name: Physlib.ClassicalMechanics.Pendulum.SimplePendulum.PeriodFormula",
   "cc52d52bce359b43"],
  ["Package.id?: (some Physlib)", "6dd4b1a3d0e46d70"],
  ["Module.leanArgs: #[-Dwarn.sorry=false, -Dweak.says.verify=true]",
   "72cd5083b9c31fb2"]],
 "depHash": "c01975a94be08605"}