{"synthetic": false,
 "schemaVersion": "2025-09-10",
 "outputs":
 {"rs": "9c9a667b6ba37fc6.ir.sig",
  "r": "32e2d0577339466f.ir",
  "o":
  ["d7e6b419d4728628.olean",
   "622f1e3498e32774.olean.server",
   "a2687b677ac1ae6b.olean.private"],
  "m": true,
  "i": "0fda44fdd599439f.ilean",
  "c": "3f14956cd4eca632.c"},
 "log":
 [{"message":
   ".> LEAN_PATH=C:\\lean\\mathlib4\\.lake\\packages\\Cli\\.lake\\build\\lib\\lean;C:\\lean\\mathlib4\\.lake\\packages\\batteries\\.lake\\build\\lib\\lean;C:\\lean\\mathlib4\\.lake\\packages\\Qq\\.lake\\build\\lib\\lean;C:\\lean\\mathlib4\\.lake\\packages\\aesop\\.lake\\build\\lib\\lean;C:\\lean\\mathlib4\\.lake\\packages\\proofwidgets\\.lake\\build\\lib\\lean;C:\\lean\\mathlib4\\.lake\\packages\\importGraph\\.lake\\build\\lib\\lean;C:\\lean\\mathlib4\\.lake\\packages\\LeanSearchClient\\.lake\\build\\lib\\lean;C:\\lean\\mathlib4\\.lake\\packages\\plausible\\.lake\\build\\lib\\lean;C:\\lean\\mathlib4\\.lake\\build\\lib\\lean;C:\\lean\\libs\\physlib\\.lake\\build\\lib\\lean c:\\Users\\Administrator\\.elan\\toolchains\\leanprover--lean4---v4.34.0\\bin\\lean.exe -Dwarn.sorry=false -Dweak.says.verify=true C:\\lean\\libs\\physlib\\Physlib\\QuantumMechanics\\HilbertSpaces\\TensorProducts\\CompleteTensorProduct.lean -o C:\\lean\\libs\\physlib\\.lake\\build\\lib\\lean\\Physlib\\QuantumMechanics\\HilbertSpaces\\TensorProducts\\CompleteTensorProduct.olean -i C:\\lean\\libs\\physlib\\.lake\\build\\lib\\lean\\Physlib\\QuantumMechanics\\HilbertSpaces\\TensorProducts\\CompleteTensorProduct.ilean -c C:\\lean\\libs\\physlib\\.lake\\build\\ir\\Physlib\\QuantumMechanics\\HilbertSpaces\\TensorProducts\\CompleteTensorProduct.c --setup C:\\lean\\libs\\physlib\\.lake\\build\\ir\\Physlib\\QuantumMechanics\\HilbertSpaces\\TensorProducts\\CompleteTensorProduct.setup.json --json",
   "level": "trace"},
  {"message":
   "Physlib/QuantumMechanics/HilbertSpaces/TensorProducts/CompleteTensorProduct.lean:184:45: `TensorProduct.induction_on` has been deprecated: Use `TensorProduction.inductionOn` instead",
   "level": "warning"},
  {"message":
   "Physlib/QuantumMechanics/HilbertSpaces/TensorProducts/CompleteTensorProduct.lean:226:11: `TensorProduct.induction_on` has been deprecated: Use `TensorProduction.inductionOn` instead",
   "level": "warning"}],
 "inputs":
 [["deps",
   [["Physlib/Physlib:extraDep", [["@Physlib:extraDep", "00000000000006bb"]]],
    ["imports",
     [["Mathlib.Analysis.InnerProductSpace.Completion transitive imports (public)",
       "030bde938d670880"],
      ["Mathlib.Analysis.InnerProductSpace.Completion:importArts",
       "dec4dd0af4f339c1"],
      ["Mathlib.Analysis.InnerProductSpace.TensorProduct transitive imports (public)",
       "d972e4b5db8a16a9"],
      ["Mathlib.Analysis.InnerProductSpace.TensorProduct:importArts",
       "e80da9577532c10a"],
      ["Mathlib.Analysis.Normed.Operator.Extend transitive imports (public)",
       "e6a3de3b13aa8164"],
      ["Mathlib.Analysis.Normed.Operator.Extend:importArts",
       "928a6b6d5b6dedba"],
      ["Physlib.Meta.TODO.Basic transitive imports (public)",
       "00000000000006bb"],
      ["Physlib.Meta.TODO.Basic:importArts", "00cee186cb0fb022"]]]]],
  ["libs",
   [["import dynlibs", "00000000000006bb"],
    ["package external libraries", "00000000000006bb"],
    ["module dynlibs", "00000000000006bb"],
    ["module plugins", "00000000000006bb"]]],
  ["Lean 4.34.0, commit 293d5d0c0c3f3dded4688b3ccd6a33939ac5102b",
   "a1c6c7aa3e9abfe7"],
  ["C:\\lean\\libs\\physlib\\Physlib\\QuantumMechanics\\HilbertSpaces\\TensorProducts\\CompleteTensorProduct.lean",
   "24bd234852b4f5f6"],
  ["options", "00000000000006bb"],
  ["isModule: true", "760fcc16989f4b9b"],
  ["Module.name: Physlib.QuantumMechanics.HilbertSpaces.TensorProducts.CompleteTensorProduct",
   "fde66086c1c5f073"],
  ["Package.id?: (some Physlib)", "6dd4b1a3d0e46d70"],
  ["Module.leanArgs: #[-Dwarn.sorry=false, -Dweak.says.verify=true]",
   "72cd5083b9c31fb2"]],
 "depHash": "4afa13899c7f2efe"}