{"synthetic": false,
 "schemaVersion": "2025-09-10",
 "outputs":
 {"rs": "88b40dff98a93401.ir.sig",
  "r": "6aeb5a94e753b848.ir",
  "o":
  ["e5257c0de5534719.olean",
   "f52fd495d05770bd.olean.server",
   "e94f198ea82db04d.olean.private"],
  "m": true,
  "i": "f0a580230ae425e5.ilean",
  "c": "420cc75d21876d6c.c"},
 "log":
 [{"message":
   ".> LEAN_PATH=C:\\lean\\mathlib4\\.lake\\packages\\Cli\\.lake\\build\\lib\\lean;C:\\lean\\mathlib4\\.lake\\packages\\batteries\\.lake\\build\\lib\\lean;C:\\lean\\mathlib4\\.lake\\packages\\Qq\\.lake\\build\\lib\\lean;C:\\lean\\mathlib4\\.lake\\packages\\aesop\\.lake\\build\\lib\\lean;C:\\lean\\mathlib4\\.lake\\packages\\proofwidgets\\.lake\\build\\lib\\lean;C:\\lean\\mathlib4\\.lake\\packages\\importGraph\\.lake\\build\\lib\\lean;C:\\lean\\mathlib4\\.lake\\packages\\LeanSearchClient\\.lake\\build\\lib\\lean;C:\\lean\\mathlib4\\.lake\\packages\\plausible\\.lake\\build\\lib\\lean;C:\\lean\\mathlib4\\.lake\\build\\lib\\lean;C:\\lean\\libs\\physlib\\.lake\\build\\lib\\lean c:\\Users\\Administrator\\.elan\\toolchains\\leanprover--lean4---v4.34.0\\bin\\lean.exe -Dwarn.sorry=false -Dweak.says.verify=true C:\\lean\\libs\\physlib\\Physlib\\Particles\\SuperSymmetry\\SU5\\ChargeSpectrum\\OfFieldLabel.lean -o C:\\lean\\libs\\physlib\\.lake\\build\\lib\\lean\\Physlib\\Particles\\SuperSymmetry\\SU5\\ChargeSpectrum\\OfFieldLabel.olean -i C:\\lean\\libs\\physlib\\.lake\\build\\lib\\lean\\Physlib\\Particles\\SuperSymmetry\\SU5\\ChargeSpectrum\\OfFieldLabel.ilean -c C:\\lean\\libs\\physlib\\.lake\\build\\ir\\Physlib\\Particles\\SuperSymmetry\\SU5\\ChargeSpectrum\\OfFieldLabel.c --setup C:\\lean\\libs\\physlib\\.lake\\build\\ir\\Physlib\\Particles\\SuperSymmetry\\SU5\\ChargeSpectrum\\OfFieldLabel.setup.json --json",
   "level": "trace"}],
 "inputs":
 [["deps",
   [["Physlib/Physlib:extraDep", [["@Physlib:extraDep", "00000000000006bb"]]],
    ["imports",
     [["Physlib.Particles.SuperSymmetry.SU5.ChargeSpectrum.Basic transitive imports (public)",
       "1cb88d876b88f8ac"],
      ["Physlib.Particles.SuperSymmetry.SU5.ChargeSpectrum.Basic:importArts",
       "7b2db0bed9f13a0f"],
      ["Physlib.Particles.SuperSymmetry.SU5.FieldLabels transitive imports (public)",
       "04d27fd073a0f01a"],
      ["Physlib.Particles.SuperSymmetry.SU5.FieldLabels:importArts",
       "42cc9a0ab75510e3"]]]]],
  ["libs",
   [["import dynlibs", "00000000000006bb"],
    ["package external libraries", "00000000000006bb"],
    ["module dynlibs", "00000000000006bb"],
    ["module plugins", "00000000000006bb"]]],
  ["Lean 4.34.0, commit 293d5d0c0c3f3dded4688b3ccd6a33939ac5102b",
   "a1c6c7aa3e9abfe7"],
  ["C:\\lean\\libs\\physlib\\Physlib\\Particles\\SuperSymmetry\\SU5\\ChargeSpectrum\\OfFieldLabel.lean",
   "38bb8b8bace1b849"],
  ["options", "00000000000006bb"],
  ["isModule: true", "760fcc16989f4b9b"],
  ["Module.name: Physlib.Particles.SuperSymmetry.SU5.ChargeSpectrum.OfFieldLabel",
   "7f718066c9983ae8"],
  ["Package.id?: (some Physlib)", "6dd4b1a3d0e46d70"],
  ["Module.leanArgs: #[-Dwarn.sorry=false, -Dweak.says.verify=true]",
   "72cd5083b9c31fb2"]],
 "depHash": "83c6acbe3879342b"}