{"synthetic": false,
 "schemaVersion": "2025-09-10",
 "outputs":
 {"rs": "0f5a7ddccaedb67d.ir.sig",
  "r": "c49594838bd602f2.ir",
  "o":
  ["d7c567fee64df52d.olean",
   "0b8ed7cf6812b782.olean.server",
   "088e3d982c57917e.olean.private"],
  "m": true,
  "i": "d51a49cfae6a8494.ilean",
  "c": "4baf6e74e8567e24.c"},
 "log":
 [{"message":
   ".> LEAN_PATH=C:\\lean\\mathlib4\\.lake\\packages\\Cli\\.lake\\build\\lib\\lean;C:\\lean\\mathlib4\\.lake\\packages\\batteries\\.lake\\build\\lib\\lean;C:\\lean\\mathlib4\\.lake\\packages\\Qq\\.lake\\build\\lib\\lean;C:\\lean\\mathlib4\\.lake\\packages\\aesop\\.lake\\build\\lib\\lean;C:\\lean\\mathlib4\\.lake\\packages\\proofwidgets\\.lake\\build\\lib\\lean;C:\\lean\\mathlib4\\.lake\\packages\\importGraph\\.lake\\build\\lib\\lean;C:\\lean\\mathlib4\\.lake\\packages\\LeanSearchClient\\.lake\\build\\lib\\lean;C:\\lean\\mathlib4\\.lake\\packages\\plausible\\.lake\\build\\lib\\lean;C:\\lean\\mathlib4\\.lake\\build\\lib\\lean;C:\\lean\\libs\\physlib\\.lake\\build\\lib\\lean c:\\Users\\Administrator\\.elan\\toolchains\\leanprover--lean4---v4.34.0-rc1\\bin\\lean.exe -Dwarn.sorry=false -Dweak.says.verify=true C:\\lean\\libs\\physlib\\Physlib\\Particles\\SuperSymmetry\\SU5\\ChargeSpectrum\\ZMod.lean -o C:\\lean\\libs\\physlib\\.lake\\build\\lib\\lean\\Physlib\\Particles\\SuperSymmetry\\SU5\\ChargeSpectrum\\ZMod.olean -i C:\\lean\\libs\\physlib\\.lake\\build\\lib\\lean\\Physlib\\Particles\\SuperSymmetry\\SU5\\ChargeSpectrum\\ZMod.ilean -c C:\\lean\\libs\\physlib\\.lake\\build\\ir\\Physlib\\Particles\\SuperSymmetry\\SU5\\ChargeSpectrum\\ZMod.c --setup C:\\lean\\libs\\physlib\\.lake\\build\\ir\\Physlib\\Particles\\SuperSymmetry\\SU5\\ChargeSpectrum\\ZMod.setup.json --json",
   "level": "trace"}],
 "inputs":
 [["deps",
   [["Physlib/Physlib:extraDep", [["@Physlib:extraDep", "00000000000006bb"]]],
    ["imports",
     [["Mathlib.Data.ZMod.Defs transitive imports (meta)", "fcf1f46d2a4839c5"],
      ["Mathlib.Data.ZMod.Defs:importArts (meta)", "23ffbd3c52e02076"],
      ["Physlib.Particles.SuperSymmetry.SU5.ChargeSpectrum.Yukawa transitive imports (meta)",
       "ff8e5e70b0688373"],
      ["Physlib.Particles.SuperSymmetry.SU5.ChargeSpectrum.Yukawa:importArts (meta)",
       "80c2c6e617700b7c"],
      ["Physlib.Particles.SuperSymmetry.SU5.ChargeSpectrum.Completions transitive imports (meta)",
       "cefc05a79f22f80b"],
      ["Physlib.Particles.SuperSymmetry.SU5.ChargeSpectrum.Completions:importArts (meta)",
       "dbe1ec321518816d"],
      ["Mathlib.Data.Fintype.Prod transitive imports (public)",
       "2e32264b061c8b28"],
      ["Mathlib.Data.Fintype.Prod:importArts", "917d47cc174224d3"],
      ["Mathlib.Data.ZMod.Defs transitive imports (public)",
       "3190c4564f6cd834"],
      ["Mathlib.Data.ZMod.Defs:importArts", "b52108ab5ab61cce"],
      ["Physlib.Particles.SuperSymmetry.SU5.ChargeSpectrum.Yukawa transitive imports (public)",
       "8c2ca58861d98a99"],
      ["Physlib.Particles.SuperSymmetry.SU5.ChargeSpectrum.Yukawa:importArts",
       "42daa15573b60899"],
      ["Physlib.Particles.SuperSymmetry.SU5.ChargeSpectrum.Completions transitive imports (public)",
       "7eb1fe39c43435a9"],
      ["Physlib.Particles.SuperSymmetry.SU5.ChargeSpectrum.Completions:importArts",
       "023ad6f77d32b87f"],
      ["Physlib.Meta.Linters.Sorry transitive imports (public)",
       "2f115a782eade85e"],
      ["Physlib.Meta.Linters.Sorry:importArts", "4123590128d6b1df"]]]]],
  ["libs",
   [["import dynlibs", "00000000000006bb"],
    ["package external libraries", "00000000000006bb"],
    ["module dynlibs", "00000000000006bb"],
    ["module plugins", "00000000000006bb"]]],
  ["Lean 4.34.0, commit 3447a668783dbce1a8fdb97101dd067687b2b418",
   "421484e3e0c70198"],
  ["C:\\lean\\libs\\physlib\\Physlib\\Particles\\SuperSymmetry\\SU5\\ChargeSpectrum\\ZMod.lean",
   "dd7dd90125354e27"],
  ["options", "00000000000006bb"],
  ["isModule: true", "760fcc16989f4b9b"],
  ["Module.name: Physlib.Particles.SuperSymmetry.SU5.ChargeSpectrum.ZMod",
   "a6165a2be75ec26f"],
  ["Package.id?: (some Physlib)", "6dd4b1a3d0e46d70"],
  ["Module.leanArgs: #[-Dwarn.sorry=false, -Dweak.says.verify=true]",
   "72cd5083b9c31fb2"]],
 "depHash": "2adeb01c25c235b7"}