{"synthetic": false,
 "schemaVersion": "2025-09-10",
 "outputs":
 {"rs": "8cb4d36db1b88636.ir.sig",
  "r": "daff2b656c844f83.ir",
  "o":
  ["d6a1319e5d3527c5.olean",
   "d8d12c7bcf969d89.olean.server",
   "532a941f2dc8ff25.olean.private"],
  "m": true,
  "i": "dc3dde821fe1e62c.ilean",
  "c": "7329e67186273309.c"},
 "log":
 [{"message":
   ".> LEAN_PATH=C:\\lean\\mathlib4\\.lake\\packages\\Cli\\.lake\\build\\lib\\lean;C:\\lean\\mathlib4\\.lake\\packages\\batteries\\.lake\\build\\lib\\lean;C:\\lean\\mathlib4\\.lake\\packages\\Qq\\.lake\\build\\lib\\lean;C:\\lean\\mathlib4\\.lake\\packages\\aesop\\.lake\\build\\lib\\lean;C:\\lean\\mathlib4\\.lake\\packages\\proofwidgets\\.lake\\build\\lib\\lean;C:\\lean\\mathlib4\\.lake\\packages\\importGraph\\.lake\\build\\lib\\lean;C:\\lean\\mathlib4\\.lake\\packages\\LeanSearchClient\\.lake\\build\\lib\\lean;C:\\lean\\mathlib4\\.lake\\packages\\plausible\\.lake\\build\\lib\\lean;C:\\lean\\mathlib4\\.lake\\build\\lib\\lean;C:\\lean\\libs\\physlib\\.lake\\build\\lib\\lean c:\\Users\\Administrator\\.elan\\toolchains\\leanprover--lean4---v4.34.0\\bin\\lean.exe -Dwarn.sorry=false -Dweak.says.verify=true C:\\lean\\libs\\physlib\\Physlib\\Mathematics\\KroneckerDelta\\Basic.lean -o C:\\lean\\libs\\physlib\\.lake\\build\\lib\\lean\\Physlib\\Mathematics\\KroneckerDelta\\Basic.olean -i C:\\lean\\libs\\physlib\\.lake\\build\\lib\\lean\\Physlib\\Mathematics\\KroneckerDelta\\Basic.ilean -c C:\\lean\\libs\\physlib\\.lake\\build\\ir\\Physlib\\Mathematics\\KroneckerDelta\\Basic.c --setup C:\\lean\\libs\\physlib\\.lake\\build\\ir\\Physlib\\Mathematics\\KroneckerDelta\\Basic.setup.json --json",
   "level": "trace"},
  {"message":
   "Physlib/Mathematics/KroneckerDelta/Basic.lean:61:45: `if_pos` has been deprecated: Use `ite_eq_left` instead",
   "level": "warning"},
  {"message":
   "Physlib/Mathematics/KroneckerDelta/Basic.lean:63:58: `if_neg` has been deprecated: Use `ite_eq_right` instead",
   "level": "warning"}],
 "inputs":
 [["deps",
   [["Physlib/Physlib:extraDep", [["@Physlib:extraDep", "00000000000006bb"]]],
    ["imports",
     [["Mathlib.Algebra.BigOperators.Group.Finset.Piecewise transitive imports (public)",
       "65f7a3e2dfa19ca6"],
      ["Mathlib.Algebra.BigOperators.Group.Finset.Piecewise:importArts",
       "dbd0861cec9ae94c"],
      ["Mathlib.Algebra.CharZero.Defs transitive imports (public)",
       "dea022fcb8b6abc0"],
      ["Mathlib.Algebra.CharZero.Defs:importArts", "b2059b5c4d210b3e"],
      ["Mathlib.Algebra.Field.Defs transitive imports (public)",
       "bbab9b12e2ae2df2"],
      ["Mathlib.Algebra.Field.Defs:importArts", "b50214bf1f7c86c1"],
      ["Mathlib.Algebra.Module.Defs transitive imports (public)",
       "9173f0055698ad8f"],
      ["Mathlib.Algebra.Module.Defs:importArts", "1a167d39352e8ac6"],
      ["Mathlib.LinearAlgebra.Matrix.Determinant.Basic transitive imports (public)",
       "69826f154c75bcd2"],
      ["Mathlib.LinearAlgebra.Matrix.Determinant.Basic:importArts",
       "17209a37a4e08993"]]]]],
  ["libs",
   [["import dynlibs", "00000000000006bb"],
    ["package external libraries", "00000000000006bb"],
    ["module dynlibs", "00000000000006bb"],
    ["module plugins", "00000000000006bb"]]],
  ["Lean 4.34.0, commit 293d5d0c0c3f3dded4688b3ccd6a33939ac5102b",
   "a1c6c7aa3e9abfe7"],
  ["C:\\lean\\libs\\physlib\\Physlib\\Mathematics\\KroneckerDelta\\Basic.lean",
   "f5d64137ab9ee9f4"],
  ["options", "00000000000006bb"],
  ["isModule: true", "760fcc16989f4b9b"],
  ["Module.name: Physlib.Mathematics.KroneckerDelta.Basic", "20383fc4395a866d"],
  ["Package.id?: (some Physlib)", "6dd4b1a3d0e46d70"],
  ["Module.leanArgs: #[-Dwarn.sorry=false, -Dweak.says.verify=true]",
   "72cd5083b9c31fb2"]],
 "depHash": "b71c5fd5c54f4347"}