{"synthetic": false,
 "schemaVersion": "2025-09-10",
 "outputs":
 {"rs": "81f3a55cfd8e1ce5.ir.sig",
  "r": "f5c2c303d39bcae9.ir",
  "o":
  ["e1d9cb03b9f873fa.olean",
   "d40688ba2d71cfff.olean.server",
   "957b637ab122750c.olean.private"],
  "m": true,
  "i": "57a6f1df9fc3093f.ilean",
  "c": "a6e7fb655e262457.c"},
 "log":
 [{"message":
   ".> LEAN_PATH=C:\\lean\\mathlib4\\.lake\\packages\\Cli\\.lake\\build\\lib\\lean;C:\\lean\\mathlib4\\.lake\\packages\\batteries\\.lake\\build\\lib\\lean;C:\\lean\\mathlib4\\.lake\\packages\\Qq\\.lake\\build\\lib\\lean;C:\\lean\\mathlib4\\.lake\\packages\\aesop\\.lake\\build\\lib\\lean;C:\\lean\\mathlib4\\.lake\\packages\\proofwidgets\\.lake\\build\\lib\\lean;C:\\lean\\mathlib4\\.lake\\packages\\importGraph\\.lake\\build\\lib\\lean;C:\\lean\\mathlib4\\.lake\\packages\\LeanSearchClient\\.lake\\build\\lib\\lean;C:\\lean\\mathlib4\\.lake\\packages\\plausible\\.lake\\build\\lib\\lean;C:\\lean\\mathlib4\\.lake\\build\\lib\\lean;C:\\lean\\libs\\physlib\\.lake\\build\\lib\\lean c:\\Users\\Administrator\\.elan\\toolchains\\leanprover--lean4---v4.34.0\\bin\\lean.exe -Dwarn.sorry=false -Dweak.says.verify=true C:\\lean\\libs\\physlib\\Physlib\\QuantumMechanics\\Operators\\SpectralTheory\\Basic.lean -o C:\\lean\\libs\\physlib\\.lake\\build\\lib\\lean\\Physlib\\QuantumMechanics\\Operators\\SpectralTheory\\Basic.olean -i C:\\lean\\libs\\physlib\\.lake\\build\\lib\\lean\\Physlib\\QuantumMechanics\\Operators\\SpectralTheory\\Basic.ilean -c C:\\lean\\libs\\physlib\\.lake\\build\\ir\\Physlib\\QuantumMechanics\\Operators\\SpectralTheory\\Basic.c --setup C:\\lean\\libs\\physlib\\.lake\\build\\ir\\Physlib\\QuantumMechanics\\Operators\\SpectralTheory\\Basic.setup.json --json",
   "level": "trace"},
  {"message":
   "Physlib/QuantumMechanics/Operators/SpectralTheory/Basic.lean:208:112: `Submodule.coe_norm` has been deprecated: use `norm_coe`",
   "level": "warning"},
  {"message":
   "Physlib/QuantumMechanics/Operators/SpectralTheory/Basic.lean:595:41: `Submodule.coe_norm` has been deprecated: use `norm_coe`",
   "level": "warning"}],
 "inputs":
 [["deps",
   [["Physlib/Physlib:extraDep", [["@Physlib:extraDep", "00000000000006bb"]]],
    ["imports",
     [["Physlib.QuantumMechanics.Operators.Unbounded transitive imports (public)",
       "c957e11a2cb9225e"],
      ["Physlib.QuantumMechanics.Operators.Unbounded:importArts",
       "7314621786ff69b3"]]]]],
  ["libs",
   [["import dynlibs", "00000000000006bb"],
    ["package external libraries", "00000000000006bb"],
    ["module dynlibs", "00000000000006bb"],
    ["module plugins", "00000000000006bb"]]],
  ["Lean 4.34.0, commit 293d5d0c0c3f3dded4688b3ccd6a33939ac5102b",
   "a1c6c7aa3e9abfe7"],
  ["C:\\lean\\libs\\physlib\\Physlib\\QuantumMechanics\\Operators\\SpectralTheory\\Basic.lean",
   "31eaf2a3bf515d0d"],
  ["options", "00000000000006bb"],
  ["isModule: true", "760fcc16989f4b9b"],
  ["Module.name: Physlib.QuantumMechanics.Operators.SpectralTheory.Basic",
   "690ee1e89a97df76"],
  ["Package.id?: (some Physlib)", "6dd4b1a3d0e46d70"],
  ["Module.leanArgs: #[-Dwarn.sorry=false, -Dweak.says.verify=true]",
   "72cd5083b9c31fb2"]],
 "depHash": "e7274cfcd825e0bb"}