{"synthetic": false,
 "schemaVersion": "2025-09-10",
 "outputs":
 {"rs": "2cd36ace219da9ee.ir.sig",
  "r": "fab09cdf9db51bd7.ir",
  "o":
  ["c7a21f79b4747e33.olean",
   "a40e038120ffae05.olean.server",
   "562c1d0c68e47695.olean.private"],
  "m": true,
  "i": "428450a1f986f4de.ilean",
  "c": "5f181382e55abaca.c"},
 "log":
 [{"message":
   ".> LEAN_PATH=C:\\lean\\mathlib4\\.lake\\packages\\Cli\\.lake\\build\\lib\\lean;C:\\lean\\mathlib4\\.lake\\packages\\batteries\\.lake\\build\\lib\\lean;C:\\lean\\mathlib4\\.lake\\packages\\Qq\\.lake\\build\\lib\\lean;C:\\lean\\mathlib4\\.lake\\packages\\aesop\\.lake\\build\\lib\\lean;C:\\lean\\mathlib4\\.lake\\packages\\proofwidgets\\.lake\\build\\lib\\lean;C:\\lean\\mathlib4\\.lake\\packages\\importGraph\\.lake\\build\\lib\\lean;C:\\lean\\mathlib4\\.lake\\packages\\LeanSearchClient\\.lake\\build\\lib\\lean;C:\\lean\\mathlib4\\.lake\\packages\\plausible\\.lake\\build\\lib\\lean;C:\\lean\\mathlib4\\.lake\\build\\lib\\lean;C:\\lean\\libs\\physlib\\.lake\\build\\lib\\lean c:\\Users\\Administrator\\.elan\\toolchains\\leanprover--lean4---v4.34.0\\bin\\lean.exe -Dwarn.sorry=false -Dweak.says.verify=true C:\\lean\\libs\\physlib\\QuantumInfo\\Channels\\Bundled.lean -o C:\\lean\\libs\\physlib\\.lake\\build\\lib\\lean\\QuantumInfo\\Channels\\Bundled.olean -i C:\\lean\\libs\\physlib\\.lake\\build\\lib\\lean\\QuantumInfo\\Channels\\Bundled.ilean -c C:\\lean\\libs\\physlib\\.lake\\build\\ir\\QuantumInfo\\Channels\\Bundled.c --setup C:\\lean\\libs\\physlib\\.lake\\build\\ir\\QuantumInfo\\Channels\\Bundled.setup.json --json",
   "level": "trace"}],
 "inputs":
 [["deps",
   [["Physlib/QuantumInfo:extraDep",
     [["@Physlib:extraDep", "00000000000006bb"]]],
    ["imports",
     [["QuantumInfo.Channels.Unbundled transitive imports (public)",
       "209541c98022c4c5"],
      ["QuantumInfo.Channels.Unbundled:importArts", "fb043d042eb24658"],
      ["QuantumInfo.States.Mixed.MState transitive imports (public)",
       "1384491c67c2af61"],
      ["QuantumInfo.States.Mixed.MState:importArts", "8ca34269dd2339e1"],
      ["Mathlib.Topology.Order.Hom.Basic transitive imports (public)",
       "6f773797a2160884"],
      ["Mathlib.Topology.Order.Hom.Basic:importArts", "a0719c7f1d022e19"]]]]],
  ["libs",
   [["import dynlibs", "00000000000006bb"],
    ["package external libraries", "00000000000006bb"],
    ["module dynlibs", "00000000000006bb"],
    ["module plugins", "00000000000006bb"]]],
  ["Lean 4.34.0, commit 293d5d0c0c3f3dded4688b3ccd6a33939ac5102b",
   "a1c6c7aa3e9abfe7"],
  ["C:\\lean\\libs\\physlib\\QuantumInfo\\Channels\\Bundled.lean",
   "3eea10b3d602b2b6"],
  ["options", "00000000000006bb"],
  ["isModule: true", "760fcc16989f4b9b"],
  ["Module.name: QuantumInfo.Channels.Bundled", "c6097c582d500629"],
  ["Package.id?: (some Physlib)", "6dd4b1a3d0e46d70"],
  ["Module.leanArgs: #[-Dwarn.sorry=false, -Dweak.says.verify=true]",
   "72cd5083b9c31fb2"]],
 "depHash": "907a360cde156a29"}