{"synthetic": false,
 "schemaVersion": "2025-09-10",
 "outputs":
 {"rs": "70eb30362b6ae99b.ir.sig",
  "r": "d41f0c8694df515c.ir",
  "o":
  ["3bbed790f11c5da9.olean",
   "e82d349ae69ed1ad.olean.server",
   "231b77acfeddef61.olean.private"],
  "m": true,
  "i": "5ffa9177aa6edb36.ilean",
  "c": "9a059c5fa3951c1f.c"},
 "log":
 [{"message":
   ".> LEAN_PATH=C:\\lean\\mathlib4\\.lake\\packages\\Cli\\.lake\\build\\lib\\lean;C:\\lean\\mathlib4\\.lake\\packages\\batteries\\.lake\\build\\lib\\lean;C:\\lean\\mathlib4\\.lake\\packages\\Qq\\.lake\\build\\lib\\lean;C:\\lean\\mathlib4\\.lake\\packages\\aesop\\.lake\\build\\lib\\lean;C:\\lean\\mathlib4\\.lake\\packages\\proofwidgets\\.lake\\build\\lib\\lean;C:\\lean\\mathlib4\\.lake\\packages\\importGraph\\.lake\\build\\lib\\lean;C:\\lean\\mathlib4\\.lake\\packages\\LeanSearchClient\\.lake\\build\\lib\\lean;C:\\lean\\mathlib4\\.lake\\packages\\plausible\\.lake\\build\\lib\\lean;C:\\lean\\mathlib4\\.lake\\build\\lib\\lean;C:\\lean\\libs\\physlib\\.lake\\build\\lib\\lean c:\\Users\\Administrator\\.elan\\toolchains\\leanprover--lean4---v4.34.0\\bin\\lean.exe -Dwarn.sorry=false -Dweak.says.verify=true C:\\lean\\libs\\physlib\\QuantumInfo\\Channels\\Dual.lean -o C:\\lean\\libs\\physlib\\.lake\\build\\lib\\lean\\QuantumInfo\\Channels\\Dual.olean -i C:\\lean\\libs\\physlib\\.lake\\build\\lib\\lean\\QuantumInfo\\Channels\\Dual.ilean -c C:\\lean\\libs\\physlib\\.lake\\build\\ir\\QuantumInfo\\Channels\\Dual.c --setup C:\\lean\\libs\\physlib\\.lake\\build\\ir\\QuantumInfo\\Channels\\Dual.setup.json --json",
   "level": "trace"},
  {"message":
   "QuantumInfo/Channels/Dual.lean:395:4: `LinearMapClass.linearMap` has been deprecated: Use `LinearMap.ofClass` instead\n\nNote: The updated constant is in a different namespace. Dot notation may need to be changed (e.g., from `x.linearMap` to `LinearMap.ofClass x`).",
   "level": "warning"},
  {"message":
   "QuantumInfo/Channels/Dual.lean:398:36: `LinearMapClass.linearMap` has been deprecated: Use `LinearMap.ofClass` instead\n\nNote: The updated constant is in a different namespace. Dot notation may need to be changed (e.g., from `x.linearMap` to `LinearMap.ofClass x`).",
   "level": "warning"},
  {"message":
   "QuantumInfo/Channels/Dual.lean:410:20: `LinearMapClass.linearMap` has been deprecated: Use `LinearMap.ofClass` instead\n\nNote: The updated constant is in a different namespace. Dot notation may need to be changed (e.g., from `x.linearMap` to `LinearMap.ofClass x`).",
   "level": "warning"},
  {"message":
   "QuantumInfo/Channels/Dual.lean:413:69: `LinearMapClass.linearMap` has been deprecated: Use `LinearMap.ofClass` instead\n\nNote: The updated constant is in a different namespace. Dot notation may need to be changed (e.g., from `x.linearMap` to `LinearMap.ofClass x`).",
   "level": "warning"},
  {"message":
   "QuantumInfo/Channels/Dual.lean:422:24: `LinearMapClass.linearMap` has been deprecated: Use `LinearMap.ofClass` instead\n\nNote: The updated constant is in a different namespace. Dot notation may need to be changed (e.g., from `x.linearMap` to `LinearMap.ofClass x`).",
   "level": "warning"},
  {"message":
   "QuantumInfo/Channels/Dual.lean:433:11: `LinearMapClass.linearMap` has been deprecated: Use `LinearMap.ofClass` instead\n\nNote: The updated constant is in a different namespace. Dot notation may need to be changed (e.g., from `x.linearMap` to `LinearMap.ofClass x`).",
   "level": "warning"},
  {"message":
   "QuantumInfo/Channels/Dual.lean:433:52: `LinearMapClass.linearMap` has been deprecated: Use `LinearMap.ofClass` instead\n\nNote: The updated constant is in a different namespace. Dot notation may need to be changed (e.g., from `x.linearMap` to `LinearMap.ofClass x`).",
   "level": "warning"}],
 "inputs":
 [["deps",
   [["Physlib/QuantumInfo:extraDep",
     [["@Physlib:extraDep", "00000000000006bb"]]],
    ["imports",
     [["QuantumInfo.Channels.Bundled transitive imports (public)",
       "b96b052cffac3271"],
      ["QuantumInfo.Channels.Bundled:importArts", "f211c12031ca9266"],
      ["Mathlib.LinearAlgebra.Matrix.FiniteDimensional transitive imports (public)",
       "afdd5afe5be4d165"],
      ["Mathlib.LinearAlgebra.Matrix.FiniteDimensional:importArts",
       "c144ef7babee478e"]]]]],
  ["libs",
   [["import dynlibs", "00000000000006bb"],
    ["package external libraries", "00000000000006bb"],
    ["module dynlibs", "00000000000006bb"],
    ["module plugins", "00000000000006bb"]]],
  ["Lean 4.34.0, commit 293d5d0c0c3f3dded4688b3ccd6a33939ac5102b",
   "a1c6c7aa3e9abfe7"],
  ["C:\\lean\\libs\\physlib\\QuantumInfo\\Channels\\Dual.lean",
   "d8d01f2a6a0d4e11"],
  ["options", "00000000000006bb"],
  ["isModule: true", "760fcc16989f4b9b"],
  ["Module.name: QuantumInfo.Channels.Dual", "b02bae1b6457544f"],
  ["Package.id?: (some Physlib)", "6dd4b1a3d0e46d70"],
  ["Module.leanArgs: #[-Dwarn.sorry=false, -Dweak.says.verify=true]",
   "72cd5083b9c31fb2"]],
 "depHash": "629de19354b22b1c"}