{"synthetic": false,
 "schemaVersion": "2025-09-10",
 "outputs":
 {"rs": "83befb0c7e814e97.ir.sig",
  "r": "64ef6e2de9f04c5a.ir",
  "o":
  ["56f4be0863882d16.olean",
   "55fcc099e2beddf9.olean.server",
   "fb5c07214df4a58f.olean.private"],
  "m": true,
  "i": "4edb0c8c7add9619.ilean",
  "c": "d450d7803f0bc04a.c"},
 "log":
 [{"message":
   ".> LEAN_PATH=C:\\lean\\mathlib4\\.lake\\packages\\Cli\\.lake\\build\\lib\\lean;C:\\lean\\mathlib4\\.lake\\packages\\batteries\\.lake\\build\\lib\\lean;C:\\lean\\mathlib4\\.lake\\packages\\Qq\\.lake\\build\\lib\\lean;C:\\lean\\mathlib4\\.lake\\packages\\aesop\\.lake\\build\\lib\\lean;C:\\lean\\mathlib4\\.lake\\packages\\proofwidgets\\.lake\\build\\lib\\lean;C:\\lean\\mathlib4\\.lake\\packages\\importGraph\\.lake\\build\\lib\\lean;C:\\lean\\mathlib4\\.lake\\packages\\LeanSearchClient\\.lake\\build\\lib\\lean;C:\\lean\\mathlib4\\.lake\\packages\\plausible\\.lake\\build\\lib\\lean;C:\\lean\\mathlib4\\.lake\\build\\lib\\lean;C:\\lean\\libs\\physlib\\.lake\\build\\lib\\lean c:\\Users\\Administrator\\.elan\\toolchains\\leanprover--lean4---v4.34.0-rc1\\bin\\lean.exe -Dwarn.sorry=false -Dweak.says.verify=true C:\\lean\\libs\\physlib\\QuantumInfo\\Channels\\MatrixMap.lean -o C:\\lean\\libs\\physlib\\.lake\\build\\lib\\lean\\QuantumInfo\\Channels\\MatrixMap.olean -i C:\\lean\\libs\\physlib\\.lake\\build\\lib\\lean\\QuantumInfo\\Channels\\MatrixMap.ilean -c C:\\lean\\libs\\physlib\\.lake\\build\\ir\\QuantumInfo\\Channels\\MatrixMap.c --setup C:\\lean\\libs\\physlib\\.lake\\build\\ir\\QuantumInfo\\Channels\\MatrixMap.setup.json --json",
   "level": "trace"}],
 "inputs":
 [["deps",
   [["Physlib/QuantumInfo:extraDep",
     [["@Physlib:extraDep", "00000000000006bb"]]],
    ["imports",
     [["Mathlib.LinearAlgebra.TensorProduct.Matrix transitive imports (public)",
       "b46e9272aaf098b6"],
      ["Mathlib.LinearAlgebra.TensorProduct.Matrix:importArts",
       "e3675d3a1e0c79d9"],
      ["Mathlib.LinearAlgebra.PiTensorProduct.Basic transitive imports (public)",
       "1d20af724aa65f6f"],
      ["Mathlib.LinearAlgebra.PiTensorProduct.Basic:importArts",
       "32109dba998c99fb"],
      ["Mathlib.LinearAlgebra.PiTensorProduct.Basis transitive imports (public)",
       "c0dd6b4a4d6d901e"],
      ["Mathlib.LinearAlgebra.PiTensorProduct.Basis:importArts",
       "df0ec01983fa955d"],
      ["Mathlib.Data.Set.Card transitive imports (public)", "c84b1c45582b6364"],
      ["Mathlib.Data.Set.Card:importArts", "790ccc3735ead176"],
      ["Mathlib.Algebra.Module.LinearMap.Basic transitive imports (public)",
       "17e502c378438e52"],
      ["Mathlib.Algebra.Module.LinearMap.Basic:importArts", "242dfe368deb0d4f"],
      ["QuantumInfo.ForMathlib.ContinuousLinearMap transitive imports (public)",
       "d63058bbd35a7d7d"],
      ["QuantumInfo.ForMathlib.ContinuousLinearMap:importArts",
       "63ea45f663ebd944"],
      ["QuantumInfo.ForMathlib.ComplexLaplaceTransform transitive imports (public)",
       "13a26c5bcee8452d"],
      ["QuantumInfo.ForMathlib.ComplexLaplaceTransform:importArts",
       "740d559b0364f354"],
      ["QuantumInfo.ForMathlib.ContinuousSup transitive imports (public)",
       "d2573859ffc550aa"],
      ["QuantumInfo.ForMathlib.ContinuousSup:importArts", "0dfc220f266d80b9"],
      ["QuantumInfo.ForMathlib.Filter transitive imports (public)",
       "78cacdcea899752b"],
      ["QuantumInfo.ForMathlib.Filter:importArts", "724bb341641c4740"],
      ["QuantumInfo.ForMathlib.HermitianMat transitive imports (public)",
       "a59c408e95769e92"],
      ["QuantumInfo.ForMathlib.HermitianMat:importArts", "1e88d111a2e42ce9"],
      ["QuantumInfo.ForMathlib.Isometry transitive imports (public)",
       "1b3cea9330801424"],
      ["QuantumInfo.ForMathlib.Isometry:importArts", "47df742dda3edff3"],
      ["QuantumInfo.ForMathlib.LinearEquiv transitive imports (public)",
       "62930f4a22c54044"],
      ["QuantumInfo.ForMathlib.LinearEquiv:importArts", "baec48e3d97b463a"],
      ["QuantumInfo.ForMathlib.MatrixNorm.TraceNorm transitive imports (public)",
       "a333086d133e54ef"],
      ["QuantumInfo.ForMathlib.MatrixNorm.TraceNorm:importArts",
       "0d2a8fce0879f884"],
      ["QuantumInfo.ForMathlib.Matrix transitive imports (public)",
       "94e007313f575d27"],
      ["QuantumInfo.ForMathlib.Matrix:importArts", "289199f384561564"],
      ["QuantumInfo.ForMathlib.Minimax transitive imports (public)",
       "5f3ca20cb660e1d5"],
      ["QuantumInfo.ForMathlib.Minimax:importArts", "84bfd5cdb3407439"],
      ["QuantumInfo.ForMathlib.Misc transitive imports (public)",
       "b340644d005e1da0"],
      ["QuantumInfo.ForMathlib.Misc:importArts", "410a69c29c9f19f8"],
      ["QuantumInfo.ForMathlib.Unitary transitive imports (public)",
       "9f6cb6acb1ba461b"],
      ["QuantumInfo.ForMathlib.Unitary:importArts", "5a1c1390e38db6f8"],
      ["QuantumInfo.States.Pure.Braket transitive imports (public)",
       "6dde2589a9ee8ae7"],
      ["QuantumInfo.States.Pure.Braket:importArts", "a1cb4e7926316c4d"],
      ["QuantumInfo.States.Mixed.MState transitive imports (public)",
       "f5e796fd61aa49d8"],
      ["QuantumInfo.States.Mixed.MState:importArts", "b33d85140eb329bd"]]]]],
  ["libs",
   [["import dynlibs", "00000000000006bb"],
    ["package external libraries", "00000000000006bb"],
    ["module dynlibs", "00000000000006bb"],
    ["module plugins", "00000000000006bb"]]],
  ["Lean 4.34.0, commit 3447a668783dbce1a8fdb97101dd067687b2b418",
   "421484e3e0c70198"],
  ["C:\\lean\\libs\\physlib\\QuantumInfo\\Channels\\MatrixMap.lean",
   "2b0b92c5a2bce982"],
  ["options", "00000000000006bb"],
  ["isModule: true", "760fcc16989f4b9b"],
  ["Module.name: QuantumInfo.Channels.MatrixMap", "1eca3e72ef7befb2"],
  ["Package.id?: (some Physlib)", "6dd4b1a3d0e46d70"],
  ["Module.leanArgs: #[-Dwarn.sorry=false, -Dweak.says.verify=true]",
   "72cd5083b9c31fb2"]],
 "depHash": "1cb49281d5501844"}