{"synthetic": false,
 "schemaVersion": "2025-09-10",
 "outputs":
 {"rs": "4759182983ccbda3.ir.sig",
  "r": "92dcaa3ef5b5a6c1.ir",
  "o":
  ["1852665d137a454a.olean",
   "59cccc4b473a38be.olean.server",
   "ad5fbe1fce0cb039.olean.private"],
  "m": true,
  "i": "1894f99ef3ac0498.ilean",
  "c": "a31ace6260ab9165.c"},
 "log":
 [{"message":
   ".> LEAN_PATH=C:\\lean\\mathlib4\\.lake\\packages\\Cli\\.lake\\build\\lib\\lean;C:\\lean\\mathlib4\\.lake\\packages\\batteries\\.lake\\build\\lib\\lean;C:\\lean\\mathlib4\\.lake\\packages\\Qq\\.lake\\build\\lib\\lean;C:\\lean\\mathlib4\\.lake\\packages\\aesop\\.lake\\build\\lib\\lean;C:\\lean\\mathlib4\\.lake\\packages\\proofwidgets\\.lake\\build\\lib\\lean;C:\\lean\\mathlib4\\.lake\\packages\\importGraph\\.lake\\build\\lib\\lean;C:\\lean\\mathlib4\\.lake\\packages\\LeanSearchClient\\.lake\\build\\lib\\lean;C:\\lean\\mathlib4\\.lake\\packages\\plausible\\.lake\\build\\lib\\lean;C:\\lean\\mathlib4\\.lake\\build\\lib\\lean;C:\\lean\\libs\\physlib\\.lake\\build\\lib\\lean c:\\Users\\Administrator\\.elan\\toolchains\\leanprover--lean4---v4.34.0\\bin\\lean.exe -Dwarn.sorry=false -Dweak.says.verify=true C:\\lean\\libs\\physlib\\QuantumInfo\\Channels\\Pinching.lean -o C:\\lean\\libs\\physlib\\.lake\\build\\lib\\lean\\QuantumInfo\\Channels\\Pinching.olean -i C:\\lean\\libs\\physlib\\.lake\\build\\lib\\lean\\QuantumInfo\\Channels\\Pinching.ilean -c C:\\lean\\libs\\physlib\\.lake\\build\\ir\\QuantumInfo\\Channels\\Pinching.c --setup C:\\lean\\libs\\physlib\\.lake\\build\\ir\\QuantumInfo\\Channels\\Pinching.setup.json --json",
   "level": "trace"}],
 "inputs":
 [["deps",
   [["Physlib/QuantumInfo:extraDep",
     [["@Physlib:extraDep", "00000000000006bb"]]],
    ["imports",
     [["QuantumInfo.Channels.Bundled transitive imports (public)",
       "b96b052cffac3271"],
      ["QuantumInfo.Channels.Bundled:importArts", "f211c12031ca9266"],
      ["QuantumInfo.Channels.CPTP transitive imports (public)",
       "1a164ed312725ce7"],
      ["QuantumInfo.Channels.CPTP:importArts", "f76732e657c77696"],
      ["QuantumInfo.Channels.Dual transitive imports (public)",
       "fdde6f8cd8d5f2a5"],
      ["QuantumInfo.Channels.Dual:importArts", "9db5e1009969f061"],
      ["QuantumInfo.Channels.MatrixMap transitive imports (public)",
       "69c1787683015feb"],
      ["QuantumInfo.Channels.MatrixMap:importArts", "43760fc26170d045"],
      ["QuantumInfo.Channels.Unbundled transitive imports (public)",
       "209541c98022c4c5"],
      ["QuantumInfo.Channels.Unbundled:importArts", "fb043d042eb24658"],
      ["QuantumInfo.States.Mixed.MState transitive imports (public)",
       "1384491c67c2af61"],
      ["QuantumInfo.States.Mixed.MState:importArts", "8ca34269dd2339e1"],
      ["QuantumInfo.Entropy.VonNeumann transitive imports (public)",
       "cfd174de25378fc3"],
      ["QuantumInfo.Entropy.VonNeumann:importArts", "37761c8918808cbc"],
      ["QuantumInfo.Entropy.SSA transitive imports (public)",
       "b3e017b40f346265"],
      ["QuantumInfo.Entropy.SSA:importArts", "931ec9e40cf56307"],
      ["QuantumInfo.Entropy.Relative transitive imports (public)",
       "e173e0c6e5fbb869"],
      ["QuantumInfo.Entropy.Relative:importArts", "46bb1a8326f6137f"],
      ["QuantumInfo.Entropy.DPI transitive imports (public)",
       "a4a700c0dc3fcd92"],
      ["QuantumInfo.Entropy.DPI:importArts", "5b4e6ebaaa148ac9"],
      ["QuantumInfo.ForMathlib.HermitianMat.CFC transitive imports (public)",
       "ca618752ebac62a3"],
      ["QuantumInfo.ForMathlib.HermitianMat.CFC:importArts",
       "ca1ded7df1a07e17"]]]]],
  ["libs",
   [["import dynlibs", "00000000000006bb"],
    ["package external libraries", "00000000000006bb"],
    ["module dynlibs", "00000000000006bb"],
    ["module plugins", "00000000000006bb"]]],
  ["Lean 4.34.0, commit 293d5d0c0c3f3dded4688b3ccd6a33939ac5102b",
   "a1c6c7aa3e9abfe7"],
  ["C:\\lean\\libs\\physlib\\QuantumInfo\\Channels\\Pinching.lean",
   "44fcba44432a5b54"],
  ["options", "00000000000006bb"],
  ["isModule: true", "760fcc16989f4b9b"],
  ["Module.name: QuantumInfo.Channels.Pinching", "1ca0e30832bf0e06"],
  ["Package.id?: (some Physlib)", "6dd4b1a3d0e46d70"],
  ["Module.leanArgs: #[-Dwarn.sorry=false, -Dweak.says.verify=true]",
   "72cd5083b9c31fb2"]],
 "depHash": "cb3f05b57fed04ba"}