{"synthetic": false,
 "schemaVersion": "2025-09-10",
 "outputs":
 {"rs": "703ef8bd5e313194.ir.sig",
  "r": "ca6acf1b7833f58c.ir",
  "o":
  ["afef6b89f16a2136.olean",
   "a9b6025490a12a83.olean.server",
   "10b36bfdbba9f7e4.olean.private"],
  "m": true,
  "i": "78e37fa0f9c15dae.ilean",
  "c": "c9379f3ec6228529.c"},
 "log":
 [{"message":
   ".> LEAN_PATH=C:\\lean\\mathlib4\\.lake\\packages\\Cli\\.lake\\build\\lib\\lean;C:\\lean\\mathlib4\\.lake\\packages\\batteries\\.lake\\build\\lib\\lean;C:\\lean\\mathlib4\\.lake\\packages\\Qq\\.lake\\build\\lib\\lean;C:\\lean\\mathlib4\\.lake\\packages\\aesop\\.lake\\build\\lib\\lean;C:\\lean\\mathlib4\\.lake\\packages\\proofwidgets\\.lake\\build\\lib\\lean;C:\\lean\\mathlib4\\.lake\\packages\\importGraph\\.lake\\build\\lib\\lean;C:\\lean\\mathlib4\\.lake\\packages\\LeanSearchClient\\.lake\\build\\lib\\lean;C:\\lean\\mathlib4\\.lake\\packages\\plausible\\.lake\\build\\lib\\lean;C:\\lean\\mathlib4\\.lake\\build\\lib\\lean;C:\\lean\\libs\\physlib\\.lake\\build\\lib\\lean c:\\Users\\Administrator\\.elan\\toolchains\\leanprover--lean4---v4.34.0\\bin\\lean.exe -Dwarn.sorry=false -Dweak.says.verify=true C:\\lean\\libs\\physlib\\QuantumInfo\\Channels\\Unbundled.lean -o C:\\lean\\libs\\physlib\\.lake\\build\\lib\\lean\\QuantumInfo\\Channels\\Unbundled.olean -i C:\\lean\\libs\\physlib\\.lake\\build\\lib\\lean\\QuantumInfo\\Channels\\Unbundled.ilean -c C:\\lean\\libs\\physlib\\.lake\\build\\ir\\QuantumInfo\\Channels\\Unbundled.c --setup C:\\lean\\libs\\physlib\\.lake\\build\\ir\\QuantumInfo\\Channels\\Unbundled.setup.json --json",
   "level": "trace"}],
 "inputs":
 [["deps",
   [["Physlib/QuantumInfo:extraDep",
     [["@Physlib:extraDep", "00000000000006bb"]]],
    ["imports",
     [["QuantumInfo.Channels.MatrixMap transitive imports (public)",
       "69c1787683015feb"],
      ["QuantumInfo.Channels.MatrixMap:importArts", "43760fc26170d045"],
      ["QuantumInfo.ForMathlib.MatrixNorm.TraceNorm transitive imports (public)",
       "00c6970ebff2f9c1"],
      ["QuantumInfo.ForMathlib.MatrixNorm.TraceNorm:importArts",
       "4c5f5c41a3349017"]]]]],
  ["libs",
   [["import dynlibs", "00000000000006bb"],
    ["package external libraries", "00000000000006bb"],
    ["module dynlibs", "00000000000006bb"],
    ["module plugins", "00000000000006bb"]]],
  ["Lean 4.34.0, commit 293d5d0c0c3f3dded4688b3ccd6a33939ac5102b",
   "a1c6c7aa3e9abfe7"],
  ["C:\\lean\\libs\\physlib\\QuantumInfo\\Channels\\Unbundled.lean",
   "a28fa398fa92bf02"],
  ["options", "00000000000006bb"],
  ["isModule: true", "760fcc16989f4b9b"],
  ["Module.name: QuantumInfo.Channels.Unbundled", "f1bb3b77511eb083"],
  ["Package.id?: (some Physlib)", "6dd4b1a3d0e46d70"],
  ["Module.leanArgs: #[-Dwarn.sorry=false, -Dweak.says.verify=true]",
   "72cd5083b9c31fb2"]],
 "depHash": "a6c3b838fc92cbc7"}