{"synthetic": false,
 "schemaVersion": "2025-09-10",
 "outputs":
 {"rs": "00e8bbf393416129.ir.sig",
  "r": "35d19a57aa41e214.ir",
  "o":
  ["f2fde1c6a2c50357.olean",
   "5fd1c29813e63f21.olean.server",
   "f9d29abb17a0aa6e.olean.private"],
  "m": true,
  "i": "bc9af4cc0fd7f502.ilean",
  "c": "27c01751d0f81f50.c"},
 "log":
 [{"message":
   ".> LEAN_PATH=C:\\lean\\mathlib4\\.lake\\packages\\Cli\\.lake\\build\\lib\\lean;C:\\lean\\mathlib4\\.lake\\packages\\batteries\\.lake\\build\\lib\\lean;C:\\lean\\mathlib4\\.lake\\packages\\Qq\\.lake\\build\\lib\\lean;C:\\lean\\mathlib4\\.lake\\packages\\aesop\\.lake\\build\\lib\\lean;C:\\lean\\mathlib4\\.lake\\packages\\proofwidgets\\.lake\\build\\lib\\lean;C:\\lean\\mathlib4\\.lake\\packages\\importGraph\\.lake\\build\\lib\\lean;C:\\lean\\mathlib4\\.lake\\packages\\LeanSearchClient\\.lake\\build\\lib\\lean;C:\\lean\\mathlib4\\.lake\\packages\\plausible\\.lake\\build\\lib\\lean;C:\\lean\\mathlib4\\.lake\\build\\lib\\lean;C:\\lean\\libs\\physlib\\.lake\\build\\lib\\lean c:\\Users\\Administrator\\.elan\\toolchains\\leanprover--lean4---v4.34.0\\bin\\lean.exe -Dwarn.sorry=false -Dweak.says.verify=true C:\\lean\\libs\\physlib\\Physlib\\Mathematics\\Distribution\\PowMul.lean -o C:\\lean\\libs\\physlib\\.lake\\build\\lib\\lean\\Physlib\\Mathematics\\Distribution\\PowMul.olean -i C:\\lean\\libs\\physlib\\.lake\\build\\lib\\lean\\Physlib\\Mathematics\\Distribution\\PowMul.ilean -c C:\\lean\\libs\\physlib\\.lake\\build\\ir\\Physlib\\Mathematics\\Distribution\\PowMul.c --setup C:\\lean\\libs\\physlib\\.lake\\build\\ir\\Physlib\\Mathematics\\Distribution\\PowMul.setup.json --json",
   "level": "trace"}],
 "inputs":
 [["deps",
   [["Physlib/Physlib:extraDep", [["@Physlib:extraDep", "00000000000006bb"]]],
    ["imports",
     [["Mathlib.Analysis.Distribution.SchwartzSpace.Basic transitive imports (public)",
       "f99734de75afe0f2"],
      ["Mathlib.Analysis.Distribution.SchwartzSpace.Basic:importArts",
       "25f8e26084c78b47"],
      ["Mathlib.Analysis.Calculus.ContDiff.Bounds transitive imports (public)",
       "4d5a9d240d88e692"],
      ["Mathlib.Analysis.Calculus.ContDiff.Bounds:importArts",
       "b150547865102992"]]]]],
  ["libs",
   [["import dynlibs", "00000000000006bb"],
    ["package external libraries", "00000000000006bb"],
    ["module dynlibs", "00000000000006bb"],
    ["module plugins", "00000000000006bb"]]],
  ["Lean 4.34.0, commit 293d5d0c0c3f3dded4688b3ccd6a33939ac5102b",
   "a1c6c7aa3e9abfe7"],
  ["C:\\lean\\libs\\physlib\\Physlib\\Mathematics\\Distribution\\PowMul.lean",
   "9b0ba41b5419f113"],
  ["options", "00000000000006bb"],
  ["isModule: true", "760fcc16989f4b9b"],
  ["Module.name: Physlib.Mathematics.Distribution.PowMul", "015b7b192f4e1ffc"],
  ["Package.id?: (some Physlib)", "6dd4b1a3d0e46d70"],
  ["Module.leanArgs: #[-Dwarn.sorry=false, -Dweak.says.verify=true]",
   "72cd5083b9c31fb2"]],
 "depHash": "87486bf61a0f0656"}