{"synthetic": false,
 "schemaVersion": "2025-09-10",
 "outputs":
 {"rs": "3667ecde255ea450.ir.sig",
  "r": "1a40969a7f27b13d.ir",
  "o":
  ["ec0dba44818e1e6b.olean",
   "a2b2d08d131bfb07.olean.server",
   "e4dd61143bbcb709.olean.private"],
  "m": true,
  "i": "8687b87cc748a26f.ilean",
  "c": "950ee11886957c3a.c"},
 "log":
 [{"message":
   ".> LEAN_PATH=C:\\lean\\mathlib4\\.lake\\packages\\Cli\\.lake\\build\\lib\\lean;C:\\lean\\mathlib4\\.lake\\packages\\batteries\\.lake\\build\\lib\\lean;C:\\lean\\mathlib4\\.lake\\packages\\Qq\\.lake\\build\\lib\\lean;C:\\lean\\mathlib4\\.lake\\packages\\aesop\\.lake\\build\\lib\\lean;C:\\lean\\mathlib4\\.lake\\packages\\proofwidgets\\.lake\\build\\lib\\lean;C:\\lean\\mathlib4\\.lake\\packages\\importGraph\\.lake\\build\\lib\\lean;C:\\lean\\mathlib4\\.lake\\packages\\LeanSearchClient\\.lake\\build\\lib\\lean;C:\\lean\\mathlib4\\.lake\\packages\\plausible\\.lake\\build\\lib\\lean;C:\\lean\\mathlib4\\.lake\\build\\lib\\lean;C:\\lean\\libs\\physlib\\.lake\\build\\lib\\lean c:\\Users\\Administrator\\.elan\\toolchains\\leanprover--lean4---v4.34.0\\bin\\lean.exe -Dwarn.sorry=false -Dweak.says.verify=true C:\\lean\\libs\\physlib\\QuantumInfo\\ClassicalInfo\\ForMathlib\\Analysis\\SpecialFunctions\\Log\\NegMulLog.lean -o C:\\lean\\libs\\physlib\\.lake\\build\\lib\\lean\\QuantumInfo\\ClassicalInfo\\ForMathlib\\Analysis\\SpecialFunctions\\Log\\NegMulLog.olean -i C:\\lean\\libs\\physlib\\.lake\\build\\lib\\lean\\QuantumInfo\\ClassicalInfo\\ForMathlib\\Analysis\\SpecialFunctions\\Log\\NegMulLog.ilean -c C:\\lean\\libs\\physlib\\.lake\\build\\ir\\QuantumInfo\\ClassicalInfo\\ForMathlib\\Analysis\\SpecialFunctions\\Log\\NegMulLog.c --setup C:\\lean\\libs\\physlib\\.lake\\build\\ir\\QuantumInfo\\ClassicalInfo\\ForMathlib\\Analysis\\SpecialFunctions\\Log\\NegMulLog.setup.json --json",
   "level": "trace"}],
 "inputs":
 [["deps",
   [["Physlib/QuantumInfo:extraDep",
     [["@Physlib:extraDep", "00000000000006bb"]]],
    ["imports",
     [["Mathlib.Analysis.SpecialFunctions.Log.NegMulLog transitive imports (public)",
       "504eb27e2ca8f056"],
      ["Mathlib.Analysis.SpecialFunctions.Log.NegMulLog:importArts",
       "8de67fc835df4187"]]]]],
  ["libs",
   [["import dynlibs", "00000000000006bb"],
    ["package external libraries", "00000000000006bb"],
    ["module dynlibs", "00000000000006bb"],
    ["module plugins", "00000000000006bb"]]],
  ["Lean 4.34.0, commit 293d5d0c0c3f3dded4688b3ccd6a33939ac5102b",
   "a1c6c7aa3e9abfe7"],
  ["C:\\lean\\libs\\physlib\\QuantumInfo\\ClassicalInfo\\ForMathlib\\Analysis\\SpecialFunctions\\Log\\NegMulLog.lean",
   "7c17a14819f5d37a"],
  ["options", "00000000000006bb"],
  ["isModule: true", "760fcc16989f4b9b"],
  ["Module.name: QuantumInfo.ClassicalInfo.ForMathlib.Analysis.SpecialFunctions.Log.NegMulLog",
   "cdc15a74cffea950"],
  ["Package.id?: (some Physlib)", "6dd4b1a3d0e46d70"],
  ["Module.leanArgs: #[-Dwarn.sorry=false, -Dweak.says.verify=true]",
   "72cd5083b9c31fb2"]],
 "depHash": "b476a7142564ec1a"}