{"synthetic": false,
 "schemaVersion": "2025-09-10",
 "outputs":
 {"rs": "461f9ed88022009b.ir.sig",
  "r": "9c274c53a2424b4e.ir",
  "o":
  ["e4872be4496a5ad7.olean",
   "76a72b2bf4ddd190.olean.server",
   "e30504d6c9745b31.olean.private"],
  "m": true,
  "i": "7ff9de2912aaf727.ilean",
  "c": "62658db65fd8bbcd.c"},
 "log":
 [{"message":
   ".> LEAN_PATH=C:\\lean\\mathlib4\\.lake\\packages\\Cli\\.lake\\build\\lib\\lean;C:\\lean\\mathlib4\\.lake\\packages\\batteries\\.lake\\build\\lib\\lean;C:\\lean\\mathlib4\\.lake\\packages\\Qq\\.lake\\build\\lib\\lean;C:\\lean\\mathlib4\\.lake\\packages\\aesop\\.lake\\build\\lib\\lean;C:\\lean\\mathlib4\\.lake\\packages\\proofwidgets\\.lake\\build\\lib\\lean;C:\\lean\\mathlib4\\.lake\\packages\\importGraph\\.lake\\build\\lib\\lean;C:\\lean\\mathlib4\\.lake\\packages\\LeanSearchClient\\.lake\\build\\lib\\lean;C:\\lean\\mathlib4\\.lake\\packages\\plausible\\.lake\\build\\lib\\lean;C:\\lean\\mathlib4\\.lake\\build\\lib\\lean;C:\\lean\\libs\\physlib\\.lake\\build\\lib\\lean c:\\Users\\Administrator\\.elan\\toolchains\\leanprover--lean4---v4.34.0\\bin\\lean.exe -Dwarn.sorry=false -Dweak.says.verify=true C:\\lean\\libs\\physlib\\Physlib\\Relativity\\Tensors\\RealTensor\\CoVector\\Tensorial.lean -o C:\\lean\\libs\\physlib\\.lake\\build\\lib\\lean\\Physlib\\Relativity\\Tensors\\RealTensor\\CoVector\\Tensorial.olean -i C:\\lean\\libs\\physlib\\.lake\\build\\lib\\lean\\Physlib\\Relativity\\Tensors\\RealTensor\\CoVector\\Tensorial.ilean -c C:\\lean\\libs\\physlib\\.lake\\build\\ir\\Physlib\\Relativity\\Tensors\\RealTensor\\CoVector\\Tensorial.c --setup C:\\lean\\libs\\physlib\\.lake\\build\\ir\\Physlib\\Relativity\\Tensors\\RealTensor\\CoVector\\Tensorial.setup.json --json",
   "level": "trace"}],
 "inputs":
 [["deps",
   [["Physlib/Physlib:extraDep", [["@Physlib:extraDep", "00000000000006bb"]]],
    ["imports",
     [["Physlib.Relativity.Tensors.RealTensor.CoVector.Basic transitive imports (public)",
       "0bdf42c875b4d901"],
      ["Physlib.Relativity.Tensors.RealTensor.CoVector.Basic:importArts",
       "8475571342c9f997"],
      ["Physlib.Relativity.Tensors.RealTensor.Basic transitive imports (public)",
       "159e5aa7bc5dd1be"],
      ["Physlib.Relativity.Tensors.RealTensor.Basic:importArts",
       "3636453aaa2ca275"],
      ["Mathlib.Geometry.Manifold.ChartedSpace transitive imports (public)",
       "647802206ba11fac"],
      ["Mathlib.Geometry.Manifold.ChartedSpace:importArts",
       "e63ac95bdad9cbf5"]]]]],
  ["libs",
   [["import dynlibs", "00000000000006bb"],
    ["package external libraries", "00000000000006bb"],
    ["module dynlibs", "00000000000006bb"],
    ["module plugins", "00000000000006bb"]]],
  ["Lean 4.34.0, commit 293d5d0c0c3f3dded4688b3ccd6a33939ac5102b",
   "a1c6c7aa3e9abfe7"],
  ["C:\\lean\\libs\\physlib\\Physlib\\Relativity\\Tensors\\RealTensor\\CoVector\\Tensorial.lean",
   "d4f8990aaa9b4f53"],
  ["options", "00000000000006bb"],
  ["isModule: true", "760fcc16989f4b9b"],
  ["Module.name: Physlib.Relativity.Tensors.RealTensor.CoVector.Tensorial",
   "a85cf02a7b36022b"],
  ["Package.id?: (some Physlib)", "6dd4b1a3d0e46d70"],
  ["Module.leanArgs: #[-Dwarn.sorry=false, -Dweak.says.verify=true]",
   "72cd5083b9c31fb2"]],
 "depHash": "0fe87dc7a878820e"}