{"synthetic": false,
 "schemaVersion": "2025-09-10",
 "outputs":
 {"rs": "3ae8b3c193a1f913.ir.sig",
  "r": "96dddfbfd2798183.ir",
  "o":
  ["3afc1b5b521ffa16.olean",
   "be769dc1ddc868b1.olean.server",
   "51fcdb9f77d443f5.olean.private"],
  "m": true,
  "i": "d6fb56866a5e604b.ilean",
  "c": "a2fae56469540c3f.c"},
 "log":
 [{"message":
   ".> LEAN_PATH=C:\\lean\\mathlib4\\.lake\\packages\\Cli\\.lake\\build\\lib\\lean;C:\\lean\\mathlib4\\.lake\\packages\\batteries\\.lake\\build\\lib\\lean;C:\\lean\\mathlib4\\.lake\\packages\\Qq\\.lake\\build\\lib\\lean;C:\\lean\\mathlib4\\.lake\\packages\\aesop\\.lake\\build\\lib\\lean;C:\\lean\\mathlib4\\.lake\\packages\\proofwidgets\\.lake\\build\\lib\\lean;C:\\lean\\mathlib4\\.lake\\packages\\importGraph\\.lake\\build\\lib\\lean;C:\\lean\\mathlib4\\.lake\\packages\\LeanSearchClient\\.lake\\build\\lib\\lean;C:\\lean\\mathlib4\\.lake\\packages\\plausible\\.lake\\build\\lib\\lean;C:\\lean\\mathlib4\\.lake\\build\\lib\\lean;C:\\lean\\libs\\physlib\\.lake\\build\\lib\\lean c:\\Users\\Administrator\\.elan\\toolchains\\leanprover--lean4---v4.34.0\\bin\\lean.exe -Dwarn.sorry=false -Dweak.says.verify=true C:\\lean\\libs\\physlib\\Physlib\\ClassicalMechanics\\HarmonicOscillator\\Geometric\\Basic.lean -o C:\\lean\\libs\\physlib\\.lake\\build\\lib\\lean\\Physlib\\ClassicalMechanics\\HarmonicOscillator\\Geometric\\Basic.olean -i C:\\lean\\libs\\physlib\\.lake\\build\\lib\\lean\\Physlib\\ClassicalMechanics\\HarmonicOscillator\\Geometric\\Basic.ilean -c C:\\lean\\libs\\physlib\\.lake\\build\\ir\\Physlib\\ClassicalMechanics\\HarmonicOscillator\\Geometric\\Basic.c --setup C:\\lean\\libs\\physlib\\.lake\\build\\ir\\Physlib\\ClassicalMechanics\\HarmonicOscillator\\Geometric\\Basic.setup.json --json",
   "level": "trace"}],
 "inputs":
 [["deps",
   [["Physlib/Physlib:extraDep", [["@Physlib:extraDep", "00000000000006bb"]]],
    ["imports",
     [["Physlib.SpaceAndTime.Space.Basic transitive imports (public)",
       "1f85ad3b55e7bb01"],
      ["Physlib.SpaceAndTime.Space.Basic:importArts", "23eb71dabdcf568c"],
      ["Mathlib.Geometry.Manifold.Diffeomorph transitive imports (public)",
       "62c77d7b44c3cf71"],
      ["Mathlib.Geometry.Manifold.Diffeomorph:importArts", "e6c8bfa59cc4e81a"],
      ["Mathlib.Geometry.Manifold.VectorBundle.Tangent transitive imports (public)",
       "bc99b91a4e73fdb7"],
      ["Mathlib.Geometry.Manifold.VectorBundle.Tangent:importArts",
       "01f1e6d7b10ad288"]]]]],
  ["libs",
   [["import dynlibs", "00000000000006bb"],
    ["package external libraries", "00000000000006bb"],
    ["module dynlibs", "00000000000006bb"],
    ["module plugins", "00000000000006bb"]]],
  ["Lean 4.34.0, commit 293d5d0c0c3f3dded4688b3ccd6a33939ac5102b",
   "a1c6c7aa3e9abfe7"],
  ["C:\\lean\\libs\\physlib\\Physlib\\ClassicalMechanics\\HarmonicOscillator\\Geometric\\Basic.lean",
   "ac5434108bf0aa0c"],
  ["options", "00000000000006bb"],
  ["isModule: true", "760fcc16989f4b9b"],
  ["Module.name: Physlib.ClassicalMechanics.HarmonicOscillator.Geometric.Basic",
   "17cb9c279e5ff687"],
  ["Package.id?: (some Physlib)", "6dd4b1a3d0e46d70"],
  ["Module.leanArgs: #[-Dwarn.sorry=false, -Dweak.says.verify=true]",
   "72cd5083b9c31fb2"]],
 "depHash": "11e7e1f8b3b961b3"}