{"synthetic": false,
 "schemaVersion": "2025-09-10",
 "outputs":
 {"rs": "a0df501d88e59431.ir.sig",
  "r": "c6925fb21cb1ddf9.ir",
  "o":
  ["b076e1d93f6dc762.olean",
   "217f307163506ccd.olean.server",
   "2a3a7463e21d3228.olean.private"],
  "m": true,
  "i": "a85790a00240bb0d.ilean",
  "c": "607842fb929c4d47.c"},
 "log":
 [{"message":
   ".> LEAN_PATH=C:\\lean\\mathlib4\\.lake\\packages\\Cli\\.lake\\build\\lib\\lean;C:\\lean\\mathlib4\\.lake\\packages\\batteries\\.lake\\build\\lib\\lean;C:\\lean\\mathlib4\\.lake\\packages\\Qq\\.lake\\build\\lib\\lean;C:\\lean\\mathlib4\\.lake\\packages\\aesop\\.lake\\build\\lib\\lean;C:\\lean\\mathlib4\\.lake\\packages\\proofwidgets\\.lake\\build\\lib\\lean;C:\\lean\\mathlib4\\.lake\\packages\\importGraph\\.lake\\build\\lib\\lean;C:\\lean\\mathlib4\\.lake\\packages\\LeanSearchClient\\.lake\\build\\lib\\lean;C:\\lean\\mathlib4\\.lake\\packages\\plausible\\.lake\\build\\lib\\lean;C:\\lean\\mathlib4\\.lake\\build\\lib\\lean;C:\\lean\\libs\\physlib\\.lake\\build\\lib\\lean c:\\Users\\Administrator\\.elan\\toolchains\\leanprover--lean4---v4.34.0\\bin\\lean.exe -Dwarn.sorry=false -Dweak.says.verify=true C:\\lean\\libs\\physlib\\Physlib\\ClassicalMechanics\\HarmonicOscillator\\Geometric\\KineticEnergy.lean -o C:\\lean\\libs\\physlib\\.lake\\build\\lib\\lean\\Physlib\\ClassicalMechanics\\HarmonicOscillator\\Geometric\\KineticEnergy.olean -i C:\\lean\\libs\\physlib\\.lake\\build\\lib\\lean\\Physlib\\ClassicalMechanics\\HarmonicOscillator\\Geometric\\KineticEnergy.ilean -c C:\\lean\\libs\\physlib\\.lake\\build\\ir\\Physlib\\ClassicalMechanics\\HarmonicOscillator\\Geometric\\KineticEnergy.c --setup C:\\lean\\libs\\physlib\\.lake\\build\\ir\\Physlib\\ClassicalMechanics\\HarmonicOscillator\\Geometric\\KineticEnergy.setup.json --json",
   "level": "trace"}],
 "inputs":
 [["deps",
   [["Physlib/Physlib:extraDep", [["@Physlib:extraDep", "00000000000006bb"]]],
    ["imports",
     [["Physlib.ClassicalMechanics.HarmonicOscillator.Basic transitive imports (public)",
       "c269b855b9512d20"],
      ["Physlib.ClassicalMechanics.HarmonicOscillator.Basic:importArts",
       "66e5472f9dd8d758"],
      ["Physlib.ClassicalMechanics.HarmonicOscillator.Geometric.Basic transitive imports (public)",
       "acba477c3aed51ac"],
      ["Physlib.ClassicalMechanics.HarmonicOscillator.Geometric.Basic:importArts",
       "6caefb2b89824ba4"],
      ["Mathlib.Geometry.Manifold.VectorBundle.Riemannian transitive imports (public)",
       "69d578c78b5f89aa"],
      ["Mathlib.Geometry.Manifold.VectorBundle.Riemannian:importArts",
       "33cacedeff37471c"]]]]],
  ["libs",
   [["import dynlibs", "00000000000006bb"],
    ["package external libraries", "00000000000006bb"],
    ["module dynlibs", "00000000000006bb"],
    ["module plugins", "00000000000006bb"]]],
  ["Lean 4.34.0, commit 293d5d0c0c3f3dded4688b3ccd6a33939ac5102b",
   "a1c6c7aa3e9abfe7"],
  ["C:\\lean\\libs\\physlib\\Physlib\\ClassicalMechanics\\HarmonicOscillator\\Geometric\\KineticEnergy.lean",
   "ac0a7ccfabb91459"],
  ["options", "00000000000006bb"],
  ["isModule: true", "760fcc16989f4b9b"],
  ["Module.name: Physlib.ClassicalMechanics.HarmonicOscillator.Geometric.KineticEnergy",
   "ca06b6371652cb39"],
  ["Package.id?: (some Physlib)", "6dd4b1a3d0e46d70"],
  ["Module.leanArgs: #[-Dwarn.sorry=false, -Dweak.says.verify=true]",
   "72cd5083b9c31fb2"]],
 "depHash": "e26f523d1b2ded38"}