{"synthetic": false,
 "schemaVersion": "2025-09-10",
 "outputs":
 {"rs": "c5dbc78c18d5f9b2.ir.sig",
  "r": "e6ebd20e0e4b50b7.ir",
  "o":
  ["4dbceb21cc19fa43.olean",
   "3aa929d19d3dcdef.olean.server",
   "8b4dacfe9b559f7a.olean.private"],
  "m": true,
  "i": "120ca2e7e6c9b5a8.ilean",
  "c": "e575c69f972423c4.c"},
 "log":
 [{"message":
   ".> LEAN_PATH=C:\\lean\\mathlib4\\.lake\\packages\\Cli\\.lake\\build\\lib\\lean;C:\\lean\\mathlib4\\.lake\\packages\\batteries\\.lake\\build\\lib\\lean;C:\\lean\\mathlib4\\.lake\\packages\\Qq\\.lake\\build\\lib\\lean;C:\\lean\\mathlib4\\.lake\\packages\\aesop\\.lake\\build\\lib\\lean;C:\\lean\\mathlib4\\.lake\\packages\\proofwidgets\\.lake\\build\\lib\\lean;C:\\lean\\mathlib4\\.lake\\packages\\importGraph\\.lake\\build\\lib\\lean;C:\\lean\\mathlib4\\.lake\\packages\\LeanSearchClient\\.lake\\build\\lib\\lean;C:\\lean\\mathlib4\\.lake\\packages\\plausible\\.lake\\build\\lib\\lean;C:\\lean\\mathlib4\\.lake\\build\\lib\\lean;C:\\lean\\libs\\physlib\\.lake\\build\\lib\\lean c:\\Users\\Administrator\\.elan\\toolchains\\leanprover--lean4---v4.34.0\\bin\\lean.exe -Dwarn.sorry=false -Dweak.says.verify=true C:\\lean\\libs\\physlib\\Physlib\\ClassicalMechanics\\HarmonicOscillator\\Geometric\\Trajectory.lean -o C:\\lean\\libs\\physlib\\.lake\\build\\lib\\lean\\Physlib\\ClassicalMechanics\\HarmonicOscillator\\Geometric\\Trajectory.olean -i C:\\lean\\libs\\physlib\\.lake\\build\\lib\\lean\\Physlib\\ClassicalMechanics\\HarmonicOscillator\\Geometric\\Trajectory.ilean -c C:\\lean\\libs\\physlib\\.lake\\build\\ir\\Physlib\\ClassicalMechanics\\HarmonicOscillator\\Geometric\\Trajectory.c --setup C:\\lean\\libs\\physlib\\.lake\\build\\ir\\Physlib\\ClassicalMechanics\\HarmonicOscillator\\Geometric\\Trajectory.setup.json --json",
   "level": "trace"}],
 "inputs":
 [["deps",
   [["Physlib/Physlib:extraDep", [["@Physlib:extraDep", "00000000000006bb"]]],
    ["imports",
     [["Physlib.ClassicalMechanics.HarmonicOscillator.Geometric.Basic transitive imports (public)",
       "acba477c3aed51ac"],
      ["Physlib.ClassicalMechanics.HarmonicOscillator.Geometric.Basic:importArts",
       "6caefb2b89824ba4"],
      ["Physlib.SpaceAndTime.Time.Derivatives transitive imports (public)",
       "f0fcd12808a72714"],
      ["Physlib.SpaceAndTime.Time.Derivatives:importArts", "f99cd158b939eeb8"],
      ["Mathlib.Geometry.Manifold.ContMDiff.NormedSpace transitive imports (public)",
       "c3cfc083f10a2faf"],
      ["Mathlib.Geometry.Manifold.ContMDiff.NormedSpace:importArts",
       "0829f9c199755c75"],
      ["Mathlib.Geometry.Manifold.MFDeriv.Basic transitive imports (public)",
       "69e911703373a9e9"],
      ["Mathlib.Geometry.Manifold.MFDeriv.Basic:importArts",
       "72000be5c334fedf"]]]]],
  ["libs",
   [["import dynlibs", "00000000000006bb"],
    ["package external libraries", "00000000000006bb"],
    ["module dynlibs", "00000000000006bb"],
    ["module plugins", "00000000000006bb"]]],
  ["Lean 4.34.0, commit 293d5d0c0c3f3dded4688b3ccd6a33939ac5102b",
   "a1c6c7aa3e9abfe7"],
  ["C:\\lean\\libs\\physlib\\Physlib\\ClassicalMechanics\\HarmonicOscillator\\Geometric\\Trajectory.lean",
   "dea0f1287ff2149b"],
  ["options", "00000000000006bb"],
  ["isModule: true", "760fcc16989f4b9b"],
  ["Module.name: Physlib.ClassicalMechanics.HarmonicOscillator.Geometric.Trajectory",
   "37a3adfe81447650"],
  ["Package.id?: (some Physlib)", "6dd4b1a3d0e46d70"],
  ["Module.leanArgs: #[-Dwarn.sorry=false, -Dweak.says.verify=true]",
   "72cd5083b9c31fb2"]],
 "depHash": "22e8b6163b2a985b"}