{"synthetic": false,
 "schemaVersion": "2025-09-10",
 "outputs":
 {"rs": "b8d81cddaf92bbca.ir.sig",
  "r": "671bb57f4a8a15bd.ir",
  "o":
  ["503db14e889e430f.olean",
   "48562002df944c50.olean.server",
   "0d953956d7402274.olean.private"],
  "m": true,
  "i": "12189fc90d718353.ilean",
  "c": "afb93678b0e1f09c.c"},
 "log":
 [{"message":
   ".> LEAN_PATH=C:\\lean\\mathlib4\\.lake\\packages\\Cli\\.lake\\build\\lib\\lean;C:\\lean\\mathlib4\\.lake\\packages\\batteries\\.lake\\build\\lib\\lean;C:\\lean\\mathlib4\\.lake\\packages\\Qq\\.lake\\build\\lib\\lean;C:\\lean\\mathlib4\\.lake\\packages\\aesop\\.lake\\build\\lib\\lean;C:\\lean\\mathlib4\\.lake\\packages\\proofwidgets\\.lake\\build\\lib\\lean;C:\\lean\\mathlib4\\.lake\\packages\\importGraph\\.lake\\build\\lib\\lean;C:\\lean\\mathlib4\\.lake\\packages\\LeanSearchClient\\.lake\\build\\lib\\lean;C:\\lean\\mathlib4\\.lake\\packages\\plausible\\.lake\\build\\lib\\lean;C:\\lean\\mathlib4\\.lake\\build\\lib\\lean;C:\\lean\\libs\\physlib\\.lake\\build\\lib\\lean c:\\Users\\Administrator\\.elan\\toolchains\\leanprover--lean4---v4.34.0-rc1\\bin\\lean.exe -Dwarn.sorry=false -Dweak.says.verify=true C:\\lean\\libs\\physlib\\Physlib\\Particles\\StandardModel\\Basic.lean -o C:\\lean\\libs\\physlib\\.lake\\build\\lib\\lean\\Physlib\\Particles\\StandardModel\\Basic.olean -i C:\\lean\\libs\\physlib\\.lake\\build\\lib\\lean\\Physlib\\Particles\\StandardModel\\Basic.ilean -c C:\\lean\\libs\\physlib\\.lake\\build\\ir\\Physlib\\Particles\\StandardModel\\Basic.c --setup C:\\lean\\libs\\physlib\\.lake\\build\\ir\\Physlib\\Particles\\StandardModel\\Basic.setup.json --json",
   "level": "trace"}],
 "inputs":
 [["deps",
   [["Physlib/Physlib:extraDep", [["@Physlib:extraDep", "00000000000006bb"]]],
    ["imports",
     [["Physlib.SpaceAndTime.SpaceTime.Basic transitive imports (public)",
       "9cebb9b8f9744c02"],
      ["Physlib.SpaceAndTime.SpaceTime.Basic:importArts", "bab6a07f5cc9b8e6"],
      ["Physlib.Meta.Linters.Sorry transitive imports (public)",
       "2f115a782eade85e"],
      ["Physlib.Meta.Linters.Sorry:importArts", "4123590128d6b1df"],
      ["Mathlib.RingTheory.RootsOfUnity.Complex transitive imports (public)",
       "be84058869d9a3c6"],
      ["Mathlib.RingTheory.RootsOfUnity.Complex:importArts",
       "8cb0ad4cc0491b73"]]]]],
  ["libs",
   [["import dynlibs", "00000000000006bb"],
    ["package external libraries", "00000000000006bb"],
    ["module dynlibs", "00000000000006bb"],
    ["module plugins", "00000000000006bb"]]],
  ["Lean 4.34.0, commit 3447a668783dbce1a8fdb97101dd067687b2b418",
   "421484e3e0c70198"],
  ["C:\\lean\\libs\\physlib\\Physlib\\Particles\\StandardModel\\Basic.lean",
   "350751e6a1c5d592"],
  ["options", "00000000000006bb"],
  ["isModule: true", "760fcc16989f4b9b"],
  ["Module.name: Physlib.Particles.StandardModel.Basic", "332bfa8bac68bfb5"],
  ["Package.id?: (some Physlib)", "6dd4b1a3d0e46d70"],
  ["Module.leanArgs: #[-Dwarn.sorry=false, -Dweak.says.verify=true]",
   "72cd5083b9c31fb2"]],
 "depHash": "faf61d6bc8569c50"}