{"synthetic": false,
 "schemaVersion": "2025-09-10",
 "outputs":
 {"rs": "fdae46d532c948ba.ir.sig",
  "r": "df55c946cf8e872d.ir",
  "o":
  ["b5394933f3bbf9ff.olean",
   "353fb841736abad7.olean.server",
   "90c8ef90ab4852a9.olean.private"],
  "m": true,
  "i": "28b6d89ecb502902.ilean",
  "c": "e52d9bcbf5f0b6c1.c"},
 "log":
 [{"message":
   ".> LEAN_PATH=C:\\lean\\mathlib4\\.lake\\packages\\Cli\\.lake\\build\\lib\\lean;C:\\lean\\mathlib4\\.lake\\packages\\batteries\\.lake\\build\\lib\\lean;C:\\lean\\mathlib4\\.lake\\packages\\Qq\\.lake\\build\\lib\\lean;C:\\lean\\mathlib4\\.lake\\packages\\aesop\\.lake\\build\\lib\\lean;C:\\lean\\mathlib4\\.lake\\packages\\proofwidgets\\.lake\\build\\lib\\lean;C:\\lean\\mathlib4\\.lake\\packages\\importGraph\\.lake\\build\\lib\\lean;C:\\lean\\mathlib4\\.lake\\packages\\LeanSearchClient\\.lake\\build\\lib\\lean;C:\\lean\\mathlib4\\.lake\\packages\\plausible\\.lake\\build\\lib\\lean;C:\\lean\\mathlib4\\.lake\\build\\lib\\lean;C:\\lean\\libs\\physlib\\.lake\\build\\lib\\lean c:\\Users\\Administrator\\.elan\\toolchains\\leanprover--lean4---v4.34.0-rc1\\bin\\lean.exe -Dwarn.sorry=false -Dweak.says.verify=true C:\\lean\\libs\\physlib\\Physlib\\QFT\\PerturbationTheory\\FieldOpFreeAlgebra\\NormalOrder.lean -o C:\\lean\\libs\\physlib\\.lake\\build\\lib\\lean\\Physlib\\QFT\\PerturbationTheory\\FieldOpFreeAlgebra\\NormalOrder.olean -i C:\\lean\\libs\\physlib\\.lake\\build\\lib\\lean\\Physlib\\QFT\\PerturbationTheory\\FieldOpFreeAlgebra\\NormalOrder.ilean -c C:\\lean\\libs\\physlib\\.lake\\build\\ir\\Physlib\\QFT\\PerturbationTheory\\FieldOpFreeAlgebra\\NormalOrder.c --setup C:\\lean\\libs\\physlib\\.lake\\build\\ir\\Physlib\\QFT\\PerturbationTheory\\FieldOpFreeAlgebra\\NormalOrder.setup.json --json",
   "level": "trace"}],
 "inputs":
 [["deps",
   [["Physlib/Physlib:extraDep", [["@Physlib:extraDep", "00000000000006bb"]]],
    ["imports",
     [["Physlib.QFT.PerturbationTheory.FieldSpecification.NormalOrder transitive imports (public)",
       "f09e48da423a6d19"],
      ["Physlib.QFT.PerturbationTheory.FieldSpecification.NormalOrder:importArts",
       "a734580a9e9ae192"],
      ["Physlib.QFT.PerturbationTheory.FieldOpFreeAlgebra.SuperCommute transitive imports (public)",
       "34c3f5eb4b9fd726"],
      ["Physlib.QFT.PerturbationTheory.FieldOpFreeAlgebra.SuperCommute:importArts",
       "f96b47d802a1b211"]]]]],
  ["libs",
   [["import dynlibs", "00000000000006bb"],
    ["package external libraries", "00000000000006bb"],
    ["module dynlibs", "00000000000006bb"],
    ["module plugins", "00000000000006bb"]]],
  ["Lean 4.34.0, commit 3447a668783dbce1a8fdb97101dd067687b2b418",
   "421484e3e0c70198"],
  ["C:\\lean\\libs\\physlib\\Physlib\\QFT\\PerturbationTheory\\FieldOpFreeAlgebra\\NormalOrder.lean",
   "1fe6238b101ecd99"],
  ["options", "00000000000006bb"],
  ["isModule: true", "760fcc16989f4b9b"],
  ["Module.name: Physlib.QFT.PerturbationTheory.FieldOpFreeAlgebra.NormalOrder",
   "8e80a875a41b9853"],
  ["Package.id?: (some Physlib)", "6dd4b1a3d0e46d70"],
  ["Module.leanArgs: #[-Dwarn.sorry=false, -Dweak.says.verify=true]",
   "72cd5083b9c31fb2"]],
 "depHash": "5babe9a781e2bab6"}