{"synthetic": false,
 "schemaVersion": "2025-09-10",
 "outputs":
 {"rs": "b8c700ac6931d6e8.ir.sig",
  "r": "d7969c34859e4104.ir",
  "o":
  ["a1691971d964fce9.olean",
   "a8207a4a65c624ed.olean.server",
   "245ac9e9cf36bd7e.olean.private"],
  "m": true,
  "i": "633096d7bbb0ec49.ilean",
  "c": "e975f0d6af866859.c"},
 "log":
 [{"message":
   ".> LEAN_PATH=C:\\lean\\mathlib4\\.lake\\packages\\Cli\\.lake\\build\\lib\\lean;C:\\lean\\mathlib4\\.lake\\packages\\batteries\\.lake\\build\\lib\\lean;C:\\lean\\mathlib4\\.lake\\packages\\Qq\\.lake\\build\\lib\\lean;C:\\lean\\mathlib4\\.lake\\packages\\aesop\\.lake\\build\\lib\\lean;C:\\lean\\mathlib4\\.lake\\packages\\proofwidgets\\.lake\\build\\lib\\lean;C:\\lean\\mathlib4\\.lake\\packages\\importGraph\\.lake\\build\\lib\\lean;C:\\lean\\mathlib4\\.lake\\packages\\LeanSearchClient\\.lake\\build\\lib\\lean;C:\\lean\\mathlib4\\.lake\\packages\\plausible\\.lake\\build\\lib\\lean;C:\\lean\\mathlib4\\.lake\\build\\lib\\lean;C:\\lean\\libs\\physlib\\.lake\\build\\lib\\lean c:\\Users\\Administrator\\.elan\\toolchains\\leanprover--lean4---v4.34.0-rc1\\bin\\lean.exe -Dwarn.sorry=false -Dweak.says.verify=true C:\\lean\\libs\\physlib\\Physlib\\QFT\\PerturbationTheory\\FieldOpFreeAlgebra\\NormTimeOrder.lean -o C:\\lean\\libs\\physlib\\.lake\\build\\lib\\lean\\Physlib\\QFT\\PerturbationTheory\\FieldOpFreeAlgebra\\NormTimeOrder.olean -i C:\\lean\\libs\\physlib\\.lake\\build\\lib\\lean\\Physlib\\QFT\\PerturbationTheory\\FieldOpFreeAlgebra\\NormTimeOrder.ilean -c C:\\lean\\libs\\physlib\\.lake\\build\\ir\\Physlib\\QFT\\PerturbationTheory\\FieldOpFreeAlgebra\\NormTimeOrder.c --setup C:\\lean\\libs\\physlib\\.lake\\build\\ir\\Physlib\\QFT\\PerturbationTheory\\FieldOpFreeAlgebra\\NormTimeOrder.setup.json --json",
   "level": "trace"}],
 "inputs":
 [["deps",
   [["Physlib/Physlib:extraDep", [["@Physlib:extraDep", "00000000000006bb"]]],
    ["imports",
     [["Physlib.QFT.PerturbationTheory.FieldSpecification.TimeOrder transitive imports (public)",
       "a9a7992a54f3a70e"],
      ["Physlib.QFT.PerturbationTheory.FieldSpecification.TimeOrder:importArts",
       "62b4db8e2aaf6da8"],
      ["Physlib.QFT.PerturbationTheory.FieldOpFreeAlgebra.Basic transitive imports (public)",
       "169ffe1c6d3481d0"],
      ["Physlib.QFT.PerturbationTheory.FieldOpFreeAlgebra.Basic:importArts",
       "f425d830e74d406d"]]]]],
  ["libs",
   [["import dynlibs", "00000000000006bb"],
    ["package external libraries", "00000000000006bb"],
    ["module dynlibs", "00000000000006bb"],
    ["module plugins", "00000000000006bb"]]],
  ["Lean 4.34.0, commit 3447a668783dbce1a8fdb97101dd067687b2b418",
   "421484e3e0c70198"],
  ["C:\\lean\\libs\\physlib\\Physlib\\QFT\\PerturbationTheory\\FieldOpFreeAlgebra\\NormTimeOrder.lean",
   "d81cb8673d3b16b6"],
  ["options", "00000000000006bb"],
  ["isModule: true", "760fcc16989f4b9b"],
  ["Module.name: Physlib.QFT.PerturbationTheory.FieldOpFreeAlgebra.NormTimeOrder",
   "fa3e551b6542db4c"],
  ["Package.id?: (some Physlib)", "6dd4b1a3d0e46d70"],
  ["Module.leanArgs: #[-Dwarn.sorry=false, -Dweak.says.verify=true]",
   "72cd5083b9c31fb2"]],
 "depHash": "8d58e00aaebe4641"}