{"synthetic": false,
 "schemaVersion": "2025-09-10",
 "outputs":
 {"rs": "b12b50319a7a3857.ir.sig",
  "r": "f3e8edb2e6214d76.ir",
  "o":
  ["a1a59c2f4493ac2d.olean",
   "040e017b39efbc16.olean.server",
   "9652d98616cc24fd.olean.private"],
  "m": true,
  "i": "62893025edbb5604.ilean",
  "c": "78af8e32e82880c8.c"},
 "log":
 [{"message":
   ".> LEAN_PATH=C:\\lean\\mathlib4\\.lake\\packages\\Cli\\.lake\\build\\lib\\lean;C:\\lean\\mathlib4\\.lake\\packages\\batteries\\.lake\\build\\lib\\lean;C:\\lean\\mathlib4\\.lake\\packages\\Qq\\.lake\\build\\lib\\lean;C:\\lean\\mathlib4\\.lake\\packages\\aesop\\.lake\\build\\lib\\lean;C:\\lean\\mathlib4\\.lake\\packages\\proofwidgets\\.lake\\build\\lib\\lean;C:\\lean\\mathlib4\\.lake\\packages\\importGraph\\.lake\\build\\lib\\lean;C:\\lean\\mathlib4\\.lake\\packages\\LeanSearchClient\\.lake\\build\\lib\\lean;C:\\lean\\mathlib4\\.lake\\packages\\plausible\\.lake\\build\\lib\\lean;C:\\lean\\mathlib4\\.lake\\build\\lib\\lean;C:\\lean\\libs\\physlib\\.lake\\build\\lib\\lean c:\\Users\\Administrator\\.elan\\toolchains\\leanprover--lean4---v4.34.0\\bin\\lean.exe -Dwarn.sorry=false -Dweak.says.verify=true C:\\lean\\libs\\physlib\\Physlib\\QFT\\PerturbationTheory\\FieldOpFreeAlgebra\\SuperCommute.lean -o C:\\lean\\libs\\physlib\\.lake\\build\\lib\\lean\\Physlib\\QFT\\PerturbationTheory\\FieldOpFreeAlgebra\\SuperCommute.olean -i C:\\lean\\libs\\physlib\\.lake\\build\\lib\\lean\\Physlib\\QFT\\PerturbationTheory\\FieldOpFreeAlgebra\\SuperCommute.ilean -c C:\\lean\\libs\\physlib\\.lake\\build\\ir\\Physlib\\QFT\\PerturbationTheory\\FieldOpFreeAlgebra\\SuperCommute.c --setup C:\\lean\\libs\\physlib\\.lake\\build\\ir\\Physlib\\QFT\\PerturbationTheory\\FieldOpFreeAlgebra\\SuperCommute.setup.json --json",
   "level": "trace"}],
 "inputs":
 [["deps",
   [["Physlib/Physlib:extraDep", [["@Physlib:extraDep", "00000000000006bb"]]],
    ["imports",
     [["Physlib.QFT.PerturbationTheory.FieldOpFreeAlgebra.Grading transitive imports (public)",
       "cd75fd02b5757012"],
      ["Physlib.QFT.PerturbationTheory.FieldOpFreeAlgebra.Grading:importArts",
       "f0e4acf3db7d73cb"],
      ["Physlib.QFT.PerturbationTheory.FieldStatistics.ExchangeSign transitive imports (public)",
       "430da9af3fa6c7e0"],
      ["Physlib.QFT.PerturbationTheory.FieldStatistics.ExchangeSign:importArts",
       "569ee42eb2e01014"]]]]],
  ["libs",
   [["import dynlibs", "00000000000006bb"],
    ["package external libraries", "00000000000006bb"],
    ["module dynlibs", "00000000000006bb"],
    ["module plugins", "00000000000006bb"]]],
  ["Lean 4.34.0, commit 293d5d0c0c3f3dded4688b3ccd6a33939ac5102b",
   "a1c6c7aa3e9abfe7"],
  ["C:\\lean\\libs\\physlib\\Physlib\\QFT\\PerturbationTheory\\FieldOpFreeAlgebra\\SuperCommute.lean",
   "95b3e8a3253ca7c3"],
  ["options", "00000000000006bb"],
  ["isModule: true", "760fcc16989f4b9b"],
  ["Module.name: Physlib.QFT.PerturbationTheory.FieldOpFreeAlgebra.SuperCommute",
   "fa71ad299840823f"],
  ["Package.id?: (some Physlib)", "6dd4b1a3d0e46d70"],
  ["Module.leanArgs: #[-Dwarn.sorry=false, -Dweak.says.verify=true]",
   "72cd5083b9c31fb2"]],
 "depHash": "b8512d391d99ed06"}