{"synthetic": false,
 "schemaVersion": "2025-09-10",
 "outputs":
 {"rs": "32ac94caac586020.ir.sig",
  "r": "4a35d02ee969d84b.ir",
  "o":
  ["d3fad650f00a69d8.olean",
   "d1766d377ec57b7b.olean.server",
   "f0d72ad8b025dfb4.olean.private"],
  "m": true,
  "i": "71bc2f1585232095.ilean",
  "c": "652a47f3feb8524e.c"},
 "log":
 [{"message":
   ".> LEAN_PATH=C:\\lean\\mathlib4\\.lake\\packages\\Cli\\.lake\\build\\lib\\lean;C:\\lean\\mathlib4\\.lake\\packages\\batteries\\.lake\\build\\lib\\lean;C:\\lean\\mathlib4\\.lake\\packages\\Qq\\.lake\\build\\lib\\lean;C:\\lean\\mathlib4\\.lake\\packages\\aesop\\.lake\\build\\lib\\lean;C:\\lean\\mathlib4\\.lake\\packages\\proofwidgets\\.lake\\build\\lib\\lean;C:\\lean\\mathlib4\\.lake\\packages\\importGraph\\.lake\\build\\lib\\lean;C:\\lean\\mathlib4\\.lake\\packages\\LeanSearchClient\\.lake\\build\\lib\\lean;C:\\lean\\mathlib4\\.lake\\packages\\plausible\\.lake\\build\\lib\\lean;C:\\lean\\mathlib4\\.lake\\build\\lib\\lean;C:\\lean\\libs\\physlib\\.lake\\build\\lib\\lean c:\\Users\\Administrator\\.elan\\toolchains\\leanprover--lean4---v4.34.0\\bin\\lean.exe -Dwarn.sorry=false -Dweak.says.verify=true C:\\lean\\libs\\physlib\\Physlib\\QFT\\PerturbationTheory\\FieldOpFreeAlgebra\\TimeOrder.lean -o C:\\lean\\libs\\physlib\\.lake\\build\\lib\\lean\\Physlib\\QFT\\PerturbationTheory\\FieldOpFreeAlgebra\\TimeOrder.olean -i C:\\lean\\libs\\physlib\\.lake\\build\\lib\\lean\\Physlib\\QFT\\PerturbationTheory\\FieldOpFreeAlgebra\\TimeOrder.ilean -c C:\\lean\\libs\\physlib\\.lake\\build\\ir\\Physlib\\QFT\\PerturbationTheory\\FieldOpFreeAlgebra\\TimeOrder.c --setup C:\\lean\\libs\\physlib\\.lake\\build\\ir\\Physlib\\QFT\\PerturbationTheory\\FieldOpFreeAlgebra\\TimeOrder.setup.json --json",
   "level": "trace"}],
 "inputs":
 [["deps",
   [["Physlib/Physlib:extraDep", [["@Physlib:extraDep", "00000000000006bb"]]],
    ["imports",
     [["Physlib.QFT.PerturbationTheory.FieldSpecification.TimeOrder transitive imports (public)",
       "7873280f6806c3c7"],
      ["Physlib.QFT.PerturbationTheory.FieldSpecification.TimeOrder:importArts",
       "03bb08cc149c6c4c"],
      ["Physlib.QFT.PerturbationTheory.FieldOpFreeAlgebra.SuperCommute transitive imports (public)",
       "e05a111f04ea367b"],
      ["Physlib.QFT.PerturbationTheory.FieldOpFreeAlgebra.SuperCommute:importArts",
       "8534f826845f6658"]]]]],
  ["libs",
   [["import dynlibs", "00000000000006bb"],
    ["package external libraries", "00000000000006bb"],
    ["module dynlibs", "00000000000006bb"],
    ["module plugins", "00000000000006bb"]]],
  ["Lean 4.34.0, commit 293d5d0c0c3f3dded4688b3ccd6a33939ac5102b",
   "a1c6c7aa3e9abfe7"],
  ["C:\\lean\\libs\\physlib\\Physlib\\QFT\\PerturbationTheory\\FieldOpFreeAlgebra\\TimeOrder.lean",
   "e287484c26a96728"],
  ["options", "00000000000006bb"],
  ["isModule: true", "760fcc16989f4b9b"],
  ["Module.name: Physlib.QFT.PerturbationTheory.FieldOpFreeAlgebra.TimeOrder",
   "b5b664ba47d1f51e"],
  ["Package.id?: (some Physlib)", "6dd4b1a3d0e46d70"],
  ["Module.leanArgs: #[-Dwarn.sorry=false, -Dweak.says.verify=true]",
   "72cd5083b9c31fb2"]],
 "depHash": "358ebc620719dded"}