{"synthetic": false,
 "schemaVersion": "2025-09-10",
 "outputs":
 {"rs": "63ff64480abd6a60.ir.sig",
  "r": "631ec893e18c28f4.ir",
  "o":
  ["9c0987badc161e6e.olean",
   "648669e8c36506e2.olean.server",
   "d98901746b035fe4.olean.private"],
  "m": true,
  "i": "98404e52182433d1.ilean",
  "c": "66ca98d57fb53954.c"},
 "log":
 [{"message":
   ".> LEAN_PATH=C:\\lean\\mathlib4\\.lake\\packages\\Cli\\.lake\\build\\lib\\lean;C:\\lean\\mathlib4\\.lake\\packages\\batteries\\.lake\\build\\lib\\lean;C:\\lean\\mathlib4\\.lake\\packages\\Qq\\.lake\\build\\lib\\lean;C:\\lean\\mathlib4\\.lake\\packages\\aesop\\.lake\\build\\lib\\lean;C:\\lean\\mathlib4\\.lake\\packages\\proofwidgets\\.lake\\build\\lib\\lean;C:\\lean\\mathlib4\\.lake\\packages\\importGraph\\.lake\\build\\lib\\lean;C:\\lean\\mathlib4\\.lake\\packages\\LeanSearchClient\\.lake\\build\\lib\\lean;C:\\lean\\mathlib4\\.lake\\packages\\plausible\\.lake\\build\\lib\\lean;C:\\lean\\mathlib4\\.lake\\build\\lib\\lean;C:\\lean\\libs\\physlib\\.lake\\build\\lib\\lean c:\\Users\\Administrator\\.elan\\toolchains\\leanprover--lean4---v4.34.0\\bin\\lean.exe -Dwarn.sorry=false -Dweak.says.verify=true C:\\lean\\libs\\physlib\\Physlib\\Electromagnetism\\Dynamics\\KineticTerm.lean -o C:\\lean\\libs\\physlib\\.lake\\build\\lib\\lean\\Physlib\\Electromagnetism\\Dynamics\\KineticTerm.olean -i C:\\lean\\libs\\physlib\\.lake\\build\\lib\\lean\\Physlib\\Electromagnetism\\Dynamics\\KineticTerm.ilean -c C:\\lean\\libs\\physlib\\.lake\\build\\ir\\Physlib\\Electromagnetism\\Dynamics\\KineticTerm.c --setup C:\\lean\\libs\\physlib\\.lake\\build\\ir\\Physlib\\Electromagnetism\\Dynamics\\KineticTerm.setup.json --json",
   "level": "trace"}],
 "inputs":
 [["deps",
   [["Physlib/Physlib:extraDep", [["@Physlib:extraDep", "00000000000006bb"]]],
    ["imports",
     [["Physlib.Electromagnetism.Kinematics.MagneticField transitive imports (public)",
       "5022700e4be62db1"],
      ["Physlib.Electromagnetism.Kinematics.MagneticField:importArts",
       "253f15fbc339eb2d"],
      ["Physlib.Electromagnetism.Dynamics.Basic transitive imports (public)",
       "b90241afd951a0f4"],
      ["Physlib.Electromagnetism.Dynamics.Basic:importArts",
       "67a420b374c1a171"],
      ["Physlib.Mathematics.VariationalCalculus.HasVarGradient transitive imports (public)",
       "b4ad3392a9915bb9"],
      ["Physlib.Mathematics.VariationalCalculus.HasVarGradient:importArts",
       "c60210361276e19b"]]]]],
  ["libs",
   [["import dynlibs", "00000000000006bb"],
    ["package external libraries", "00000000000006bb"],
    ["module dynlibs", "00000000000006bb"],
    ["module plugins", "00000000000006bb"]]],
  ["Lean 4.34.0, commit 293d5d0c0c3f3dded4688b3ccd6a33939ac5102b",
   "a1c6c7aa3e9abfe7"],
  ["C:\\lean\\libs\\physlib\\Physlib\\Electromagnetism\\Dynamics\\KineticTerm.lean",
   "fd83bedca968d40f"],
  ["options", "00000000000006bb"],
  ["isModule: true", "760fcc16989f4b9b"],
  ["Module.name: Physlib.Electromagnetism.Dynamics.KineticTerm",
   "73b1536d7e36b194"],
  ["Package.id?: (some Physlib)", "6dd4b1a3d0e46d70"],
  ["Module.leanArgs: #[-Dwarn.sorry=false, -Dweak.says.verify=true]",
   "72cd5083b9c31fb2"]],
 "depHash": "e4be1eb6ea78c6ab"}