{"synthetic": false,
 "schemaVersion": "2025-09-10",
 "outputs":
 {"rs": "74d79e4a503f7b15.ir.sig",
  "r": "7ab150cfd5d2729b.ir",
  "o":
  ["1ea0dc4a29cb5812.olean",
   "ef77516131adac2d.olean.server",
   "5b9a95583483a6df.olean.private"],
  "m": true,
  "i": "5127db7b64c91c12.ilean",
  "c": "acee6dd1f9429e2d.c"},
 "log":
 [{"message":
   ".> LEAN_PATH=C:\\lean\\mathlib4\\.lake\\packages\\Cli\\.lake\\build\\lib\\lean;C:\\lean\\mathlib4\\.lake\\packages\\batteries\\.lake\\build\\lib\\lean;C:\\lean\\mathlib4\\.lake\\packages\\Qq\\.lake\\build\\lib\\lean;C:\\lean\\mathlib4\\.lake\\packages\\aesop\\.lake\\build\\lib\\lean;C:\\lean\\mathlib4\\.lake\\packages\\proofwidgets\\.lake\\build\\lib\\lean;C:\\lean\\mathlib4\\.lake\\packages\\importGraph\\.lake\\build\\lib\\lean;C:\\lean\\mathlib4\\.lake\\packages\\LeanSearchClient\\.lake\\build\\lib\\lean;C:\\lean\\mathlib4\\.lake\\packages\\plausible\\.lake\\build\\lib\\lean;C:\\lean\\mathlib4\\.lake\\build\\lib\\lean;C:\\lean\\libs\\physlib\\.lake\\build\\lib\\lean c:\\Users\\Administrator\\.elan\\toolchains\\leanprover--lean4---v4.34.0\\bin\\lean.exe -Dwarn.sorry=false -Dweak.says.verify=true C:\\lean\\libs\\physlib\\Physlib\\Electromagnetism\\Dynamics\\Lagrangian.lean -o C:\\lean\\libs\\physlib\\.lake\\build\\lib\\lean\\Physlib\\Electromagnetism\\Dynamics\\Lagrangian.olean -i C:\\lean\\libs\\physlib\\.lake\\build\\lib\\lean\\Physlib\\Electromagnetism\\Dynamics\\Lagrangian.ilean -c C:\\lean\\libs\\physlib\\.lake\\build\\ir\\Physlib\\Electromagnetism\\Dynamics\\Lagrangian.c --setup C:\\lean\\libs\\physlib\\.lake\\build\\ir\\Physlib\\Electromagnetism\\Dynamics\\Lagrangian.setup.json --json",
   "level": "trace"}],
 "inputs":
 [["deps",
   [["Physlib/Physlib:extraDep", [["@Physlib:extraDep", "00000000000006bb"]]],
    ["imports",
     [["Physlib.Electromagnetism.Dynamics.CurrentDensity transitive imports (public)",
       "46639de68a142cab"],
      ["Physlib.Electromagnetism.Dynamics.CurrentDensity:importArts",
       "9093e536caf5cad0"],
      ["Physlib.Electromagnetism.Dynamics.KineticTerm transitive imports (public)",
       "edaf4e7ce360f7cc"],
      ["Physlib.Electromagnetism.Dynamics.KineticTerm:importArts",
       "29c368d70765381b"],
      ["Physlib.Relativity.Tensors.RealTensor.Vector.MinkowskiProduct transitive imports (public)",
       "b5116ab0cc01cb92"],
      ["Physlib.Relativity.Tensors.RealTensor.Vector.MinkowskiProduct:importArts",
       "dc08d096a06197ba"]]]]],
  ["libs",
   [["import dynlibs", "00000000000006bb"],
    ["package external libraries", "00000000000006bb"],
    ["module dynlibs", "00000000000006bb"],
    ["module plugins", "00000000000006bb"]]],
  ["Lean 4.34.0, commit 293d5d0c0c3f3dded4688b3ccd6a33939ac5102b",
   "a1c6c7aa3e9abfe7"],
  ["C:\\lean\\libs\\physlib\\Physlib\\Electromagnetism\\Dynamics\\Lagrangian.lean",
   "6f7e175a7dd9c1bc"],
  ["options", "00000000000006bb"],
  ["isModule: true", "760fcc16989f4b9b"],
  ["Module.name: Physlib.Electromagnetism.Dynamics.Lagrangian",
   "afc3925bb2a6cb74"],
  ["Package.id?: (some Physlib)", "6dd4b1a3d0e46d70"],
  ["Module.leanArgs: #[-Dwarn.sorry=false, -Dweak.says.verify=true]",
   "72cd5083b9c31fb2"]],
 "depHash": "5cea83d1c045bf5a"}