{"synthetic": false,
 "schemaVersion": "2025-09-10",
 "outputs":
 {"rs": "c498d035645a0b41.ir.sig",
  "r": "f233a6bdd338f0c3.ir",
  "o":
  ["2dd6069b854178c1.olean",
   "d40e607d0ce5bd92.olean.server",
   "4c506e8fbb0e1acf.olean.private"],
  "m": true,
  "i": "f7618c85bfaf86d5.ilean",
  "c": "b93d7643f3fb50d7.c"},
 "log":
 [{"message":
   ".> LEAN_PATH=C:\\lean\\mathlib4\\.lake\\packages\\Cli\\.lake\\build\\lib\\lean;C:\\lean\\mathlib4\\.lake\\packages\\batteries\\.lake\\build\\lib\\lean;C:\\lean\\mathlib4\\.lake\\packages\\Qq\\.lake\\build\\lib\\lean;C:\\lean\\mathlib4\\.lake\\packages\\aesop\\.lake\\build\\lib\\lean;C:\\lean\\mathlib4\\.lake\\packages\\proofwidgets\\.lake\\build\\lib\\lean;C:\\lean\\mathlib4\\.lake\\packages\\importGraph\\.lake\\build\\lib\\lean;C:\\lean\\mathlib4\\.lake\\packages\\LeanSearchClient\\.lake\\build\\lib\\lean;C:\\lean\\mathlib4\\.lake\\packages\\plausible\\.lake\\build\\lib\\lean;C:\\lean\\mathlib4\\.lake\\build\\lib\\lean;C:\\lean\\libs\\physlib\\.lake\\build\\lib\\lean c:\\Users\\Administrator\\.elan\\toolchains\\leanprover--lean4---v4.34.0\\bin\\lean.exe -Dwarn.sorry=false -Dweak.says.verify=true C:\\lean\\libs\\physlib\\Physlib\\Relativity\\LorentzGroup\\Basic.lean -o C:\\lean\\libs\\physlib\\.lake\\build\\lib\\lean\\Physlib\\Relativity\\LorentzGroup\\Basic.olean -i C:\\lean\\libs\\physlib\\.lake\\build\\lib\\lean\\Physlib\\Relativity\\LorentzGroup\\Basic.ilean -c C:\\lean\\libs\\physlib\\.lake\\build\\ir\\Physlib\\Relativity\\LorentzGroup\\Basic.c --setup C:\\lean\\libs\\physlib\\.lake\\build\\ir\\Physlib\\Relativity\\LorentzGroup\\Basic.setup.json --json",
   "level": "trace"}],
 "inputs":
 [["deps",
   [["Physlib/Physlib:extraDep", [["@Physlib:extraDep", "00000000000006bb"]]],
    ["imports",
     [["Physlib.Relativity.MinkowskiMatrix transitive imports (public)",
       "135e0955ad8184ce"],
      ["Physlib.Relativity.MinkowskiMatrix:importArts", "876166ba783383e9"],
      ["Physlib.Meta.TODO.Basic transitive imports (public)",
       "00000000000006bb"],
      ["Physlib.Meta.TODO.Basic:importArts", "00cee186cb0fb022"],
      ["Mathlib.Analysis.Complex.Basic transitive imports (public)",
       "5db83281f6ec6795"],
      ["Mathlib.Analysis.Complex.Basic:importArts", "e126660cf29b52de"],
      ["Mathlib.Topology.Instances.Matrix transitive imports (public)",
       "ba23c1ab8ab2abf8"],
      ["Mathlib.Topology.Instances.Matrix:importArts", "7bfdbd3a1b857d16"],
      ["Mathlib.Topology.Maps.Basic transitive imports (public)",
       "d89f443f2e2b1f1d"],
      ["Mathlib.Topology.Maps.Basic:importArts", "817eb3591ed2a8c5"],
      ["Mathlib.Topology.Algebra.Group.ClosedSubgroup transitive imports (public)",
       "04b73ca70a6b89dd"],
      ["Mathlib.Topology.Algebra.Group.ClosedSubgroup:importArts",
       "7e02b5bbfa9aaa18"],
      ["Mathlib.Topology.Algebra.Group.Units transitive imports (public)",
       "ff88b01a08d91e6a"],
      ["Mathlib.Topology.Algebra.Group.Units:importArts",
       "5d9405ecdd247524"]]]]],
  ["libs",
   [["import dynlibs", "00000000000006bb"],
    ["package external libraries", "00000000000006bb"],
    ["module dynlibs", "00000000000006bb"],
    ["module plugins", "00000000000006bb"]]],
  ["Lean 4.34.0, commit 293d5d0c0c3f3dded4688b3ccd6a33939ac5102b",
   "a1c6c7aa3e9abfe7"],
  ["C:\\lean\\libs\\physlib\\Physlib\\Relativity\\LorentzGroup\\Basic.lean",
   "34f7b8e630dcd64f"],
  ["options", "00000000000006bb"],
  ["isModule: true", "760fcc16989f4b9b"],
  ["Module.name: Physlib.Relativity.LorentzGroup.Basic", "287a48092fd4af11"],
  ["Package.id?: (some Physlib)", "6dd4b1a3d0e46d70"],
  ["Module.leanArgs: #[-Dwarn.sorry=false, -Dweak.says.verify=true]",
   "72cd5083b9c31fb2"]],
 "depHash": "10c58c926832b326"}