{"synthetic": false,
 "schemaVersion": "2025-09-10",
 "outputs":
 {"rs": "9ed5be13553bdc4d.ir.sig",
  "r": "9c447a8cb215d5d1.ir",
  "o":
  ["cb457b0055053bb3.olean",
   "c9b7b81440d33cc8.olean.server",
   "b828832af7796828.olean.private"],
  "m": true,
  "i": "d1a7ab9063e873da.ilean",
  "c": "ecc31ead2d96b877.c"},
 "log":
 [{"message":
   ".> LEAN_PATH=C:\\lean\\mathlib4\\.lake\\packages\\Cli\\.lake\\build\\lib\\lean;C:\\lean\\mathlib4\\.lake\\packages\\batteries\\.lake\\build\\lib\\lean;C:\\lean\\mathlib4\\.lake\\packages\\Qq\\.lake\\build\\lib\\lean;C:\\lean\\mathlib4\\.lake\\packages\\aesop\\.lake\\build\\lib\\lean;C:\\lean\\mathlib4\\.lake\\packages\\proofwidgets\\.lake\\build\\lib\\lean;C:\\lean\\mathlib4\\.lake\\packages\\importGraph\\.lake\\build\\lib\\lean;C:\\lean\\mathlib4\\.lake\\packages\\LeanSearchClient\\.lake\\build\\lib\\lean;C:\\lean\\mathlib4\\.lake\\packages\\plausible\\.lake\\build\\lib\\lean;C:\\lean\\mathlib4\\.lake\\build\\lib\\lean;C:\\lean\\libs\\physlib\\.lake\\build\\lib\\lean c:\\Users\\Administrator\\.elan\\toolchains\\leanprover--lean4---v4.34.0\\bin\\lean.exe -Dwarn.sorry=false -Dweak.says.verify=true C:\\lean\\libs\\physlib\\Physlib\\Relativity\\LorentzGroup\\Proper.lean -o C:\\lean\\libs\\physlib\\.lake\\build\\lib\\lean\\Physlib\\Relativity\\LorentzGroup\\Proper.olean -i C:\\lean\\libs\\physlib\\.lake\\build\\lib\\lean\\Physlib\\Relativity\\LorentzGroup\\Proper.ilean -c C:\\lean\\libs\\physlib\\.lake\\build\\ir\\Physlib\\Relativity\\LorentzGroup\\Proper.c --setup C:\\lean\\libs\\physlib\\.lake\\build\\ir\\Physlib\\Relativity\\LorentzGroup\\Proper.setup.json --json",
   "level": "trace"},
  {"message":
   "Physlib/Relativity/LorentzGroup/Proper.lean:90:8: `if_pos` has been deprecated: Use `ite_eq_left` instead",
   "level": "warning"},
  {"message":
   "Physlib/Relativity/LorentzGroup/Proper.lean:96:8: `if_neg` has been deprecated: Use `ite_eq_right` instead",
   "level": "warning"}],
 "inputs":
 [["deps",
   [["Physlib/Physlib:extraDep", [["@Physlib:extraDep", "00000000000006bb"]]],
    ["imports",
     [["Physlib.Relativity.LorentzGroup.Basic transitive imports (public)",
       "5085830edd20f77f"],
      ["Physlib.Relativity.LorentzGroup.Basic:importArts", "03826052503eb420"],
      ["Mathlib.Topology.Connected.PathConnected transitive imports (public)",
       "4f9f9978d792fb28"],
      ["Mathlib.Topology.Connected.PathConnected:importArts",
       "598cccdc4935d372"],
      ["Mathlib.Tactic.Cases transitive imports (public)", "c30ccae22c39dc0f"],
      ["Mathlib.Tactic.Cases:importArts", "6902c44e24e6e48b"]]]]],
  ["libs",
   [["import dynlibs", "00000000000006bb"],
    ["package external libraries", "00000000000006bb"],
    ["module dynlibs", "00000000000006bb"],
    ["module plugins", "00000000000006bb"]]],
  ["Lean 4.34.0, commit 293d5d0c0c3f3dded4688b3ccd6a33939ac5102b",
   "a1c6c7aa3e9abfe7"],
  ["C:\\lean\\libs\\physlib\\Physlib\\Relativity\\LorentzGroup\\Proper.lean",
   "d5f72cf6531524cc"],
  ["options", "00000000000006bb"],
  ["isModule: true", "760fcc16989f4b9b"],
  ["Module.name: Physlib.Relativity.LorentzGroup.Proper", "eb60afb94f0589f1"],
  ["Package.id?: (some Physlib)", "6dd4b1a3d0e46d70"],
  ["Module.leanArgs: #[-Dwarn.sorry=false, -Dweak.says.verify=true]",
   "72cd5083b9c31fb2"]],
 "depHash": "b02faec5a1c8d430"}