{"synthetic": false,
 "schemaVersion": "2025-09-10",
 "outputs":
 {"rs": "081139243d01d4c9.ir.sig",
  "r": "0b3f0a3ed6d4dac0.ir",
  "o":
  ["ca970673648440dd.olean",
   "8ebf03f4f33e84dd.olean.server",
   "1ec5415b3b88798e.olean.private"],
  "m": true,
  "i": "a293c8527eb851a3.ilean",
  "c": "662e5bd7bb1a2be8.c"},
 "log":
 [{"message":
   ".> LEAN_PATH=C:\\lean\\mathlib4\\.lake\\packages\\Cli\\.lake\\build\\lib\\lean;C:\\lean\\mathlib4\\.lake\\packages\\batteries\\.lake\\build\\lib\\lean;C:\\lean\\mathlib4\\.lake\\packages\\Qq\\.lake\\build\\lib\\lean;C:\\lean\\mathlib4\\.lake\\packages\\aesop\\.lake\\build\\lib\\lean;C:\\lean\\mathlib4\\.lake\\packages\\proofwidgets\\.lake\\build\\lib\\lean;C:\\lean\\mathlib4\\.lake\\packages\\importGraph\\.lake\\build\\lib\\lean;C:\\lean\\mathlib4\\.lake\\packages\\LeanSearchClient\\.lake\\build\\lib\\lean;C:\\lean\\mathlib4\\.lake\\packages\\plausible\\.lake\\build\\lib\\lean;C:\\lean\\mathlib4\\.lake\\build\\lib\\lean;C:\\lean\\libs\\physlib\\.lake\\build\\lib\\lean c:\\Users\\Administrator\\.elan\\toolchains\\leanprover--lean4---v4.34.0-rc1\\bin\\lean.exe -Dwarn.sorry=false -Dweak.says.verify=true C:\\lean\\libs\\physlib\\Physlib\\Relativity\\Tensors\\RealTensor\\Vector\\Tensorial.lean -o C:\\lean\\libs\\physlib\\.lake\\build\\lib\\lean\\Physlib\\Relativity\\Tensors\\RealTensor\\Vector\\Tensorial.olean -i C:\\lean\\libs\\physlib\\.lake\\build\\lib\\lean\\Physlib\\Relativity\\Tensors\\RealTensor\\Vector\\Tensorial.ilean -c C:\\lean\\libs\\physlib\\.lake\\build\\ir\\Physlib\\Relativity\\Tensors\\RealTensor\\Vector\\Tensorial.c --setup C:\\lean\\libs\\physlib\\.lake\\build\\ir\\Physlib\\Relativity\\Tensors\\RealTensor\\Vector\\Tensorial.setup.json --json",
   "level": "trace"}],
 "inputs":
 [["deps",
   [["Physlib/Physlib:extraDep", [["@Physlib:extraDep", "00000000000006bb"]]],
    ["imports",
     [["Physlib.Relativity.Tensors.RealTensor.Basic transitive imports (public)",
       "656fcccd8691ecfe"],
      ["Physlib.Relativity.Tensors.RealTensor.Basic:importArts",
       "59a499f429b4dd4e"],
      ["Physlib.Relativity.Tensors.RealTensor.Vector.Basic transitive imports (public)",
       "acc2ff6d9e4201fa"],
      ["Physlib.Relativity.Tensors.RealTensor.Vector.Basic:importArts",
       "ccc768a71298b103"]]]]],
  ["libs",
   [["import dynlibs", "00000000000006bb"],
    ["package external libraries", "00000000000006bb"],
    ["module dynlibs", "00000000000006bb"],
    ["module plugins", "00000000000006bb"]]],
  ["Lean 4.34.0, commit 3447a668783dbce1a8fdb97101dd067687b2b418",
   "421484e3e0c70198"],
  ["C:\\lean\\libs\\physlib\\Physlib\\Relativity\\Tensors\\RealTensor\\Vector\\Tensorial.lean",
   "8f9f688c50ff6cda"],
  ["options", "00000000000006bb"],
  ["isModule: true", "760fcc16989f4b9b"],
  ["Module.name: Physlib.Relativity.Tensors.RealTensor.Vector.Tensorial",
   "1e1dfd8f33454758"],
  ["Package.id?: (some Physlib)", "6dd4b1a3d0e46d70"],
  ["Module.leanArgs: #[-Dwarn.sorry=false, -Dweak.says.verify=true]",
   "72cd5083b9c31fb2"]],
 "depHash": "5d5f19ae6b9dc16e"}