{"synthetic": false,
 "schemaVersion": "2025-09-10",
 "outputs":
 {"rs": "8d1a819c9cb794be.ir.sig",
  "r": "3ff3fe16cc874634.ir",
  "o":
  ["4f0d703ffc54d5ff.olean",
   "4933cc988a2b548c.olean.server",
   "cca58653408246f7.olean.private"],
  "m": true,
  "i": "c2216f6c1992350a.ilean",
  "c": "9b9eb3c5eafcb3c2.c"},
 "log":
 [{"message":
   ".> LEAN_PATH=C:\\lean\\mathlib4\\.lake\\packages\\Cli\\.lake\\build\\lib\\lean;C:\\lean\\mathlib4\\.lake\\packages\\batteries\\.lake\\build\\lib\\lean;C:\\lean\\mathlib4\\.lake\\packages\\Qq\\.lake\\build\\lib\\lean;C:\\lean\\mathlib4\\.lake\\packages\\aesop\\.lake\\build\\lib\\lean;C:\\lean\\mathlib4\\.lake\\packages\\proofwidgets\\.lake\\build\\lib\\lean;C:\\lean\\mathlib4\\.lake\\packages\\importGraph\\.lake\\build\\lib\\lean;C:\\lean\\mathlib4\\.lake\\packages\\LeanSearchClient\\.lake\\build\\lib\\lean;C:\\lean\\mathlib4\\.lake\\packages\\plausible\\.lake\\build\\lib\\lean;C:\\lean\\mathlib4\\.lake\\build\\lib\\lean;C:\\lean\\libs\\physlib\\.lake\\build\\lib\\lean c:\\Users\\Administrator\\.elan\\toolchains\\leanprover--lean4---v4.34.0\\bin\\lean.exe -Dwarn.sorry=false -Dweak.says.verify=true C:\\lean\\libs\\physlib\\Physlib\\QuantumMechanics\\Operators\\StateObservables\\IsEigenvector.lean -o C:\\lean\\libs\\physlib\\.lake\\build\\lib\\lean\\Physlib\\QuantumMechanics\\Operators\\StateObservables\\IsEigenvector.olean -i C:\\lean\\libs\\physlib\\.lake\\build\\lib\\lean\\Physlib\\QuantumMechanics\\Operators\\StateObservables\\IsEigenvector.ilean -c C:\\lean\\libs\\physlib\\.lake\\build\\ir\\Physlib\\QuantumMechanics\\Operators\\StateObservables\\IsEigenvector.c --setup C:\\lean\\libs\\physlib\\.lake\\build\\ir\\Physlib\\QuantumMechanics\\Operators\\StateObservables\\IsEigenvector.setup.json --json",
   "level": "trace"}],
 "inputs":
 [["deps",
   [["Physlib/Physlib:extraDep", [["@Physlib:extraDep", "00000000000006bb"]]],
    ["imports",
     [["Physlib.QuantumMechanics.Operators.Unbounded transitive imports (public)",
       "c957e11a2cb9225e"],
      ["Physlib.QuantumMechanics.Operators.Unbounded:importArts",
       "7314621786ff69b3"]]]]],
  ["libs",
   [["import dynlibs", "00000000000006bb"],
    ["package external libraries", "00000000000006bb"],
    ["module dynlibs", "00000000000006bb"],
    ["module plugins", "00000000000006bb"]]],
  ["Lean 4.34.0, commit 293d5d0c0c3f3dded4688b3ccd6a33939ac5102b",
   "a1c6c7aa3e9abfe7"],
  ["C:\\lean\\libs\\physlib\\Physlib\\QuantumMechanics\\Operators\\StateObservables\\IsEigenvector.lean",
   "d1247937dec868bf"],
  ["options", "00000000000006bb"],
  ["isModule: true", "760fcc16989f4b9b"],
  ["Module.name: Physlib.QuantumMechanics.Operators.StateObservables.IsEigenvector",
   "1d8359158f16ca5a"],
  ["Package.id?: (some Physlib)", "6dd4b1a3d0e46d70"],
  ["Module.leanArgs: #[-Dwarn.sorry=false, -Dweak.says.verify=true]",
   "72cd5083b9c31fb2"]],
 "depHash": "932daefbb3d3e408"}