{"synthetic": false,
 "schemaVersion": "2025-09-10",
 "outputs":
 {"rs": "af89abc7d20462b8.ir.sig",
  "r": "b028e141cdb6bd06.ir",
  "o":
  ["4352dbeed613f8ed.olean",
   "e8b621d86396b674.olean.server",
   "0933b463a3e280df.olean.private"],
  "m": true,
  "i": "1231c0110217659d.ilean",
  "c": "f646b2bb11393a4f.c"},
 "log":
 [{"message":
   ".> LEAN_PATH=C:\\lean\\mathlib4\\.lake\\packages\\Cli\\.lake\\build\\lib\\lean;C:\\lean\\mathlib4\\.lake\\packages\\batteries\\.lake\\build\\lib\\lean;C:\\lean\\mathlib4\\.lake\\packages\\Qq\\.lake\\build\\lib\\lean;C:\\lean\\mathlib4\\.lake\\packages\\aesop\\.lake\\build\\lib\\lean;C:\\lean\\mathlib4\\.lake\\packages\\proofwidgets\\.lake\\build\\lib\\lean;C:\\lean\\mathlib4\\.lake\\packages\\importGraph\\.lake\\build\\lib\\lean;C:\\lean\\mathlib4\\.lake\\packages\\LeanSearchClient\\.lake\\build\\lib\\lean;C:\\lean\\mathlib4\\.lake\\packages\\plausible\\.lake\\build\\lib\\lean;C:\\lean\\mathlib4\\.lake\\build\\lib\\lean;C:\\lean\\libs\\physlib\\.lake\\build\\lib\\lean c:\\Users\\Administrator\\.elan\\toolchains\\leanprover--lean4---v4.34.0\\bin\\lean.exe -Dwarn.sorry=false -Dweak.says.verify=true C:\\lean\\libs\\physlib\\Physlib\\QuantumMechanics\\Operators\\StateObservables\\Variance.lean -o C:\\lean\\libs\\physlib\\.lake\\build\\lib\\lean\\Physlib\\QuantumMechanics\\Operators\\StateObservables\\Variance.olean -i C:\\lean\\libs\\physlib\\.lake\\build\\lib\\lean\\Physlib\\QuantumMechanics\\Operators\\StateObservables\\Variance.ilean -c C:\\lean\\libs\\physlib\\.lake\\build\\ir\\Physlib\\QuantumMechanics\\Operators\\StateObservables\\Variance.c --setup C:\\lean\\libs\\physlib\\.lake\\build\\ir\\Physlib\\QuantumMechanics\\Operators\\StateObservables\\Variance.setup.json --json",
   "level": "trace"}],
 "inputs":
 [["deps",
   [["Physlib/Physlib:extraDep", [["@Physlib:extraDep", "00000000000006bb"]]],
    ["imports",
     [["Physlib.QuantumMechanics.Operators.StateObservables.ExpectedValue transitive imports (public)",
       "2b21d93d366d5fbb"],
      ["Physlib.QuantumMechanics.Operators.StateObservables.ExpectedValue:importArts",
       "2cd05ac291ab7fc9"],
      ["Physlib.QuantumMechanics.Operators.StateObservables.IsEigenvector transitive imports (public)",
       "2b21d93d366d5fbb"],
      ["Physlib.QuantumMechanics.Operators.StateObservables.IsEigenvector:importArts",
       "ef06c5a9426685b2"],
      ["Mathlib.Analysis.SpecialFunctions.Sqrt transitive imports (public)",
       "d2692844dd83e85b"],
      ["Mathlib.Analysis.SpecialFunctions.Sqrt:importArts",
       "7152c2db965e2d16"]]]]],
  ["libs",
   [["import dynlibs", "00000000000006bb"],
    ["package external libraries", "00000000000006bb"],
    ["module dynlibs", "00000000000006bb"],
    ["module plugins", "00000000000006bb"]]],
  ["Lean 4.34.0, commit 293d5d0c0c3f3dded4688b3ccd6a33939ac5102b",
   "a1c6c7aa3e9abfe7"],
  ["C:\\lean\\libs\\physlib\\Physlib\\QuantumMechanics\\Operators\\StateObservables\\Variance.lean",
   "4b9b6225d81ee135"],
  ["options", "00000000000006bb"],
  ["isModule: true", "760fcc16989f4b9b"],
  ["Module.name: Physlib.QuantumMechanics.Operators.StateObservables.Variance",
   "f3e025b65f566e1b"],
  ["Package.id?: (some Physlib)", "6dd4b1a3d0e46d70"],
  ["Module.leanArgs: #[-Dwarn.sorry=false, -Dweak.says.verify=true]",
   "72cd5083b9c31fb2"]],
 "depHash": "ba81fbd390d727fe"}