{"synthetic": false,
 "schemaVersion": "2025-09-10",
 "outputs":
 {"rs": "5d47f26665fad6e8.ir.sig",
  "r": "22c96bcec187fcef.ir",
  "o":
  ["3078eddb99801c6f.olean",
   "68fd84689bdcbd05.olean.server",
   "088eada1c20a0c61.olean.private"],
  "m": true,
  "i": "f610905ae3ca2c7a.ilean",
  "c": "fce370849e19d84a.c"},
 "log":
 [{"message":
   ".> LEAN_PATH=C:\\lean\\mathlib4\\.lake\\packages\\Cli\\.lake\\build\\lib\\lean;C:\\lean\\mathlib4\\.lake\\packages\\batteries\\.lake\\build\\lib\\lean;C:\\lean\\mathlib4\\.lake\\packages\\Qq\\.lake\\build\\lib\\lean;C:\\lean\\mathlib4\\.lake\\packages\\aesop\\.lake\\build\\lib\\lean;C:\\lean\\mathlib4\\.lake\\packages\\proofwidgets\\.lake\\build\\lib\\lean;C:\\lean\\mathlib4\\.lake\\packages\\importGraph\\.lake\\build\\lib\\lean;C:\\lean\\mathlib4\\.lake\\packages\\LeanSearchClient\\.lake\\build\\lib\\lean;C:\\lean\\mathlib4\\.lake\\packages\\plausible\\.lake\\build\\lib\\lean;C:\\lean\\mathlib4\\.lake\\build\\lib\\lean;C:\\lean\\libs\\physlib\\.lake\\build\\lib\\lean c:\\Users\\Administrator\\.elan\\toolchains\\leanprover--lean4---v4.34.0\\bin\\lean.exe -Dwarn.sorry=false -Dweak.says.verify=true C:\\lean\\libs\\physlib\\Physlib\\Electromagnetism\\Distributional\\Dynamics\\KineticTerm.lean -o C:\\lean\\libs\\physlib\\.lake\\build\\lib\\lean\\Physlib\\Electromagnetism\\Distributional\\Dynamics\\KineticTerm.olean -i C:\\lean\\libs\\physlib\\.lake\\build\\lib\\lean\\Physlib\\Electromagnetism\\Distributional\\Dynamics\\KineticTerm.ilean -c C:\\lean\\libs\\physlib\\.lake\\build\\ir\\Physlib\\Electromagnetism\\Distributional\\Dynamics\\KineticTerm.c --setup C:\\lean\\libs\\physlib\\.lake\\build\\ir\\Physlib\\Electromagnetism\\Distributional\\Dynamics\\KineticTerm.setup.json --json",
   "level": "trace"}],
 "inputs":
 [["deps",
   [["Physlib/Physlib:extraDep", [["@Physlib:extraDep", "00000000000006bb"]]],
    ["imports",
     [["Physlib.Electromagnetism.Distributional.MagneticField transitive imports (public)",
       "21a11d030f475f7f"],
      ["Physlib.Electromagnetism.Distributional.MagneticField:importArts",
       "80f79ccc329b43cc"],
      ["Physlib.Electromagnetism.Dynamics.Basic transitive imports (public)",
       "b90241afd951a0f4"],
      ["Physlib.Electromagnetism.Dynamics.Basic:importArts",
       "67a420b374c1a171"],
      ["Physlib.Mathematics.VariationalCalculus.HasVarGradient transitive imports (public)",
       "b4ad3392a9915bb9"],
      ["Physlib.Mathematics.VariationalCalculus.HasVarGradient:importArts",
       "c60210361276e19b"]]]]],
  ["libs",
   [["import dynlibs", "00000000000006bb"],
    ["package external libraries", "00000000000006bb"],
    ["module dynlibs", "00000000000006bb"],
    ["module plugins", "00000000000006bb"]]],
  ["Lean 4.34.0, commit 293d5d0c0c3f3dded4688b3ccd6a33939ac5102b",
   "a1c6c7aa3e9abfe7"],
  ["C:\\lean\\libs\\physlib\\Physlib\\Electromagnetism\\Distributional\\Dynamics\\KineticTerm.lean",
   "4584543f8662f7e5"],
  ["options", "00000000000006bb"],
  ["isModule: true", "760fcc16989f4b9b"],
  ["Module.name: Physlib.Electromagnetism.Distributional.Dynamics.KineticTerm",
   "dd9115880a0fbf04"],
  ["Package.id?: (some Physlib)", "6dd4b1a3d0e46d70"],
  ["Module.leanArgs: #[-Dwarn.sorry=false, -Dweak.says.verify=true]",
   "72cd5083b9c31fb2"]],
 "depHash": "7869dcc3cb0747b3"}