{"synthetic": false,
 "schemaVersion": "2025-09-10",
 "outputs":
 {"rs": "fe12e5bece4e57e7.ir.sig",
  "r": "46ec0bc208eb2cd3.ir",
  "o":
  ["6bf49888bb98910e.olean",
   "7a07dc22f2878028.olean.server",
   "d5b0a00dd9838f4e.olean.private"],
  "m": true,
  "i": "13337e68e04c5566.ilean",
  "c": "7443d2803cba4384.c"},
 "log":
 [{"message":
   ".> LEAN_PATH=C:\\lean\\mathlib4\\.lake\\packages\\Cli\\.lake\\build\\lib\\lean;C:\\lean\\mathlib4\\.lake\\packages\\batteries\\.lake\\build\\lib\\lean;C:\\lean\\mathlib4\\.lake\\packages\\Qq\\.lake\\build\\lib\\lean;C:\\lean\\mathlib4\\.lake\\packages\\aesop\\.lake\\build\\lib\\lean;C:\\lean\\mathlib4\\.lake\\packages\\proofwidgets\\.lake\\build\\lib\\lean;C:\\lean\\mathlib4\\.lake\\packages\\importGraph\\.lake\\build\\lib\\lean;C:\\lean\\mathlib4\\.lake\\packages\\LeanSearchClient\\.lake\\build\\lib\\lean;C:\\lean\\mathlib4\\.lake\\packages\\plausible\\.lake\\build\\lib\\lean;C:\\lean\\mathlib4\\.lake\\build\\lib\\lean;C:\\lean\\libs\\physlib\\.lake\\build\\lib\\lean c:\\Users\\Administrator\\.elan\\toolchains\\leanprover--lean4---v4.34.0-rc1\\bin\\lean.exe -Dwarn.sorry=false -Dweak.says.verify=true C:\\lean\\libs\\physlib\\Physlib\\Electromagnetism\\Distributional\\Dynamics\\Lagrangian.lean -o C:\\lean\\libs\\physlib\\.lake\\build\\lib\\lean\\Physlib\\Electromagnetism\\Distributional\\Dynamics\\Lagrangian.olean -i C:\\lean\\libs\\physlib\\.lake\\build\\lib\\lean\\Physlib\\Electromagnetism\\Distributional\\Dynamics\\Lagrangian.ilean -c C:\\lean\\libs\\physlib\\.lake\\build\\ir\\Physlib\\Electromagnetism\\Distributional\\Dynamics\\Lagrangian.c --setup C:\\lean\\libs\\physlib\\.lake\\build\\ir\\Physlib\\Electromagnetism\\Distributional\\Dynamics\\Lagrangian.setup.json --json",
   "level": "trace"}],
 "inputs":
 [["deps",
   [["Physlib/Physlib:extraDep", [["@Physlib:extraDep", "00000000000006bb"]]],
    ["imports",
     [["Physlib.Electromagnetism.Distributional.Dynamics.CurrentDensity transitive imports (public)",
       "85c4bb0d013c58a8"],
      ["Physlib.Electromagnetism.Distributional.Dynamics.CurrentDensity:importArts",
       "dec954e6922e2cdd"],
      ["Physlib.Electromagnetism.Distributional.Dynamics.KineticTerm transitive imports (public)",
       "b0f8f998151597f7"],
      ["Physlib.Electromagnetism.Distributional.Dynamics.KineticTerm:importArts",
       "7f11a5ebb76235cf"],
      ["Physlib.Relativity.Tensors.RealTensor.Vector.MinkowskiProduct transitive imports (public)",
       "b3857ef162e389a7"],
      ["Physlib.Relativity.Tensors.RealTensor.Vector.MinkowskiProduct:importArts",
       "f896f4d44f16fb24"]]]]],
  ["libs",
   [["import dynlibs", "00000000000006bb"],
    ["package external libraries", "00000000000006bb"],
    ["module dynlibs", "00000000000006bb"],
    ["module plugins", "00000000000006bb"]]],
  ["Lean 4.34.0, commit 3447a668783dbce1a8fdb97101dd067687b2b418",
   "421484e3e0c70198"],
  ["C:\\lean\\libs\\physlib\\Physlib\\Electromagnetism\\Distributional\\Dynamics\\Lagrangian.lean",
   "c72f68ce6811c127"],
  ["options", "00000000000006bb"],
  ["isModule: true", "760fcc16989f4b9b"],
  ["Module.name: Physlib.Electromagnetism.Distributional.Dynamics.Lagrangian",
   "08139e3301ddd492"],
  ["Package.id?: (some Physlib)", "6dd4b1a3d0e46d70"],
  ["Module.leanArgs: #[-Dwarn.sorry=false, -Dweak.says.verify=true]",
   "72cd5083b9c31fb2"]],
 "depHash": "d0e414438987e583"}