{"synthetic": false,
 "schemaVersion": "2025-09-10",
 "outputs":
 {"rs": "97961760ce7e3833.ir.sig",
  "r": "a67e58f63ad6f87c.ir",
  "o":
  ["44d91b65a018c743.olean",
   "b6310d76db4d3ef0.olean.server",
   "48be4ea71775b8d3.olean.private"],
  "m": true,
  "i": "ca59fa7691bf2786.ilean",
  "c": "0c2571eca5ee3b24.c"},
 "log":
 [{"message":
   ".> LEAN_PATH=C:\\lean\\mathlib4\\.lake\\packages\\Cli\\.lake\\build\\lib\\lean;C:\\lean\\mathlib4\\.lake\\packages\\batteries\\.lake\\build\\lib\\lean;C:\\lean\\mathlib4\\.lake\\packages\\Qq\\.lake\\build\\lib\\lean;C:\\lean\\mathlib4\\.lake\\packages\\aesop\\.lake\\build\\lib\\lean;C:\\lean\\mathlib4\\.lake\\packages\\proofwidgets\\.lake\\build\\lib\\lean;C:\\lean\\mathlib4\\.lake\\packages\\importGraph\\.lake\\build\\lib\\lean;C:\\lean\\mathlib4\\.lake\\packages\\LeanSearchClient\\.lake\\build\\lib\\lean;C:\\lean\\mathlib4\\.lake\\packages\\plausible\\.lake\\build\\lib\\lean;C:\\lean\\mathlib4\\.lake\\build\\lib\\lean;C:\\lean\\libs\\physlib\\.lake\\build\\lib\\lean c:\\Users\\Administrator\\.elan\\toolchains\\leanprover--lean4---v4.34.0\\bin\\lean.exe -Dwarn.sorry=false -Dweak.says.verify=true C:\\lean\\libs\\physlib\\Physlib\\Mathematics\\OneParameterSubgroups\\Basic.lean -o C:\\lean\\libs\\physlib\\.lake\\build\\lib\\lean\\Physlib\\Mathematics\\OneParameterSubgroups\\Basic.olean -i C:\\lean\\libs\\physlib\\.lake\\build\\lib\\lean\\Physlib\\Mathematics\\OneParameterSubgroups\\Basic.ilean -c C:\\lean\\libs\\physlib\\.lake\\build\\ir\\Physlib\\Mathematics\\OneParameterSubgroups\\Basic.c --setup C:\\lean\\libs\\physlib\\.lake\\build\\ir\\Physlib\\Mathematics\\OneParameterSubgroups\\Basic.setup.json --json",
   "level": "trace"}],
 "inputs":
 [["deps",
   [["Physlib/Physlib:extraDep", [["@Physlib:extraDep", "00000000000006bb"]]],
    ["imports",
     [["Mathlib.Analysis.Calculus.Deriv.Shift transitive imports (public)",
       "a9cf69bab494716e"],
      ["Mathlib.Analysis.Calculus.Deriv.Shift:importArts", "7907d3bb8d538e29"],
      ["Mathlib.Analysis.Calculus.MeanValue transitive imports (public)",
       "cfe11bb2f1b15bc3"],
      ["Mathlib.Analysis.Calculus.MeanValue:importArts", "ee6cd77bfeca6aca"],
      ["Mathlib.Analysis.SpecialFunctions.Exponential transitive imports (public)",
       "0add58aeec0a9d9f"],
      ["Mathlib.Analysis.SpecialFunctions.Exponential:importArts",
       "9e78ca6d9c55f16d"],
      ["Mathlib.MeasureTheory.Integral.IntervalIntegral.FundThmCalculus transitive imports (public)",
       "eafd3f9ec765d3cd"],
      ["Mathlib.MeasureTheory.Integral.IntervalIntegral.FundThmCalculus:importArts",
       "8df205cbe2cbf39f"]]]]],
  ["libs",
   [["import dynlibs", "00000000000006bb"],
    ["package external libraries", "00000000000006bb"],
    ["module dynlibs", "00000000000006bb"],
    ["module plugins", "00000000000006bb"]]],
  ["Lean 4.34.0, commit 293d5d0c0c3f3dded4688b3ccd6a33939ac5102b",
   "a1c6c7aa3e9abfe7"],
  ["C:\\lean\\libs\\physlib\\Physlib\\Mathematics\\OneParameterSubgroups\\Basic.lean",
   "3c1d03a992fc96ec"],
  ["options", "00000000000006bb"],
  ["isModule: true", "760fcc16989f4b9b"],
  ["Module.name: Physlib.Mathematics.OneParameterSubgroups.Basic",
   "9766c9673307cfd1"],
  ["Package.id?: (some Physlib)", "6dd4b1a3d0e46d70"],
  ["Module.leanArgs: #[-Dwarn.sorry=false, -Dweak.says.verify=true]",
   "72cd5083b9c31fb2"]],
 "depHash": "fcf96b1c7e1b107a"}