{"synthetic": false,
 "schemaVersion": "2025-09-10",
 "outputs":
 {"rs": "698ded4458f980d0.ir.sig",
  "r": "a4209a958be846e0.ir",
  "o":
  ["74492d8aca33372b.olean",
   "5bb67eb9c81c0b9b.olean.server",
   "81ae27927a1c1b7a.olean.private"],
  "m": true,
  "i": "acf02fd6d9d0ea82.ilean",
  "c": "7c8c9fa3c7e86b18.c"},
 "log":
 [{"message":
   ".> LEAN_PATH=C:\\lean\\mathlib4\\.lake\\packages\\Cli\\.lake\\build\\lib\\lean;C:\\lean\\mathlib4\\.lake\\packages\\batteries\\.lake\\build\\lib\\lean;C:\\lean\\mathlib4\\.lake\\packages\\Qq\\.lake\\build\\lib\\lean;C:\\lean\\mathlib4\\.lake\\packages\\aesop\\.lake\\build\\lib\\lean;C:\\lean\\mathlib4\\.lake\\packages\\proofwidgets\\.lake\\build\\lib\\lean;C:\\lean\\mathlib4\\.lake\\packages\\importGraph\\.lake\\build\\lib\\lean;C:\\lean\\mathlib4\\.lake\\packages\\LeanSearchClient\\.lake\\build\\lib\\lean;C:\\lean\\mathlib4\\.lake\\packages\\plausible\\.lake\\build\\lib\\lean;C:\\lean\\mathlib4\\.lake\\build\\lib\\lean;C:\\lean\\libs\\physlib\\.lake\\build\\lib\\lean c:\\Users\\Administrator\\.elan\\toolchains\\leanprover--lean4---v4.34.0\\bin\\lean.exe -Dwarn.sorry=false -Dweak.says.verify=true C:\\lean\\libs\\physlib\\Physlib\\Mathematics\\OneParameterSubgroups\\Unitary.lean -o C:\\lean\\libs\\physlib\\.lake\\build\\lib\\lean\\Physlib\\Mathematics\\OneParameterSubgroups\\Unitary.olean -i C:\\lean\\libs\\physlib\\.lake\\build\\lib\\lean\\Physlib\\Mathematics\\OneParameterSubgroups\\Unitary.ilean -c C:\\lean\\libs\\physlib\\.lake\\build\\ir\\Physlib\\Mathematics\\OneParameterSubgroups\\Unitary.c --setup C:\\lean\\libs\\physlib\\.lake\\build\\ir\\Physlib\\Mathematics\\OneParameterSubgroups\\Unitary.setup.json --json",
   "level": "trace"}],
 "inputs":
 [["deps",
   [["Physlib/Physlib:extraDep", [["@Physlib:extraDep", "00000000000006bb"]]],
    ["imports",
     [["Mathlib.Analysis.InnerProductSpace.Adjoint transitive imports (public)",
       "0b19ebba6398aac2"],
      ["Mathlib.Analysis.InnerProductSpace.Adjoint:importArts",
       "2be9a64bf10a582b"],
      ["Mathlib.Analysis.Calculus.Deriv.Star transitive imports (public)",
       "8f0e8fc27907ccd1"],
      ["Mathlib.Analysis.Calculus.Deriv.Star:importArts", "39bd5bdf00a0ab97"],
      ["Physlib.Mathematics.OneParameterSubgroups.Basic transitive imports (public)",
       "eb898d6b6d19882f"],
      ["Physlib.Mathematics.OneParameterSubgroups.Basic:importArts",
       "4cbadd387a0e8bc5"]]]]],
  ["libs",
   [["import dynlibs", "00000000000006bb"],
    ["package external libraries", "00000000000006bb"],
    ["module dynlibs", "00000000000006bb"],
    ["module plugins", "00000000000006bb"]]],
  ["Lean 4.34.0, commit 293d5d0c0c3f3dded4688b3ccd6a33939ac5102b",
   "a1c6c7aa3e9abfe7"],
  ["C:\\lean\\libs\\physlib\\Physlib\\Mathematics\\OneParameterSubgroups\\Unitary.lean",
   "e7d4628c8d091022"],
  ["options", "00000000000006bb"],
  ["isModule: true", "760fcc16989f4b9b"],
  ["Module.name: Physlib.Mathematics.OneParameterSubgroups.Unitary",
   "40f241407a3c586a"],
  ["Package.id?: (some Physlib)", "6dd4b1a3d0e46d70"],
  ["Module.leanArgs: #[-Dwarn.sorry=false, -Dweak.says.verify=true]",
   "72cd5083b9c31fb2"]],
 "depHash": "b999c58bf356b30f"}