{"synthetic": false,
 "schemaVersion": "2025-09-10",
 "outputs":
 {"rs": "59901ded3b4a14a1.ir.sig",
  "r": "6df3bc33b76e1688.ir",
  "o":
  ["156c3d94f33119ba.olean",
   "1a410d593ee82d10.olean.server",
   "75a0b2933d9da597.olean.private"],
  "m": true,
  "i": "68bf5ef9e4cdf6cc.ilean",
  "c": "a594a9d71020d302.c"},
 "log":
 [{"message":
   ".> LEAN_PATH=C:\\lean\\mathlib4\\.lake\\packages\\Cli\\.lake\\build\\lib\\lean;C:\\lean\\mathlib4\\.lake\\packages\\batteries\\.lake\\build\\lib\\lean;C:\\lean\\mathlib4\\.lake\\packages\\Qq\\.lake\\build\\lib\\lean;C:\\lean\\mathlib4\\.lake\\packages\\aesop\\.lake\\build\\lib\\lean;C:\\lean\\mathlib4\\.lake\\packages\\proofwidgets\\.lake\\build\\lib\\lean;C:\\lean\\mathlib4\\.lake\\packages\\importGraph\\.lake\\build\\lib\\lean;C:\\lean\\mathlib4\\.lake\\packages\\LeanSearchClient\\.lake\\build\\lib\\lean;C:\\lean\\mathlib4\\.lake\\packages\\plausible\\.lake\\build\\lib\\lean;C:\\lean\\mathlib4\\.lake\\build\\lib\\lean;C:\\lean\\libs\\physlib\\.lake\\build\\lib\\lean c:\\Users\\Administrator\\.elan\\toolchains\\leanprover--lean4---v4.34.0\\bin\\lean.exe -Dwarn.sorry=false -Dweak.says.verify=true C:\\lean\\libs\\physlib\\Physlib\\Mathematics\\SpecialFunctions\\PhysHermite.lean -o C:\\lean\\libs\\physlib\\.lake\\build\\lib\\lean\\Physlib\\Mathematics\\SpecialFunctions\\PhysHermite.olean -i C:\\lean\\libs\\physlib\\.lake\\build\\lib\\lean\\Physlib\\Mathematics\\SpecialFunctions\\PhysHermite.ilean -c C:\\lean\\libs\\physlib\\.lake\\build\\ir\\Physlib\\Mathematics\\SpecialFunctions\\PhysHermite.c --setup C:\\lean\\libs\\physlib\\.lake\\build\\ir\\Physlib\\Mathematics\\SpecialFunctions\\PhysHermite.setup.json --json",
   "level": "trace"}],
 "inputs":
 [["deps",
   [["Physlib/Physlib:extraDep", [["@Physlib:extraDep", "00000000000006bb"]]],
    ["imports",
     [["Mathlib.Analysis.Calculus.Deriv.Polynomial transitive imports (public)",
       "146f4b089075f702"],
      ["Mathlib.Analysis.Calculus.Deriv.Polynomial:importArts",
       "46343e6d69f25c57"],
      ["Mathlib.Analysis.Calculus.ContDiff.Polynomial transitive imports (public)",
       "4940e06dd1b45f50"],
      ["Mathlib.Analysis.Calculus.ContDiff.Polynomial:importArts",
       "4b19ce30783584dd"],
      ["Mathlib.Analysis.Distribution.TemperateGrowth transitive imports (public)",
       "1e5681b3e7cd4988"],
      ["Mathlib.Analysis.Distribution.TemperateGrowth:importArts",
       "f76ece1b366ba13f"],
      ["Mathlib.Analysis.SpecialFunctions.Gaussian.GaussianIntegral transitive imports (public)",
       "ece569ed4b097152"],
      ["Mathlib.Analysis.SpecialFunctions.Gaussian.GaussianIntegral:importArts",
       "0f956037d7978034"],
      ["Mathlib.Analysis.SpecialFunctions.Trigonometric.Series transitive imports (public)",
       "e1c945b801186b42"],
      ["Mathlib.Analysis.SpecialFunctions.Trigonometric.Series:importArts",
       "0b4624d8895e7f99"],
      ["Mathlib.Tactic.Cases transitive imports (public)", "c30ccae22c39dc0f"],
      ["Mathlib.Tactic.Cases:importArts", "6902c44e24e6e48b"],
      ["Mathlib.Topology.Algebra.Polynomial transitive imports (public)",
       "5e0310f600760687"],
      ["Mathlib.Topology.Algebra.Polynomial:importArts",
       "9ab27f4652c9bf7a"]]]]],
  ["libs",
   [["import dynlibs", "00000000000006bb"],
    ["package external libraries", "00000000000006bb"],
    ["module dynlibs", "00000000000006bb"],
    ["module plugins", "00000000000006bb"]]],
  ["Lean 4.34.0, commit 293d5d0c0c3f3dded4688b3ccd6a33939ac5102b",
   "a1c6c7aa3e9abfe7"],
  ["C:\\lean\\libs\\physlib\\Physlib\\Mathematics\\SpecialFunctions\\PhysHermite.lean",
   "def7d2a265f92e5e"],
  ["options", "00000000000006bb"],
  ["isModule: true", "760fcc16989f4b9b"],
  ["Module.name: Physlib.Mathematics.SpecialFunctions.PhysHermite",
   "d138c31648ff9594"],
  ["Package.id?: (some Physlib)", "6dd4b1a3d0e46d70"],
  ["Module.leanArgs: #[-Dwarn.sorry=false, -Dweak.says.verify=true]",
   "72cd5083b9c31fb2"]],
 "depHash": "fa2dde8fd4c62b66"}