{"synthetic": false,
 "schemaVersion": "2025-09-10",
 "outputs":
 {"rs": "915b9c4eae11daba.ir.sig",
  "r": "404c6ff3e164e2b8.ir",
  "o":
  ["e8b9855349796d41.olean",
   "b2909696e0b9ab05.olean.server",
   "3b059915e509d590.olean.private"],
  "m": true,
  "i": "84c2df024e11d407.ilean",
  "c": "a09bb0c1894642e1.c"},
 "log":
 [{"message":
   ".> LEAN_PATH=C:\\lean\\mathlib4\\.lake\\packages\\Cli\\.lake\\build\\lib\\lean;C:\\lean\\mathlib4\\.lake\\packages\\batteries\\.lake\\build\\lib\\lean;C:\\lean\\mathlib4\\.lake\\packages\\Qq\\.lake\\build\\lib\\lean;C:\\lean\\mathlib4\\.lake\\packages\\aesop\\.lake\\build\\lib\\lean;C:\\lean\\mathlib4\\.lake\\packages\\proofwidgets\\.lake\\build\\lib\\lean;C:\\lean\\mathlib4\\.lake\\packages\\importGraph\\.lake\\build\\lib\\lean;C:\\lean\\mathlib4\\.lake\\packages\\LeanSearchClient\\.lake\\build\\lib\\lean;C:\\lean\\mathlib4\\.lake\\packages\\plausible\\.lake\\build\\lib\\lean;C:\\lean\\mathlib4\\.lake\\build\\lib\\lean;C:\\lean\\libs\\physlib\\.lake\\build\\lib\\lean c:\\Users\\Administrator\\.elan\\toolchains\\leanprover--lean4---v4.34.0\\bin\\lean.exe -Dwarn.sorry=false -Dweak.says.verify=true C:\\lean\\libs\\physlib\\Physlib\\Relativity\\PauliMatrices\\AsTensor.lean -o C:\\lean\\libs\\physlib\\.lake\\build\\lib\\lean\\Physlib\\Relativity\\PauliMatrices\\AsTensor.olean -i C:\\lean\\libs\\physlib\\.lake\\build\\lib\\lean\\Physlib\\Relativity\\PauliMatrices\\AsTensor.ilean -c C:\\lean\\libs\\physlib\\.lake\\build\\ir\\Physlib\\Relativity\\PauliMatrices\\AsTensor.c --setup C:\\lean\\libs\\physlib\\.lake\\build\\ir\\Physlib\\Relativity\\PauliMatrices\\AsTensor.setup.json --json",
   "level": "trace"}],
 "inputs":
 [["deps",
   [["Physlib/Physlib:extraDep", [["@Physlib:extraDep", "00000000000006bb"]]],
    ["imports",
     [["Physlib.Relativity.Fermions.Weyl.Two transitive imports (public)",
       "e4ac3f87a9c3154b"],
      ["Physlib.Relativity.Fermions.Weyl.Two:importArts", "8d7f8853a9a9eabc"],
      ["Physlib.Relativity.Tensors.ComplexTensor.Vector.Pre.Basic transitive imports (public)",
       "b0e9d968017455a0"],
      ["Physlib.Relativity.Tensors.ComplexTensor.Vector.Pre.Basic:importArts",
       "b10a27eb71ccc6f2"]]]]],
  ["libs",
   [["import dynlibs", "00000000000006bb"],
    ["package external libraries", "00000000000006bb"],
    ["module dynlibs", "00000000000006bb"],
    ["module plugins", "00000000000006bb"]]],
  ["Lean 4.34.0, commit 293d5d0c0c3f3dded4688b3ccd6a33939ac5102b",
   "a1c6c7aa3e9abfe7"],
  ["C:\\lean\\libs\\physlib\\Physlib\\Relativity\\PauliMatrices\\AsTensor.lean",
   "fb6edf648043a388"],
  ["options", "00000000000006bb"],
  ["isModule: true", "760fcc16989f4b9b"],
  ["Module.name: Physlib.Relativity.PauliMatrices.AsTensor",
   "7cd26f3c97716a73"],
  ["Package.id?: (some Physlib)", "6dd4b1a3d0e46d70"],
  ["Module.leanArgs: #[-Dwarn.sorry=false, -Dweak.says.verify=true]",
   "72cd5083b9c31fb2"]],
 "depHash": "579f99b0ff1ae82b"}