{"synthetic": false,
 "schemaVersion": "2025-09-10",
 "outputs":
 {"rs": "a9142a0b2bc3ec6a.ir.sig",
  "r": "3823966e9e83db27.ir",
  "o":
  ["f73005077e1788cd.olean",
   "8cd14d1f428edb79.olean.server",
   "1acd0adbf6325f27.olean.private"],
  "m": true,
  "i": "09c81dbc9ee2e3a8.ilean",
  "c": "19a94fb9ae5199a2.c"},
 "log":
 [{"message":
   ".> LEAN_PATH=C:\\lean\\mathlib4\\.lake\\packages\\Cli\\.lake\\build\\lib\\lean;C:\\lean\\mathlib4\\.lake\\packages\\batteries\\.lake\\build\\lib\\lean;C:\\lean\\mathlib4\\.lake\\packages\\Qq\\.lake\\build\\lib\\lean;C:\\lean\\mathlib4\\.lake\\packages\\aesop\\.lake\\build\\lib\\lean;C:\\lean\\mathlib4\\.lake\\packages\\proofwidgets\\.lake\\build\\lib\\lean;C:\\lean\\mathlib4\\.lake\\packages\\importGraph\\.lake\\build\\lib\\lean;C:\\lean\\mathlib4\\.lake\\packages\\LeanSearchClient\\.lake\\build\\lib\\lean;C:\\lean\\mathlib4\\.lake\\packages\\plausible\\.lake\\build\\lib\\lean;C:\\lean\\mathlib4\\.lake\\build\\lib\\lean;C:\\lean\\libs\\physlib\\.lake\\build\\lib\\lean c:\\Users\\Administrator\\.elan\\toolchains\\leanprover--lean4---v4.34.0\\bin\\lean.exe -Dwarn.sorry=false -Dweak.says.verify=true C:\\lean\\libs\\physlib\\Physlib\\Relativity\\PauliMatrices\\CliffordAlgebra.lean -o C:\\lean\\libs\\physlib\\.lake\\build\\lib\\lean\\Physlib\\Relativity\\PauliMatrices\\CliffordAlgebra.olean -i C:\\lean\\libs\\physlib\\.lake\\build\\lib\\lean\\Physlib\\Relativity\\PauliMatrices\\CliffordAlgebra.ilean -c C:\\lean\\libs\\physlib\\.lake\\build\\ir\\Physlib\\Relativity\\PauliMatrices\\CliffordAlgebra.c --setup C:\\lean\\libs\\physlib\\.lake\\build\\ir\\Physlib\\Relativity\\PauliMatrices\\CliffordAlgebra.setup.json --json",
   "level": "trace"},
  {"message":
   "Physlib/Relativity/PauliMatrices/CliffordAlgebra.lean:51:43: `if_true` has been deprecated: Use `ite_true` instead",
   "level": "warning"}],
 "inputs":
 [["deps",
   [["Physlib/Physlib:extraDep", [["@Physlib:extraDep", "00000000000006bb"]]],
    ["imports",
     [["Physlib.Relativity.PauliMatrices.Basic transitive imports (public)",
       "13037d7790f597cf"],
      ["Physlib.Relativity.PauliMatrices.Basic:importArts", "4095fc499b7e7e91"],
      ["Mathlib.LinearAlgebra.CliffordAlgebra.Basic transitive imports (public)",
       "b666d09b38187cad"],
      ["Mathlib.LinearAlgebra.CliffordAlgebra.Basic:importArts",
       "694ece46230588ea"]]]]],
  ["libs",
   [["import dynlibs", "00000000000006bb"],
    ["package external libraries", "00000000000006bb"],
    ["module dynlibs", "00000000000006bb"],
    ["module plugins", "00000000000006bb"]]],
  ["Lean 4.34.0, commit 293d5d0c0c3f3dded4688b3ccd6a33939ac5102b",
   "a1c6c7aa3e9abfe7"],
  ["C:\\lean\\libs\\physlib\\Physlib\\Relativity\\PauliMatrices\\CliffordAlgebra.lean",
   "392b3dca85f5a986"],
  ["options", "00000000000006bb"],
  ["isModule: true", "760fcc16989f4b9b"],
  ["Module.name: Physlib.Relativity.PauliMatrices.CliffordAlgebra",
   "920ffd5b3aa08b6f"],
  ["Package.id?: (some Physlib)", "6dd4b1a3d0e46d70"],
  ["Module.leanArgs: #[-Dwarn.sorry=false, -Dweak.says.verify=true]",
   "72cd5083b9c31fb2"]],
 "depHash": "6a8b6b7f0942087a"}