{"synthetic": false,
 "schemaVersion": "2025-09-10",
 "outputs":
 {"rs": "01dc01a4ec429713.ir.sig",
  "r": "4bb5782e497f7729.ir",
  "o":
  ["2da4aee4970231e6.olean",
   "b86845ffcba73d09.olean.server",
   "29a2d54de54b2433.olean.private"],
  "m": true,
  "i": "05f69f18ef994149.ilean",
  "c": "ac77afa39c3ae138.c"},
 "log":
 [{"message":
   ".> LEAN_PATH=C:\\lean\\mathlib4\\.lake\\packages\\Cli\\.lake\\build\\lib\\lean;C:\\lean\\mathlib4\\.lake\\packages\\batteries\\.lake\\build\\lib\\lean;C:\\lean\\mathlib4\\.lake\\packages\\Qq\\.lake\\build\\lib\\lean;C:\\lean\\mathlib4\\.lake\\packages\\aesop\\.lake\\build\\lib\\lean;C:\\lean\\mathlib4\\.lake\\packages\\proofwidgets\\.lake\\build\\lib\\lean;C:\\lean\\mathlib4\\.lake\\packages\\importGraph\\.lake\\build\\lib\\lean;C:\\lean\\mathlib4\\.lake\\packages\\LeanSearchClient\\.lake\\build\\lib\\lean;C:\\lean\\mathlib4\\.lake\\packages\\plausible\\.lake\\build\\lib\\lean;C:\\lean\\mathlib4\\.lake\\build\\lib\\lean;C:\\lean\\libs\\physlib\\.lake\\build\\lib\\lean c:\\Users\\Administrator\\.elan\\toolchains\\leanprover--lean4---v4.34.0\\bin\\lean.exe -Dwarn.sorry=false -Dweak.says.verify=true C:\\lean\\libs\\physlib\\Physlib\\Relativity\\PauliMatrices\\Relations.lean -o C:\\lean\\libs\\physlib\\.lake\\build\\lib\\lean\\Physlib\\Relativity\\PauliMatrices\\Relations.olean -i C:\\lean\\libs\\physlib\\.lake\\build\\lib\\lean\\Physlib\\Relativity\\PauliMatrices\\Relations.ilean -c C:\\lean\\libs\\physlib\\.lake\\build\\ir\\Physlib\\Relativity\\PauliMatrices\\Relations.c --setup C:\\lean\\libs\\physlib\\.lake\\build\\ir\\Physlib\\Relativity\\PauliMatrices\\Relations.setup.json --json",
   "level": "trace"}],
 "inputs":
 [["deps",
   [["Physlib/Physlib:extraDep", [["@Physlib:extraDep", "00000000000006bb"]]],
    ["imports",
     [["Physlib.Relativity.PauliMatrices.ToTensor transitive imports (public)",
       "f80361c2659d3cdb"],
      ["Physlib.Relativity.PauliMatrices.ToTensor:importArts",
       "21f844f1180bc20e"],
      ["Physlib.Relativity.Tensors.ComplexTensor.Units.Basic transitive imports (public)",
       "7be2c6e0718b7749"],
      ["Physlib.Relativity.Tensors.ComplexTensor.Units.Basic:importArts",
       "03c467285b929cdf"],
      ["Physlib.Relativity.Tensors.LeviCivita.Complex transitive imports (public)",
       "287afbc04f203eb6"],
      ["Physlib.Relativity.Tensors.LeviCivita.Complex:importArts",
       "552dbd3c1d78fcfc"]]]]],
  ["libs",
   [["import dynlibs", "00000000000006bb"],
    ["package external libraries", "00000000000006bb"],
    ["module dynlibs", "00000000000006bb"],
    ["module plugins", "00000000000006bb"]]],
  ["Lean 4.34.0, commit 293d5d0c0c3f3dded4688b3ccd6a33939ac5102b",
   "a1c6c7aa3e9abfe7"],
  ["C:\\lean\\libs\\physlib\\Physlib\\Relativity\\PauliMatrices\\Relations.lean",
   "54492ee3ecf14847"],
  ["options", "00000000000006bb"],
  ["isModule: true", "760fcc16989f4b9b"],
  ["Module.name: Physlib.Relativity.PauliMatrices.Relations",
   "6939047473f17281"],
  ["Package.id?: (some Physlib)", "6dd4b1a3d0e46d70"],
  ["Module.leanArgs: #[-Dwarn.sorry=false, -Dweak.says.verify=true]",
   "72cd5083b9c31fb2"]],
 "depHash": "daef7a035b9329a6"}