{"synthetic": false,
 "schemaVersion": "2025-09-10",
 "outputs":
 {"rs": "2b6c27276d0a5155.ir.sig",
  "r": "078b0cc4bcdcf49b.ir",
  "o":
  ["2ee9458ff6f4dd9b.olean",
   "0bf585f3c8c68d1f.olean.server",
   "04f1b22ea7734987.olean.private"],
  "m": true,
  "i": "35976d1cfb79ecc5.ilean",
  "c": "6f8b198c6c30b8af.c"},
 "log":
 [{"message":
   ".> LEAN_PATH=C:\\lean\\mathlib4\\.lake\\packages\\Cli\\.lake\\build\\lib\\lean;C:\\lean\\mathlib4\\.lake\\packages\\batteries\\.lake\\build\\lib\\lean;C:\\lean\\mathlib4\\.lake\\packages\\Qq\\.lake\\build\\lib\\lean;C:\\lean\\mathlib4\\.lake\\packages\\aesop\\.lake\\build\\lib\\lean;C:\\lean\\mathlib4\\.lake\\packages\\proofwidgets\\.lake\\build\\lib\\lean;C:\\lean\\mathlib4\\.lake\\packages\\importGraph\\.lake\\build\\lib\\lean;C:\\lean\\mathlib4\\.lake\\packages\\LeanSearchClient\\.lake\\build\\lib\\lean;C:\\lean\\mathlib4\\.lake\\packages\\plausible\\.lake\\build\\lib\\lean;C:\\lean\\mathlib4\\.lake\\build\\lib\\lean;C:\\lean\\libs\\physlib\\.lake\\build\\lib\\lean c:\\Users\\Administrator\\.elan\\toolchains\\leanprover--lean4---v4.34.0\\bin\\lean.exe -Dwarn.sorry=false -Dweak.says.verify=true C:\\lean\\libs\\physlib\\Physlib\\Relativity\\PauliMatrices\\SelfAdjoint.lean -o C:\\lean\\libs\\physlib\\.lake\\build\\lib\\lean\\Physlib\\Relativity\\PauliMatrices\\SelfAdjoint.olean -i C:\\lean\\libs\\physlib\\.lake\\build\\lib\\lean\\Physlib\\Relativity\\PauliMatrices\\SelfAdjoint.ilean -c C:\\lean\\libs\\physlib\\.lake\\build\\ir\\Physlib\\Relativity\\PauliMatrices\\SelfAdjoint.c --setup C:\\lean\\libs\\physlib\\.lake\\build\\ir\\Physlib\\Relativity\\PauliMatrices\\SelfAdjoint.setup.json --json",
   "level": "trace"}],
 "inputs":
 [["deps",
   [["Physlib/Physlib:extraDep", [["@Physlib:extraDep", "00000000000006bb"]]],
    ["imports",
     [["Physlib.Relativity.PauliMatrices.Basic transitive imports (public)",
       "13037d7790f597cf"],
      ["Physlib.Relativity.PauliMatrices.Basic:importArts", "4095fc499b7e7e91"],
      ["Physlib.Relativity.MinkowskiMatrix transitive imports (public)",
       "135e0955ad8184ce"],
      ["Physlib.Relativity.MinkowskiMatrix:importArts", "876166ba783383e9"],
      ["Mathlib.Analysis.CStarAlgebra.Matrix transitive imports (public)",
       "b0f7bae694d0ce34"],
      ["Mathlib.Analysis.CStarAlgebra.Matrix:importArts",
       "8a9004c31b4af428"]]]]],
  ["libs",
   [["import dynlibs", "00000000000006bb"],
    ["package external libraries", "00000000000006bb"],
    ["module dynlibs", "00000000000006bb"],
    ["module plugins", "00000000000006bb"]]],
  ["Lean 4.34.0, commit 293d5d0c0c3f3dded4688b3ccd6a33939ac5102b",
   "a1c6c7aa3e9abfe7"],
  ["C:\\lean\\libs\\physlib\\Physlib\\Relativity\\PauliMatrices\\SelfAdjoint.lean",
   "07835af7ca310a47"],
  ["options", "00000000000006bb"],
  ["isModule: true", "760fcc16989f4b9b"],
  ["Module.name: Physlib.Relativity.PauliMatrices.SelfAdjoint",
   "6903554467ae60c8"],
  ["Package.id?: (some Physlib)", "6dd4b1a3d0e46d70"],
  ["Module.leanArgs: #[-Dwarn.sorry=false, -Dweak.says.verify=true]",
   "72cd5083b9c31fb2"]],
 "depHash": "f570008dfabbebb0"}