{"synthetic": false,
 "schemaVersion": "2025-09-10",
 "outputs":
 {"rs": "1bfb530fe818f3b1.ir.sig",
  "r": "ef1af0f0162eaf61.ir",
  "o":
  ["9f39e0d0d9ea6f51.olean",
   "1f71f5c6be11c959.olean.server",
   "cee942eb2cedc413.olean.private"],
  "m": true,
  "i": "0d4dc9e01c6974cf.ilean",
  "c": "8541f80305c6f328.c"},
 "log":
 [{"message":
   ".> LEAN_PATH=C:\\lean\\mathlib4\\.lake\\packages\\Cli\\.lake\\build\\lib\\lean;C:\\lean\\mathlib4\\.lake\\packages\\batteries\\.lake\\build\\lib\\lean;C:\\lean\\mathlib4\\.lake\\packages\\Qq\\.lake\\build\\lib\\lean;C:\\lean\\mathlib4\\.lake\\packages\\aesop\\.lake\\build\\lib\\lean;C:\\lean\\mathlib4\\.lake\\packages\\proofwidgets\\.lake\\build\\lib\\lean;C:\\lean\\mathlib4\\.lake\\packages\\importGraph\\.lake\\build\\lib\\lean;C:\\lean\\mathlib4\\.lake\\packages\\LeanSearchClient\\.lake\\build\\lib\\lean;C:\\lean\\mathlib4\\.lake\\packages\\plausible\\.lake\\build\\lib\\lean;C:\\lean\\mathlib4\\.lake\\build\\lib\\lean;C:\\lean\\libs\\physlib\\.lake\\build\\lib\\lean c:\\Users\\Administrator\\.elan\\toolchains\\leanprover--lean4---v4.34.0-rc1\\bin\\lean.exe -Dwarn.sorry=false -Dweak.says.verify=true C:\\lean\\libs\\physlib\\Physlib\\Relativity\\PauliMatrices\\ToTensor.lean -o C:\\lean\\libs\\physlib\\.lake\\build\\lib\\lean\\Physlib\\Relativity\\PauliMatrices\\ToTensor.olean -i C:\\lean\\libs\\physlib\\.lake\\build\\lib\\lean\\Physlib\\Relativity\\PauliMatrices\\ToTensor.ilean -c C:\\lean\\libs\\physlib\\.lake\\build\\ir\\Physlib\\Relativity\\PauliMatrices\\ToTensor.c --setup C:\\lean\\libs\\physlib\\.lake\\build\\ir\\Physlib\\Relativity\\PauliMatrices\\ToTensor.setup.json --json",
   "level": "trace"}],
 "inputs":
 [["deps",
   [["Physlib/Physlib:extraDep", [["@Physlib:extraDep", "00000000000006bb"]]],
    ["imports",
     [["Physlib.Relativity.Tensors.ComplexTensor.Metrics.Basic transitive imports (public)",
       "db1bf7df4490bb77"],
      ["Physlib.Relativity.Tensors.ComplexTensor.Metrics.Basic:importArts",
       "351aeb6bd2d1ed2c"],
      ["Physlib.Relativity.PauliMatrices.AsTensor transitive imports (public)",
       "cf8881decdcb5fa9"],
      ["Physlib.Relativity.PauliMatrices.AsTensor:importArts",
       "03ca62255618098c"],
      ["Physlib.Relativity.Tensors.ComplexTensor.Metrics.Basic transitive imports (public)",
       "db1bf7df4490bb77"],
      ["Physlib.Relativity.Tensors.ComplexTensor.Metrics.Basic:importArts",
       "351aeb6bd2d1ed2c"]]]]],
  ["libs",
   [["import dynlibs", "00000000000006bb"],
    ["package external libraries", "00000000000006bb"],
    ["module dynlibs", "00000000000006bb"],
    ["module plugins", "00000000000006bb"]]],
  ["Lean 4.34.0, commit 3447a668783dbce1a8fdb97101dd067687b2b418",
   "421484e3e0c70198"],
  ["C:\\lean\\libs\\physlib\\Physlib\\Relativity\\PauliMatrices\\ToTensor.lean",
   "04633e8c5caee501"],
  ["options", "00000000000006bb"],
  ["isModule: true", "760fcc16989f4b9b"],
  ["Module.name: Physlib.Relativity.PauliMatrices.ToTensor",
   "39b8d4d0ed539191"],
  ["Package.id?: (some Physlib)", "6dd4b1a3d0e46d70"],
  ["Module.leanArgs: #[-Dwarn.sorry=false, -Dweak.says.verify=true]",
   "72cd5083b9c31fb2"]],
 "depHash": "b569d8c144572989"}