{"synthetic": false,
 "schemaVersion": "2025-09-10",
 "outputs":
 {"rs": "058c5fb4fcccc253.ir.sig",
  "r": "1fb6da15f98c40cf.ir",
  "o":
  ["a23af1ebf3db6759.olean",
   "fd040661d17f8a15.olean.server",
   "7122cb950562f0a4.olean.private"],
  "m": true,
  "i": "5cc4255f671270e4.ilean",
  "c": "96c790bc1e1db447.c"},
 "log":
 [{"message":
   ".> LEAN_PATH=C:\\lean\\mathlib4\\.lake\\packages\\Cli\\.lake\\build\\lib\\lean;C:\\lean\\mathlib4\\.lake\\packages\\batteries\\.lake\\build\\lib\\lean;C:\\lean\\mathlib4\\.lake\\packages\\Qq\\.lake\\build\\lib\\lean;C:\\lean\\mathlib4\\.lake\\packages\\aesop\\.lake\\build\\lib\\lean;C:\\lean\\mathlib4\\.lake\\packages\\proofwidgets\\.lake\\build\\lib\\lean;C:\\lean\\mathlib4\\.lake\\packages\\importGraph\\.lake\\build\\lib\\lean;C:\\lean\\mathlib4\\.lake\\packages\\LeanSearchClient\\.lake\\build\\lib\\lean;C:\\lean\\mathlib4\\.lake\\packages\\plausible\\.lake\\build\\lib\\lean;C:\\lean\\mathlib4\\.lake\\build\\lib\\lean;C:\\lean\\libs\\physlib\\.lake\\build\\lib\\lean c:\\Users\\Administrator\\.elan\\toolchains\\leanprover--lean4---v4.34.0\\bin\\lean.exe -Dwarn.sorry=false -Dweak.says.verify=true C:\\lean\\libs\\physlib\\Physlib\\Mathematics\\Geometry\\Metric\\PseudoRiemannian\\Defs.lean -o C:\\lean\\libs\\physlib\\.lake\\build\\lib\\lean\\Physlib\\Mathematics\\Geometry\\Metric\\PseudoRiemannian\\Defs.olean -i C:\\lean\\libs\\physlib\\.lake\\build\\lib\\lean\\Physlib\\Mathematics\\Geometry\\Metric\\PseudoRiemannian\\Defs.ilean -c C:\\lean\\libs\\physlib\\.lake\\build\\ir\\Physlib\\Mathematics\\Geometry\\Metric\\PseudoRiemannian\\Defs.c --setup C:\\lean\\libs\\physlib\\.lake\\build\\ir\\Physlib\\Mathematics\\Geometry\\Metric\\PseudoRiemannian\\Defs.setup.json --json",
   "level": "trace"}],
 "inputs":
 [["deps",
   [["Physlib/Physlib:extraDep", [["@Physlib:extraDep", "00000000000006bb"]]],
    ["imports",
     [["Mathlib.Analysis.InnerProductSpace.Basic transitive imports (public)",
       "1f9638cf31b8ba42"],
      ["Mathlib.Analysis.InnerProductSpace.Basic:importArts",
       "fe32a1eddbaf33a7"],
      ["Mathlib.Geometry.Manifold.MFDeriv.Defs transitive imports (public)",
       "9241877db914ebb3"],
      ["Mathlib.Geometry.Manifold.MFDeriv.Defs:importArts", "bf6514008f6546ce"],
      ["Mathlib.LinearAlgebra.BilinearForm.Properties transitive imports (public)",
       "0989d17139e3d217"],
      ["Mathlib.LinearAlgebra.BilinearForm.Properties:importArts",
       "96bfa5ec6b6583ac"],
      ["Mathlib.LinearAlgebra.QuadraticForm.Real transitive imports (public)",
       "656c0254b50b87c4"],
      ["Mathlib.LinearAlgebra.QuadraticForm.Real:importArts",
       "f490b757ab264120"],
      ["Mathlib.Topology.LocallyConstant.Basic transitive imports (public)",
       "69b01afc1051923f"],
      ["Mathlib.Topology.LocallyConstant.Basic:importArts",
       "6378b6c405411b40"]]]]],
  ["libs",
   [["import dynlibs", "00000000000006bb"],
    ["package external libraries", "00000000000006bb"],
    ["module dynlibs", "00000000000006bb"],
    ["module plugins", "00000000000006bb"]]],
  ["Lean 4.34.0, commit 293d5d0c0c3f3dded4688b3ccd6a33939ac5102b",
   "a1c6c7aa3e9abfe7"],
  ["C:\\lean\\libs\\physlib\\Physlib\\Mathematics\\Geometry\\Metric\\PseudoRiemannian\\Defs.lean",
   "838d171092288424"],
  ["options", "00000000000006bb"],
  ["isModule: true", "760fcc16989f4b9b"],
  ["Module.name: Physlib.Mathematics.Geometry.Metric.PseudoRiemannian.Defs",
   "13991a7ea60eb820"],
  ["Package.id?: (some Physlib)", "6dd4b1a3d0e46d70"],
  ["Module.leanArgs: #[-Dwarn.sorry=false, -Dweak.says.verify=true]",
   "72cd5083b9c31fb2"]],
 "depHash": "723927c64e947e1b"}