{"synthetic": false,
 "schemaVersion": "2025-09-10",
 "outputs":
 {"rs": "29e6095a9099b1bc.ir.sig",
  "r": "60a7d5157c78f0d9.ir",
  "o":
  ["044d25114fad63eb.olean",
   "1799da321058e356.olean.server",
   "f09f4548c7dafbdb.olean.private"],
  "m": true,
  "i": "56cc533f9025331c.ilean",
  "c": "43ccad5c11280daa.c"},
 "log":
 [{"message":
   ".> LEAN_PATH=C:\\lean\\mathlib4\\.lake\\packages\\Cli\\.lake\\build\\lib\\lean;C:\\lean\\mathlib4\\.lake\\packages\\batteries\\.lake\\build\\lib\\lean;C:\\lean\\mathlib4\\.lake\\packages\\Qq\\.lake\\build\\lib\\lean;C:\\lean\\mathlib4\\.lake\\packages\\aesop\\.lake\\build\\lib\\lean;C:\\lean\\mathlib4\\.lake\\packages\\proofwidgets\\.lake\\build\\lib\\lean;C:\\lean\\mathlib4\\.lake\\packages\\importGraph\\.lake\\build\\lib\\lean;C:\\lean\\mathlib4\\.lake\\packages\\LeanSearchClient\\.lake\\build\\lib\\lean;C:\\lean\\mathlib4\\.lake\\packages\\plausible\\.lake\\build\\lib\\lean;C:\\lean\\mathlib4\\.lake\\build\\lib\\lean;C:\\lean\\libs\\physlib\\.lake\\build\\lib\\lean c:\\Users\\Administrator\\.elan\\toolchains\\leanprover--lean4---v4.34.0\\bin\\lean.exe -Dwarn.sorry=false -Dweak.says.verify=true C:\\lean\\libs\\physlib\\Physlib\\StatisticalMechanics\\MicroCanonicalEnsemble\\Basic.lean -o C:\\lean\\libs\\physlib\\.lake\\build\\lib\\lean\\Physlib\\StatisticalMechanics\\MicroCanonicalEnsemble\\Basic.olean -i C:\\lean\\libs\\physlib\\.lake\\build\\lib\\lean\\Physlib\\StatisticalMechanics\\MicroCanonicalEnsemble\\Basic.ilean -c C:\\lean\\libs\\physlib\\.lake\\build\\ir\\Physlib\\StatisticalMechanics\\MicroCanonicalEnsemble\\Basic.c --setup C:\\lean\\libs\\physlib\\.lake\\build\\ir\\Physlib\\StatisticalMechanics\\MicroCanonicalEnsemble\\Basic.setup.json --json",
   "level": "trace"}],
 "inputs":
 [["deps",
   [["Physlib/Physlib:extraDep", [["@Physlib:extraDep", "00000000000006bb"]]],
    ["imports",
     [["Mathlib.MeasureTheory.Constructions.Pi transitive imports (public)",
       "468c233f07df7786"],
      ["Mathlib.MeasureTheory.Constructions.Pi:importArts", "64b190420ac91e23"],
      ["Mathlib.MeasureTheory.Constructions.BorelSpace.WithTop transitive imports (public)",
       "10321c598de208eb"],
      ["Mathlib.MeasureTheory.Constructions.BorelSpace.WithTop:importArts",
       "96255a5cea626277"],
      ["Physlib.Meta.Sorry transitive imports (public)", "7ea9df3b2277f642"],
      ["Physlib.Meta.Sorry:importArts", "bedf3896b96d91ae"]]]]],
  ["libs",
   [["import dynlibs", "00000000000006bb"],
    ["package external libraries", "00000000000006bb"],
    ["module dynlibs", "00000000000006bb"],
    ["module plugins", "00000000000006bb"]]],
  ["Lean 4.34.0, commit 293d5d0c0c3f3dded4688b3ccd6a33939ac5102b",
   "a1c6c7aa3e9abfe7"],
  ["C:\\lean\\libs\\physlib\\Physlib\\StatisticalMechanics\\MicroCanonicalEnsemble\\Basic.lean",
   "16e2165288b51ef6"],
  ["options", "00000000000006bb"],
  ["isModule: true", "760fcc16989f4b9b"],
  ["Module.name: Physlib.StatisticalMechanics.MicroCanonicalEnsemble.Basic",
   "261bdbe6de2febe4"],
  ["Package.id?: (some Physlib)", "6dd4b1a3d0e46d70"],
  ["Module.leanArgs: #[-Dwarn.sorry=false, -Dweak.says.verify=true]",
   "72cd5083b9c31fb2"]],
 "depHash": "d4ba06eecc1236d9"}