{"synthetic": false,
 "schemaVersion": "2025-09-10",
 "outputs":
 {"rs": "8bcf6e0ef31f0e34.ir.sig",
  "r": "e3954f54bdcc1640.ir",
  "o":
  ["fd3cdb03cf4a66e4.olean",
   "8a299404ec6a6076.olean.server",
   "90be2506b4d01a2d.olean.private"],
  "m": true,
  "i": "dacefec362a7af16.ilean",
  "c": "e9b96ef127a3cd6a.c"},
 "log":
 [{"message":
   ".> LEAN_PATH=C:\\lean\\mathlib4\\.lake\\packages\\Cli\\.lake\\build\\lib\\lean;C:\\lean\\mathlib4\\.lake\\packages\\batteries\\.lake\\build\\lib\\lean;C:\\lean\\mathlib4\\.lake\\packages\\Qq\\.lake\\build\\lib\\lean;C:\\lean\\mathlib4\\.lake\\packages\\aesop\\.lake\\build\\lib\\lean;C:\\lean\\mathlib4\\.lake\\packages\\proofwidgets\\.lake\\build\\lib\\lean;C:\\lean\\mathlib4\\.lake\\packages\\importGraph\\.lake\\build\\lib\\lean;C:\\lean\\mathlib4\\.lake\\packages\\LeanSearchClient\\.lake\\build\\lib\\lean;C:\\lean\\mathlib4\\.lake\\packages\\plausible\\.lake\\build\\lib\\lean;C:\\lean\\mathlib4\\.lake\\build\\lib\\lean;C:\\lean\\libs\\physlib\\.lake\\build\\lib\\lean c:\\Users\\Administrator\\.elan\\toolchains\\leanprover--lean4---v4.34.0-rc1\\bin\\lean.exe -Dwarn.sorry=false -Dweak.says.verify=true C:\\lean\\libs\\physlib\\Physlib\\StatisticalMechanics\\MicroCanonicalEnsemble\\IdealGas.lean -o C:\\lean\\libs\\physlib\\.lake\\build\\lib\\lean\\Physlib\\StatisticalMechanics\\MicroCanonicalEnsemble\\IdealGas.olean -i C:\\lean\\libs\\physlib\\.lake\\build\\lib\\lean\\Physlib\\StatisticalMechanics\\MicroCanonicalEnsemble\\IdealGas.ilean -c C:\\lean\\libs\\physlib\\.lake\\build\\ir\\Physlib\\StatisticalMechanics\\MicroCanonicalEnsemble\\IdealGas.c --setup C:\\lean\\libs\\physlib\\.lake\\build\\ir\\Physlib\\StatisticalMechanics\\MicroCanonicalEnsemble\\IdealGas.setup.json --json",
   "level": "trace"}],
 "inputs":
 [["deps",
   [["Physlib/Physlib:extraDep", [["@Physlib:extraDep", "00000000000006bb"]]],
    ["imports",
     [["Physlib.StatisticalMechanics.MicroCanonicalEnsemble.ThermoQuantities transitive imports (public)",
       "a405f3d28d32114a"],
      ["Physlib.StatisticalMechanics.MicroCanonicalEnsemble.ThermoQuantities:importArts",
       "7b086be9fbe3f57f"],
      ["Mathlib.Analysis.SpecialFunctions.Gaussian.FourierTransform transitive imports (public)",
       "22a2ae8bf5cd887b"],
      ["Mathlib.Analysis.SpecialFunctions.Gaussian.FourierTransform:importArts",
       "fe3d4b13a0dfc8ca"]]]]],
  ["libs",
   [["import dynlibs", "00000000000006bb"],
    ["package external libraries", "00000000000006bb"],
    ["module dynlibs", "00000000000006bb"],
    ["module plugins", "00000000000006bb"]]],
  ["Lean 4.34.0, commit 3447a668783dbce1a8fdb97101dd067687b2b418",
   "421484e3e0c70198"],
  ["C:\\lean\\libs\\physlib\\Physlib\\StatisticalMechanics\\MicroCanonicalEnsemble\\IdealGas.lean",
   "fb3221d76f8ad4ec"],
  ["options", "00000000000006bb"],
  ["isModule: true", "760fcc16989f4b9b"],
  ["Module.name: Physlib.StatisticalMechanics.MicroCanonicalEnsemble.IdealGas",
   "68af40a1d29fa7f7"],
  ["Package.id?: (some Physlib)", "6dd4b1a3d0e46d70"],
  ["Module.leanArgs: #[-Dwarn.sorry=false, -Dweak.says.verify=true]",
   "72cd5083b9c31fb2"]],
 "depHash": "b5ec327714d9f264"}