{"synthetic": false,
 "schemaVersion": "2025-09-10",
 "outputs":
 {"rs": "843320d63bac0f47.ir.sig",
  "r": "ed8afa2342e12572.ir",
  "o":
  ["9418cf793850115d.olean",
   "0a8632cb891f2b9f.olean.server",
   "a12c9b8ba16bb612.olean.private"],
  "m": true,
  "i": "110a90ddea02b59e.ilean",
  "c": "4e536aecd8f46d8f.c"},
 "log":
 [{"message":
   ".> LEAN_PATH=C:\\lean\\mathlib4\\.lake\\packages\\Cli\\.lake\\build\\lib\\lean;C:\\lean\\mathlib4\\.lake\\packages\\batteries\\.lake\\build\\lib\\lean;C:\\lean\\mathlib4\\.lake\\packages\\Qq\\.lake\\build\\lib\\lean;C:\\lean\\mathlib4\\.lake\\packages\\aesop\\.lake\\build\\lib\\lean;C:\\lean\\mathlib4\\.lake\\packages\\proofwidgets\\.lake\\build\\lib\\lean;C:\\lean\\mathlib4\\.lake\\packages\\importGraph\\.lake\\build\\lib\\lean;C:\\lean\\mathlib4\\.lake\\packages\\LeanSearchClient\\.lake\\build\\lib\\lean;C:\\lean\\mathlib4\\.lake\\packages\\plausible\\.lake\\build\\lib\\lean;C:\\lean\\mathlib4\\.lake\\build\\lib\\lean;C:\\lean\\libs\\physlib\\.lake\\build\\lib\\lean c:\\Users\\Administrator\\.elan\\toolchains\\leanprover--lean4---v4.34.0\\bin\\lean.exe -Dwarn.sorry=false -Dweak.says.verify=true C:\\lean\\libs\\physlib\\Physlib\\StatisticalMechanics\\MicroCanonicalEnsemble\\ThermoQuantities.lean -o C:\\lean\\libs\\physlib\\.lake\\build\\lib\\lean\\Physlib\\StatisticalMechanics\\MicroCanonicalEnsemble\\ThermoQuantities.olean -i C:\\lean\\libs\\physlib\\.lake\\build\\lib\\lean\\Physlib\\StatisticalMechanics\\MicroCanonicalEnsemble\\ThermoQuantities.ilean -c C:\\lean\\libs\\physlib\\.lake\\build\\ir\\Physlib\\StatisticalMechanics\\MicroCanonicalEnsemble\\ThermoQuantities.c --setup C:\\lean\\libs\\physlib\\.lake\\build\\ir\\Physlib\\StatisticalMechanics\\MicroCanonicalEnsemble\\ThermoQuantities.setup.json --json",
   "level": "trace"}],
 "inputs":
 [["deps",
   [["Physlib/Physlib:extraDep", [["@Physlib:extraDep", "00000000000006bb"]]],
    ["imports",
     [["Physlib.StatisticalMechanics.MicroCanonicalEnsemble.Basic transitive imports (public)",
       "458e05efe37dc040"],
      ["Physlib.StatisticalMechanics.MicroCanonicalEnsemble.Basic:importArts",
       "42a8ec9f405bc49c"],
      ["QuantumInfo.ForMathlib.ComplexLaplaceTransform transitive imports (public)",
       "cce15d9d33ec29ee"],
      ["QuantumInfo.ForMathlib.ComplexLaplaceTransform:importArts",
       "f5d02cb371fde13e"]]]]],
  ["libs",
   [["import dynlibs", "00000000000006bb"],
    ["package external libraries", "00000000000006bb"],
    ["module dynlibs", "00000000000006bb"],
    ["module plugins", "00000000000006bb"]]],
  ["Lean 4.34.0, commit 293d5d0c0c3f3dded4688b3ccd6a33939ac5102b",
   "a1c6c7aa3e9abfe7"],
  ["C:\\lean\\libs\\physlib\\Physlib\\StatisticalMechanics\\MicroCanonicalEnsemble\\ThermoQuantities.lean",
   "cb6e99ff2383af48"],
  ["options", "00000000000006bb"],
  ["isModule: true", "760fcc16989f4b9b"],
  ["Module.name: Physlib.StatisticalMechanics.MicroCanonicalEnsemble.ThermoQuantities",
   "8987d439be54f82f"],
  ["Package.id?: (some Physlib)", "6dd4b1a3d0e46d70"],
  ["Module.leanArgs: #[-Dwarn.sorry=false, -Dweak.says.verify=true]",
   "72cd5083b9c31fb2"]],
 "depHash": "fea9b2a46bc1f6b2"}