{"synthetic": false,
 "schemaVersion": "2025-09-10",
 "outputs":
 {"rs": "301fd65b395041a5.ir.sig",
  "r": "48ca20a10b48ac45.ir",
  "o":
  ["e4948cd13ac174c3.olean",
   "a0180ca6d93bbcd0.olean.server",
   "5dba1cae9a34f322.olean.private"],
  "m": true,
  "i": "4398d488d1d1ce85.ilean",
  "c": "c92f2de4031ffcf7.c"},
 "log":
 [{"message":
   ".> LEAN_PATH=C:\\lean\\mathlib4\\.lake\\packages\\Cli\\.lake\\build\\lib\\lean;C:\\lean\\mathlib4\\.lake\\packages\\batteries\\.lake\\build\\lib\\lean;C:\\lean\\mathlib4\\.lake\\packages\\Qq\\.lake\\build\\lib\\lean;C:\\lean\\mathlib4\\.lake\\packages\\aesop\\.lake\\build\\lib\\lean;C:\\lean\\mathlib4\\.lake\\packages\\proofwidgets\\.lake\\build\\lib\\lean;C:\\lean\\mathlib4\\.lake\\packages\\importGraph\\.lake\\build\\lib\\lean;C:\\lean\\mathlib4\\.lake\\packages\\LeanSearchClient\\.lake\\build\\lib\\lean;C:\\lean\\mathlib4\\.lake\\packages\\plausible\\.lake\\build\\lib\\lean;C:\\lean\\mathlib4\\.lake\\build\\lib\\lean;C:\\lean\\libs\\physlib\\.lake\\build\\lib\\lean c:\\Users\\Administrator\\.elan\\toolchains\\leanprover--lean4---v4.34.0\\bin\\lean.exe -Dwarn.sorry=false -Dweak.says.verify=true C:\\lean\\libs\\physlib\\Physlib\\Meta\\Linters\\DefsWithUnderscore.lean -o C:\\lean\\libs\\physlib\\.lake\\build\\lib\\lean\\Physlib\\Meta\\Linters\\DefsWithUnderscore.olean -i C:\\lean\\libs\\physlib\\.lake\\build\\lib\\lean\\Physlib\\Meta\\Linters\\DefsWithUnderscore.ilean -c C:\\lean\\libs\\physlib\\.lake\\build\\ir\\Physlib\\Meta\\Linters\\DefsWithUnderscore.c --setup C:\\lean\\libs\\physlib\\.lake\\build\\ir\\Physlib\\Meta\\Linters\\DefsWithUnderscore.setup.json --json",
   "level": "trace"}],
 "inputs":
 [["deps",
   [["Physlib/Physlib:extraDep", [["@Physlib:extraDep", "00000000000006bb"]]],
    ["imports",
     [["Physlib.Meta.Informal.Basic transitive imports (public)",
       "00000000000006bb"],
      ["Physlib.Meta.Informal.Basic:importArts", "07c6e10b858a538e"],
      ["Batteries.Tactic.Lint transitive imports (meta)", "190e2eca1e73e328"],
      ["Batteries.Tactic.Lint:importArts (meta)", "a96c04647bf4aeec"]]]]],
  ["libs",
   [["import dynlibs", "00000000000006bb"],
    ["package external libraries", "00000000000006bb"],
    ["module dynlibs", "00000000000006bb"],
    ["module plugins", "00000000000006bb"]]],
  ["Lean 4.34.0, commit 293d5d0c0c3f3dded4688b3ccd6a33939ac5102b",
   "a1c6c7aa3e9abfe7"],
  ["C:\\lean\\libs\\physlib\\Physlib\\Meta\\Linters\\DefsWithUnderscore.lean",
   "a08b6bb082a8299d"],
  ["options", "00000000000006bb"],
  ["isModule: true", "760fcc16989f4b9b"],
  ["Module.name: Physlib.Meta.Linters.DefsWithUnderscore", "e7d26747eb4bf651"],
  ["Package.id?: (some Physlib)", "6dd4b1a3d0e46d70"],
  ["Module.leanArgs: #[-Dwarn.sorry=false, -Dweak.says.verify=true]",
   "72cd5083b9c31fb2"]],
 "depHash": "3f73b3e3cc0ce04b"}