{"synthetic": false,
 "schemaVersion": "2025-09-10",
 "outputs":
 {"rs": "a87f06c88207178f.ir.sig",
  "r": "14aa63d366f98cef.ir",
  "o":
  ["8fbff88bc0ecd910.olean",
   "13d517a00a2f18d0.olean.server",
   "f7f825cf5e5dec8e.olean.private"],
  "m": true,
  "i": "2248f173c6b52741.ilean",
  "c": "7bbc8b37541fe7de.c"},
 "log":
 [{"message":
   ".> LEAN_PATH=C:\\lean\\mathlib4\\.lake\\packages\\Cli\\.lake\\build\\lib\\lean;C:\\lean\\mathlib4\\.lake\\packages\\batteries\\.lake\\build\\lib\\lean;C:\\lean\\mathlib4\\.lake\\packages\\Qq\\.lake\\build\\lib\\lean;C:\\lean\\mathlib4\\.lake\\packages\\aesop\\.lake\\build\\lib\\lean;C:\\lean\\mathlib4\\.lake\\packages\\proofwidgets\\.lake\\build\\lib\\lean;C:\\lean\\mathlib4\\.lake\\packages\\importGraph\\.lake\\build\\lib\\lean;C:\\lean\\mathlib4\\.lake\\packages\\LeanSearchClient\\.lake\\build\\lib\\lean;C:\\lean\\mathlib4\\.lake\\packages\\plausible\\.lake\\build\\lib\\lean;C:\\lean\\mathlib4\\.lake\\build\\lib\\lean;C:\\lean\\libs\\physlib\\.lake\\build\\lib\\lean c:\\Users\\Administrator\\.elan\\toolchains\\leanprover--lean4---v4.34.0\\bin\\lean.exe -Dwarn.sorry=false -Dweak.says.verify=true C:\\lean\\libs\\physlib\\Physlib\\SpaceAndTime\\TimeAndSpace\\EuclideanGroup\\Action.lean -o C:\\lean\\libs\\physlib\\.lake\\build\\lib\\lean\\Physlib\\SpaceAndTime\\TimeAndSpace\\EuclideanGroup\\Action.olean -i C:\\lean\\libs\\physlib\\.lake\\build\\lib\\lean\\Physlib\\SpaceAndTime\\TimeAndSpace\\EuclideanGroup\\Action.ilean -c C:\\lean\\libs\\physlib\\.lake\\build\\ir\\Physlib\\SpaceAndTime\\TimeAndSpace\\EuclideanGroup\\Action.c --setup C:\\lean\\libs\\physlib\\.lake\\build\\ir\\Physlib\\SpaceAndTime\\TimeAndSpace\\EuclideanGroup\\Action.setup.json --json",
   "level": "trace"},
  {"message":
   "Physlib/SpaceAndTime/TimeAndSpace/EuclideanGroup/Action.lean:151:20: `Isometry.antilipschitz` has been deprecated: Use `Isometry.antilipschitzWith` instead",
   "level": "warning"}],
 "inputs":
 [["deps",
   [["Physlib/Physlib:extraDep", [["@Physlib:extraDep", "00000000000006bb"]]],
    ["imports",
     [["Physlib.SpaceAndTime.Space.EuclideanGroup.Action transitive imports (public)",
       "fe73aa4abc1a8b2b"],
      ["Physlib.SpaceAndTime.Space.EuclideanGroup.Action:importArts",
       "62569e0165218f89"],
      ["Physlib.SpaceAndTime.TimeAndSpace.Basic transitive imports (public)",
       "a8e5298d932a6c8f"],
      ["Physlib.SpaceAndTime.TimeAndSpace.Basic:importArts",
       "cc4d059552710ce4"]]]]],
  ["libs",
   [["import dynlibs", "00000000000006bb"],
    ["package external libraries", "00000000000006bb"],
    ["module dynlibs", "00000000000006bb"],
    ["module plugins", "00000000000006bb"]]],
  ["Lean 4.34.0, commit 293d5d0c0c3f3dded4688b3ccd6a33939ac5102b",
   "a1c6c7aa3e9abfe7"],
  ["C:\\lean\\libs\\physlib\\Physlib\\SpaceAndTime\\TimeAndSpace\\EuclideanGroup\\Action.lean",
   "9dd6871d933358d7"],
  ["options", "00000000000006bb"],
  ["isModule: true", "760fcc16989f4b9b"],
  ["Module.name: Physlib.SpaceAndTime.TimeAndSpace.EuclideanGroup.Action",
   "be36e588d7ccad03"],
  ["Package.id?: (some Physlib)", "6dd4b1a3d0e46d70"],
  ["Module.leanArgs: #[-Dwarn.sorry=false, -Dweak.says.verify=true]",
   "72cd5083b9c31fb2"]],
 "depHash": "21303b6518184dd8"}