{"synthetic": false,
 "schemaVersion": "2025-09-10",
 "outputs":
 {"rs": "8d9d35d8f010a379.ir.sig",
  "r": "25e502311e3de3ec.ir",
  "o":
  ["0040c8b50747235b.olean",
   "f735aa35efe0b7b5.olean.server",
   "c48305579458b88f.olean.private"],
  "m": true,
  "i": "dec4062dcfdb976b.ilean",
  "c": "941272cf2fcfec3d.c"},
 "log":
 [{"message":
   ".> LEAN_PATH=C:\\lean\\mathlib4\\.lake\\packages\\Cli\\.lake\\build\\lib\\lean;C:\\lean\\mathlib4\\.lake\\packages\\batteries\\.lake\\build\\lib\\lean;C:\\lean\\mathlib4\\.lake\\packages\\Qq\\.lake\\build\\lib\\lean;C:\\lean\\mathlib4\\.lake\\packages\\aesop\\.lake\\build\\lib\\lean;C:\\lean\\mathlib4\\.lake\\packages\\proofwidgets\\.lake\\build\\lib\\lean;C:\\lean\\mathlib4\\.lake\\packages\\importGraph\\.lake\\build\\lib\\lean;C:\\lean\\mathlib4\\.lake\\packages\\LeanSearchClient\\.lake\\build\\lib\\lean;C:\\lean\\mathlib4\\.lake\\packages\\plausible\\.lake\\build\\lib\\lean;C:\\lean\\mathlib4\\.lake\\build\\lib\\lean;C:\\lean\\libs\\physlib\\.lake\\build\\lib\\lean c:\\Users\\Administrator\\.elan\\toolchains\\leanprover--lean4---v4.34.0\\bin\\lean.exe -Dwarn.sorry=false -Dweak.says.verify=true C:\\lean\\libs\\physlib\\Physlib\\SpaceAndTime\\TimeAndSpace\\EuclideanGroup\\SchwartzAction.lean -o C:\\lean\\libs\\physlib\\.lake\\build\\lib\\lean\\Physlib\\SpaceAndTime\\TimeAndSpace\\EuclideanGroup\\SchwartzAction.olean -i C:\\lean\\libs\\physlib\\.lake\\build\\lib\\lean\\Physlib\\SpaceAndTime\\TimeAndSpace\\EuclideanGroup\\SchwartzAction.ilean -c C:\\lean\\libs\\physlib\\.lake\\build\\ir\\Physlib\\SpaceAndTime\\TimeAndSpace\\EuclideanGroup\\SchwartzAction.c --setup C:\\lean\\libs\\physlib\\.lake\\build\\ir\\Physlib\\SpaceAndTime\\TimeAndSpace\\EuclideanGroup\\SchwartzAction.setup.json --json",
   "level": "trace"}],
 "inputs":
 [["deps",
   [["Physlib/Physlib:extraDep", [["@Physlib:extraDep", "00000000000006bb"]]],
    ["imports",
     [["Mathlib.RepresentationTheory.Continuous.Basic transitive imports (public)",
       "09b8e80a15646597"],
      ["Mathlib.RepresentationTheory.Continuous.Basic:importArts",
       "41caabc8e5a54714"],
      ["Physlib.SpaceAndTime.TimeAndSpace.EuclideanGroup.Action transitive imports (public)",
       "751ac0be14142d1b"],
      ["Physlib.SpaceAndTime.TimeAndSpace.EuclideanGroup.Action:importArts",
       "a5272d136c424211"]]]]],
  ["libs",
   [["import dynlibs", "00000000000006bb"],
    ["package external libraries", "00000000000006bb"],
    ["module dynlibs", "00000000000006bb"],
    ["module plugins", "00000000000006bb"]]],
  ["Lean 4.34.0, commit 293d5d0c0c3f3dded4688b3ccd6a33939ac5102b",
   "a1c6c7aa3e9abfe7"],
  ["C:\\lean\\libs\\physlib\\Physlib\\SpaceAndTime\\TimeAndSpace\\EuclideanGroup\\SchwartzAction.lean",
   "f66ff34172e9921b"],
  ["options", "00000000000006bb"],
  ["isModule: true", "760fcc16989f4b9b"],
  ["Module.name: Physlib.SpaceAndTime.TimeAndSpace.EuclideanGroup.SchwartzAction",
   "a15e4caed5678c9a"],
  ["Package.id?: (some Physlib)", "6dd4b1a3d0e46d70"],
  ["Module.leanArgs: #[-Dwarn.sorry=false, -Dweak.says.verify=true]",
   "72cd5083b9c31fb2"]],
 "depHash": "311386e152ba488b"}