{"synthetic": false,
 "schemaVersion": "2025-09-10",
 "outputs":
 {"rs": "f292fb14a515526e.ir.sig",
  "r": "01536c0875ad1550.ir",
  "o":
  ["7369d58f7d704cdc.olean",
   "a4ea01c35ab35042.olean.server",
   "4a98bf16ddb8c670.olean.private"],
  "m": true,
  "i": "6f4543ed2a5e8ad1.ilean",
  "c": "ba2d4ceb401820ac.c"},
 "log":
 [{"message":
   ".> LEAN_PATH=C:\\lean\\mathlib4\\.lake\\packages\\Cli\\.lake\\build\\lib\\lean;C:\\lean\\mathlib4\\.lake\\packages\\batteries\\.lake\\build\\lib\\lean;C:\\lean\\mathlib4\\.lake\\packages\\Qq\\.lake\\build\\lib\\lean;C:\\lean\\mathlib4\\.lake\\packages\\aesop\\.lake\\build\\lib\\lean;C:\\lean\\mathlib4\\.lake\\packages\\proofwidgets\\.lake\\build\\lib\\lean;C:\\lean\\mathlib4\\.lake\\packages\\importGraph\\.lake\\build\\lib\\lean;C:\\lean\\mathlib4\\.lake\\packages\\LeanSearchClient\\.lake\\build\\lib\\lean;C:\\lean\\mathlib4\\.lake\\packages\\plausible\\.lake\\build\\lib\\lean;C:\\lean\\mathlib4\\.lake\\build\\lib\\lean;C:\\lean\\libs\\physlib\\.lake\\build\\lib\\lean c:\\Users\\Administrator\\.elan\\toolchains\\leanprover--lean4---v4.34.0\\bin\\lean.exe -Dwarn.sorry=false -Dweak.says.verify=true C:\\lean\\libs\\physlib\\Physlib\\Particles\\StandardModel\\AnomalyCancellation\\NoGrav\\One\\Lemmas.lean -o C:\\lean\\libs\\physlib\\.lake\\build\\lib\\lean\\Physlib\\Particles\\StandardModel\\AnomalyCancellation\\NoGrav\\One\\Lemmas.olean -i C:\\lean\\libs\\physlib\\.lake\\build\\lib\\lean\\Physlib\\Particles\\StandardModel\\AnomalyCancellation\\NoGrav\\One\\Lemmas.ilean -c C:\\lean\\libs\\physlib\\.lake\\build\\ir\\Physlib\\Particles\\StandardModel\\AnomalyCancellation\\NoGrav\\One\\Lemmas.c --setup C:\\lean\\libs\\physlib\\.lake\\build\\ir\\Physlib\\Particles\\StandardModel\\AnomalyCancellation\\NoGrav\\One\\Lemmas.setup.json --json",
   "level": "trace"}],
 "inputs":
 [["deps",
   [["Physlib/Physlib:extraDep", [["@Physlib:extraDep", "00000000000006bb"]]],
    ["imports",
     [["Physlib.Particles.StandardModel.AnomalyCancellation.NoGrav.One.LinearParameterization transitive imports (public)",
       "a967293676610ec6"],
      ["Physlib.Particles.StandardModel.AnomalyCancellation.NoGrav.One.LinearParameterization:importArts",
       "ec7fb3a27f7d88ad"]]]]],
  ["libs",
   [["import dynlibs", "00000000000006bb"],
    ["package external libraries", "00000000000006bb"],
    ["module dynlibs", "00000000000006bb"],
    ["module plugins", "00000000000006bb"]]],
  ["Lean 4.34.0, commit 293d5d0c0c3f3dded4688b3ccd6a33939ac5102b",
   "a1c6c7aa3e9abfe7"],
  ["C:\\lean\\libs\\physlib\\Physlib\\Particles\\StandardModel\\AnomalyCancellation\\NoGrav\\One\\Lemmas.lean",
   "5409132ef74b41da"],
  ["options", "00000000000006bb"],
  ["isModule: true", "760fcc16989f4b9b"],
  ["Module.name: Physlib.Particles.StandardModel.AnomalyCancellation.NoGrav.One.Lemmas",
   "bb9a14d2830bb6ec"],
  ["Package.id?: (some Physlib)", "6dd4b1a3d0e46d70"],
  ["Module.leanArgs: #[-Dwarn.sorry=false, -Dweak.says.verify=true]",
   "72cd5083b9c31fb2"]],
 "depHash": "04ee9ccfa653a7db"}