{"synthetic": false,
 "schemaVersion": "2025-09-10",
 "outputs":
 {"rs": "9f31906bb497297b.ir.sig",
  "r": "a484d8249f5e21b8.ir",
  "o":
  ["5c4c3042b3d5d08a.olean",
   "316b144180f1a011.olean.server",
   "da059f8fd2bee18d.olean.private"],
  "m": true,
  "i": "ecba3f8ad806b2fa.ilean",
  "c": "4741e72200717328.c"},
 "log":
 [{"message":
   ".> LEAN_PATH=C:\\lean\\mathlib4\\.lake\\packages\\Cli\\.lake\\build\\lib\\lean;C:\\lean\\mathlib4\\.lake\\packages\\batteries\\.lake\\build\\lib\\lean;C:\\lean\\mathlib4\\.lake\\packages\\Qq\\.lake\\build\\lib\\lean;C:\\lean\\mathlib4\\.lake\\packages\\aesop\\.lake\\build\\lib\\lean;C:\\lean\\mathlib4\\.lake\\packages\\proofwidgets\\.lake\\build\\lib\\lean;C:\\lean\\mathlib4\\.lake\\packages\\importGraph\\.lake\\build\\lib\\lean;C:\\lean\\mathlib4\\.lake\\packages\\LeanSearchClient\\.lake\\build\\lib\\lean;C:\\lean\\mathlib4\\.lake\\packages\\plausible\\.lake\\build\\lib\\lean;C:\\lean\\mathlib4\\.lake\\build\\lib\\lean;C:\\lean\\libs\\physlib\\.lake\\build\\lib\\lean c:\\Users\\Administrator\\.elan\\toolchains\\leanprover--lean4---v4.34.0\\bin\\lean.exe -Dwarn.sorry=false -Dweak.says.verify=true C:\\lean\\libs\\physlib\\Physlib\\ClassicalMechanics\\Vibrations\\LinearTriatomic.lean -o C:\\lean\\libs\\physlib\\.lake\\build\\lib\\lean\\Physlib\\ClassicalMechanics\\Vibrations\\LinearTriatomic.olean -i C:\\lean\\libs\\physlib\\.lake\\build\\lib\\lean\\Physlib\\ClassicalMechanics\\Vibrations\\LinearTriatomic.ilean -c C:\\lean\\libs\\physlib\\.lake\\build\\ir\\Physlib\\ClassicalMechanics\\Vibrations\\LinearTriatomic.c --setup C:\\lean\\libs\\physlib\\.lake\\build\\ir\\Physlib\\ClassicalMechanics\\Vibrations\\LinearTriatomic.setup.json --json",
   "level": "trace"}],
 "inputs":
 [["deps",
   [["Physlib/Physlib:extraDep", [["@Physlib:extraDep", "00000000000006bb"]]],
    ["imports",
     [["Physlib.Meta.TODO.Basic transitive imports (public)",
       "00000000000006bb"],
      ["Physlib.Meta.TODO.Basic:importArts", "00cee186cb0fb022"]]]]],
  ["libs",
   [["import dynlibs", "00000000000006bb"],
    ["package external libraries", "00000000000006bb"],
    ["module dynlibs", "00000000000006bb"],
    ["module plugins", "00000000000006bb"]]],
  ["Lean 4.34.0, commit 293d5d0c0c3f3dded4688b3ccd6a33939ac5102b",
   "a1c6c7aa3e9abfe7"],
  ["C:\\lean\\libs\\physlib\\Physlib\\ClassicalMechanics\\Vibrations\\LinearTriatomic.lean",
   "ea000a0c63101f9e"],
  ["options", "00000000000006bb"],
  ["isModule: true", "760fcc16989f4b9b"],
  ["Module.name: Physlib.ClassicalMechanics.Vibrations.LinearTriatomic",
   "79a268956f25b41c"],
  ["Package.id?: (some Physlib)", "6dd4b1a3d0e46d70"],
  ["Module.leanArgs: #[-Dwarn.sorry=false, -Dweak.says.verify=true]",
   "72cd5083b9c31fb2"]],
 "depHash": "ed9a96d91318f387"}