{"synthetic": false,
 "schemaVersion": "2025-09-10",
 "outputs":
 {"rs": "d24c07736cfe0103.ir.sig",
  "r": "e2664dc5d973f408.ir",
  "o":
  ["08316366f667aee0.olean",
   "93d4340f0b89d16c.olean.server",
   "87e6bcea60b5e384.olean.private"],
  "m": true,
  "i": "b6df2edacacbd8cd.ilean",
  "c": "32f67957686a751a.c"},
 "log":
 [{"message":
   ".> LEAN_PATH=C:\\lean\\mathlib4\\.lake\\packages\\Cli\\.lake\\build\\lib\\lean;C:\\lean\\mathlib4\\.lake\\packages\\batteries\\.lake\\build\\lib\\lean;C:\\lean\\mathlib4\\.lake\\packages\\Qq\\.lake\\build\\lib\\lean;C:\\lean\\mathlib4\\.lake\\packages\\aesop\\.lake\\build\\lib\\lean;C:\\lean\\mathlib4\\.lake\\packages\\proofwidgets\\.lake\\build\\lib\\lean;C:\\lean\\mathlib4\\.lake\\packages\\importGraph\\.lake\\build\\lib\\lean;C:\\lean\\mathlib4\\.lake\\packages\\LeanSearchClient\\.lake\\build\\lib\\lean;C:\\lean\\mathlib4\\.lake\\packages\\plausible\\.lake\\build\\lib\\lean;C:\\lean\\mathlib4\\.lake\\build\\lib\\lean;C:\\lean\\libs\\physlib\\.lake\\build\\lib\\lean c:\\Users\\Administrator\\.elan\\toolchains\\leanprover--lean4---v4.34.0\\bin\\lean.exe -Dwarn.sorry=false -Dweak.says.verify=true C:\\lean\\libs\\physlib\\Physlib\\Relativity\\Tensors\\Basic.lean -o C:\\lean\\libs\\physlib\\.lake\\build\\lib\\lean\\Physlib\\Relativity\\Tensors\\Basic.olean -i C:\\lean\\libs\\physlib\\.lake\\build\\lib\\lean\\Physlib\\Relativity\\Tensors\\Basic.ilean -c C:\\lean\\libs\\physlib\\.lake\\build\\ir\\Physlib\\Relativity\\Tensors\\Basic.c --setup C:\\lean\\libs\\physlib\\.lake\\build\\ir\\Physlib\\Relativity\\Tensors\\Basic.setup.json --json",
   "level": "trace"},
  {"message":
   "Physlib/Relativity/Tensors/Basic.lean:381:2: `IsModuleTopology.topologicalAddGroup` has been deprecated: Use `IsModuleTopology.isTopologicalAddGroup` instead",
   "level": "warning"}],
 "inputs":
 [["deps",
   [["Physlib/Physlib:extraDep", [["@Physlib:extraDep", "00000000000006bb"]]],
    ["imports",
     [["Physlib.Relativity.Tensors.ComponentIdx.Single transitive imports (public)",
       "0eafef36f477d261"],
      ["Physlib.Relativity.Tensors.ComponentIdx.Single:importArts",
       "00f522cae480ebbf"],
      ["Physlib.Relativity.Tensors.Reindexing transitive imports (public)",
       "dd62ca9c4397c4a9"],
      ["Physlib.Relativity.Tensors.Reindexing:importArts", "d5be19151779bae8"],
      ["Physlib.Relativity.Tensors.Contraction.SuccSuccAbove transitive imports (public)",
       "10eab4eb58f7106c"],
      ["Physlib.Relativity.Tensors.Contraction.SuccSuccAbove:importArts",
       "ef2dc095b8ce445d"],
      ["Mathlib.Topology.Algebra.Module.ModuleTopology transitive imports (public)",
       "4737925f9edc3cf4"],
      ["Mathlib.Topology.Algebra.Module.ModuleTopology:importArts",
       "5d62ccfb2b44c835"],
      ["Mathlib.Analysis.RCLike.Basic transitive imports (public)",
       "cd05d71bbe716cef"],
      ["Mathlib.Analysis.RCLike.Basic:importArts", "77042a6a1278ff61"],
      ["Mathlib.Tactic.Cases transitive imports (public)", "c30ccae22c39dc0f"],
      ["Mathlib.Tactic.Cases:importArts", "6902c44e24e6e48b"]]]]],
  ["libs",
   [["import dynlibs", "00000000000006bb"],
    ["package external libraries", "00000000000006bb"],
    ["module dynlibs", "00000000000006bb"],
    ["module plugins", "00000000000006bb"]]],
  ["Lean 4.34.0, commit 293d5d0c0c3f3dded4688b3ccd6a33939ac5102b",
   "a1c6c7aa3e9abfe7"],
  ["C:\\lean\\libs\\physlib\\Physlib\\Relativity\\Tensors\\Basic.lean",
   "5c03483d109fa8ca"],
  ["options", "00000000000006bb"],
  ["isModule: true", "760fcc16989f4b9b"],
  ["Module.name: Physlib.Relativity.Tensors.Basic", "f479d94018f7d6b9"],
  ["Package.id?: (some Physlib)", "6dd4b1a3d0e46d70"],
  ["Module.leanArgs: #[-Dwarn.sorry=false, -Dweak.says.verify=true]",
   "72cd5083b9c31fb2"]],
 "depHash": "fc723c4a4a7245f5"}