{"synthetic": false,
 "schemaVersion": "2025-09-10",
 "outputs":
 {"rs": "44b5a53888d9e0db.ir.sig",
  "r": "049cf7a42f8924a4.ir",
  "o":
  ["6bbc89f92b0436c4.olean",
   "8866e02ab24ee94a.olean.server",
   "0386eebefb9bcb14.olean.private"],
  "m": true,
  "i": "b7df3b4b467e5a94.ilean",
  "c": "d5bbd736a1743386.c"},
 "log":
 [{"message":
   ".> LEAN_PATH=C:\\lean\\mathlib4\\.lake\\packages\\Cli\\.lake\\build\\lib\\lean;C:\\lean\\mathlib4\\.lake\\packages\\batteries\\.lake\\build\\lib\\lean;C:\\lean\\mathlib4\\.lake\\packages\\Qq\\.lake\\build\\lib\\lean;C:\\lean\\mathlib4\\.lake\\packages\\aesop\\.lake\\build\\lib\\lean;C:\\lean\\mathlib4\\.lake\\packages\\proofwidgets\\.lake\\build\\lib\\lean;C:\\lean\\mathlib4\\.lake\\packages\\importGraph\\.lake\\build\\lib\\lean;C:\\lean\\mathlib4\\.lake\\packages\\LeanSearchClient\\.lake\\build\\lib\\lean;C:\\lean\\mathlib4\\.lake\\packages\\plausible\\.lake\\build\\lib\\lean;C:\\lean\\mathlib4\\.lake\\build\\lib\\lean;C:\\lean\\libs\\physlib\\.lake\\build\\lib\\lean c:\\Users\\Administrator\\.elan\\toolchains\\leanprover--lean4---v4.34.0\\bin\\lean.exe -Dwarn.sorry=false -Dweak.says.verify=true C:\\lean\\libs\\physlib\\Physlib\\Relativity\\Tensors\\Constructors.lean -o C:\\lean\\libs\\physlib\\.lake\\build\\lib\\lean\\Physlib\\Relativity\\Tensors\\Constructors.olean -i C:\\lean\\libs\\physlib\\.lake\\build\\lib\\lean\\Physlib\\Relativity\\Tensors\\Constructors.ilean -c C:\\lean\\libs\\physlib\\.lake\\build\\ir\\Physlib\\Relativity\\Tensors\\Constructors.c --setup C:\\lean\\libs\\physlib\\.lake\\build\\ir\\Physlib\\Relativity\\Tensors\\Constructors.setup.json --json",
   "level": "trace"},
  {"message":
   "Physlib/Relativity/Tensors/Constructors.lean:145:20: `TensorProduct.induction_on` has been deprecated: Use `TensorProduction.inductionOn` instead",
   "level": "warning"},
  {"message":
   "Physlib/Relativity/Tensors/Constructors.lean:160:21: `TensorProduct.induction_on` has been deprecated: Use `TensorProduction.inductionOn` instead",
   "level": "warning"},
  {"message":
   "Physlib/Relativity/Tensors/Constructors.lean:178:20: `TensorProduct.induction_on` has been deprecated: Use `TensorProduction.inductionOn` instead",
   "level": "warning"},
  {"message":
   "Physlib/Relativity/Tensors/Constructors.lean:266:20: `TensorProduct.induction_on` has been deprecated: Use `TensorProduction.inductionOn` instead",
   "level": "warning"},
  {"message":
   "Physlib/Relativity/Tensors/Constructors.lean:317:20: `TensorProduct.induction_on` has been deprecated: Use `TensorProduction.inductionOn` instead",
   "level": "warning"},
  {"message":
   "Physlib/Relativity/Tensors/Constructors.lean:320:22: `TensorProduct.induction_on` has been deprecated: Use `TensorProduction.inductionOn` instead",
   "level": "warning"},
  {"message":
   "Physlib/Relativity/Tensors/Constructors.lean:341:20: `TensorProduct.induction_on` has been deprecated: Use `TensorProduction.inductionOn` instead",
   "level": "warning"},
  {"message":
   "Physlib/Relativity/Tensors/Constructors.lean:434:20: `TensorProduct.induction_on` has been deprecated: Use `TensorProduction.inductionOn` instead",
   "level": "warning"},
  {"message":
   "Physlib/Relativity/Tensors/Constructors.lean:437:23: `TensorProduct.induction_on` has been deprecated: Use `TensorProduction.inductionOn` instead",
   "level": "warning"},
  {"message":
   "Physlib/Relativity/Tensors/Constructors.lean:454:20: `TensorProduct.induction_on` has been deprecated: Use `TensorProduction.inductionOn` instead",
   "level": "warning"},
  {"message":
   "Physlib/Relativity/Tensors/Constructors.lean:457:23: `TensorProduct.induction_on` has been deprecated: Use `TensorProduction.inductionOn` instead",
   "level": "warning"}],
 "inputs":
 [["deps",
   [["Physlib/Physlib:extraDep", [["@Physlib:extraDep", "00000000000006bb"]]],
    ["imports",
     [["Physlib.Relativity.Tensors.Contraction.Products transitive imports (public)",
       "ee66465778ead1ba"],
      ["Physlib.Relativity.Tensors.Contraction.Products:importArts",
       "8de08a4c01a84db5"]]]]],
  ["libs",
   [["import dynlibs", "00000000000006bb"],
    ["package external libraries", "00000000000006bb"],
    ["module dynlibs", "00000000000006bb"],
    ["module plugins", "00000000000006bb"]]],
  ["Lean 4.34.0, commit 293d5d0c0c3f3dded4688b3ccd6a33939ac5102b",
   "a1c6c7aa3e9abfe7"],
  ["C:\\lean\\libs\\physlib\\Physlib\\Relativity\\Tensors\\Constructors.lean",
   "271be1b17e5b4452"],
  ["options", "00000000000006bb"],
  ["isModule: true", "760fcc16989f4b9b"],
  ["Module.name: Physlib.Relativity.Tensors.Constructors", "5aa9ca70b0e9ff39"],
  ["Package.id?: (some Physlib)", "6dd4b1a3d0e46d70"],
  ["Module.leanArgs: #[-Dwarn.sorry=false, -Dweak.says.verify=true]",
   "72cd5083b9c31fb2"]],
 "depHash": "2b92a4832bb1d0a7"}