{"synthetic": false,
 "schemaVersion": "2025-09-10",
 "outputs":
 {"rs": "be7ff8748cf310a9.ir.sig",
  "r": "2fd4886e6a229055.ir",
  "o":
  ["789b0e062933233f.olean",
   "b06a4dbce3f7c412.olean.server",
   "e3cae92a7861fbb9.olean.private"],
  "m": true,
  "i": "d583f0c9a92bb5ff.ilean",
  "c": "790f0c92c94ab35c.c"},
 "log":
 [{"message":
   ".> LEAN_PATH=C:\\lean\\mathlib4\\.lake\\packages\\Cli\\.lake\\build\\lib\\lean;C:\\lean\\mathlib4\\.lake\\packages\\batteries\\.lake\\build\\lib\\lean;C:\\lean\\mathlib4\\.lake\\packages\\Qq\\.lake\\build\\lib\\lean;C:\\lean\\mathlib4\\.lake\\packages\\aesop\\.lake\\build\\lib\\lean;C:\\lean\\mathlib4\\.lake\\packages\\proofwidgets\\.lake\\build\\lib\\lean;C:\\lean\\mathlib4\\.lake\\packages\\importGraph\\.lake\\build\\lib\\lean;C:\\lean\\mathlib4\\.lake\\packages\\LeanSearchClient\\.lake\\build\\lib\\lean;C:\\lean\\mathlib4\\.lake\\packages\\plausible\\.lake\\build\\lib\\lean;C:\\lean\\mathlib4\\.lake\\build\\lib\\lean;C:\\lean\\libs\\physlib\\.lake\\build\\lib\\lean c:\\Users\\Administrator\\.elan\\toolchains\\leanprover--lean4---v4.34.0\\bin\\lean.exe -Dwarn.sorry=false -Dweak.says.verify=true C:\\lean\\libs\\physlib\\Physlib\\Relativity\\Tensors\\Reindexing.lean -o C:\\lean\\libs\\physlib\\.lake\\build\\lib\\lean\\Physlib\\Relativity\\Tensors\\Reindexing.olean -i C:\\lean\\libs\\physlib\\.lake\\build\\lib\\lean\\Physlib\\Relativity\\Tensors\\Reindexing.ilean -c C:\\lean\\libs\\physlib\\.lake\\build\\ir\\Physlib\\Relativity\\Tensors\\Reindexing.c --setup C:\\lean\\libs\\physlib\\.lake\\build\\ir\\Physlib\\Relativity\\Tensors\\Reindexing.setup.json --json",
   "level": "trace"},
  {"message":
   "Physlib/Relativity/Tensors/Reindexing.lean:65:72: `if_pos` has been deprecated: Use `ite_eq_left` instead",
   "level": "warning"}],
 "inputs":
 [["deps",
   [["Physlib/Physlib:extraDep", [["@Physlib:extraDep", "00000000000006bb"]]],
    ["imports",
     [["Physlib.Relativity.Tensors.ComponentIdx.Single transitive imports (public)",
       "0eafef36f477d261"],
      ["Physlib.Relativity.Tensors.ComponentIdx.Single:importArts",
       "00f522cae480ebbf"],
      ["Physlib.Relativity.Tensors.Contraction.SuccSuccAbove transitive imports (public)",
       "10eab4eb58f7106c"],
      ["Physlib.Relativity.Tensors.Contraction.SuccSuccAbove:importArts",
       "ef2dc095b8ce445d"],
      ["Mathlib.Topology.Algebra.Module.ModuleTopology transitive imports (public)",
       "4737925f9edc3cf4"],
      ["Mathlib.Topology.Algebra.Module.ModuleTopology:importArts",
       "5d62ccfb2b44c835"],
      ["Mathlib.Analysis.RCLike.Basic transitive imports (public)",
       "cd05d71bbe716cef"],
      ["Mathlib.Analysis.RCLike.Basic:importArts", "77042a6a1278ff61"],
      ["Mathlib.Tactic.Cases transitive imports (public)", "c30ccae22c39dc0f"],
      ["Mathlib.Tactic.Cases:importArts", "6902c44e24e6e48b"],
      ["Mathlib.GroupTheory.Perm.Fin transitive imports (public)",
       "0c00321863e80e32"],
      ["Mathlib.GroupTheory.Perm.Fin:importArts", "d77274ad1c39cdf9"]]]]],
  ["libs",
   [["import dynlibs", "00000000000006bb"],
    ["package external libraries", "00000000000006bb"],
    ["module dynlibs", "00000000000006bb"],
    ["module plugins", "00000000000006bb"]]],
  ["Lean 4.34.0, commit 293d5d0c0c3f3dded4688b3ccd6a33939ac5102b",
   "a1c6c7aa3e9abfe7"],
  ["C:\\lean\\libs\\physlib\\Physlib\\Relativity\\Tensors\\Reindexing.lean",
   "b77da236b1c229d9"],
  ["options", "00000000000006bb"],
  ["isModule: true", "760fcc16989f4b9b"],
  ["Module.name: Physlib.Relativity.Tensors.Reindexing", "1a7b26686cfba2e3"],
  ["Package.id?: (some Physlib)", "6dd4b1a3d0e46d70"],
  ["Module.leanArgs: #[-Dwarn.sorry=false, -Dweak.says.verify=true]",
   "72cd5083b9c31fb2"]],
 "depHash": "fb4ab8227f2fc921"}