{"synthetic": false,
 "schemaVersion": "2025-09-10",
 "outputs":
 {"rs": "7d64420ec1bec3a3.ir.sig",
  "r": "cf56ff9420542f1a.ir",
  "o":
  ["998e63e67a0ab3ef.olean",
   "27e30a38ae27fe0e.olean.server",
   "7083cab24a655524.olean.private"],
  "m": true,
  "i": "b1d296d5cf97dad1.ilean",
  "c": "4c2c86d51ccc875a.c"},
 "log":
 [{"message":
   ".> LEAN_PATH=C:\\lean\\mathlib4\\.lake\\packages\\Cli\\.lake\\build\\lib\\lean;C:\\lean\\mathlib4\\.lake\\packages\\batteries\\.lake\\build\\lib\\lean;C:\\lean\\mathlib4\\.lake\\packages\\Qq\\.lake\\build\\lib\\lean;C:\\lean\\mathlib4\\.lake\\packages\\aesop\\.lake\\build\\lib\\lean;C:\\lean\\mathlib4\\.lake\\packages\\proofwidgets\\.lake\\build\\lib\\lean;C:\\lean\\mathlib4\\.lake\\packages\\importGraph\\.lake\\build\\lib\\lean;C:\\lean\\mathlib4\\.lake\\packages\\LeanSearchClient\\.lake\\build\\lib\\lean;C:\\lean\\mathlib4\\.lake\\packages\\plausible\\.lake\\build\\lib\\lean;C:\\lean\\mathlib4\\.lake\\build\\lib\\lean;C:\\lean\\libs\\physlib\\.lake\\build\\lib\\lean c:\\Users\\Administrator\\.elan\\toolchains\\leanprover--lean4---v4.34.0-rc1\\bin\\lean.exe -Dwarn.sorry=false -Dweak.says.verify=true C:\\lean\\libs\\physlib\\Physlib\\Relativity\\Tensors\\Tensorial.lean -o C:\\lean\\libs\\physlib\\.lake\\build\\lib\\lean\\Physlib\\Relativity\\Tensors\\Tensorial.olean -i C:\\lean\\libs\\physlib\\.lake\\build\\lib\\lean\\Physlib\\Relativity\\Tensors\\Tensorial.ilean -c C:\\lean\\libs\\physlib\\.lake\\build\\ir\\Physlib\\Relativity\\Tensors\\Tensorial.c --setup C:\\lean\\libs\\physlib\\.lake\\build\\ir\\Physlib\\Relativity\\Tensors\\Tensorial.setup.json --json",
   "level": "trace"}],
 "inputs":
 [["deps",
   [["Physlib/Physlib:extraDep", [["@Physlib:extraDep", "00000000000006bb"]]],
    ["imports",
     [["Physlib.Relativity.Tensors.Product transitive imports (public)",
       "622608837deedf99"],
      ["Physlib.Relativity.Tensors.Product:importArts", "30a7b65d7a924d42"],
      ["Physlib.Relativity.Tensors.Evaluation transitive imports (public)",
       "eb4ef6b4f91f60e1"],
      ["Physlib.Relativity.Tensors.Evaluation:importArts", "5b7610ac44e73e5b"],
      ["Mathlib.Topology.Algebra.Module.FiniteDimension transitive imports (public)",
       "2dfd3a2454d54136"],
      ["Mathlib.Topology.Algebra.Module.FiniteDimension:importArts",
       "5949502fcbf8ee2b"]]]]],
  ["libs",
   [["import dynlibs", "00000000000006bb"],
    ["package external libraries", "00000000000006bb"],
    ["module dynlibs", "00000000000006bb"],
    ["module plugins", "00000000000006bb"]]],
  ["Lean 4.34.0, commit 3447a668783dbce1a8fdb97101dd067687b2b418",
   "421484e3e0c70198"],
  ["C:\\lean\\libs\\physlib\\Physlib\\Relativity\\Tensors\\Tensorial.lean",
   "49aca7238ff69257"],
  ["options", "00000000000006bb"],
  ["isModule: true", "760fcc16989f4b9b"],
  ["Module.name: Physlib.Relativity.Tensors.Tensorial", "e3edf9c3d0ae86c1"],
  ["Package.id?: (some Physlib)", "6dd4b1a3d0e46d70"],
  ["Module.leanArgs: #[-Dwarn.sorry=false, -Dweak.says.verify=true]",
   "72cd5083b9c31fb2"]],
 "depHash": "f2c7f4e8f8c82c3d"}