{"synthetic": false,
 "schemaVersion": "2025-09-10",
 "outputs":
 {"rs": "598f67c069829cc5.ir.sig",
  "r": "e0618b59b43d70eb.ir",
  "o":
  ["9b683239397b32e6.olean",
   "f7f6d773c95b0448.olean.server",
   "c932fd6541a3bf83.olean.private"],
  "m": true,
  "i": "473c2d8a5790b115.ilean",
  "c": "560d9a9e67f56aec.c"},
 "log":
 [{"message":
   ".> LEAN_PATH=C:\\lean\\mathlib4\\.lake\\packages\\Cli\\.lake\\build\\lib\\lean;C:\\lean\\mathlib4\\.lake\\packages\\batteries\\.lake\\build\\lib\\lean;C:\\lean\\mathlib4\\.lake\\packages\\Qq\\.lake\\build\\lib\\lean;C:\\lean\\mathlib4\\.lake\\packages\\aesop\\.lake\\build\\lib\\lean;C:\\lean\\mathlib4\\.lake\\packages\\proofwidgets\\.lake\\build\\lib\\lean;C:\\lean\\mathlib4\\.lake\\packages\\importGraph\\.lake\\build\\lib\\lean;C:\\lean\\mathlib4\\.lake\\packages\\LeanSearchClient\\.lake\\build\\lib\\lean;C:\\lean\\mathlib4\\.lake\\packages\\plausible\\.lake\\build\\lib\\lean;C:\\lean\\mathlib4\\.lake\\build\\lib\\lean;C:\\lean\\libs\\physlib\\.lake\\build\\lib\\lean c:\\Users\\Administrator\\.elan\\toolchains\\leanprover--lean4---v4.34.0-rc1\\bin\\lean.exe -Dwarn.sorry=false -Dweak.says.verify=true C:\\lean\\libs\\physlib\\Physlib\\QuantumMechanics\\HarmonicOscillator\\Eigenstates.lean -o C:\\lean\\libs\\physlib\\.lake\\build\\lib\\lean\\Physlib\\QuantumMechanics\\HarmonicOscillator\\Eigenstates.olean -i C:\\lean\\libs\\physlib\\.lake\\build\\lib\\lean\\Physlib\\QuantumMechanics\\HarmonicOscillator\\Eigenstates.ilean -c C:\\lean\\libs\\physlib\\.lake\\build\\ir\\Physlib\\QuantumMechanics\\HarmonicOscillator\\Eigenstates.c --setup C:\\lean\\libs\\physlib\\.lake\\build\\ir\\Physlib\\QuantumMechanics\\HarmonicOscillator\\Eigenstates.setup.json --json",
   "level": "trace"}],
 "inputs":
 [["deps",
   [["Physlib/Physlib:extraDep", [["@Physlib:extraDep", "00000000000006bb"]]],
    ["imports",
     [["Physlib.Mathematics.InnerProductSpace.Gaussian transitive imports (public)",
       "a4ea56d44effc507"],
      ["Physlib.Mathematics.InnerProductSpace.Gaussian:importArts",
       "64725d8015e9d7c6"],
      ["Physlib.Mathematics.HasTemperateGrowth transitive imports (public)",
       "58f285e0eb35ff16"],
      ["Physlib.Mathematics.HasTemperateGrowth:importArts", "a318f5efc564d490"],
      ["Physlib.Mathematics.KroneckerDelta.Basic transitive imports (public)",
       "61542295cb986db3"],
      ["Physlib.Mathematics.KroneckerDelta.Basic:importArts",
       "879f5716dc8c5051"],
      ["Physlib.Mathematics.SpecialFunctions.PhysHermite transitive imports (public)",
       "c46e33915efb9bcb"],
      ["Physlib.Mathematics.SpecialFunctions.PhysHermite:importArts",
       "3b2cb2a8bc34df13"],
      ["Physlib.QuantumMechanics.HarmonicOscillator.Basic transitive imports (public)",
       "b4d1ef2899dbb6e9"],
      ["Physlib.QuantumMechanics.HarmonicOscillator.Basic:importArts",
       "99cc6638c8dd065b"],
      ["Physlib.Meta.Sorry transitive imports (public)", "30738f2678b40cbf"],
      ["Physlib.Meta.Sorry:importArts", "017e14767afb8a3b"]]]]],
  ["libs",
   [["import dynlibs", "00000000000006bb"],
    ["package external libraries", "00000000000006bb"],
    ["module dynlibs", "00000000000006bb"],
    ["module plugins", "00000000000006bb"]]],
  ["Lean 4.34.0, commit 3447a668783dbce1a8fdb97101dd067687b2b418",
   "421484e3e0c70198"],
  ["C:\\lean\\libs\\physlib\\Physlib\\QuantumMechanics\\HarmonicOscillator\\Eigenstates.lean",
   "637fdc3c20d70e3e"],
  ["options", "00000000000006bb"],
  ["isModule: true", "760fcc16989f4b9b"],
  ["Module.name: Physlib.QuantumMechanics.HarmonicOscillator.Eigenstates",
   "a3cf4ce5a4df505c"],
  ["Package.id?: (some Physlib)", "6dd4b1a3d0e46d70"],
  ["Module.leanArgs: #[-Dwarn.sorry=false, -Dweak.says.verify=true]",
   "72cd5083b9c31fb2"]],
 "depHash": "da99f3f798b6a52c"}