{"synthetic": false,
 "schemaVersion": "2025-09-10",
 "outputs":
 {"rs": "a15ac9c482bc2061.ir.sig",
  "r": "956d92dd352bdefd.ir",
  "o":
  ["d50c1ab4605c48a0.olean",
   "38bb23d82f0bb747.olean.server",
   "72f1a41ed12a2299.olean.private"],
  "m": true,
  "i": "0b58f30f29601753.ilean",
  "c": "c8359a8745f17112.c"},
 "log":
 [{"message":
   ".> LEAN_PATH=C:\\lean\\mathlib4\\.lake\\packages\\Cli\\.lake\\build\\lib\\lean;C:\\lean\\mathlib4\\.lake\\packages\\batteries\\.lake\\build\\lib\\lean;C:\\lean\\mathlib4\\.lake\\packages\\Qq\\.lake\\build\\lib\\lean;C:\\lean\\mathlib4\\.lake\\packages\\aesop\\.lake\\build\\lib\\lean;C:\\lean\\mathlib4\\.lake\\packages\\proofwidgets\\.lake\\build\\lib\\lean;C:\\lean\\mathlib4\\.lake\\packages\\importGraph\\.lake\\build\\lib\\lean;C:\\lean\\mathlib4\\.lake\\packages\\LeanSearchClient\\.lake\\build\\lib\\lean;C:\\lean\\mathlib4\\.lake\\packages\\plausible\\.lake\\build\\lib\\lean;C:\\lean\\mathlib4\\.lake\\build\\lib\\lean;C:\\lean\\libs\\physlib\\.lake\\build\\lib\\lean c:\\Users\\Administrator\\.elan\\toolchains\\leanprover--lean4---v4.34.0\\bin\\lean.exe -Dwarn.sorry=false -Dweak.says.verify=true C:\\lean\\libs\\physlib\\Physlib\\QuantumMechanics\\PlanckConstant.lean -o C:\\lean\\libs\\physlib\\.lake\\build\\lib\\lean\\Physlib\\QuantumMechanics\\PlanckConstant.olean -i C:\\lean\\libs\\physlib\\.lake\\build\\lib\\lean\\Physlib\\QuantumMechanics\\PlanckConstant.ilean -c C:\\lean\\libs\\physlib\\.lake\\build\\ir\\Physlib\\QuantumMechanics\\PlanckConstant.c --setup C:\\lean\\libs\\physlib\\.lake\\build\\ir\\Physlib\\QuantumMechanics\\PlanckConstant.setup.json --json",
   "level": "trace"},
  {"message":
   "Physlib/QuantumMechanics/PlanckConstant.lean:8:0: 'Mathlib.Data.NNReal.Defs' has been deprecated: please replace this import by\n\nimport Mathlib.Basic.NNReal.Defs",
   "level": "warning"}],
 "inputs":
 [["deps",
   [["Physlib/Physlib:extraDep", [["@Physlib:extraDep", "00000000000006bb"]]],
    ["imports",
     [["Mathlib.Data.NNReal.Defs transitive imports (public)",
       "c2553e8da303793e"],
      ["Mathlib.Data.NNReal.Defs:importArts", "2a65c0bb57ea8deb"],
      ["Mathlib.Analysis.SpecialFunctions.Trigonometric.Basic transitive imports (public)",
       "66abf8a8e3382eed"],
      ["Mathlib.Analysis.SpecialFunctions.Trigonometric.Basic:importArts",
       "28b49fe79f3c1afe"]]]]],
  ["libs",
   [["import dynlibs", "00000000000006bb"],
    ["package external libraries", "00000000000006bb"],
    ["module dynlibs", "00000000000006bb"],
    ["module plugins", "00000000000006bb"]]],
  ["Lean 4.34.0, commit 293d5d0c0c3f3dded4688b3ccd6a33939ac5102b",
   "a1c6c7aa3e9abfe7"],
  ["C:\\lean\\libs\\physlib\\Physlib\\QuantumMechanics\\PlanckConstant.lean",
   "0f4d4c96c5027137"],
  ["options", "00000000000006bb"],
  ["isModule: true", "760fcc16989f4b9b"],
  ["Module.name: Physlib.QuantumMechanics.PlanckConstant", "b09e079412f2b69a"],
  ["Package.id?: (some Physlib)", "6dd4b1a3d0e46d70"],
  ["Module.leanArgs: #[-Dwarn.sorry=false, -Dweak.says.verify=true]",
   "72cd5083b9c31fb2"]],
 "depHash": "eb20fa1904a8c063"}