{"synthetic": false,
 "schemaVersion": "2025-09-10",
 "outputs":
 {"rs": "a03e6beea4275c82.ir.sig",
  "r": "c4d6c1033581dcc1.ir",
  "o":
  ["1b918e9364eee4ea.olean",
   "c5330d4093c259ad.olean.server",
   "c100dc267d3655a3.olean.private"],
  "m": true,
  "i": "d2006550acfb90e8.ilean",
  "c": "e479cc6499626ba2.c"},
 "log":
 [{"message":
   ".> LEAN_PATH=C:\\lean\\mathlib4\\.lake\\packages\\Cli\\.lake\\build\\lib\\lean;C:\\lean\\mathlib4\\.lake\\packages\\batteries\\.lake\\build\\lib\\lean;C:\\lean\\mathlib4\\.lake\\packages\\Qq\\.lake\\build\\lib\\lean;C:\\lean\\mathlib4\\.lake\\packages\\aesop\\.lake\\build\\lib\\lean;C:\\lean\\mathlib4\\.lake\\packages\\proofwidgets\\.lake\\build\\lib\\lean;C:\\lean\\mathlib4\\.lake\\packages\\importGraph\\.lake\\build\\lib\\lean;C:\\lean\\mathlib4\\.lake\\packages\\LeanSearchClient\\.lake\\build\\lib\\lean;C:\\lean\\mathlib4\\.lake\\packages\\plausible\\.lake\\build\\lib\\lean;C:\\lean\\mathlib4\\.lake\\build\\lib\\lean;C:\\lean\\libs\\physlib\\.lake\\build\\lib\\lean c:\\Users\\Administrator\\.elan\\toolchains\\leanprover--lean4---v4.34.0\\bin\\lean.exe -Dwarn.sorry=false -Dweak.says.verify=true C:\\lean\\libs\\physlib\\Physlib\\SpaceAndTime\\Space\\EuclideanGroup\\Action.lean -o C:\\lean\\libs\\physlib\\.lake\\build\\lib\\lean\\Physlib\\SpaceAndTime\\Space\\EuclideanGroup\\Action.olean -i C:\\lean\\libs\\physlib\\.lake\\build\\lib\\lean\\Physlib\\SpaceAndTime\\Space\\EuclideanGroup\\Action.ilean -c C:\\lean\\libs\\physlib\\.lake\\build\\ir\\Physlib\\SpaceAndTime\\Space\\EuclideanGroup\\Action.c --setup C:\\lean\\libs\\physlib\\.lake\\build\\ir\\Physlib\\SpaceAndTime\\Space\\EuclideanGroup\\Action.setup.json --json",
   "level": "trace"}],
 "inputs":
 [["deps",
   [["Physlib/Physlib:extraDep", [["@Physlib:extraDep", "00000000000006bb"]]],
    ["imports",
     [["Physlib.SpaceAndTime.Space.Origin transitive imports (public)",
       "2a93225ef5db3c02"],
      ["Physlib.SpaceAndTime.Space.Origin:importArts", "a20b9161be52fdf1"],
      ["Physlib.SpaceAndTime.Space.EuclideanGroup.AffineGroup transitive imports (public)",
       "f95638759d71d806"],
      ["Physlib.SpaceAndTime.Space.EuclideanGroup.AffineGroup:importArts",
       "26ee997fa577c02a"]]]]],
  ["libs",
   [["import dynlibs", "00000000000006bb"],
    ["package external libraries", "00000000000006bb"],
    ["module dynlibs", "00000000000006bb"],
    ["module plugins", "00000000000006bb"]]],
  ["Lean 4.34.0, commit 293d5d0c0c3f3dded4688b3ccd6a33939ac5102b",
   "a1c6c7aa3e9abfe7"],
  ["C:\\lean\\libs\\physlib\\Physlib\\SpaceAndTime\\Space\\EuclideanGroup\\Action.lean",
   "2f4ef3bd1c5d770f"],
  ["options", "00000000000006bb"],
  ["isModule: true", "760fcc16989f4b9b"],
  ["Module.name: Physlib.SpaceAndTime.Space.EuclideanGroup.Action",
   "b5ec414641c26710"],
  ["Package.id?: (some Physlib)", "6dd4b1a3d0e46d70"],
  ["Module.leanArgs: #[-Dwarn.sorry=false, -Dweak.says.verify=true]",
   "72cd5083b9c31fb2"]],
 "depHash": "d59b3a9ce9340723"}