{"synthetic": false,
 "schemaVersion": "2025-09-10",
 "outputs":
 {"rs": "40b92d7765f28074.ir.sig",
  "r": "d4e94163ff96fc3c.ir",
  "o":
  ["d642f8bfa1acc3d2.olean",
   "030f0b603a71d3cc.olean.server",
   "239f5006488881fe.olean.private"],
  "m": true,
  "i": "4608376fc6c8901a.ilean",
  "c": "341fb5e15fd42085.c"},
 "log":
 [{"message":
   ".> LEAN_PATH=C:\\lean\\mathlib4\\.lake\\packages\\Cli\\.lake\\build\\lib\\lean;C:\\lean\\mathlib4\\.lake\\packages\\batteries\\.lake\\build\\lib\\lean;C:\\lean\\mathlib4\\.lake\\packages\\Qq\\.lake\\build\\lib\\lean;C:\\lean\\mathlib4\\.lake\\packages\\aesop\\.lake\\build\\lib\\lean;C:\\lean\\mathlib4\\.lake\\packages\\proofwidgets\\.lake\\build\\lib\\lean;C:\\lean\\mathlib4\\.lake\\packages\\importGraph\\.lake\\build\\lib\\lean;C:\\lean\\mathlib4\\.lake\\packages\\LeanSearchClient\\.lake\\build\\lib\\lean;C:\\lean\\mathlib4\\.lake\\packages\\plausible\\.lake\\build\\lib\\lean;C:\\lean\\mathlib4\\.lake\\build\\lib\\lean;C:\\lean\\libs\\physlib\\.lake\\build\\lib\\lean c:\\Users\\Administrator\\.elan\\toolchains\\leanprover--lean4---v4.34.0\\bin\\lean.exe -Dwarn.sorry=false -Dweak.says.verify=true C:\\lean\\libs\\physlib\\Physlib\\StringTheory\\FTheory\\SU5\\Quanta\\Basic.lean -o C:\\lean\\libs\\physlib\\.lake\\build\\lib\\lean\\Physlib\\StringTheory\\FTheory\\SU5\\Quanta\\Basic.olean -i C:\\lean\\libs\\physlib\\.lake\\build\\lib\\lean\\Physlib\\StringTheory\\FTheory\\SU5\\Quanta\\Basic.ilean -c C:\\lean\\libs\\physlib\\.lake\\build\\ir\\Physlib\\StringTheory\\FTheory\\SU5\\Quanta\\Basic.c --setup C:\\lean\\libs\\physlib\\.lake\\build\\ir\\Physlib\\StringTheory\\FTheory\\SU5\\Quanta\\Basic.setup.json --json",
   "level": "trace"}],
 "inputs":
 [["deps",
   [["Physlib/Physlib:extraDep", [["@Physlib:extraDep", "00000000000006bb"]]],
    ["imports",
     [["Physlib.StringTheory.FTheory.SU5.Quanta.FiveQuanta transitive imports (public)",
       "635c5b74a016949b"],
      ["Physlib.StringTheory.FTheory.SU5.Quanta.FiveQuanta:importArts",
       "56ce63ed01303750"],
      ["Physlib.StringTheory.FTheory.SU5.Quanta.TenQuanta transitive imports (public)",
       "635c5b74a016949b"],
      ["Physlib.StringTheory.FTheory.SU5.Quanta.TenQuanta:importArts",
       "21811aec0d8a451d"]]]]],
  ["libs",
   [["import dynlibs", "00000000000006bb"],
    ["package external libraries", "00000000000006bb"],
    ["module dynlibs", "00000000000006bb"],
    ["module plugins", "00000000000006bb"]]],
  ["Lean 4.34.0, commit 293d5d0c0c3f3dded4688b3ccd6a33939ac5102b",
   "a1c6c7aa3e9abfe7"],
  ["C:\\lean\\libs\\physlib\\Physlib\\StringTheory\\FTheory\\SU5\\Quanta\\Basic.lean",
   "d748ba0f6f1aae56"],
  ["options", "00000000000006bb"],
  ["isModule: true", "760fcc16989f4b9b"],
  ["Module.name: Physlib.StringTheory.FTheory.SU5.Quanta.Basic",
   "54d485767f17b67f"],
  ["Package.id?: (some Physlib)", "6dd4b1a3d0e46d70"],
  ["Module.leanArgs: #[-Dwarn.sorry=false, -Dweak.says.verify=true]",
   "72cd5083b9c31fb2"]],
 "depHash": "2ec9efac8c5baccc"}