{"synthetic": false,
 "schemaVersion": "2025-09-10",
 "outputs":
 {"rs": "900c4e5b62e15841.ir.sig",
  "r": "a8f6fc62e43ade25.ir",
  "o":
  ["63e50c10012e7e85.olean",
   "1d96ef6ef7e144ca.olean.server",
   "51870e95c5733578.olean.private"],
  "m": true,
  "i": "fee8c8eb4a5eae79.ilean",
  "c": "75df9e83f6bf781c.c"},
 "log":
 [{"message":
   ".> LEAN_PATH=C:\\lean\\mathlib4\\.lake\\packages\\Cli\\.lake\\build\\lib\\lean;C:\\lean\\mathlib4\\.lake\\packages\\batteries\\.lake\\build\\lib\\lean;C:\\lean\\mathlib4\\.lake\\packages\\Qq\\.lake\\build\\lib\\lean;C:\\lean\\mathlib4\\.lake\\packages\\aesop\\.lake\\build\\lib\\lean;C:\\lean\\mathlib4\\.lake\\packages\\proofwidgets\\.lake\\build\\lib\\lean;C:\\lean\\mathlib4\\.lake\\packages\\importGraph\\.lake\\build\\lib\\lean;C:\\lean\\mathlib4\\.lake\\packages\\LeanSearchClient\\.lake\\build\\lib\\lean;C:\\lean\\mathlib4\\.lake\\packages\\plausible\\.lake\\build\\lib\\lean;C:\\lean\\mathlib4\\.lake\\build\\lib\\lean;C:\\lean\\libs\\physlib\\.lake\\build\\lib\\lean c:\\Users\\Administrator\\.elan\\toolchains\\leanprover--lean4---v4.34.0\\bin\\lean.exe -Dwarn.sorry=false -Dweak.says.verify=true C:\\lean\\libs\\physlib\\Physlib\\StringTheory\\FTheory\\SU5\\Quanta\\IsViable.lean -o C:\\lean\\libs\\physlib\\.lake\\build\\lib\\lean\\Physlib\\StringTheory\\FTheory\\SU5\\Quanta\\IsViable.olean -i C:\\lean\\libs\\physlib\\.lake\\build\\lib\\lean\\Physlib\\StringTheory\\FTheory\\SU5\\Quanta\\IsViable.ilean -c C:\\lean\\libs\\physlib\\.lake\\build\\ir\\Physlib\\StringTheory\\FTheory\\SU5\\Quanta\\IsViable.c --setup C:\\lean\\libs\\physlib\\.lake\\build\\ir\\Physlib\\StringTheory\\FTheory\\SU5\\Quanta\\IsViable.setup.json --json",
   "level": "trace"}],
 "inputs":
 [["deps",
   [["Physlib/Physlib:extraDep", [["@Physlib:extraDep", "00000000000006bb"]]],
    ["imports",
     [["Physlib.StringTheory.FTheory.SU5.Charges.AnomalyFree transitive imports (public)",
       "a76ac18de7d7ed4e"],
      ["Physlib.StringTheory.FTheory.SU5.Charges.AnomalyFree:importArts",
       "b772af74ffdd1334"]]]]],
  ["libs",
   [["import dynlibs", "00000000000006bb"],
    ["package external libraries", "00000000000006bb"],
    ["module dynlibs", "00000000000006bb"],
    ["module plugins", "00000000000006bb"]]],
  ["Lean 4.34.0, commit 293d5d0c0c3f3dded4688b3ccd6a33939ac5102b",
   "a1c6c7aa3e9abfe7"],
  ["C:\\lean\\libs\\physlib\\Physlib\\StringTheory\\FTheory\\SU5\\Quanta\\IsViable.lean",
   "bbdb8c53b061deb6"],
  ["options", "00000000000006bb"],
  ["isModule: true", "760fcc16989f4b9b"],
  ["Module.name: Physlib.StringTheory.FTheory.SU5.Quanta.IsViable",
   "064e2c1553983349"],
  ["Package.id?: (some Physlib)", "6dd4b1a3d0e46d70"],
  ["Module.leanArgs: #[-Dwarn.sorry=false, -Dweak.says.verify=true]",
   "72cd5083b9c31fb2"]],
 "depHash": "b937b443ea1b695b"}