{"synthetic": false,
 "schemaVersion": "2025-09-10",
 "outputs":
 {"rs": "2b9ed4d893fec194.ir.sig",
  "r": "0d73cd34c827b6d6.ir",
  "o":
  ["19b77e451b4e8dd4.olean",
   "e27449b3cfeee6b7.olean.server",
   "587bc8d3ccfb5247.olean.private"],
  "m": true,
  "i": "2cb61f7bad348b19.ilean",
  "c": "99860e6de2ada140.c"},
 "log":
 [{"message":
   ".> LEAN_PATH=C:\\lean\\mathlib4\\.lake\\packages\\Cli\\.lake\\build\\lib\\lean;C:\\lean\\mathlib4\\.lake\\packages\\batteries\\.lake\\build\\lib\\lean;C:\\lean\\mathlib4\\.lake\\packages\\Qq\\.lake\\build\\lib\\lean;C:\\lean\\mathlib4\\.lake\\packages\\aesop\\.lake\\build\\lib\\lean;C:\\lean\\mathlib4\\.lake\\packages\\proofwidgets\\.lake\\build\\lib\\lean;C:\\lean\\mathlib4\\.lake\\packages\\importGraph\\.lake\\build\\lib\\lean;C:\\lean\\mathlib4\\.lake\\packages\\LeanSearchClient\\.lake\\build\\lib\\lean;C:\\lean\\mathlib4\\.lake\\packages\\plausible\\.lake\\build\\lib\\lean;C:\\lean\\mathlib4\\.lake\\build\\lib\\lean;C:\\lean\\libs\\physlib\\.lake\\build\\lib\\lean c:\\Users\\Administrator\\.elan\\toolchains\\leanprover--lean4---v4.34.0\\bin\\lean.exe -Dwarn.sorry=false -Dweak.says.verify=true C:\\lean\\libs\\physlib\\Physlib\\Electromagnetism\\Distributional\\Basic.lean -o C:\\lean\\libs\\physlib\\.lake\\build\\lib\\lean\\Physlib\\Electromagnetism\\Distributional\\Basic.olean -i C:\\lean\\libs\\physlib\\.lake\\build\\lib\\lean\\Physlib\\Electromagnetism\\Distributional\\Basic.ilean -c C:\\lean\\libs\\physlib\\.lake\\build\\ir\\Physlib\\Electromagnetism\\Distributional\\Basic.c --setup C:\\lean\\libs\\physlib\\.lake\\build\\ir\\Physlib\\Electromagnetism\\Distributional\\Basic.setup.json --json",
   "level": "trace"}],
 "inputs":
 [["deps",
   [["Physlib/Physlib:extraDep", [["@Physlib:extraDep", "00000000000006bb"]]],
    ["imports",
     [["Physlib.SpaceAndTime.TimeAndSpace.ConstantTimeDist transitive imports (public)",
       "15183c1350a2bde1"],
      ["Physlib.SpaceAndTime.TimeAndSpace.ConstantTimeDist:importArts",
       "bd053f66eeecaffa"],
      ["Physlib.Mathematics.VariationalCalculus.HasVarAdjDeriv transitive imports (public)",
       "efd0d33dbc943aac"],
      ["Physlib.Mathematics.VariationalCalculus.HasVarAdjDeriv:importArts",
       "f9364ae7ccea4d24"],
      ["Physlib.SpaceAndTime.Space.DistOfFunction transitive imports (public)",
       "d81d15ee50b68e0a"],
      ["Physlib.SpaceAndTime.Space.DistOfFunction:importArts",
       "56f7a758838884bb"],
      ["Physlib.SpaceAndTime.SpaceTime.TimeSlice transitive imports (public)",
       "9810b2f5e849ffe1"],
      ["Physlib.SpaceAndTime.SpaceTime.TimeSlice:importArts",
       "3703820b72ce06a8"]]]]],
  ["libs",
   [["import dynlibs", "00000000000006bb"],
    ["package external libraries", "00000000000006bb"],
    ["module dynlibs", "00000000000006bb"],
    ["module plugins", "00000000000006bb"]]],
  ["Lean 4.34.0, commit 293d5d0c0c3f3dded4688b3ccd6a33939ac5102b",
   "a1c6c7aa3e9abfe7"],
  ["C:\\lean\\libs\\physlib\\Physlib\\Electromagnetism\\Distributional\\Basic.lean",
   "0d48134cef90ece6"],
  ["options", "00000000000006bb"],
  ["isModule: true", "760fcc16989f4b9b"],
  ["Module.name: Physlib.Electromagnetism.Distributional.Basic",
   "841095f4707cf445"],
  ["Package.id?: (some Physlib)", "6dd4b1a3d0e46d70"],
  ["Module.leanArgs: #[-Dwarn.sorry=false, -Dweak.says.verify=true]",
   "72cd5083b9c31fb2"]],
 "depHash": "6d4410b47166cc28"}