{"synthetic": false,
 "schemaVersion": "2025-09-10",
 "outputs":
 {"rs": "d93bd256951a5602.ir.sig",
  "r": "093590ecc1708418.ir",
  "o":
  ["264f9676a657b36e.olean",
   "d05e8c861e09a7ca.olean.server",
   "6750b682d9c67ce8.olean.private"],
  "m": true,
  "i": "22b443476fef6ed2.ilean",
  "c": "1d32a7b038fd3f4d.c"},
 "log":
 [{"message":
   ".> LEAN_PATH=C:\\lean\\mathlib4\\.lake\\packages\\Cli\\.lake\\build\\lib\\lean;C:\\lean\\mathlib4\\.lake\\packages\\batteries\\.lake\\build\\lib\\lean;C:\\lean\\mathlib4\\.lake\\packages\\Qq\\.lake\\build\\lib\\lean;C:\\lean\\mathlib4\\.lake\\packages\\aesop\\.lake\\build\\lib\\lean;C:\\lean\\mathlib4\\.lake\\packages\\proofwidgets\\.lake\\build\\lib\\lean;C:\\lean\\mathlib4\\.lake\\packages\\importGraph\\.lake\\build\\lib\\lean;C:\\lean\\mathlib4\\.lake\\packages\\LeanSearchClient\\.lake\\build\\lib\\lean;C:\\lean\\mathlib4\\.lake\\packages\\plausible\\.lake\\build\\lib\\lean;C:\\lean\\mathlib4\\.lake\\build\\lib\\lean;C:\\lean\\libs\\physlib\\.lake\\build\\lib\\lean c:\\Users\\Administrator\\.elan\\toolchains\\leanprover--lean4---v4.34.0\\bin\\lean.exe -Dwarn.sorry=false -Dweak.says.verify=true C:\\lean\\libs\\physlib\\Physlib\\Electromagnetism\\Distributional\\ElectricField.lean -o C:\\lean\\libs\\physlib\\.lake\\build\\lib\\lean\\Physlib\\Electromagnetism\\Distributional\\ElectricField.olean -i C:\\lean\\libs\\physlib\\.lake\\build\\lib\\lean\\Physlib\\Electromagnetism\\Distributional\\ElectricField.ilean -c C:\\lean\\libs\\physlib\\.lake\\build\\ir\\Physlib\\Electromagnetism\\Distributional\\ElectricField.c --setup C:\\lean\\libs\\physlib\\.lake\\build\\ir\\Physlib\\Electromagnetism\\Distributional\\ElectricField.setup.json --json",
   "level": "trace"}],
 "inputs":
 [["deps",
   [["Physlib/Physlib:extraDep", [["@Physlib:extraDep", "00000000000006bb"]]],
    ["imports",
     [["Physlib.Electromagnetism.Distributional.VectorPotential transitive imports (public)",
       "f8bf1230f7d39f88"],
      ["Physlib.Electromagnetism.Distributional.VectorPotential:importArts",
       "5ad14ce3e6541c4f"],
      ["Physlib.Electromagnetism.Distributional.ScalarPotential transitive imports (public)",
       "f8bf1230f7d39f88"],
      ["Physlib.Electromagnetism.Distributional.ScalarPotential:importArts",
       "fb9ea5833d8c730d"],
      ["Physlib.Electromagnetism.Distributional.FieldStrength transitive imports (public)",
       "1ad62ac1d2f0a4cb"],
      ["Physlib.Electromagnetism.Distributional.FieldStrength:importArts",
       "6b762c7e6b3c4a5d"],
      ["Physlib.Electromagnetism.Basic transitive imports (public)",
       "7e02962a2c9baf64"],
      ["Physlib.Electromagnetism.Basic:importArts", "b519b9552a8a3707"]]]]],
  ["libs",
   [["import dynlibs", "00000000000006bb"],
    ["package external libraries", "00000000000006bb"],
    ["module dynlibs", "00000000000006bb"],
    ["module plugins", "00000000000006bb"]]],
  ["Lean 4.34.0, commit 293d5d0c0c3f3dded4688b3ccd6a33939ac5102b",
   "a1c6c7aa3e9abfe7"],
  ["C:\\lean\\libs\\physlib\\Physlib\\Electromagnetism\\Distributional\\ElectricField.lean",
   "f54b91d0b48998e1"],
  ["options", "00000000000006bb"],
  ["isModule: true", "760fcc16989f4b9b"],
  ["Module.name: Physlib.Electromagnetism.Distributional.ElectricField",
   "b6ff4784c66f32c6"],
  ["Package.id?: (some Physlib)", "6dd4b1a3d0e46d70"],
  ["Module.leanArgs: #[-Dwarn.sorry=false, -Dweak.says.verify=true]",
   "72cd5083b9c31fb2"]],
 "depHash": "d5678840b48cdac3"}