{"synthetic": false,
 "schemaVersion": "2025-09-10",
 "outputs":
 {"rs": "bba6b899f814febc.ir.sig",
  "r": "248ea6f6c0c44cc4.ir",
  "o":
  ["c8c8781b6a96b877.olean",
   "4142f739db87bbe7.olean.server",
   "aa0d79f76ad6a3a1.olean.private"],
  "m": true,
  "i": "093e0a4f3837ec77.ilean",
  "c": "a2bafc9e511062f8.c"},
 "log":
 [{"message":
   ".> LEAN_PATH=C:\\lean\\mathlib4\\.lake\\packages\\Cli\\.lake\\build\\lib\\lean;C:\\lean\\mathlib4\\.lake\\packages\\batteries\\.lake\\build\\lib\\lean;C:\\lean\\mathlib4\\.lake\\packages\\Qq\\.lake\\build\\lib\\lean;C:\\lean\\mathlib4\\.lake\\packages\\aesop\\.lake\\build\\lib\\lean;C:\\lean\\mathlib4\\.lake\\packages\\proofwidgets\\.lake\\build\\lib\\lean;C:\\lean\\mathlib4\\.lake\\packages\\importGraph\\.lake\\build\\lib\\lean;C:\\lean\\mathlib4\\.lake\\packages\\LeanSearchClient\\.lake\\build\\lib\\lean;C:\\lean\\mathlib4\\.lake\\packages\\plausible\\.lake\\build\\lib\\lean;C:\\lean\\mathlib4\\.lake\\build\\lib\\lean;C:\\lean\\libs\\physlib\\.lake\\build\\lib\\lean c:\\Users\\Administrator\\.elan\\toolchains\\leanprover--lean4---v4.34.0\\bin\\lean.exe -Dwarn.sorry=false -Dweak.says.verify=true C:\\lean\\libs\\physlib\\Physlib\\Electromagnetism\\Distributional\\FieldStrength.lean -o C:\\lean\\libs\\physlib\\.lake\\build\\lib\\lean\\Physlib\\Electromagnetism\\Distributional\\FieldStrength.olean -i C:\\lean\\libs\\physlib\\.lake\\build\\lib\\lean\\Physlib\\Electromagnetism\\Distributional\\FieldStrength.ilean -c C:\\lean\\libs\\physlib\\.lake\\build\\ir\\Physlib\\Electromagnetism\\Distributional\\FieldStrength.c --setup C:\\lean\\libs\\physlib\\.lake\\build\\ir\\Physlib\\Electromagnetism\\Distributional\\FieldStrength.setup.json --json",
   "level": "trace"}],
 "inputs":
 [["deps",
   [["Physlib/Physlib:extraDep", [["@Physlib:extraDep", "00000000000006bb"]]],
    ["imports",
     [["Physlib.Electromagnetism.Distributional.Basic transitive imports (public)",
       "96c6225f658cfae1"],
      ["Physlib.Electromagnetism.Distributional.Basic:importArts",
       "fae54aac3d914036"],
      ["Physlib.Relativity.Tensors.RealTensor.Metrics.Basic transitive imports (public)",
       "b5a6cae7cd1d5d8e"],
      ["Physlib.Relativity.Tensors.RealTensor.Metrics.Basic:importArts",
       "06d8fedd8963a2f6"],
      ["Mathlib.Algebra.Order.Archimedean.Real.Hom transitive imports (public)",
       "5bc639b0f10c7b70"],
      ["Mathlib.Algebra.Order.Archimedean.Real.Hom:importArts",
       "360bd4ecffcf9e7c"]]]]],
  ["libs",
   [["import dynlibs", "00000000000006bb"],
    ["package external libraries", "00000000000006bb"],
    ["module dynlibs", "00000000000006bb"],
    ["module plugins", "00000000000006bb"]]],
  ["Lean 4.34.0, commit 293d5d0c0c3f3dded4688b3ccd6a33939ac5102b",
   "a1c6c7aa3e9abfe7"],
  ["C:\\lean\\libs\\physlib\\Physlib\\Electromagnetism\\Distributional\\FieldStrength.lean",
   "8a4c58a0cadaef49"],
  ["options", "00000000000006bb"],
  ["isModule: true", "760fcc16989f4b9b"],
  ["Module.name: Physlib.Electromagnetism.Distributional.FieldStrength",
   "29f1b0843677c899"],
  ["Package.id?: (some Physlib)", "6dd4b1a3d0e46d70"],
  ["Module.leanArgs: #[-Dwarn.sorry=false, -Dweak.says.verify=true]",
   "72cd5083b9c31fb2"]],
 "depHash": "625d171646804c04"}