{"synthetic": false,
 "schemaVersion": "2025-09-10",
 "outputs":
 {"rs": "a5f7d7396811af13.ir.sig",
  "r": "582ef63771267847.ir",
  "o":
  ["944642e76f63b891.olean",
   "1232d592dfc8b2e2.olean.server",
   "13f73e3dd22a03c0.olean.private"],
  "m": true,
  "i": "5b06d9d106025941.ilean",
  "c": "feffd55f638a2ad0.c"},
 "log":
 [{"message":
   ".> LEAN_PATH=C:\\lean\\mathlib4\\.lake\\packages\\Cli\\.lake\\build\\lib\\lean;C:\\lean\\mathlib4\\.lake\\packages\\batteries\\.lake\\build\\lib\\lean;C:\\lean\\mathlib4\\.lake\\packages\\Qq\\.lake\\build\\lib\\lean;C:\\lean\\mathlib4\\.lake\\packages\\aesop\\.lake\\build\\lib\\lean;C:\\lean\\mathlib4\\.lake\\packages\\proofwidgets\\.lake\\build\\lib\\lean;C:\\lean\\mathlib4\\.lake\\packages\\importGraph\\.lake\\build\\lib\\lean;C:\\lean\\mathlib4\\.lake\\packages\\LeanSearchClient\\.lake\\build\\lib\\lean;C:\\lean\\mathlib4\\.lake\\packages\\plausible\\.lake\\build\\lib\\lean;C:\\lean\\mathlib4\\.lake\\build\\lib\\lean;C:\\lean\\libs\\physlib\\.lake\\build\\lib\\lean c:\\Users\\Administrator\\.elan\\toolchains\\leanprover--lean4---v4.34.0\\bin\\lean.exe -Dwarn.sorry=false -Dweak.says.verify=true C:\\lean\\libs\\physlib\\Physlib\\QuantumMechanics\\HarmonicOscillator\\OneDimension\\Basic.lean -o C:\\lean\\libs\\physlib\\.lake\\build\\lib\\lean\\Physlib\\QuantumMechanics\\HarmonicOscillator\\OneDimension\\Basic.olean -i C:\\lean\\libs\\physlib\\.lake\\build\\lib\\lean\\Physlib\\QuantumMechanics\\HarmonicOscillator\\OneDimension\\Basic.ilean -c C:\\lean\\libs\\physlib\\.lake\\build\\ir\\Physlib\\QuantumMechanics\\HarmonicOscillator\\OneDimension\\Basic.c --setup C:\\lean\\libs\\physlib\\.lake\\build\\ir\\Physlib\\QuantumMechanics\\HarmonicOscillator\\OneDimension\\Basic.setup.json --json",
   "level": "trace"}],
 "inputs":
 [["deps",
   [["Physlib/Physlib:extraDep", [["@Physlib:extraDep", "00000000000006bb"]]],
    ["imports",
     [["Physlib.QuantumMechanics.Operators.OneDimension.Parity transitive imports (public)",
       "4f124c773086ea19"],
      ["Physlib.QuantumMechanics.Operators.OneDimension.Parity:importArts",
       "ddbc664422098c9e"],
      ["Physlib.QuantumMechanics.Operators.OneDimension.Momentum transitive imports (public)",
       "11fcd202fef639a8"],
      ["Physlib.QuantumMechanics.Operators.OneDimension.Momentum:importArts",
       "39053d5151c48cc5"],
      ["Physlib.QuantumMechanics.Operators.OneDimension.Position transitive imports (public)",
       "b549f5e0daf16ccf"],
      ["Physlib.QuantumMechanics.Operators.OneDimension.Position:importArts",
       "ff84ce185815b589"]]]]],
  ["libs",
   [["import dynlibs", "00000000000006bb"],
    ["package external libraries", "00000000000006bb"],
    ["module dynlibs", "00000000000006bb"],
    ["module plugins", "00000000000006bb"]]],
  ["Lean 4.34.0, commit 293d5d0c0c3f3dded4688b3ccd6a33939ac5102b",
   "a1c6c7aa3e9abfe7"],
  ["C:\\lean\\libs\\physlib\\Physlib\\QuantumMechanics\\HarmonicOscillator\\OneDimension\\Basic.lean",
   "0189c09135be457f"],
  ["options", "00000000000006bb"],
  ["isModule: true", "760fcc16989f4b9b"],
  ["Module.name: Physlib.QuantumMechanics.HarmonicOscillator.OneDimension.Basic",
   "089f56bf62ed5ea7"],
  ["Package.id?: (some Physlib)", "6dd4b1a3d0e46d70"],
  ["Module.leanArgs: #[-Dwarn.sorry=false, -Dweak.says.verify=true]",
   "72cd5083b9c31fb2"]],
 "depHash": "a40ed18393d443db"}