{"synthetic": false,
 "schemaVersion": "2025-09-10",
 "outputs":
 {"rs": "023a139e62c6b15a.ir.sig",
  "r": "07ef3803267736ac.ir",
  "o":
  ["b138a5cfc47570be.olean",
   "e540f283053351c3.olean.server",
   "be934f80e7c50c7a.olean.private"],
  "m": true,
  "i": "052512589ca0dba3.ilean",
  "c": "2a08bf4f5a99858f.c"},
 "log":
 [{"message":
   ".> LEAN_PATH=C:\\lean\\mathlib4\\.lake\\packages\\Cli\\.lake\\build\\lib\\lean;C:\\lean\\mathlib4\\.lake\\packages\\batteries\\.lake\\build\\lib\\lean;C:\\lean\\mathlib4\\.lake\\packages\\Qq\\.lake\\build\\lib\\lean;C:\\lean\\mathlib4\\.lake\\packages\\aesop\\.lake\\build\\lib\\lean;C:\\lean\\mathlib4\\.lake\\packages\\proofwidgets\\.lake\\build\\lib\\lean;C:\\lean\\mathlib4\\.lake\\packages\\importGraph\\.lake\\build\\lib\\lean;C:\\lean\\mathlib4\\.lake\\packages\\LeanSearchClient\\.lake\\build\\lib\\lean;C:\\lean\\mathlib4\\.lake\\packages\\plausible\\.lake\\build\\lib\\lean;C:\\lean\\mathlib4\\.lake\\build\\lib\\lean;C:\\lean\\libs\\physlib\\.lake\\build\\lib\\lean c:\\Users\\Administrator\\.elan\\toolchains\\leanprover--lean4---v4.34.0\\bin\\lean.exe -Dwarn.sorry=false -Dweak.says.verify=true C:\\lean\\libs\\physlib\\Physlib\\QuantumMechanics\\HarmonicOscillator\\OneDimension\\Completeness.lean -o C:\\lean\\libs\\physlib\\.lake\\build\\lib\\lean\\Physlib\\QuantumMechanics\\HarmonicOscillator\\OneDimension\\Completeness.olean -i C:\\lean\\libs\\physlib\\.lake\\build\\lib\\lean\\Physlib\\QuantumMechanics\\HarmonicOscillator\\OneDimension\\Completeness.ilean -c C:\\lean\\libs\\physlib\\.lake\\build\\ir\\Physlib\\QuantumMechanics\\HarmonicOscillator\\OneDimension\\Completeness.c --setup C:\\lean\\libs\\physlib\\.lake\\build\\ir\\Physlib\\QuantumMechanics\\HarmonicOscillator\\OneDimension\\Completeness.setup.json --json",
   "level": "trace"},
  {"message":
   "Physlib/QuantumMechanics/HarmonicOscillator/OneDimension/Completeness.lean:428:8: Unused tactic linter: `simp` does nothing\n\nNote: This linter can be disabled with `set_option linter.unusedTactic false`",
   "level": "warning"},
  {"message":
   "Physlib/QuantumMechanics/HarmonicOscillator/OneDimension/Completeness.lean:428:8: this tactic is never executed\n\nNote: This linter can be disabled with `set_option linter.unreachableTactic false`",
   "level": "warning"}],
 "inputs":
 [["deps",
   [["Physlib/Physlib:extraDep", [["@Physlib:extraDep", "00000000000006bb"]]],
    ["imports",
     [["Physlib.QuantumMechanics.HarmonicOscillator.OneDimension.Eigenfunction transitive imports (public)",
       "e1bd9f634042b041"],
      ["Physlib.QuantumMechanics.HarmonicOscillator.OneDimension.Eigenfunction:importArts",
       "ce375a8508eac587"],
      ["Physlib.QuantumMechanics.HilbertSpaces.OneDimension.Gaussians transitive imports (public)",
       "a6781255630de353"],
      ["Physlib.QuantumMechanics.HilbertSpaces.OneDimension.Gaussians:importArts",
       "c93d925fbfd70959"]]]]],
  ["libs",
   [["import dynlibs", "00000000000006bb"],
    ["package external libraries", "00000000000006bb"],
    ["module dynlibs", "00000000000006bb"],
    ["module plugins", "00000000000006bb"]]],
  ["Lean 4.34.0, commit 293d5d0c0c3f3dded4688b3ccd6a33939ac5102b",
   "a1c6c7aa3e9abfe7"],
  ["C:\\lean\\libs\\physlib\\Physlib\\QuantumMechanics\\HarmonicOscillator\\OneDimension\\Completeness.lean",
   "c34e772ebddb9cdf"],
  ["options", "00000000000006bb"],
  ["isModule: true", "760fcc16989f4b9b"],
  ["Module.name: Physlib.QuantumMechanics.HarmonicOscillator.OneDimension.Completeness",
   "b45b5d24a1e57dcb"],
  ["Package.id?: (some Physlib)", "6dd4b1a3d0e46d70"],
  ["Module.leanArgs: #[-Dwarn.sorry=false, -Dweak.says.verify=true]",
   "72cd5083b9c31fb2"]],
 "depHash": "bc54b53d57fa78ac"}