{"synthetic": false,
 "schemaVersion": "2025-09-10",
 "outputs":
 {"rs": "5d7db5ffa52a4273.ir.sig",
  "r": "fbd67390c7c5a4e9.ir",
  "o":
  ["a430d543fbb1f22e.olean",
   "bc88f3ef2cc70ffa.olean.server",
   "64ba3e451f4512ed.olean.private"],
  "m": true,
  "i": "152c12c8acd172a7.ilean",
  "c": "151e6bd46ab34ac3.c"},
 "log":
 [{"message":
   ".> LEAN_PATH=C:\\lean\\mathlib4\\.lake\\packages\\Cli\\.lake\\build\\lib\\lean;C:\\lean\\mathlib4\\.lake\\packages\\batteries\\.lake\\build\\lib\\lean;C:\\lean\\mathlib4\\.lake\\packages\\Qq\\.lake\\build\\lib\\lean;C:\\lean\\mathlib4\\.lake\\packages\\aesop\\.lake\\build\\lib\\lean;C:\\lean\\mathlib4\\.lake\\packages\\proofwidgets\\.lake\\build\\lib\\lean;C:\\lean\\mathlib4\\.lake\\packages\\importGraph\\.lake\\build\\lib\\lean;C:\\lean\\mathlib4\\.lake\\packages\\LeanSearchClient\\.lake\\build\\lib\\lean;C:\\lean\\mathlib4\\.lake\\packages\\plausible\\.lake\\build\\lib\\lean;C:\\lean\\mathlib4\\.lake\\build\\lib\\lean;C:\\lean\\libs\\physlib\\.lake\\build\\lib\\lean c:\\Users\\Administrator\\.elan\\toolchains\\leanprover--lean4---v4.34.0\\bin\\lean.exe -Dwarn.sorry=false -Dweak.says.verify=true C:\\lean\\libs\\physlib\\Physlib\\QuantumMechanics\\HarmonicOscillator\\OneDimension\\Eigenfunction.lean -o C:\\lean\\libs\\physlib\\.lake\\build\\lib\\lean\\Physlib\\QuantumMechanics\\HarmonicOscillator\\OneDimension\\Eigenfunction.olean -i C:\\lean\\libs\\physlib\\.lake\\build\\lib\\lean\\Physlib\\QuantumMechanics\\HarmonicOscillator\\OneDimension\\Eigenfunction.ilean -c C:\\lean\\libs\\physlib\\.lake\\build\\ir\\Physlib\\QuantumMechanics\\HarmonicOscillator\\OneDimension\\Eigenfunction.c --setup C:\\lean\\libs\\physlib\\.lake\\build\\ir\\Physlib\\QuantumMechanics\\HarmonicOscillator\\OneDimension\\Eigenfunction.setup.json --json",
   "level": "trace"}],
 "inputs":
 [["deps",
   [["Physlib/Physlib:extraDep", [["@Physlib:extraDep", "00000000000006bb"]]],
    ["imports",
     [["Physlib.QuantumMechanics.HarmonicOscillator.OneDimension.Basic transitive imports (public)",
       "d257e1d25dbbba44"],
      ["Physlib.QuantumMechanics.HarmonicOscillator.OneDimension.Basic:importArts",
       "e2980a0787a12428"],
      ["Physlib.Mathematics.SpecialFunctions.PhysHermite transitive imports (public)",
       "ecd02733113f8fe2"],
      ["Physlib.Mathematics.SpecialFunctions.PhysHermite:importArts",
       "aa7a958a82efd8b7"]]]]],
  ["libs",
   [["import dynlibs", "00000000000006bb"],
    ["package external libraries", "00000000000006bb"],
    ["module dynlibs", "00000000000006bb"],
    ["module plugins", "00000000000006bb"]]],
  ["Lean 4.34.0, commit 293d5d0c0c3f3dded4688b3ccd6a33939ac5102b",
   "a1c6c7aa3e9abfe7"],
  ["C:\\lean\\libs\\physlib\\Physlib\\QuantumMechanics\\HarmonicOscillator\\OneDimension\\Eigenfunction.lean",
   "d134ab238fac34a2"],
  ["options", "00000000000006bb"],
  ["isModule: true", "760fcc16989f4b9b"],
  ["Module.name: Physlib.QuantumMechanics.HarmonicOscillator.OneDimension.Eigenfunction",
   "f6b8739cea10fba5"],
  ["Package.id?: (some Physlib)", "6dd4b1a3d0e46d70"],
  ["Module.leanArgs: #[-Dwarn.sorry=false, -Dweak.says.verify=true]",
   "72cd5083b9c31fb2"]],
 "depHash": "006b11c2c7a09fc4"}