{"synthetic": false,
 "schemaVersion": "2025-09-10",
 "outputs":
 {"rs": "941751136f00b39f.ir.sig",
  "r": "e96b032135ee86ea.ir",
  "o":
  ["73d2beb361b9abd3.olean",
   "1b5ca0cdb888596f.olean.server",
   "753398a6a39fe19a.olean.private"],
  "m": true,
  "i": "475f0302b63a622a.ilean",
  "c": "c05a9da370ab2f52.c"},
 "log":
 [{"message":
   ".> LEAN_PATH=C:\\lean\\mathlib4\\.lake\\packages\\Cli\\.lake\\build\\lib\\lean;C:\\lean\\mathlib4\\.lake\\packages\\batteries\\.lake\\build\\lib\\lean;C:\\lean\\mathlib4\\.lake\\packages\\Qq\\.lake\\build\\lib\\lean;C:\\lean\\mathlib4\\.lake\\packages\\aesop\\.lake\\build\\lib\\lean;C:\\lean\\mathlib4\\.lake\\packages\\proofwidgets\\.lake\\build\\lib\\lean;C:\\lean\\mathlib4\\.lake\\packages\\importGraph\\.lake\\build\\lib\\lean;C:\\lean\\mathlib4\\.lake\\packages\\LeanSearchClient\\.lake\\build\\lib\\lean;C:\\lean\\mathlib4\\.lake\\packages\\plausible\\.lake\\build\\lib\\lean;C:\\lean\\mathlib4\\.lake\\build\\lib\\lean;C:\\lean\\libs\\physlib\\.lake\\build\\lib\\lean c:\\Users\\Administrator\\.elan\\toolchains\\leanprover--lean4---v4.34.0\\bin\\lean.exe -Dwarn.sorry=false -Dweak.says.verify=true C:\\lean\\libs\\physlib\\Physlib\\FluidDynamics\\FluidFlow\\Continuity.lean -o C:\\lean\\libs\\physlib\\.lake\\build\\lib\\lean\\Physlib\\FluidDynamics\\FluidFlow\\Continuity.olean -i C:\\lean\\libs\\physlib\\.lake\\build\\lib\\lean\\Physlib\\FluidDynamics\\FluidFlow\\Continuity.ilean -c C:\\lean\\libs\\physlib\\.lake\\build\\ir\\Physlib\\FluidDynamics\\FluidFlow\\Continuity.c --setup C:\\lean\\libs\\physlib\\.lake\\build\\ir\\Physlib\\FluidDynamics\\FluidFlow\\Continuity.setup.json --json",
   "level": "trace"}],
 "inputs":
 [["deps",
   [["Physlib/Physlib:extraDep", [["@Physlib:extraDep", "00000000000006bb"]]],
    ["imports",
     [["Physlib.FluidDynamics.FluidFlow.Basic transitive imports (public)",
       "2d1e3533ee4a9226"],
      ["Physlib.FluidDynamics.FluidFlow.Basic:importArts", "05971740629f5245"],
      ["Physlib.SpaceAndTime.Space.Derivatives.Div transitive imports (public)",
       "fe2b5be0a2e309d5"],
      ["Physlib.SpaceAndTime.Space.Derivatives.Div:importArts",
       "812ba8eba8bf8507"],
      ["Physlib.SpaceAndTime.Time.Derivatives transitive imports (public)",
       "f0fcd12808a72714"],
      ["Physlib.SpaceAndTime.Time.Derivatives:importArts",
       "f99cd158b939eeb8"]]]]],
  ["libs",
   [["import dynlibs", "00000000000006bb"],
    ["package external libraries", "00000000000006bb"],
    ["module dynlibs", "00000000000006bb"],
    ["module plugins", "00000000000006bb"]]],
  ["Lean 4.34.0, commit 293d5d0c0c3f3dded4688b3ccd6a33939ac5102b",
   "a1c6c7aa3e9abfe7"],
  ["C:\\lean\\libs\\physlib\\Physlib\\FluidDynamics\\FluidFlow\\Continuity.lean",
   "f1b7c96983ac6da1"],
  ["options", "00000000000006bb"],
  ["isModule: true", "760fcc16989f4b9b"],
  ["Module.name: Physlib.FluidDynamics.FluidFlow.Continuity",
   "376bb2eebcaa318d"],
  ["Package.id?: (some Physlib)", "6dd4b1a3d0e46d70"],
  ["Module.leanArgs: #[-Dwarn.sorry=false, -Dweak.says.verify=true]",
   "72cd5083b9c31fb2"]],
 "depHash": "6130bc50eb4fc45d"}