{"synthetic": false,
 "schemaVersion": "2025-09-10",
 "outputs":
 {"rs": "47e6062c68b2583b.ir.sig",
  "r": "ed45478429c65c89.ir",
  "o":
  ["add906c479fce2c7.olean",
   "ee1f32dabf63d397.olean.server",
   "b0d27b359699d553.olean.private"],
  "m": true,
  "i": "337bba32316199fb.ilean",
  "c": "b5f52b7895dfd8e1.c"},
 "log":
 [{"message":
   ".> LEAN_PATH=C:\\lean\\mathlib4\\.lake\\packages\\Cli\\.lake\\build\\lib\\lean;C:\\lean\\mathlib4\\.lake\\packages\\batteries\\.lake\\build\\lib\\lean;C:\\lean\\mathlib4\\.lake\\packages\\Qq\\.lake\\build\\lib\\lean;C:\\lean\\mathlib4\\.lake\\packages\\aesop\\.lake\\build\\lib\\lean;C:\\lean\\mathlib4\\.lake\\packages\\proofwidgets\\.lake\\build\\lib\\lean;C:\\lean\\mathlib4\\.lake\\packages\\importGraph\\.lake\\build\\lib\\lean;C:\\lean\\mathlib4\\.lake\\packages\\LeanSearchClient\\.lake\\build\\lib\\lean;C:\\lean\\mathlib4\\.lake\\packages\\plausible\\.lake\\build\\lib\\lean;C:\\lean\\mathlib4\\.lake\\build\\lib\\lean;C:\\lean\\libs\\physlib\\.lake\\build\\lib\\lean c:\\Users\\Administrator\\.elan\\toolchains\\leanprover--lean4---v4.34.0\\bin\\lean.exe -Dwarn.sorry=false -Dweak.says.verify=true C:\\lean\\libs\\physlib\\Physlib\\FluidDynamics\\FluidFlow\\Incompressible.lean -o C:\\lean\\libs\\physlib\\.lake\\build\\lib\\lean\\Physlib\\FluidDynamics\\FluidFlow\\Incompressible.olean -i C:\\lean\\libs\\physlib\\.lake\\build\\lib\\lean\\Physlib\\FluidDynamics\\FluidFlow\\Incompressible.ilean -c C:\\lean\\libs\\physlib\\.lake\\build\\ir\\Physlib\\FluidDynamics\\FluidFlow\\Incompressible.c --setup C:\\lean\\libs\\physlib\\.lake\\build\\ir\\Physlib\\FluidDynamics\\FluidFlow\\Incompressible.setup.json --json",
   "level": "trace"}],
 "inputs":
 [["deps",
   [["Physlib/Physlib:extraDep", [["@Physlib:extraDep", "00000000000006bb"]]],
    ["imports",
     [["Physlib.FluidDynamics.FluidFlow.Basic transitive imports (public)",
       "2d1e3533ee4a9226"],
      ["Physlib.FluidDynamics.FluidFlow.Basic:importArts", "05971740629f5245"],
      ["Physlib.SpaceAndTime.Space.Derivatives.Div transitive imports (public)",
       "fe2b5be0a2e309d5"],
      ["Physlib.SpaceAndTime.Space.Derivatives.Div:importArts",
       "812ba8eba8bf8507"]]]]],
  ["libs",
   [["import dynlibs", "00000000000006bb"],
    ["package external libraries", "00000000000006bb"],
    ["module dynlibs", "00000000000006bb"],
    ["module plugins", "00000000000006bb"]]],
  ["Lean 4.34.0, commit 293d5d0c0c3f3dded4688b3ccd6a33939ac5102b",
   "a1c6c7aa3e9abfe7"],
  ["C:\\lean\\libs\\physlib\\Physlib\\FluidDynamics\\FluidFlow\\Incompressible.lean",
   "b866e2bab0f2580d"],
  ["options", "00000000000006bb"],
  ["isModule: true", "760fcc16989f4b9b"],
  ["Module.name: Physlib.FluidDynamics.FluidFlow.Incompressible",
   "433ee4efb2f31e1e"],
  ["Package.id?: (some Physlib)", "6dd4b1a3d0e46d70"],
  ["Module.leanArgs: #[-Dwarn.sorry=false, -Dweak.says.verify=true]",
   "72cd5083b9c31fb2"]],
 "depHash": "a5588eeca1bdceb6"}