{"synthetic": false,
 "schemaVersion": "2025-09-10",
 "outputs":
 {"rs": "c666381551fdb4fb.ir.sig",
  "r": "a2f20be1bf61daaf.ir",
  "o":
  ["42157503f5279368.olean",
   "37d5b566c0fa866b.olean.server",
   "3923eafd03f87422.olean.private"],
  "m": true,
  "i": "5545fd7a74b8210f.ilean",
  "c": "4b9b075f7e41e8e1.c"},
 "log":
 [{"message":
   ".> LEAN_PATH=C:\\lean\\mathlib4\\.lake\\packages\\Cli\\.lake\\build\\lib\\lean;C:\\lean\\mathlib4\\.lake\\packages\\batteries\\.lake\\build\\lib\\lean;C:\\lean\\mathlib4\\.lake\\packages\\Qq\\.lake\\build\\lib\\lean;C:\\lean\\mathlib4\\.lake\\packages\\aesop\\.lake\\build\\lib\\lean;C:\\lean\\mathlib4\\.lake\\packages\\proofwidgets\\.lake\\build\\lib\\lean;C:\\lean\\mathlib4\\.lake\\packages\\importGraph\\.lake\\build\\lib\\lean;C:\\lean\\mathlib4\\.lake\\packages\\LeanSearchClient\\.lake\\build\\lib\\lean;C:\\lean\\mathlib4\\.lake\\packages\\plausible\\.lake\\build\\lib\\lean;C:\\lean\\mathlib4\\.lake\\build\\lib\\lean;C:\\lean\\libs\\physlib\\.lake\\build\\lib\\lean c:\\Users\\Administrator\\.elan\\toolchains\\leanprover--lean4---v4.34.0\\bin\\lean.exe -Dwarn.sorry=false -Dweak.says.verify=true C:\\lean\\libs\\physlib\\Physlib\\FluidDynamics\\FluidFlow\\Momentum.lean -o C:\\lean\\libs\\physlib\\.lake\\build\\lib\\lean\\Physlib\\FluidDynamics\\FluidFlow\\Momentum.olean -i C:\\lean\\libs\\physlib\\.lake\\build\\lib\\lean\\Physlib\\FluidDynamics\\FluidFlow\\Momentum.ilean -c C:\\lean\\libs\\physlib\\.lake\\build\\ir\\Physlib\\FluidDynamics\\FluidFlow\\Momentum.c --setup C:\\lean\\libs\\physlib\\.lake\\build\\ir\\Physlib\\FluidDynamics\\FluidFlow\\Momentum.setup.json --json",
   "level": "trace"}],
 "inputs":
 [["deps",
   [["Physlib/Physlib:extraDep", [["@Physlib:extraDep", "00000000000006bb"]]],
    ["imports",
     [["Physlib.FluidDynamics.FluidFlow.Continuity transitive imports (public)",
       "255a67dcca191520"],
      ["Physlib.FluidDynamics.FluidFlow.Continuity:importArts",
       "cc7ffcfec2c0c219"],
      ["Physlib.SpaceAndTime.Space.Derivatives.MatrixDiv transitive imports (public)",
       "65969c2d818a947e"],
      ["Physlib.SpaceAndTime.Space.Derivatives.MatrixDiv:importArts",
       "b124f3094036e32e"]]]]],
  ["libs",
   [["import dynlibs", "00000000000006bb"],
    ["package external libraries", "00000000000006bb"],
    ["module dynlibs", "00000000000006bb"],
    ["module plugins", "00000000000006bb"]]],
  ["Lean 4.34.0, commit 293d5d0c0c3f3dded4688b3ccd6a33939ac5102b",
   "a1c6c7aa3e9abfe7"],
  ["C:\\lean\\libs\\physlib\\Physlib\\FluidDynamics\\FluidFlow\\Momentum.lean",
   "5a256c5c8918a897"],
  ["options", "00000000000006bb"],
  ["isModule: true", "760fcc16989f4b9b"],
  ["Module.name: Physlib.FluidDynamics.FluidFlow.Momentum", "28a2fcfd69bcaac9"],
  ["Package.id?: (some Physlib)", "6dd4b1a3d0e46d70"],
  ["Module.leanArgs: #[-Dwarn.sorry=false, -Dweak.says.verify=true]",
   "72cd5083b9c31fb2"]],
 "depHash": "9b750e71b0634e4a"}