{"synthetic": false,
 "schemaVersion": "2025-09-10",
 "outputs":
 {"rs": "2859983c1f307664.ir.sig",
  "r": "3156af4b52635a4c.ir",
  "o":
  ["d2c3aec01be5750c.olean",
   "cfb8246f7d160c49.olean.server",
   "6c59f593bab89aaa.olean.private"],
  "m": true,
  "i": "fde0385817b1dfc6.ilean",
  "c": "a3fe380e187a186b.c"},
 "log":
 [{"message":
   ".> LEAN_PATH=C:\\lean\\mathlib4\\.lake\\packages\\Cli\\.lake\\build\\lib\\lean;C:\\lean\\mathlib4\\.lake\\packages\\batteries\\.lake\\build\\lib\\lean;C:\\lean\\mathlib4\\.lake\\packages\\Qq\\.lake\\build\\lib\\lean;C:\\lean\\mathlib4\\.lake\\packages\\aesop\\.lake\\build\\lib\\lean;C:\\lean\\mathlib4\\.lake\\packages\\proofwidgets\\.lake\\build\\lib\\lean;C:\\lean\\mathlib4\\.lake\\packages\\importGraph\\.lake\\build\\lib\\lean;C:\\lean\\mathlib4\\.lake\\packages\\LeanSearchClient\\.lake\\build\\lib\\lean;C:\\lean\\mathlib4\\.lake\\packages\\plausible\\.lake\\build\\lib\\lean;C:\\lean\\mathlib4\\.lake\\build\\lib\\lean;C:\\lean\\libs\\physlib\\.lake\\build\\lib\\lean c:\\Users\\Administrator\\.elan\\toolchains\\leanprover--lean4---v4.34.0\\bin\\lean.exe -Dwarn.sorry=false -Dweak.says.verify=true C:\\lean\\libs\\physlib\\Physlib\\Particles\\SuperSymmetry\\MSSMNu\\AnomalyCancellation\\OrthogY3B3\\PlaneWithY3B3.lean -o C:\\lean\\libs\\physlib\\.lake\\build\\lib\\lean\\Physlib\\Particles\\SuperSymmetry\\MSSMNu\\AnomalyCancellation\\OrthogY3B3\\PlaneWithY3B3.olean -i C:\\lean\\libs\\physlib\\.lake\\build\\lib\\lean\\Physlib\\Particles\\SuperSymmetry\\MSSMNu\\AnomalyCancellation\\OrthogY3B3\\PlaneWithY3B3.ilean -c C:\\lean\\libs\\physlib\\.lake\\build\\ir\\Physlib\\Particles\\SuperSymmetry\\MSSMNu\\AnomalyCancellation\\OrthogY3B3\\PlaneWithY3B3.c --setup C:\\lean\\libs\\physlib\\.lake\\build\\ir\\Physlib\\Particles\\SuperSymmetry\\MSSMNu\\AnomalyCancellation\\OrthogY3B3\\PlaneWithY3B3.setup.json --json",
   "level": "trace"}],
 "inputs":
 [["deps",
   [["Physlib/Physlib:extraDep", [["@Physlib:extraDep", "00000000000006bb"]]],
    ["imports",
     [["Physlib.Particles.SuperSymmetry.MSSMNu.AnomalyCancellation.OrthogY3B3.Basic transitive imports (public)",
       "708b9c6661a0831d"],
      ["Physlib.Particles.SuperSymmetry.MSSMNu.AnomalyCancellation.OrthogY3B3.Basic:importArts",
       "ba0f8ad74f6654cf"]]]]],
  ["libs",
   [["import dynlibs", "00000000000006bb"],
    ["package external libraries", "00000000000006bb"],
    ["module dynlibs", "00000000000006bb"],
    ["module plugins", "00000000000006bb"]]],
  ["Lean 4.34.0, commit 293d5d0c0c3f3dded4688b3ccd6a33939ac5102b",
   "a1c6c7aa3e9abfe7"],
  ["C:\\lean\\libs\\physlib\\Physlib\\Particles\\SuperSymmetry\\MSSMNu\\AnomalyCancellation\\OrthogY3B3\\PlaneWithY3B3.lean",
   "84c2a55110ad7452"],
  ["options", "00000000000006bb"],
  ["isModule: true", "760fcc16989f4b9b"],
  ["Module.name: Physlib.Particles.SuperSymmetry.MSSMNu.AnomalyCancellation.OrthogY3B3.PlaneWithY3B3",
   "489d24dd40c9a441"],
  ["Package.id?: (some Physlib)", "6dd4b1a3d0e46d70"],
  ["Module.leanArgs: #[-Dwarn.sorry=false, -Dweak.says.verify=true]",
   "72cd5083b9c31fb2"]],
 "depHash": "bf5250888c6dacf4"}