{"synthetic": false,
 "schemaVersion": "2025-09-10",
 "outputs":
 {"rs": "9cfdcb38b5d82af8.ir.sig",
  "r": "e438e9d9fa48db63.ir",
  "o":
  ["32b010a5bad9b45e.olean",
   "ec17ce9a4f5b31bc.olean.server",
   "fa30d1f2b259a195.olean.private"],
  "m": true,
  "i": "a9f0b526d12d7296.ilean",
  "c": "4030ef1e488f7080.c"},
 "log":
 [{"message":
   ".> LEAN_PATH=C:\\lean\\mathlib4\\.lake\\packages\\Cli\\.lake\\build\\lib\\lean;C:\\lean\\mathlib4\\.lake\\packages\\batteries\\.lake\\build\\lib\\lean;C:\\lean\\mathlib4\\.lake\\packages\\Qq\\.lake\\build\\lib\\lean;C:\\lean\\mathlib4\\.lake\\packages\\aesop\\.lake\\build\\lib\\lean;C:\\lean\\mathlib4\\.lake\\packages\\proofwidgets\\.lake\\build\\lib\\lean;C:\\lean\\mathlib4\\.lake\\packages\\importGraph\\.lake\\build\\lib\\lean;C:\\lean\\mathlib4\\.lake\\packages\\LeanSearchClient\\.lake\\build\\lib\\lean;C:\\lean\\mathlib4\\.lake\\packages\\plausible\\.lake\\build\\lib\\lean;C:\\lean\\mathlib4\\.lake\\build\\lib\\lean;C:\\lean\\libs\\physlib\\.lake\\build\\lib\\lean c:\\Users\\Administrator\\.elan\\toolchains\\leanprover--lean4---v4.34.0\\bin\\lean.exe -Dwarn.sorry=false -Dweak.says.verify=true C:\\lean\\libs\\physlib\\Physlib\\Particles\\SuperSymmetry\\MSSMNu\\AnomalyCancellation\\OrthogY3B3\\ToSols.lean -o C:\\lean\\libs\\physlib\\.lake\\build\\lib\\lean\\Physlib\\Particles\\SuperSymmetry\\MSSMNu\\AnomalyCancellation\\OrthogY3B3\\ToSols.olean -i C:\\lean\\libs\\physlib\\.lake\\build\\lib\\lean\\Physlib\\Particles\\SuperSymmetry\\MSSMNu\\AnomalyCancellation\\OrthogY3B3\\ToSols.ilean -c C:\\lean\\libs\\physlib\\.lake\\build\\ir\\Physlib\\Particles\\SuperSymmetry\\MSSMNu\\AnomalyCancellation\\OrthogY3B3\\ToSols.c --setup C:\\lean\\libs\\physlib\\.lake\\build\\ir\\Physlib\\Particles\\SuperSymmetry\\MSSMNu\\AnomalyCancellation\\OrthogY3B3\\ToSols.setup.json --json",
   "level": "trace"}],
 "inputs":
 [["deps",
   [["Physlib/Physlib:extraDep", [["@Physlib:extraDep", "00000000000006bb"]]],
    ["imports",
     [["Physlib.Particles.SuperSymmetry.MSSMNu.AnomalyCancellation.OrthogY3B3.PlaneWithY3B3 transitive imports (public)",
       "cdb5ffc8b4f1d744"],
      ["Physlib.Particles.SuperSymmetry.MSSMNu.AnomalyCancellation.OrthogY3B3.PlaneWithY3B3:importArts",
       "deed5c94cf358f31"]]]]],
  ["libs",
   [["import dynlibs", "00000000000006bb"],
    ["package external libraries", "00000000000006bb"],
    ["module dynlibs", "00000000000006bb"],
    ["module plugins", "00000000000006bb"]]],
  ["Lean 4.34.0, commit 293d5d0c0c3f3dded4688b3ccd6a33939ac5102b",
   "a1c6c7aa3e9abfe7"],
  ["C:\\lean\\libs\\physlib\\Physlib\\Particles\\SuperSymmetry\\MSSMNu\\AnomalyCancellation\\OrthogY3B3\\ToSols.lean",
   "daaf34c5fcb1917c"],
  ["options", "00000000000006bb"],
  ["isModule: true", "760fcc16989f4b9b"],
  ["Module.name: Physlib.Particles.SuperSymmetry.MSSMNu.AnomalyCancellation.OrthogY3B3.ToSols",
   "3dfe42d520efd588"],
  ["Package.id?: (some Physlib)", "6dd4b1a3d0e46d70"],
  ["Module.leanArgs: #[-Dwarn.sorry=false, -Dweak.says.verify=true]",
   "72cd5083b9c31fb2"]],
 "depHash": "3822bf16db87bf4d"}