{"synthetic": false,
 "schemaVersion": "2025-09-10",
 "outputs":
 {"rs": "d5c72995ff962038.ir.sig",
  "r": "05c8eee26c68c1fd.ir",
  "o":
  ["f6d007ed57822447.olean",
   "743b67f9c3cc410b.olean.server",
   "4633cb88737aceba.olean.private"],
  "m": true,
  "i": "38f47c5bd2d8abc9.ilean",
  "c": "2738294e3aca30e4.c"},
 "log":
 [{"message":
   ".> LEAN_PATH=C:\\lean\\mathlib4\\.lake\\packages\\Cli\\.lake\\build\\lib\\lean;C:\\lean\\mathlib4\\.lake\\packages\\batteries\\.lake\\build\\lib\\lean;C:\\lean\\mathlib4\\.lake\\packages\\Qq\\.lake\\build\\lib\\lean;C:\\lean\\mathlib4\\.lake\\packages\\aesop\\.lake\\build\\lib\\lean;C:\\lean\\mathlib4\\.lake\\packages\\proofwidgets\\.lake\\build\\lib\\lean;C:\\lean\\mathlib4\\.lake\\packages\\importGraph\\.lake\\build\\lib\\lean;C:\\lean\\mathlib4\\.lake\\packages\\LeanSearchClient\\.lake\\build\\lib\\lean;C:\\lean\\mathlib4\\.lake\\packages\\plausible\\.lake\\build\\lib\\lean;C:\\lean\\mathlib4\\.lake\\build\\lib\\lean;C:\\lean\\libs\\physlib\\.lake\\build\\lib\\lean c:\\Users\\Administrator\\.elan\\toolchains\\leanprover--lean4---v4.34.0\\bin\\lean.exe -Dwarn.sorry=false -Dweak.says.verify=true C:\\lean\\libs\\physlib\\QuantumInfo\\Entropy\\DPI.lean -o C:\\lean\\libs\\physlib\\.lake\\build\\lib\\lean\\QuantumInfo\\Entropy\\DPI.olean -i C:\\lean\\libs\\physlib\\.lake\\build\\lib\\lean\\QuantumInfo\\Entropy\\DPI.ilean -c C:\\lean\\libs\\physlib\\.lake\\build\\ir\\QuantumInfo\\Entropy\\DPI.c --setup C:\\lean\\libs\\physlib\\.lake\\build\\ir\\QuantumInfo\\Entropy\\DPI.setup.json --json",
   "level": "trace"}],
 "inputs":
 [["deps",
   [["Physlib/QuantumInfo:extraDep",
     [["@Physlib:extraDep", "00000000000006bb"]]],
    ["imports",
     [["QuantumInfo.Entropy.Relative transitive imports (public)",
       "e173e0c6e5fbb869"],
      ["QuantumInfo.Entropy.Relative:importArts", "46bb1a8326f6137f"],
      ["QuantumInfo.ForMathlib.HermitianMat.Sqrt transitive imports (public)",
       "a3748ac0674b9087"],
      ["QuantumInfo.ForMathlib.HermitianMat.Sqrt:importArts",
       "e1d0bbc38440bb13"],
      ["QuantumInfo.ForMathlib.HermitianMat.LiebConcavity transitive imports (public)",
       "98e15c4ea5669073"],
      ["QuantumInfo.ForMathlib.HermitianMat.LiebConcavity:importArts",
       "d4cb8b67eb2a4f79"]]]]],
  ["libs",
   [["import dynlibs", "00000000000006bb"],
    ["package external libraries", "00000000000006bb"],
    ["module dynlibs", "00000000000006bb"],
    ["module plugins", "00000000000006bb"]]],
  ["Lean 4.34.0, commit 293d5d0c0c3f3dded4688b3ccd6a33939ac5102b",
   "a1c6c7aa3e9abfe7"],
  ["C:\\lean\\libs\\physlib\\QuantumInfo\\Entropy\\DPI.lean",
   "0a0671df76e3dfdc"],
  ["options", "00000000000006bb"],
  ["isModule: true", "760fcc16989f4b9b"],
  ["Module.name: QuantumInfo.Entropy.DPI", "224ed50c9c7afcba"],
  ["Package.id?: (some Physlib)", "6dd4b1a3d0e46d70"],
  ["Module.leanArgs: #[-Dwarn.sorry=false, -Dweak.says.verify=true]",
   "72cd5083b9c31fb2"]],
 "depHash": "ed68264f0a129c35"}