{"synthetic": false,
 "schemaVersion": "2025-09-10",
 "outputs":
 {"rs": "0e7d8217c86fb61c.ir.sig",
  "r": "1d887661bd5afd5e.ir",
  "o":
  ["62b17360218d037b.olean",
   "dbefee94a872982f.olean.server",
   "e6b9c7a4faba58fc.olean.private"],
  "m": true,
  "i": "9e9884e5eb36127e.ilean",
  "c": "8a55716ef0ea69e7.c"},
 "log":
 [{"message":
   ".> LEAN_PATH=C:\\lean\\mathlib4\\.lake\\packages\\Cli\\.lake\\build\\lib\\lean;C:\\lean\\mathlib4\\.lake\\packages\\batteries\\.lake\\build\\lib\\lean;C:\\lean\\mathlib4\\.lake\\packages\\Qq\\.lake\\build\\lib\\lean;C:\\lean\\mathlib4\\.lake\\packages\\aesop\\.lake\\build\\lib\\lean;C:\\lean\\mathlib4\\.lake\\packages\\proofwidgets\\.lake\\build\\lib\\lean;C:\\lean\\mathlib4\\.lake\\packages\\importGraph\\.lake\\build\\lib\\lean;C:\\lean\\mathlib4\\.lake\\packages\\LeanSearchClient\\.lake\\build\\lib\\lean;C:\\lean\\mathlib4\\.lake\\packages\\plausible\\.lake\\build\\lib\\lean;C:\\lean\\mathlib4\\.lake\\build\\lib\\lean;C:\\lean\\libs\\physlib\\.lake\\build\\lib\\lean c:\\Users\\Administrator\\.elan\\toolchains\\leanprover--lean4---v4.34.0\\bin\\lean.exe -Dwarn.sorry=false -Dweak.says.verify=true C:\\lean\\libs\\physlib\\QuantumInfo\\Entropy\\Relative.lean -o C:\\lean\\libs\\physlib\\.lake\\build\\lib\\lean\\QuantumInfo\\Entropy\\Relative.olean -i C:\\lean\\libs\\physlib\\.lake\\build\\lib\\lean\\QuantumInfo\\Entropy\\Relative.ilean -c C:\\lean\\libs\\physlib\\.lake\\build\\ir\\QuantumInfo\\Entropy\\Relative.c --setup C:\\lean\\libs\\physlib\\.lake\\build\\ir\\QuantumInfo\\Entropy\\Relative.setup.json --json",
   "level": "trace"},
  {"message":
   "QuantumInfo/Entropy/Relative.lean:206:4: Try this:\n  [apply] ring_nf\n  \n  The `ring` tactic failed to close the goal. Use `ring_nf` to obtain a normal form.\n    \n  Note that `ring` works primarily in *commutative* rings. If you have a noncommutative ring, abelian group or module, consider using `noncomm_ring`, `abel` or `module` instead.",
   "level": "info"}],
 "inputs":
 [["deps",
   [["Physlib/QuantumInfo:extraDep",
     [["@Physlib:extraDep", "00000000000006bb"]]],
    ["imports",
     [["QuantumInfo.Entropy.VonNeumann transitive imports (public)",
       "cfd174de25378fc3"],
      ["QuantumInfo.Entropy.VonNeumann:importArts", "37761c8918808cbc"],
      ["Physlib.Meta.Sorry transitive imports (public)", "7ea9df3b2277f642"],
      ["Physlib.Meta.Sorry:importArts", "bedf3896b96d91ae"]]]]],
  ["libs",
   [["import dynlibs", "00000000000006bb"],
    ["package external libraries", "00000000000006bb"],
    ["module dynlibs", "00000000000006bb"],
    ["module plugins", "00000000000006bb"]]],
  ["Lean 4.34.0, commit 293d5d0c0c3f3dded4688b3ccd6a33939ac5102b",
   "a1c6c7aa3e9abfe7"],
  ["C:\\lean\\libs\\physlib\\QuantumInfo\\Entropy\\Relative.lean",
   "e0da08aa94101694"],
  ["options", "00000000000006bb"],
  ["isModule: true", "760fcc16989f4b9b"],
  ["Module.name: QuantumInfo.Entropy.Relative", "19e43538edd0d966"],
  ["Package.id?: (some Physlib)", "6dd4b1a3d0e46d70"],
  ["Module.leanArgs: #[-Dwarn.sorry=false, -Dweak.says.verify=true]",
   "72cd5083b9c31fb2"]],
 "depHash": "f5660f3c9609ef9d"}