{"synthetic": false,
 "schemaVersion": "2025-09-10",
 "outputs":
 {"rs": "71897df27ce634da.ir.sig",
  "r": "70141e3e5941a06f.ir",
  "o":
  ["b3a95a3125473233.olean",
   "1a5ffbb161757f09.olean.server",
   "013fb5b88dfdab30.olean.private"],
  "m": true,
  "i": "d63003df96c17521.ilean",
  "c": "611750f60321b51b.c"},
 "log":
 [{"message":
   ".> LEAN_PATH=C:\\lean\\mathlib4\\.lake\\packages\\Cli\\.lake\\build\\lib\\lean;C:\\lean\\mathlib4\\.lake\\packages\\batteries\\.lake\\build\\lib\\lean;C:\\lean\\mathlib4\\.lake\\packages\\Qq\\.lake\\build\\lib\\lean;C:\\lean\\mathlib4\\.lake\\packages\\aesop\\.lake\\build\\lib\\lean;C:\\lean\\mathlib4\\.lake\\packages\\proofwidgets\\.lake\\build\\lib\\lean;C:\\lean\\mathlib4\\.lake\\packages\\importGraph\\.lake\\build\\lib\\lean;C:\\lean\\mathlib4\\.lake\\packages\\LeanSearchClient\\.lake\\build\\lib\\lean;C:\\lean\\mathlib4\\.lake\\packages\\plausible\\.lake\\build\\lib\\lean;C:\\lean\\mathlib4\\.lake\\build\\lib\\lean;C:\\lean\\libs\\physlib\\.lake\\build\\lib\\lean c:\\Users\\Administrator\\.elan\\toolchains\\leanprover--lean4---v4.34.0\\bin\\lean.exe -Dwarn.sorry=false -Dweak.says.verify=true C:\\lean\\libs\\physlib\\QuantumInfo\\Entropy\\SSA.lean -o C:\\lean\\libs\\physlib\\.lake\\build\\lib\\lean\\QuantumInfo\\Entropy\\SSA.olean -i C:\\lean\\libs\\physlib\\.lake\\build\\lib\\lean\\QuantumInfo\\Entropy\\SSA.ilean -c C:\\lean\\libs\\physlib\\.lake\\build\\ir\\QuantumInfo\\Entropy\\SSA.c --setup C:\\lean\\libs\\physlib\\.lake\\build\\ir\\QuantumInfo\\Entropy\\SSA.setup.json --json",
   "level": "trace"}],
 "inputs":
 [["deps",
   [["Physlib/QuantumInfo:extraDep",
     [["@Physlib:extraDep", "00000000000006bb"]]],
    ["imports",
     [["QuantumInfo.Entropy.VonNeumann transitive imports (public)",
       "cfd174de25378fc3"],
      ["QuantumInfo.Entropy.VonNeumann:importArts", "37761c8918808cbc"],
      ["QuantumInfo.ForMathlib.HermitianMat.Sqrt transitive imports (public)",
       "a3748ac0674b9087"],
      ["QuantumInfo.ForMathlib.HermitianMat.Sqrt:importArts",
       "e1d0bbc38440bb13"]]]]],
  ["libs",
   [["import dynlibs", "00000000000006bb"],
    ["package external libraries", "00000000000006bb"],
    ["module dynlibs", "00000000000006bb"],
    ["module plugins", "00000000000006bb"]]],
  ["Lean 4.34.0, commit 293d5d0c0c3f3dded4688b3ccd6a33939ac5102b",
   "a1c6c7aa3e9abfe7"],
  ["C:\\lean\\libs\\physlib\\QuantumInfo\\Entropy\\SSA.lean",
   "d6bc9225c7d6ffdf"],
  ["options", "00000000000006bb"],
  ["isModule: true", "760fcc16989f4b9b"],
  ["Module.name: QuantumInfo.Entropy.SSA", "029e3d10ec072867"],
  ["Package.id?: (some Physlib)", "6dd4b1a3d0e46d70"],
  ["Module.leanArgs: #[-Dwarn.sorry=false, -Dweak.says.verify=true]",
   "72cd5083b9c31fb2"]],
 "depHash": "548e7adcf272d0c2"}