{"synthetic": false,
 "schemaVersion": "2025-09-10",
 "outputs":
 {"rs": "36dd2052b5f3d0df.ir.sig",
  "r": "8bc148823ba88d01.ir",
  "o":
  ["4ff901d3d46b1ea1.olean",
   "f6935e147185adba.olean.server",
   "2fc8c5c4af738ca5.olean.private"],
  "m": true,
  "i": "001b0c30bfa7bdcc.ilean",
  "c": "b19419f49db64a33.c"},
 "log":
 [{"message":
   ".> LEAN_PATH=C:\\lean\\mathlib4\\.lake\\packages\\Cli\\.lake\\build\\lib\\lean;C:\\lean\\mathlib4\\.lake\\packages\\batteries\\.lake\\build\\lib\\lean;C:\\lean\\mathlib4\\.lake\\packages\\Qq\\.lake\\build\\lib\\lean;C:\\lean\\mathlib4\\.lake\\packages\\aesop\\.lake\\build\\lib\\lean;C:\\lean\\mathlib4\\.lake\\packages\\proofwidgets\\.lake\\build\\lib\\lean;C:\\lean\\mathlib4\\.lake\\packages\\importGraph\\.lake\\build\\lib\\lean;C:\\lean\\mathlib4\\.lake\\packages\\LeanSearchClient\\.lake\\build\\lib\\lean;C:\\lean\\mathlib4\\.lake\\packages\\plausible\\.lake\\build\\lib\\lean;C:\\lean\\mathlib4\\.lake\\build\\lib\\lean;C:\\lean\\libs\\physlib\\.lake\\build\\lib\\lean c:\\Users\\Administrator\\.elan\\toolchains\\leanprover--lean4---v4.34.0\\bin\\lean.exe -Dwarn.sorry=false -Dweak.says.verify=true C:\\lean\\libs\\physlib\\QuantumInfo\\Entropy\\VonNeumann.lean -o C:\\lean\\libs\\physlib\\.lake\\build\\lib\\lean\\QuantumInfo\\Entropy\\VonNeumann.olean -i C:\\lean\\libs\\physlib\\.lake\\build\\lib\\lean\\QuantumInfo\\Entropy\\VonNeumann.ilean -c C:\\lean\\libs\\physlib\\.lake\\build\\ir\\QuantumInfo\\Entropy\\VonNeumann.c --setup C:\\lean\\libs\\physlib\\.lake\\build\\ir\\QuantumInfo\\Entropy\\VonNeumann.setup.json --json",
   "level": "trace"}],
 "inputs":
 [["deps",
   [["Physlib/QuantumInfo:extraDep",
     [["@Physlib:extraDep", "00000000000006bb"]]],
    ["imports",
     [["QuantumInfo.States.Pure.Braket transitive imports (public)",
       "4301fdd4271e8f12"],
      ["QuantumInfo.States.Pure.Braket:importArts", "45ed6b09af5deffa"],
      ["QuantumInfo.Channels.Bundled transitive imports (public)",
       "b96b052cffac3271"],
      ["QuantumInfo.Channels.Bundled:importArts", "f211c12031ca9266"],
      ["QuantumInfo.Channels.CPTP transitive imports (public)",
       "1a164ed312725ce7"],
      ["QuantumInfo.Channels.CPTP:importArts", "f76732e657c77696"],
      ["QuantumInfo.Channels.Dual transitive imports (public)",
       "fdde6f8cd8d5f2a5"],
      ["QuantumInfo.Channels.Dual:importArts", "9db5e1009969f061"],
      ["QuantumInfo.Channels.MatrixMap transitive imports (public)",
       "69c1787683015feb"],
      ["QuantumInfo.Channels.MatrixMap:importArts", "43760fc26170d045"],
      ["QuantumInfo.Channels.Unbundled transitive imports (public)",
       "209541c98022c4c5"],
      ["QuantumInfo.Channels.Unbundled:importArts", "fb043d042eb24658"],
      ["QuantumInfo.ClassicalInfo.Entropy transitive imports (public)",
       "ca599bd4ee960433"],
      ["QuantumInfo.ClassicalInfo.Entropy:importArts", "3a29b7711d9f48e9"]]]]],
  ["libs",
   [["import dynlibs", "00000000000006bb"],
    ["package external libraries", "00000000000006bb"],
    ["module dynlibs", "00000000000006bb"],
    ["module plugins", "00000000000006bb"]]],
  ["Lean 4.34.0, commit 293d5d0c0c3f3dded4688b3ccd6a33939ac5102b",
   "a1c6c7aa3e9abfe7"],
  ["C:\\lean\\libs\\physlib\\QuantumInfo\\Entropy\\VonNeumann.lean",
   "308b61efe85c8e60"],
  ["options", "00000000000006bb"],
  ["isModule: true", "760fcc16989f4b9b"],
  ["Module.name: QuantumInfo.Entropy.VonNeumann", "c152a767bec5b4aa"],
  ["Package.id?: (some Physlib)", "6dd4b1a3d0e46d70"],
  ["Module.leanArgs: #[-Dwarn.sorry=false, -Dweak.says.verify=true]",
   "72cd5083b9c31fb2"]],
 "depHash": "06b391c5e454b904"}