{"synthetic": false,
 "schemaVersion": "2025-09-10",
 "outputs":
 {"rs": "39b568e83acbb81d.ir.sig",
  "r": "40daedad6d947238.ir",
  "o":
  ["dbe162e284ef4e69.olean",
   "1fd2499828fbfcc9.olean.server",
   "1c623a49db902dbf.olean.private"],
  "m": true,
  "i": "219822857025366b.ilean",
  "c": "1efd7093b494aeac.c"},
 "log":
 [{"message":
   ".> LEAN_PATH=C:\\lean\\mathlib4\\.lake\\packages\\Cli\\.lake\\build\\lib\\lean;C:\\lean\\mathlib4\\.lake\\packages\\batteries\\.lake\\build\\lib\\lean;C:\\lean\\mathlib4\\.lake\\packages\\Qq\\.lake\\build\\lib\\lean;C:\\lean\\mathlib4\\.lake\\packages\\aesop\\.lake\\build\\lib\\lean;C:\\lean\\mathlib4\\.lake\\packages\\proofwidgets\\.lake\\build\\lib\\lean;C:\\lean\\mathlib4\\.lake\\packages\\importGraph\\.lake\\build\\lib\\lean;C:\\lean\\mathlib4\\.lake\\packages\\LeanSearchClient\\.lake\\build\\lib\\lean;C:\\lean\\mathlib4\\.lake\\packages\\plausible\\.lake\\build\\lib\\lean;C:\\lean\\mathlib4\\.lake\\build\\lib\\lean;C:\\lean\\libs\\physlib\\.lake\\build\\lib\\lean c:\\Users\\Administrator\\.elan\\toolchains\\leanprover--lean4---v4.34.0\\bin\\lean.exe -Dwarn.sorry=false -Dweak.says.verify=true C:\\lean\\libs\\physlib\\QuantumInfo\\ForMathlib\\HayataGroup\\TraceInequality\\GeneralizedPerspectiveFunction.lean -o C:\\lean\\libs\\physlib\\.lake\\build\\lib\\lean\\QuantumInfo\\ForMathlib\\HayataGroup\\TraceInequality\\GeneralizedPerspectiveFunction.olean -i C:\\lean\\libs\\physlib\\.lake\\build\\lib\\lean\\QuantumInfo\\ForMathlib\\HayataGroup\\TraceInequality\\GeneralizedPerspectiveFunction.ilean -c C:\\lean\\libs\\physlib\\.lake\\build\\ir\\QuantumInfo\\ForMathlib\\HayataGroup\\TraceInequality\\GeneralizedPerspectiveFunction.c --setup C:\\lean\\libs\\physlib\\.lake\\build\\ir\\QuantumInfo\\ForMathlib\\HayataGroup\\TraceInequality\\GeneralizedPerspectiveFunction.setup.json --json",
   "level": "trace"},
  {"message":
   "QuantumInfo/ForMathlib/HayataGroup/TraceInequality/GeneralizedPerspectiveFunction.lean:484:8: automatically included section variable(s) unused in theorem `_private.QuantumInfo.ForMathlib.HayataGroup.TraceInequality.GeneralizedPerspectiveFunction.0.GeneralizedPerspectiveFunction.jointlyConvexOn_neg`:\n  [CompleteSpace ℋ]\nconsider restructuring your `variable` declarations so that the variables are not in scope or explicitly omit them:\n  omit [CompleteSpace ℋ] in theorem ...\n\nNote: This linter can be disabled with `set_option linter.unusedSectionVars false`",
   "level": "warning"}],
 "inputs":
 [["deps",
   [["Physlib/QuantumInfo:extraDep",
     [["@Physlib:extraDep", "00000000000006bb"]]],
    ["imports",
     [["QuantumInfo.ForMathlib.HayataGroup.TraceInequality.JensenOperatorInequality transitive imports (public)",
       "5b856235d71569df"],
      ["QuantumInfo.ForMathlib.HayataGroup.TraceInequality.JensenOperatorInequality:importArts",
       "82fc2c1d586fee81"],
      ["QuantumInfo.ForMathlib.HayataGroup.TraceInequality.LownerHeinzTheorem transitive imports (public)",
       "00c15e5447b65181"],
      ["QuantumInfo.ForMathlib.HayataGroup.TraceInequality.LownerHeinzTheorem:importArts",
       "135299f666b7d144"]]]]],
  ["libs",
   [["import dynlibs", "00000000000006bb"],
    ["package external libraries", "00000000000006bb"],
    ["module dynlibs", "00000000000006bb"],
    ["module plugins", "00000000000006bb"]]],
  ["Lean 4.34.0, commit 293d5d0c0c3f3dded4688b3ccd6a33939ac5102b",
   "a1c6c7aa3e9abfe7"],
  ["C:\\lean\\libs\\physlib\\QuantumInfo\\ForMathlib\\HayataGroup\\TraceInequality\\GeneralizedPerspectiveFunction.lean",
   "e5b9af61f04070a6"],
  ["options", "00000000000006bb"],
  ["isModule: true", "760fcc16989f4b9b"],
  ["Module.name: QuantumInfo.ForMathlib.HayataGroup.TraceInequality.GeneralizedPerspectiveFunction",
   "fc27fb677ba3d028"],
  ["Package.id?: (some Physlib)", "6dd4b1a3d0e46d70"],
  ["Module.leanArgs: #[-Dwarn.sorry=false, -Dweak.says.verify=true]",
   "72cd5083b9c31fb2"]],
 "depHash": "4e91726c8933db87"}