{"synthetic": false,
 "schemaVersion": "2025-09-10",
 "outputs":
 {"rs": "c00fe9a51e545e19.ir.sig",
  "r": "0f2edeb305a16e9e.ir",
  "o":
  ["8df5fb7c3d85bfe9.olean",
   "e712ce12461837fe.olean.server",
   "bf861a417e1fbce4.olean.private"],
  "m": true,
  "i": "1e213ef3b593a705.ilean",
  "c": "ebab18756421c5b3.c"},
 "log":
 [{"message":
   ".> LEAN_PATH=C:\\lean\\mathlib4\\.lake\\packages\\Cli\\.lake\\build\\lib\\lean;C:\\lean\\mathlib4\\.lake\\packages\\batteries\\.lake\\build\\lib\\lean;C:\\lean\\mathlib4\\.lake\\packages\\Qq\\.lake\\build\\lib\\lean;C:\\lean\\mathlib4\\.lake\\packages\\aesop\\.lake\\build\\lib\\lean;C:\\lean\\mathlib4\\.lake\\packages\\proofwidgets\\.lake\\build\\lib\\lean;C:\\lean\\mathlib4\\.lake\\packages\\importGraph\\.lake\\build\\lib\\lean;C:\\lean\\mathlib4\\.lake\\packages\\LeanSearchClient\\.lake\\build\\lib\\lean;C:\\lean\\mathlib4\\.lake\\packages\\plausible\\.lake\\build\\lib\\lean;C:\\lean\\mathlib4\\.lake\\build\\lib\\lean;C:\\lean\\libs\\physlib\\.lake\\build\\lib\\lean c:\\Users\\Administrator\\.elan\\toolchains\\leanprover--lean4---v4.34.0\\bin\\lean.exe -Dwarn.sorry=false -Dweak.says.verify=true C:\\lean\\libs\\physlib\\QuantumInfo\\ForMathlib\\HayataGroup\\TraceInequality\\HilbertSchmidtOperatorSpace.lean -o C:\\lean\\libs\\physlib\\.lake\\build\\lib\\lean\\QuantumInfo\\ForMathlib\\HayataGroup\\TraceInequality\\HilbertSchmidtOperatorSpace.olean -i C:\\lean\\libs\\physlib\\.lake\\build\\lib\\lean\\QuantumInfo\\ForMathlib\\HayataGroup\\TraceInequality\\HilbertSchmidtOperatorSpace.ilean -c C:\\lean\\libs\\physlib\\.lake\\build\\ir\\QuantumInfo\\ForMathlib\\HayataGroup\\TraceInequality\\HilbertSchmidtOperatorSpace.c --setup C:\\lean\\libs\\physlib\\.lake\\build\\ir\\QuantumInfo\\ForMathlib\\HayataGroup\\TraceInequality\\HilbertSchmidtOperatorSpace.setup.json --json",
   "level": "trace"}],
 "inputs":
 [["deps",
   [["Physlib/QuantumInfo:extraDep",
     [["@Physlib:extraDep", "00000000000006bb"]]],
    ["imports",
     [["QuantumInfo.ForMathlib.HayataGroup.TraceInequality.LownerHeinzTheorem transitive imports (public)",
       "00c15e5447b65181"],
      ["QuantumInfo.ForMathlib.HayataGroup.TraceInequality.LownerHeinzTheorem:importArts",
       "135299f666b7d144"],
      ["QuantumInfo.ForMathlib.HayataGroup.TraceInequality.GeneralizedPerspectiveFunction transitive imports (public)",
       "b11038e62c0af7b3"],
      ["QuantumInfo.ForMathlib.HayataGroup.TraceInequality.GeneralizedPerspectiveFunction:importArts",
       "9e1b475dd2326f0e"],
      ["Mathlib.Analysis.InnerProductSpace.PiL2 transitive imports (public)",
       "3d0ac67deb197c5c"],
      ["Mathlib.Analysis.InnerProductSpace.PiL2:importArts",
       "e80e96e1149f4aa4"],
      ["Mathlib.Analysis.InnerProductSpace.Trace transitive imports (public)",
       "d8412af9702aee15"],
      ["Mathlib.Analysis.InnerProductSpace.Trace:importArts",
       "4a9c8d650c0963b5"],
      ["Mathlib.Analysis.Normed.Lp.PiLp transitive imports (public)",
       "0230c3598793ad69"],
      ["Mathlib.Analysis.Normed.Lp.PiLp:importArts", "f5f335ffe34174de"],
      ["Mathlib.LinearAlgebra.Complex.FiniteDimensional transitive imports (public)",
       "4d7d7ee9bdf0c324"],
      ["Mathlib.LinearAlgebra.Complex.FiniteDimensional:importArts",
       "681918b33b26ecdb"],
      ["Mathlib.LinearAlgebra.Matrix.ToLin transitive imports (public)",
       "b3471f7a7b6c730d"],
      ["Mathlib.LinearAlgebra.Matrix.ToLin:importArts", "b37256a80e3245ea"],
      ["Mathlib.Topology.Algebra.Module.FiniteDimension transitive imports (public)",
       "4531ac43eecf0ca0"],
      ["Mathlib.Topology.Algebra.Module.FiniteDimension:importArts",
       "92f695d5d8ef5aad"]]]]],
  ["libs",
   [["import dynlibs", "00000000000006bb"],
    ["package external libraries", "00000000000006bb"],
    ["module dynlibs", "00000000000006bb"],
    ["module plugins", "00000000000006bb"]]],
  ["Lean 4.34.0, commit 293d5d0c0c3f3dded4688b3ccd6a33939ac5102b",
   "a1c6c7aa3e9abfe7"],
  ["C:\\lean\\libs\\physlib\\QuantumInfo\\ForMathlib\\HayataGroup\\TraceInequality\\HilbertSchmidtOperatorSpace.lean",
   "d31d762a2e8cdce4"],
  ["options", "00000000000006bb"],
  ["isModule: true", "760fcc16989f4b9b"],
  ["Module.name: QuantumInfo.ForMathlib.HayataGroup.TraceInequality.HilbertSchmidtOperatorSpace",
   "8e75e3d6bb0ab888"],
  ["Package.id?: (some Physlib)", "6dd4b1a3d0e46d70"],
  ["Module.leanArgs: #[-Dwarn.sorry=false, -Dweak.says.verify=true]",
   "72cd5083b9c31fb2"]],
 "depHash": "fc19a7d48d821896"}