{"synthetic": false,
 "schemaVersion": "2025-09-10",
 "outputs":
 {"rs": "ab8e0c3c618280ad.ir.sig",
  "r": "ed1d6075b4438bf6.ir",
  "o":
  ["833ea1fc969ce2c7.olean",
   "6d000ded7ede9da1.olean.server",
   "9781f972e5c769a8.olean.private"],
  "m": true,
  "i": "1dc8827acdf003a1.ilean",
  "c": "3cc016b7ec37e7e3.c"},
 "log":
 [{"message":
   ".> LEAN_PATH=C:\\lean\\mathlib4\\.lake\\packages\\Cli\\.lake\\build\\lib\\lean;C:\\lean\\mathlib4\\.lake\\packages\\batteries\\.lake\\build\\lib\\lean;C:\\lean\\mathlib4\\.lake\\packages\\Qq\\.lake\\build\\lib\\lean;C:\\lean\\mathlib4\\.lake\\packages\\aesop\\.lake\\build\\lib\\lean;C:\\lean\\mathlib4\\.lake\\packages\\proofwidgets\\.lake\\build\\lib\\lean;C:\\lean\\mathlib4\\.lake\\packages\\importGraph\\.lake\\build\\lib\\lean;C:\\lean\\mathlib4\\.lake\\packages\\LeanSearchClient\\.lake\\build\\lib\\lean;C:\\lean\\mathlib4\\.lake\\packages\\plausible\\.lake\\build\\lib\\lean;C:\\lean\\mathlib4\\.lake\\build\\lib\\lean;C:\\lean\\libs\\physlib\\.lake\\build\\lib\\lean c:\\Users\\Administrator\\.elan\\toolchains\\leanprover--lean4---v4.34.0\\bin\\lean.exe -Dwarn.sorry=false -Dweak.says.verify=true C:\\lean\\libs\\physlib\\QuantumInfo\\ForMathlib\\HayataGroup\\TraceInequality\\JensenOperatorInequalityIImpIV.lean -o C:\\lean\\libs\\physlib\\.lake\\build\\lib\\lean\\QuantumInfo\\ForMathlib\\HayataGroup\\TraceInequality\\JensenOperatorInequalityIImpIV.olean -i C:\\lean\\libs\\physlib\\.lake\\build\\lib\\lean\\QuantumInfo\\ForMathlib\\HayataGroup\\TraceInequality\\JensenOperatorInequalityIImpIV.ilean -c C:\\lean\\libs\\physlib\\.lake\\build\\ir\\QuantumInfo\\ForMathlib\\HayataGroup\\TraceInequality\\JensenOperatorInequalityIImpIV.c --setup C:\\lean\\libs\\physlib\\.lake\\build\\ir\\QuantumInfo\\ForMathlib\\HayataGroup\\TraceInequality\\JensenOperatorInequalityIImpIV.setup.json --json",
   "level": "trace"}],
 "inputs":
 [["deps",
   [["Physlib/QuantumInfo:extraDep",
     [["@Physlib:extraDep", "00000000000006bb"]]],
    ["imports",
     [["QuantumInfo.ForMathlib.HayataGroup.TraceInequality.BlockDiagonal transitive imports (public)",
       "a21dad89bc17cd9a"],
      ["QuantumInfo.ForMathlib.HayataGroup.TraceInequality.BlockDiagonal:importArts",
       "4c2bdebc69455a25"],
      ["QuantumInfo.ForMathlib.HayataGroup.TraceInequality.LownerHeinzTheorem transitive imports (public)",
       "00c15e5447b65181"],
      ["QuantumInfo.ForMathlib.HayataGroup.TraceInequality.LownerHeinzTheorem:importArts",
       "135299f666b7d144"],
      ["Mathlib.Analysis.CStarAlgebra.Unitary.Span transitive imports (public)",
       "7384ea6830c4a3ba"],
      ["Mathlib.Analysis.CStarAlgebra.Unitary.Span:importArts",
       "e3cb6865aecb89b1"],
      ["Mathlib.Algebra.Star.UnitaryStarAlgAut transitive imports (public)",
       "9dd5486a13bbe283"],
      ["Mathlib.Algebra.Star.UnitaryStarAlgAut:importArts",
       "d1e7c68ba27399ff"]]]]],
  ["libs",
   [["import dynlibs", "00000000000006bb"],
    ["package external libraries", "00000000000006bb"],
    ["module dynlibs", "00000000000006bb"],
    ["module plugins", "00000000000006bb"]]],
  ["Lean 4.34.0, commit 293d5d0c0c3f3dded4688b3ccd6a33939ac5102b",
   "a1c6c7aa3e9abfe7"],
  ["C:\\lean\\libs\\physlib\\QuantumInfo\\ForMathlib\\HayataGroup\\TraceInequality\\JensenOperatorInequalityIImpIV.lean",
   "ba70684c15bf93da"],
  ["options", "00000000000006bb"],
  ["isModule: true", "760fcc16989f4b9b"],
  ["Module.name: QuantumInfo.ForMathlib.HayataGroup.TraceInequality.JensenOperatorInequalityIImpIV",
   "6283994eaf834969"],
  ["Package.id?: (some Physlib)", "6dd4b1a3d0e46d70"],
  ["Module.leanArgs: #[-Dwarn.sorry=false, -Dweak.says.verify=true]",
   "72cd5083b9c31fb2"]],
 "depHash": "721e46d4a2c646b8"}