{"synthetic": false,
 "schemaVersion": "2025-09-10",
 "outputs":
 {"rs": "0a566d750fc79ec7.ir.sig",
  "r": "f2c282854da7a9fd.ir",
  "o":
  ["8b46687db1d1e5ae.olean",
   "af8ea074b14df0e4.olean.server",
   "1544211cfc0868f8.olean.private"],
  "m": true,
  "i": "4460d6c5da7a03b1.ilean",
  "c": "ebcb83a576b77b63.c"},
 "log":
 [{"message":
   ".> LEAN_PATH=C:\\lean\\mathlib4\\.lake\\packages\\Cli\\.lake\\build\\lib\\lean;C:\\lean\\mathlib4\\.lake\\packages\\batteries\\.lake\\build\\lib\\lean;C:\\lean\\mathlib4\\.lake\\packages\\Qq\\.lake\\build\\lib\\lean;C:\\lean\\mathlib4\\.lake\\packages\\aesop\\.lake\\build\\lib\\lean;C:\\lean\\mathlib4\\.lake\\packages\\proofwidgets\\.lake\\build\\lib\\lean;C:\\lean\\mathlib4\\.lake\\packages\\importGraph\\.lake\\build\\lib\\lean;C:\\lean\\mathlib4\\.lake\\packages\\LeanSearchClient\\.lake\\build\\lib\\lean;C:\\lean\\mathlib4\\.lake\\packages\\plausible\\.lake\\build\\lib\\lean;C:\\lean\\mathlib4\\.lake\\build\\lib\\lean;C:\\lean\\libs\\physlib\\.lake\\build\\lib\\lean c:\\Users\\Administrator\\.elan\\toolchains\\leanprover--lean4---v4.34.0-rc1\\bin\\lean.exe -Dwarn.sorry=false -Dweak.says.verify=true C:\\lean\\libs\\physlib\\QuantumInfo\\ForMathlib\\HayataGroup\\TraceInequality\\LiebAndoTrace.lean -o C:\\lean\\libs\\physlib\\.lake\\build\\lib\\lean\\QuantumInfo\\ForMathlib\\HayataGroup\\TraceInequality\\LiebAndoTrace.olean -i C:\\lean\\libs\\physlib\\.lake\\build\\lib\\lean\\QuantumInfo\\ForMathlib\\HayataGroup\\TraceInequality\\LiebAndoTrace.ilean -c C:\\lean\\libs\\physlib\\.lake\\build\\ir\\QuantumInfo\\ForMathlib\\HayataGroup\\TraceInequality\\LiebAndoTrace.c --setup C:\\lean\\libs\\physlib\\.lake\\build\\ir\\QuantumInfo\\ForMathlib\\HayataGroup\\TraceInequality\\LiebAndoTrace.setup.json --json",
   "level": "trace"}],
 "inputs":
 [["deps",
   [["Physlib/QuantumInfo:extraDep",
     [["@Physlib:extraDep", "00000000000006bb"]]],
    ["imports",
     [["QuantumInfo.ForMathlib.HayataGroup.TraceInequality.OperatorGeometricMean transitive imports (public)",
       "caf27a7d9ea0a79c"],
      ["QuantumInfo.ForMathlib.HayataGroup.TraceInequality.OperatorGeometricMean:importArts",
       "b786dc380239718e"],
      ["QuantumInfo.ForMathlib.HayataGroup.TraceInequality.HilbertSchmidtOperatorSpace transitive imports (public)",
       "10838b8c33223ca5"],
      ["QuantumInfo.ForMathlib.HayataGroup.TraceInequality.HilbertSchmidtOperatorSpace:importArts",
       "155b1945adacd2ad"],
      ["Mathlib.Analysis.CStarAlgebra.Matrix transitive imports (public)",
       "45e2adb3868dfdc9"],
      ["Mathlib.Analysis.CStarAlgebra.Matrix:importArts", "673875de75f5cfcb"],
      ["Mathlib.Analysis.InnerProductSpace.JointEigenspace transitive imports (public)",
       "09be10baa94bc8fd"],
      ["Mathlib.Analysis.InnerProductSpace.JointEigenspace:importArts",
       "d5284a14698b0354"],
      ["Mathlib.Analysis.Matrix.HermitianFunctionalCalculus transitive imports (public)",
       "9962ca0f239faece"],
      ["Mathlib.Analysis.Matrix.HermitianFunctionalCalculus:importArts",
       "d3676c681e2c7cbf"],
      ["Mathlib.LinearAlgebra.Lagrange transitive imports (public)",
       "5e2eeb87e7bcb8eb"],
      ["Mathlib.LinearAlgebra.Lagrange:importArts", "2f57d512c0189cae"],
      ["Mathlib.LinearAlgebra.Trace transitive imports (public)",
       "6e6c21913738ce86"],
      ["Mathlib.LinearAlgebra.Trace:importArts", "ec716fc278d3859f"]]]]],
  ["libs",
   [["import dynlibs", "00000000000006bb"],
    ["package external libraries", "00000000000006bb"],
    ["module dynlibs", "00000000000006bb"],
    ["module plugins", "00000000000006bb"]]],
  ["Lean 4.34.0, commit 3447a668783dbce1a8fdb97101dd067687b2b418",
   "421484e3e0c70198"],
  ["C:\\lean\\libs\\physlib\\QuantumInfo\\ForMathlib\\HayataGroup\\TraceInequality\\LiebAndoTrace.lean",
   "1f85562bb5cf5f7e"],
  ["options", "00000000000006bb"],
  ["isModule: true", "760fcc16989f4b9b"],
  ["Module.name: QuantumInfo.ForMathlib.HayataGroup.TraceInequality.LiebAndoTrace",
   "445c2b7dc97ebac3"],
  ["Package.id?: (some Physlib)", "6dd4b1a3d0e46d70"],
  ["Module.leanArgs: #[-Dwarn.sorry=false, -Dweak.says.verify=true]",
   "72cd5083b9c31fb2"]],
 "depHash": "83d8679c7fc3a7cb"}