{"synthetic": false,
 "schemaVersion": "2025-09-10",
 "outputs":
 {"rs": "a2ab84518d098520.ir.sig",
  "r": "d483da02f4c30a72.ir",
  "o":
  ["1a7a77660458f7ce.olean",
   "3a273ba1aba99a54.olean.server",
   "748c62b84e057ca1.olean.private"],
  "m": true,
  "i": "9873887298704501.ilean",
  "c": "07a153c41d51fff6.c"},
 "log":
 [{"message":
   ".> LEAN_PATH=C:\\lean\\mathlib4\\.lake\\packages\\Cli\\.lake\\build\\lib\\lean;C:\\lean\\mathlib4\\.lake\\packages\\batteries\\.lake\\build\\lib\\lean;C:\\lean\\mathlib4\\.lake\\packages\\Qq\\.lake\\build\\lib\\lean;C:\\lean\\mathlib4\\.lake\\packages\\aesop\\.lake\\build\\lib\\lean;C:\\lean\\mathlib4\\.lake\\packages\\proofwidgets\\.lake\\build\\lib\\lean;C:\\lean\\mathlib4\\.lake\\packages\\importGraph\\.lake\\build\\lib\\lean;C:\\lean\\mathlib4\\.lake\\packages\\LeanSearchClient\\.lake\\build\\lib\\lean;C:\\lean\\mathlib4\\.lake\\packages\\plausible\\.lake\\build\\lib\\lean;C:\\lean\\mathlib4\\.lake\\build\\lib\\lean;C:\\lean\\libs\\physlib\\.lake\\build\\lib\\lean c:\\Users\\Administrator\\.elan\\toolchains\\leanprover--lean4---v4.34.0\\bin\\lean.exe -Dwarn.sorry=false -Dweak.says.verify=true C:\\lean\\libs\\physlib\\QuantumInfo\\ForMathlib\\HayataGroup\\TraceInequality\\LownerHeinzTheorem.lean -o C:\\lean\\libs\\physlib\\.lake\\build\\lib\\lean\\QuantumInfo\\ForMathlib\\HayataGroup\\TraceInequality\\LownerHeinzTheorem.olean -i C:\\lean\\libs\\physlib\\.lake\\build\\lib\\lean\\QuantumInfo\\ForMathlib\\HayataGroup\\TraceInequality\\LownerHeinzTheorem.ilean -c C:\\lean\\libs\\physlib\\.lake\\build\\ir\\QuantumInfo\\ForMathlib\\HayataGroup\\TraceInequality\\LownerHeinzTheorem.c --setup C:\\lean\\libs\\physlib\\.lake\\build\\ir\\QuantumInfo\\ForMathlib\\HayataGroup\\TraceInequality\\LownerHeinzTheorem.setup.json --json",
   "level": "trace"}],
 "inputs":
 [["deps",
   [["Physlib/QuantumInfo:extraDep",
     [["@Physlib:extraDep", "00000000000006bb"]]],
    ["imports",
     [["QuantumInfo.ForMathlib.HayataGroup.TraceInequality.LownerHeinzCore transitive imports (public)",
       "117f635790ee75ca"],
      ["QuantumInfo.ForMathlib.HayataGroup.TraceInequality.LownerHeinzCore:importArts",
       "cd137a15f5863bde"],
      ["Mathlib.Analysis.CStarAlgebra.ContinuousLinearMap transitive imports (public)",
       "b9ae8f71cabbf65d"],
      ["Mathlib.Analysis.CStarAlgebra.ContinuousLinearMap:importArts",
       "f08415034d89ec19"],
      ["Mathlib.Analysis.Convex.Continuous transitive imports (public)",
       "aca688b13884cc51"],
      ["Mathlib.Analysis.Convex.Continuous:importArts", "3d9e941ed45ea415"],
      ["Mathlib.Analysis.InnerProductSpace.StarOrder transitive imports (public)",
       "53d3bbe7717136e3"],
      ["Mathlib.Analysis.InnerProductSpace.StarOrder:importArts",
       "53e5dd1d6294ae5f"]]]]],
  ["libs",
   [["import dynlibs", "00000000000006bb"],
    ["package external libraries", "00000000000006bb"],
    ["module dynlibs", "00000000000006bb"],
    ["module plugins", "00000000000006bb"]]],
  ["Lean 4.34.0, commit 293d5d0c0c3f3dded4688b3ccd6a33939ac5102b",
   "a1c6c7aa3e9abfe7"],
  ["C:\\lean\\libs\\physlib\\QuantumInfo\\ForMathlib\\HayataGroup\\TraceInequality\\LownerHeinzTheorem.lean",
   "afd04df256b4366f"],
  ["options", "00000000000006bb"],
  ["isModule: true", "760fcc16989f4b9b"],
  ["Module.name: QuantumInfo.ForMathlib.HayataGroup.TraceInequality.LownerHeinzTheorem",
   "eb0ea3190399418a"],
  ["Package.id?: (some Physlib)", "6dd4b1a3d0e46d70"],
  ["Module.leanArgs: #[-Dwarn.sorry=false, -Dweak.says.verify=true]",
   "72cd5083b9c31fb2"]],
 "depHash": "ccc29b12e445b9b7"}