{"synthetic": false,
 "schemaVersion": "2025-09-10",
 "outputs":
 {"rs": "6859cea1a0136a76.ir.sig",
  "r": "2bd9e19d4d3d2ed7.ir",
  "o":
  ["30d44df234917859.olean",
   "457a1264b517a78e.olean.server",
   "92b75a6d1ca82d02.olean.private"],
  "m": true,
  "i": "30a112940fe6a3ef.ilean",
  "c": "d9272d02044d5913.c"},
 "log":
 [{"message":
   ".> LEAN_PATH=C:\\lean\\mathlib4\\.lake\\packages\\Cli\\.lake\\build\\lib\\lean;C:\\lean\\mathlib4\\.lake\\packages\\batteries\\.lake\\build\\lib\\lean;C:\\lean\\mathlib4\\.lake\\packages\\Qq\\.lake\\build\\lib\\lean;C:\\lean\\mathlib4\\.lake\\packages\\aesop\\.lake\\build\\lib\\lean;C:\\lean\\mathlib4\\.lake\\packages\\proofwidgets\\.lake\\build\\lib\\lean;C:\\lean\\mathlib4\\.lake\\packages\\importGraph\\.lake\\build\\lib\\lean;C:\\lean\\mathlib4\\.lake\\packages\\LeanSearchClient\\.lake\\build\\lib\\lean;C:\\lean\\mathlib4\\.lake\\packages\\plausible\\.lake\\build\\lib\\lean;C:\\lean\\mathlib4\\.lake\\build\\lib\\lean;C:\\lean\\libs\\physlib\\.lake\\build\\lib\\lean c:\\Users\\Administrator\\.elan\\toolchains\\leanprover--lean4---v4.34.0-rc1\\bin\\lean.exe -Dwarn.sorry=false -Dweak.says.verify=true C:\\lean\\libs\\physlib\\Physlib\\Relativity\\Tensors\\LeviCivita\\Basic.lean -o C:\\lean\\libs\\physlib\\.lake\\build\\lib\\lean\\Physlib\\Relativity\\Tensors\\LeviCivita\\Basic.olean -i C:\\lean\\libs\\physlib\\.lake\\build\\lib\\lean\\Physlib\\Relativity\\Tensors\\LeviCivita\\Basic.ilean -c C:\\lean\\libs\\physlib\\.lake\\build\\ir\\Physlib\\Relativity\\Tensors\\LeviCivita\\Basic.c --setup C:\\lean\\libs\\physlib\\.lake\\build\\ir\\Physlib\\Relativity\\Tensors\\LeviCivita\\Basic.setup.json --json",
   "level": "trace"}],
 "inputs":
 [["deps",
   [["Physlib/Physlib:extraDep", [["@Physlib:extraDep", "00000000000006bb"]]],
    ["imports",
     [["Physlib.Relativity.Tensors.RealTensor.Basic transitive imports (public)",
       "656fcccd8691ecfe"],
      ["Physlib.Relativity.Tensors.RealTensor.Basic:importArts",
       "59a499f429b4dd4e"],
      ["Physlib.Relativity.Tensors.OfInt transitive imports (public)",
       "e18f3cd20b32c0f7"],
      ["Physlib.Relativity.Tensors.OfInt:importArts", "602bb8e974720ab3"],
      ["Physlib.Mathematics.LeviCivita.Basic transitive imports (public)",
       "ee38ad00f44fd019"],
      ["Physlib.Mathematics.LeviCivita.Basic:importArts",
       "dc551136e6bf65a3"]]]]],
  ["libs",
   [["import dynlibs", "00000000000006bb"],
    ["package external libraries", "00000000000006bb"],
    ["module dynlibs", "00000000000006bb"],
    ["module plugins", "00000000000006bb"]]],
  ["Lean 4.34.0, commit 3447a668783dbce1a8fdb97101dd067687b2b418",
   "421484e3e0c70198"],
  ["C:\\lean\\libs\\physlib\\Physlib\\Relativity\\Tensors\\LeviCivita\\Basic.lean",
   "b1b25f5796c4e20e"],
  ["options", "00000000000006bb"],
  ["isModule: true", "760fcc16989f4b9b"],
  ["Module.name: Physlib.Relativity.Tensors.LeviCivita.Basic",
   "60422865cc55938d"],
  ["Package.id?: (some Physlib)", "6dd4b1a3d0e46d70"],
  ["Module.leanArgs: #[-Dwarn.sorry=false, -Dweak.says.verify=true]",
   "72cd5083b9c31fb2"]],
 "depHash": "faaa4981d5d85285"}