{"synthetic": false,
 "schemaVersion": "2025-09-10",
 "outputs":
 {"rs": "fd7dd2748638e9a5.ir.sig",
  "r": "e5808cffee0a01eb.ir",
  "o":
  ["740ec339bf97864d.olean",
   "8e2a9249e62acd9e.olean.server",
   "99dc626902a8eeab.olean.private"],
  "m": true,
  "i": "0c88d8aa020da17b.ilean",
  "c": "1a90732419d3609a.c"},
 "log":
 [{"message":
   ".> LEAN_PATH=C:\\lean\\mathlib4\\.lake\\packages\\Cli\\.lake\\build\\lib\\lean;C:\\lean\\mathlib4\\.lake\\packages\\batteries\\.lake\\build\\lib\\lean;C:\\lean\\mathlib4\\.lake\\packages\\Qq\\.lake\\build\\lib\\lean;C:\\lean\\mathlib4\\.lake\\packages\\aesop\\.lake\\build\\lib\\lean;C:\\lean\\mathlib4\\.lake\\packages\\proofwidgets\\.lake\\build\\lib\\lean;C:\\lean\\mathlib4\\.lake\\packages\\importGraph\\.lake\\build\\lib\\lean;C:\\lean\\mathlib4\\.lake\\packages\\LeanSearchClient\\.lake\\build\\lib\\lean;C:\\lean\\mathlib4\\.lake\\packages\\plausible\\.lake\\build\\lib\\lean;C:\\lean\\mathlib4\\.lake\\build\\lib\\lean;C:\\lean\\libs\\physlib\\.lake\\build\\lib\\lean c:\\Users\\Administrator\\.elan\\toolchains\\leanprover--lean4---v4.34.0\\bin\\lean.exe -Dwarn.sorry=false -Dweak.says.verify=true C:\\lean\\libs\\physlib\\Physlib\\Relativity\\Tensors\\LeviCivita\\Complex.lean -o C:\\lean\\libs\\physlib\\.lake\\build\\lib\\lean\\Physlib\\Relativity\\Tensors\\LeviCivita\\Complex.olean -i C:\\lean\\libs\\physlib\\.lake\\build\\lib\\lean\\Physlib\\Relativity\\Tensors\\LeviCivita\\Complex.ilean -c C:\\lean\\libs\\physlib\\.lake\\build\\ir\\Physlib\\Relativity\\Tensors\\LeviCivita\\Complex.c --setup C:\\lean\\libs\\physlib\\.lake\\build\\ir\\Physlib\\Relativity\\Tensors\\LeviCivita\\Complex.setup.json --json",
   "level": "trace"}],
 "inputs":
 [["deps",
   [["Physlib/Physlib:extraDep", [["@Physlib:extraDep", "00000000000006bb"]]],
    ["imports",
     [["Physlib.Relativity.Tensors.ComplexTensor.OfRat transitive imports (public)",
       "9fc4428c6a854583"],
      ["Physlib.Relativity.Tensors.ComplexTensor.OfRat:importArts",
       "2014fc67b6bfa0f6"],
      ["Physlib.Relativity.Tensors.LeviCivita.Basic transitive imports (public)",
       "bc6c87149238df8b"],
      ["Physlib.Relativity.Tensors.LeviCivita.Basic:importArts",
       "36e694a5d5bae809"],
      ["Physlib.Relativity.Tensors.RealTensor.ToComplex transitive imports (public)",
       "5613395f39cbae2b"],
      ["Physlib.Relativity.Tensors.RealTensor.ToComplex:importArts",
       "86962ceed8e3099f"]]]]],
  ["libs",
   [["import dynlibs", "00000000000006bb"],
    ["package external libraries", "00000000000006bb"],
    ["module dynlibs", "00000000000006bb"],
    ["module plugins", "00000000000006bb"]]],
  ["Lean 4.34.0, commit 293d5d0c0c3f3dded4688b3ccd6a33939ac5102b",
   "a1c6c7aa3e9abfe7"],
  ["C:\\lean\\libs\\physlib\\Physlib\\Relativity\\Tensors\\LeviCivita\\Complex.lean",
   "384d5c8bb7e825a8"],
  ["options", "00000000000006bb"],
  ["isModule: true", "760fcc16989f4b9b"],
  ["Module.name: Physlib.Relativity.Tensors.LeviCivita.Complex",
   "3e64757b3bb3a985"],
  ["Package.id?: (some Physlib)", "6dd4b1a3d0e46d70"],
  ["Module.leanArgs: #[-Dwarn.sorry=false, -Dweak.says.verify=true]",
   "72cd5083b9c31fb2"]],
 "depHash": "05fbf28b63f74605"}