{"synthetic": false,
 "schemaVersion": "2025-09-10",
 "outputs":
 {"rs": "0755bc42d20e9536.ir.sig",
  "r": "72ec7ab7958c12df.ir",
  "o":
  ["c0c12b840fd44c68.olean",
   "eaacbb8940d94f71.olean.server",
   "84c284359abe0dd5.olean.private"],
  "m": true,
  "i": "13f017c83b3464b3.ilean",
  "c": "ce0eca92abba22e1.c"},
 "log":
 [{"message":
   ".> LEAN_PATH=C:\\lean\\mathlib4\\.lake\\packages\\Cli\\.lake\\build\\lib\\lean;C:\\lean\\mathlib4\\.lake\\packages\\batteries\\.lake\\build\\lib\\lean;C:\\lean\\mathlib4\\.lake\\packages\\Qq\\.lake\\build\\lib\\lean;C:\\lean\\mathlib4\\.lake\\packages\\aesop\\.lake\\build\\lib\\lean;C:\\lean\\mathlib4\\.lake\\packages\\proofwidgets\\.lake\\build\\lib\\lean;C:\\lean\\mathlib4\\.lake\\packages\\importGraph\\.lake\\build\\lib\\lean;C:\\lean\\mathlib4\\.lake\\packages\\LeanSearchClient\\.lake\\build\\lib\\lean;C:\\lean\\mathlib4\\.lake\\packages\\plausible\\.lake\\build\\lib\\lean;C:\\lean\\mathlib4\\.lake\\build\\lib\\lean;C:\\lean\\libs\\physlib\\.lake\\build\\lib\\lean c:\\Users\\Administrator\\.elan\\toolchains\\leanprover--lean4---v4.34.0\\bin\\lean.exe -Dwarn.sorry=false -Dweak.says.verify=true C:\\lean\\libs\\physlib\\Physlib\\Relativity\\Tensors\\LeviCivita\\Contractions.lean -o C:\\lean\\libs\\physlib\\.lake\\build\\lib\\lean\\Physlib\\Relativity\\Tensors\\LeviCivita\\Contractions.olean -i C:\\lean\\libs\\physlib\\.lake\\build\\lib\\lean\\Physlib\\Relativity\\Tensors\\LeviCivita\\Contractions.ilean -c C:\\lean\\libs\\physlib\\.lake\\build\\ir\\Physlib\\Relativity\\Tensors\\LeviCivita\\Contractions.c --setup C:\\lean\\libs\\physlib\\.lake\\build\\ir\\Physlib\\Relativity\\Tensors\\LeviCivita\\Contractions.setup.json --json",
   "level": "trace"}],
 "inputs":
 [["deps",
   [["Physlib/Physlib:extraDep", [["@Physlib:extraDep", "00000000000006bb"]]],
    ["imports",
     [["Physlib.Relativity.Tensors.LeviCivita.Basic transitive imports (public)",
       "bc6c87149238df8b"],
      ["Physlib.Relativity.Tensors.LeviCivita.Basic:importArts",
       "36e694a5d5bae809"],
      ["Physlib.Mathematics.KroneckerDelta.Contraction transitive imports (public)",
       "15926461af8c8e66"],
      ["Physlib.Mathematics.KroneckerDelta.Contraction:importArts",
       "44e543e5142bd24c"],
      ["Physlib.Relativity.Tensors.RealTensor.Metrics.Basic transitive imports (public)",
       "b5a6cae7cd1d5d8e"],
      ["Physlib.Relativity.Tensors.RealTensor.Metrics.Basic:importArts",
       "06d8fedd8963a2f6"],
      ["Physlib.Relativity.Tensors.RealTensor.Units.Basic transitive imports (public)",
       "dacf29eb47f190c9"],
      ["Physlib.Relativity.Tensors.RealTensor.Units.Basic:importArts",
       "6a10059a65ae6a50"]]]]],
  ["libs",
   [["import dynlibs", "00000000000006bb"],
    ["package external libraries", "00000000000006bb"],
    ["module dynlibs", "00000000000006bb"],
    ["module plugins", "00000000000006bb"]]],
  ["Lean 4.34.0, commit 293d5d0c0c3f3dded4688b3ccd6a33939ac5102b",
   "a1c6c7aa3e9abfe7"],
  ["C:\\lean\\libs\\physlib\\Physlib\\Relativity\\Tensors\\LeviCivita\\Contractions.lean",
   "909d183ce479fca6"],
  ["options", "00000000000006bb"],
  ["isModule: true", "760fcc16989f4b9b"],
  ["Module.name: Physlib.Relativity.Tensors.LeviCivita.Contractions",
   "95fac93dbed6131e"],
  ["Package.id?: (some Physlib)", "6dd4b1a3d0e46d70"],
  ["Module.leanArgs: #[-Dwarn.sorry=false, -Dweak.says.verify=true]",
   "72cd5083b9c31fb2"]],
 "depHash": "ef85e65d5eece82d"}