{"synthetic": false,
 "schemaVersion": "2025-09-10",
 "outputs":
 {"rs": "f4578c13e2cb1c7f.ir.sig",
  "r": "1ca2c4a607d22918.ir",
  "o":
  ["83e7ad779c89e452.olean",
   "a117dfee10ffd5ac.olean.server",
   "47ad469e5c0c3392.olean.private"],
  "m": true,
  "i": "131fb739d81279d1.ilean",
  "c": "83ee3db0af6e54c6.c"},
 "log":
 [{"message":
   ".> LEAN_PATH=C:\\lean\\mathlib4\\.lake\\packages\\Cli\\.lake\\build\\lib\\lean;C:\\lean\\mathlib4\\.lake\\packages\\batteries\\.lake\\build\\lib\\lean;C:\\lean\\mathlib4\\.lake\\packages\\Qq\\.lake\\build\\lib\\lean;C:\\lean\\mathlib4\\.lake\\packages\\aesop\\.lake\\build\\lib\\lean;C:\\lean\\mathlib4\\.lake\\packages\\proofwidgets\\.lake\\build\\lib\\lean;C:\\lean\\mathlib4\\.lake\\packages\\importGraph\\.lake\\build\\lib\\lean;C:\\lean\\mathlib4\\.lake\\packages\\LeanSearchClient\\.lake\\build\\lib\\lean;C:\\lean\\mathlib4\\.lake\\packages\\plausible\\.lake\\build\\lib\\lean;C:\\lean\\mathlib4\\.lake\\build\\lib\\lean;C:\\lean\\libs\\physlib\\.lake\\build\\lib\\lean c:\\Users\\Administrator\\.elan\\toolchains\\leanprover--lean4---v4.34.0\\bin\\lean.exe -Dwarn.sorry=false -Dweak.says.verify=true C:\\lean\\libs\\physlib\\Physlib\\QuantumMechanics\\RectangularBarrier\\Basic.lean -o C:\\lean\\libs\\physlib\\.lake\\build\\lib\\lean\\Physlib\\QuantumMechanics\\RectangularBarrier\\Basic.olean -i C:\\lean\\libs\\physlib\\.lake\\build\\lib\\lean\\Physlib\\QuantumMechanics\\RectangularBarrier\\Basic.ilean -c C:\\lean\\libs\\physlib\\.lake\\build\\ir\\Physlib\\QuantumMechanics\\RectangularBarrier\\Basic.c --setup C:\\lean\\libs\\physlib\\.lake\\build\\ir\\Physlib\\QuantumMechanics\\RectangularBarrier\\Basic.setup.json --json",
   "level": "trace"}],
 "inputs":
 [["deps",
   [["Physlib/Physlib:extraDep", [["@Physlib:extraDep", "00000000000006bb"]]],
    ["imports",
     [["Physlib.Meta.Informal.Basic transitive imports (public)",
       "00000000000006bb"],
      ["Physlib.Meta.Informal.Basic:importArts", "07c6e10b858a538e"],
      ["Physlib.QuantumMechanics.Operators.Momentum transitive imports (public)",
       "b66567b1650a4a45"],
      ["Physlib.QuantumMechanics.Operators.Momentum:importArts",
       "a8f11a56723df307"],
      ["Physlib.QuantumMechanics.Operators.Multiplication transitive imports (public)",
       "6613cad9ec4666cc"],
      ["Physlib.QuantumMechanics.Operators.Multiplication:importArts",
       "00182883e345e963"],
      ["Physlib.QuantumMechanics.QuantumSystem.Basic transitive imports (public)",
       "2b21d93d366d5fbb"],
      ["Physlib.QuantumMechanics.QuantumSystem.Basic:importArts",
       "cb2462c1fcb70dd1"]]]]],
  ["libs",
   [["import dynlibs", "00000000000006bb"],
    ["package external libraries", "00000000000006bb"],
    ["module dynlibs", "00000000000006bb"],
    ["module plugins", "00000000000006bb"]]],
  ["Lean 4.34.0, commit 293d5d0c0c3f3dded4688b3ccd6a33939ac5102b",
   "a1c6c7aa3e9abfe7"],
  ["C:\\lean\\libs\\physlib\\Physlib\\QuantumMechanics\\RectangularBarrier\\Basic.lean",
   "c4f37a2fa80f24d8"],
  ["options", "00000000000006bb"],
  ["isModule: true", "760fcc16989f4b9b"],
  ["Module.name: Physlib.QuantumMechanics.RectangularBarrier.Basic",
   "1abbdeb41887fb5f"],
  ["Package.id?: (some Physlib)", "6dd4b1a3d0e46d70"],
  ["Module.leanArgs: #[-Dwarn.sorry=false, -Dweak.says.verify=true]",
   "72cd5083b9c31fb2"]],
 "depHash": "803d74c8d4e57f49"}