{"synthetic": false,
 "schemaVersion": "2025-09-10",
 "outputs":
 {"rs": "7b2b3529c71060ee.ir.sig",
  "r": "1a65ee9ab1b3c6b8.ir",
  "o":
  ["c9757589a51f8596.olean",
   "2e2587f53fa6599e.olean.server",
   "3791d61d0ceef39c.olean.private"],
  "m": true,
  "i": "e8fee9f0410c01ec.ilean",
  "c": "d66514dd2cf1974d.c"},
 "log":
 [{"message":
   ".> LEAN_PATH=C:\\lean\\mathlib4\\.lake\\packages\\Cli\\.lake\\build\\lib\\lean;C:\\lean\\mathlib4\\.lake\\packages\\batteries\\.lake\\build\\lib\\lean;C:\\lean\\mathlib4\\.lake\\packages\\Qq\\.lake\\build\\lib\\lean;C:\\lean\\mathlib4\\.lake\\packages\\aesop\\.lake\\build\\lib\\lean;C:\\lean\\mathlib4\\.lake\\packages\\proofwidgets\\.lake\\build\\lib\\lean;C:\\lean\\mathlib4\\.lake\\packages\\importGraph\\.lake\\build\\lib\\lean;C:\\lean\\mathlib4\\.lake\\packages\\LeanSearchClient\\.lake\\build\\lib\\lean;C:\\lean\\mathlib4\\.lake\\packages\\plausible\\.lake\\build\\lib\\lean;C:\\lean\\mathlib4\\.lake\\build\\lib\\lean;C:\\lean\\libs\\physlib\\.lake\\build\\lib\\lean c:\\Users\\Administrator\\.elan\\toolchains\\leanprover--lean4---v4.34.0\\bin\\lean.exe -Dwarn.sorry=false -Dweak.says.verify=true C:\\lean\\libs\\physlib\\Physlib\\Relativity\\Tensors\\ComplexTensor\\Metrics\\Lemmas.lean -o C:\\lean\\libs\\physlib\\.lake\\build\\lib\\lean\\Physlib\\Relativity\\Tensors\\ComplexTensor\\Metrics\\Lemmas.olean -i C:\\lean\\libs\\physlib\\.lake\\build\\lib\\lean\\Physlib\\Relativity\\Tensors\\ComplexTensor\\Metrics\\Lemmas.ilean -c C:\\lean\\libs\\physlib\\.lake\\build\\ir\\Physlib\\Relativity\\Tensors\\ComplexTensor\\Metrics\\Lemmas.c --setup C:\\lean\\libs\\physlib\\.lake\\build\\ir\\Physlib\\Relativity\\Tensors\\ComplexTensor\\Metrics\\Lemmas.setup.json --json",
   "level": "trace"}],
 "inputs":
 [["deps",
   [["Physlib/Physlib:extraDep", [["@Physlib:extraDep", "00000000000006bb"]]],
    ["imports",
     [["Physlib.Relativity.Tensors.ComplexTensor.Metrics.Basic transitive imports (public)",
       "7be2c6e0718b7749"],
      ["Physlib.Relativity.Tensors.ComplexTensor.Metrics.Basic:importArts",
       "49db33aa552f26b8"],
      ["Physlib.Relativity.Tensors.ComplexTensor.Units.Basic transitive imports (public)",
       "7be2c6e0718b7749"],
      ["Physlib.Relativity.Tensors.ComplexTensor.Units.Basic:importArts",
       "03c467285b929cdf"]]]]],
  ["libs",
   [["import dynlibs", "00000000000006bb"],
    ["package external libraries", "00000000000006bb"],
    ["module dynlibs", "00000000000006bb"],
    ["module plugins", "00000000000006bb"]]],
  ["Lean 4.34.0, commit 293d5d0c0c3f3dded4688b3ccd6a33939ac5102b",
   "a1c6c7aa3e9abfe7"],
  ["C:\\lean\\libs\\physlib\\Physlib\\Relativity\\Tensors\\ComplexTensor\\Metrics\\Lemmas.lean",
   "7c06e7977e9e29d3"],
  ["options", "00000000000006bb"],
  ["isModule: true", "760fcc16989f4b9b"],
  ["Module.name: Physlib.Relativity.Tensors.ComplexTensor.Metrics.Lemmas",
   "4233827565a343c2"],
  ["Package.id?: (some Physlib)", "6dd4b1a3d0e46d70"],
  ["Module.leanArgs: #[-Dwarn.sorry=false, -Dweak.says.verify=true]",
   "72cd5083b9c31fb2"]],
 "depHash": "129c9d537f3ac1db"}