{"synthetic": false,
 "schemaVersion": "2025-09-10",
 "outputs":
 {"rs": "cce3bb726e7a26d0.ir.sig",
  "r": "83f4b1d5969a77d4.ir",
  "o":
  ["01b76f32b0f8a499.olean",
   "1888211042927e2b.olean.server",
   "a74ad9455766a46f.olean.private"],
  "m": true,
  "i": "764ddb60bc251147.ilean",
  "c": "2384a08fa9c0eccc.c"},
 "log":
 [{"message":
   ".> LEAN_PATH=C:\\lean\\mathlib4\\.lake\\packages\\Cli\\.lake\\build\\lib\\lean;C:\\lean\\mathlib4\\.lake\\packages\\batteries\\.lake\\build\\lib\\lean;C:\\lean\\mathlib4\\.lake\\packages\\Qq\\.lake\\build\\lib\\lean;C:\\lean\\mathlib4\\.lake\\packages\\aesop\\.lake\\build\\lib\\lean;C:\\lean\\mathlib4\\.lake\\packages\\proofwidgets\\.lake\\build\\lib\\lean;C:\\lean\\mathlib4\\.lake\\packages\\importGraph\\.lake\\build\\lib\\lean;C:\\lean\\mathlib4\\.lake\\packages\\LeanSearchClient\\.lake\\build\\lib\\lean;C:\\lean\\mathlib4\\.lake\\packages\\plausible\\.lake\\build\\lib\\lean;C:\\lean\\mathlib4\\.lake\\build\\lib\\lean;C:\\lean\\libs\\physlib\\.lake\\build\\lib\\lean c:\\Users\\Administrator\\.elan\\toolchains\\leanprover--lean4---v4.34.0\\bin\\lean.exe -Dwarn.sorry=false -Dweak.says.verify=true C:\\lean\\libs\\physlib\\Physlib\\QFT\\QED\\AnomalyCancellation\\Even\\BasisLinear.lean -o C:\\lean\\libs\\physlib\\.lake\\build\\lib\\lean\\Physlib\\QFT\\QED\\AnomalyCancellation\\Even\\BasisLinear.olean -i C:\\lean\\libs\\physlib\\.lake\\build\\lib\\lean\\Physlib\\QFT\\QED\\AnomalyCancellation\\Even\\BasisLinear.ilean -c C:\\lean\\libs\\physlib\\.lake\\build\\ir\\Physlib\\QFT\\QED\\AnomalyCancellation\\Even\\BasisLinear.c --setup C:\\lean\\libs\\physlib\\.lake\\build\\ir\\Physlib\\QFT\\QED\\AnomalyCancellation\\Even\\BasisLinear.setup.json --json",
   "level": "trace"},
  {"message":
   "Physlib/QFT/QED/AnomalyCancellation/Even/BasisLinear.lean:260:29: `if_neg` has been deprecated: Use `ite_eq_right` instead",
   "level": "warning"},
  {"message":
   "Physlib/QFT/QED/AnomalyCancellation/Even/BasisLinear.lean:260:40: `if_neg` has been deprecated: Use `ite_eq_right` instead",
   "level": "warning"},
  {"message":
   "Physlib/QFT/QED/AnomalyCancellation/Even/BasisLinear.lean:483:29: `if_neg` has been deprecated: Use `ite_eq_right` instead",
   "level": "warning"},
  {"message":
   "Physlib/QFT/QED/AnomalyCancellation/Even/BasisLinear.lean:483:40: `if_neg` has been deprecated: Use `ite_eq_right` instead",
   "level": "warning"}],
 "inputs":
 [["deps",
   [["Physlib/Physlib:extraDep", [["@Physlib:extraDep", "00000000000006bb"]]],
    ["imports",
     [["Physlib.QFT.QED.AnomalyCancellation.BasisLinear transitive imports (public)",
       "29968a091a230d6f"],
      ["Physlib.QFT.QED.AnomalyCancellation.BasisLinear:importArts",
       "465aaccc1517ecf5"],
      ["Physlib.QFT.QED.AnomalyCancellation.VectorLike transitive imports (public)",
       "448c855c3b4f193b"],
      ["Physlib.QFT.QED.AnomalyCancellation.VectorLike:importArts",
       "b5bee656b4871513"]]]]],
  ["libs",
   [["import dynlibs", "00000000000006bb"],
    ["package external libraries", "00000000000006bb"],
    ["module dynlibs", "00000000000006bb"],
    ["module plugins", "00000000000006bb"]]],
  ["Lean 4.34.0, commit 293d5d0c0c3f3dded4688b3ccd6a33939ac5102b",
   "a1c6c7aa3e9abfe7"],
  ["C:\\lean\\libs\\physlib\\Physlib\\QFT\\QED\\AnomalyCancellation\\Even\\BasisLinear.lean",
   "50568ffa7fbd2545"],
  ["options", "00000000000006bb"],
  ["isModule: true", "760fcc16989f4b9b"],
  ["Module.name: Physlib.QFT.QED.AnomalyCancellation.Even.BasisLinear",
   "8ff4e152e4ae43c2"],
  ["Package.id?: (some Physlib)", "6dd4b1a3d0e46d70"],
  ["Module.leanArgs: #[-Dwarn.sorry=false, -Dweak.says.verify=true]",
   "72cd5083b9c31fb2"]],
 "depHash": "0bea6a2e8b6408c3"}