{"synthetic": false,
 "schemaVersion": "2025-09-10",
 "outputs":
 {"rs": "faacd743ac75717d.ir.sig",
  "r": "76ae22b116067de8.ir",
  "o":
  ["0722b10f08129060.olean",
   "00048c12133d8cb7.olean.server",
   "d0a9a73efd0c7a4a.olean.private"],
  "m": true,
  "i": "cc648a02753fce16.ilean",
  "c": "11f1beb1310ff35c.c"},
 "log":
 [{"message":
   ".> LEAN_PATH=C:\\lean\\mathlib4\\.lake\\packages\\Cli\\.lake\\build\\lib\\lean;C:\\lean\\mathlib4\\.lake\\packages\\batteries\\.lake\\build\\lib\\lean;C:\\lean\\mathlib4\\.lake\\packages\\Qq\\.lake\\build\\lib\\lean;C:\\lean\\mathlib4\\.lake\\packages\\aesop\\.lake\\build\\lib\\lean;C:\\lean\\mathlib4\\.lake\\packages\\proofwidgets\\.lake\\build\\lib\\lean;C:\\lean\\mathlib4\\.lake\\packages\\importGraph\\.lake\\build\\lib\\lean;C:\\lean\\mathlib4\\.lake\\packages\\LeanSearchClient\\.lake\\build\\lib\\lean;C:\\lean\\mathlib4\\.lake\\packages\\plausible\\.lake\\build\\lib\\lean;C:\\lean\\mathlib4\\.lake\\build\\lib\\lean;C:\\lean\\libs\\physlib\\.lake\\build\\lib\\lean c:\\Users\\Administrator\\.elan\\toolchains\\leanprover--lean4---v4.34.0\\bin\\lean.exe -Dwarn.sorry=false -Dweak.says.verify=true C:\\lean\\libs\\physlib\\Physlib\\QuantumMechanics\\InfiniteSquareWell\\Basic.lean -o C:\\lean\\libs\\physlib\\.lake\\build\\lib\\lean\\Physlib\\QuantumMechanics\\InfiniteSquareWell\\Basic.olean -i C:\\lean\\libs\\physlib\\.lake\\build\\lib\\lean\\Physlib\\QuantumMechanics\\InfiniteSquareWell\\Basic.ilean -c C:\\lean\\libs\\physlib\\.lake\\build\\ir\\Physlib\\QuantumMechanics\\InfiniteSquareWell\\Basic.c --setup C:\\lean\\libs\\physlib\\.lake\\build\\ir\\Physlib\\QuantumMechanics\\InfiniteSquareWell\\Basic.setup.json --json",
   "level": "trace"}],
 "inputs":
 [["deps",
   [["Physlib/Physlib:extraDep", [["@Physlib:extraDep", "00000000000006bb"]]],
    ["imports",
     [["Physlib.Meta.Informal.Basic transitive imports (public)",
       "00000000000006bb"],
      ["Physlib.Meta.Informal.Basic:importArts", "07c6e10b858a538e"],
      ["Physlib.QuantumMechanics.Operators.Momentum transitive imports (public)",
       "b66567b1650a4a45"],
      ["Physlib.QuantumMechanics.Operators.Momentum:importArts",
       "a8f11a56723df307"],
      ["Physlib.QuantumMechanics.QuantumSystem.Basic transitive imports (public)",
       "2b21d93d366d5fbb"],
      ["Physlib.QuantumMechanics.QuantumSystem.Basic:importArts",
       "cb2462c1fcb70dd1"]]]]],
  ["libs",
   [["import dynlibs", "00000000000006bb"],
    ["package external libraries", "00000000000006bb"],
    ["module dynlibs", "00000000000006bb"],
    ["module plugins", "00000000000006bb"]]],
  ["Lean 4.34.0, commit 293d5d0c0c3f3dded4688b3ccd6a33939ac5102b",
   "a1c6c7aa3e9abfe7"],
  ["C:\\lean\\libs\\physlib\\Physlib\\QuantumMechanics\\InfiniteSquareWell\\Basic.lean",
   "7833a48802f2e761"],
  ["options", "00000000000006bb"],
  ["isModule: true", "760fcc16989f4b9b"],
  ["Module.name: Physlib.QuantumMechanics.InfiniteSquareWell.Basic",
   "9489a2f15c01501f"],
  ["Package.id?: (some Physlib)", "6dd4b1a3d0e46d70"],
  ["Module.leanArgs: #[-Dwarn.sorry=false, -Dweak.says.verify=true]",
   "72cd5083b9c31fb2"]],
 "depHash": "02fd0ec46e86d738"}