{"synthetic": false,
 "schemaVersion": "2025-09-10",
 "outputs":
 {"rs": "1effdabeaf98152d.ir.sig",
  "r": "41cd2a31cea906c7.ir",
  "o":
  ["3d6ed815a251ad75.olean",
   "1846947cb64ce364.olean.server",
   "de16600b4058d136.olean.private"],
  "m": true,
  "i": "cb82767f3513a2e6.ilean",
  "c": "2c1bf2e80d6f772c.c"},
 "log":
 [{"message":
   ".> LEAN_PATH=C:\\lean\\mathlib4\\.lake\\packages\\Cli\\.lake\\build\\lib\\lean;C:\\lean\\mathlib4\\.lake\\packages\\batteries\\.lake\\build\\lib\\lean;C:\\lean\\mathlib4\\.lake\\packages\\Qq\\.lake\\build\\lib\\lean;C:\\lean\\mathlib4\\.lake\\packages\\aesop\\.lake\\build\\lib\\lean;C:\\lean\\mathlib4\\.lake\\packages\\proofwidgets\\.lake\\build\\lib\\lean;C:\\lean\\mathlib4\\.lake\\packages\\importGraph\\.lake\\build\\lib\\lean;C:\\lean\\mathlib4\\.lake\\packages\\LeanSearchClient\\.lake\\build\\lib\\lean;C:\\lean\\mathlib4\\.lake\\packages\\plausible\\.lake\\build\\lib\\lean;C:\\lean\\mathlib4\\.lake\\build\\lib\\lean;C:\\lean\\libs\\physlib\\.lake\\build\\lib\\lean c:\\Users\\Administrator\\.elan\\toolchains\\leanprover--lean4---v4.34.0\\bin\\lean.exe -Dwarn.sorry=false -Dweak.says.verify=true C:\\lean\\libs\\physlib\\Physlib\\Particles\\FlavorPhysics\\CKMMatrix\\Invariants.lean -o C:\\lean\\libs\\physlib\\.lake\\build\\lib\\lean\\Physlib\\Particles\\FlavorPhysics\\CKMMatrix\\Invariants.olean -i C:\\lean\\libs\\physlib\\.lake\\build\\lib\\lean\\Physlib\\Particles\\FlavorPhysics\\CKMMatrix\\Invariants.ilean -c C:\\lean\\libs\\physlib\\.lake\\build\\ir\\Physlib\\Particles\\FlavorPhysics\\CKMMatrix\\Invariants.c --setup C:\\lean\\libs\\physlib\\.lake\\build\\ir\\Physlib\\Particles\\FlavorPhysics\\CKMMatrix\\Invariants.setup.json --json",
   "level": "trace"}],
 "inputs":
 [["deps",
   [["Physlib/Physlib:extraDep", [["@Physlib:extraDep", "00000000000006bb"]]],
    ["imports",
     [["Physlib.Particles.FlavorPhysics.CKMMatrix.Basic transitive imports (public)",
       "2fcc40f54005175b"],
      ["Physlib.Particles.FlavorPhysics.CKMMatrix.Basic:importArts",
       "30a73aa36cd141a5"],
      ["Mathlib.Analysis.Complex.Basic transitive imports (public)",
       "5db83281f6ec6795"],
      ["Mathlib.Analysis.Complex.Basic:importArts", "e126660cf29b52de"]]]]],
  ["libs",
   [["import dynlibs", "00000000000006bb"],
    ["package external libraries", "00000000000006bb"],
    ["module dynlibs", "00000000000006bb"],
    ["module plugins", "00000000000006bb"]]],
  ["Lean 4.34.0, commit 293d5d0c0c3f3dded4688b3ccd6a33939ac5102b",
   "a1c6c7aa3e9abfe7"],
  ["C:\\lean\\libs\\physlib\\Physlib\\Particles\\FlavorPhysics\\CKMMatrix\\Invariants.lean",
   "93264cfedbb46546"],
  ["options", "00000000000006bb"],
  ["isModule: true", "760fcc16989f4b9b"],
  ["Module.name: Physlib.Particles.FlavorPhysics.CKMMatrix.Invariants",
   "93dd202abdcfac2c"],
  ["Package.id?: (some Physlib)", "6dd4b1a3d0e46d70"],
  ["Module.leanArgs: #[-Dwarn.sorry=false, -Dweak.says.verify=true]",
   "72cd5083b9c31fb2"]],
 "depHash": "b9c3e1827fe0be51"}