{"synthetic": false,
 "schemaVersion": "2025-09-10",
 "outputs":
 {"rs": "ce700a064dfa451c.ir.sig",
  "r": "a3b05262f8d3cd0c.ir",
  "o":
  ["f4a87f862d8435aa.olean",
   "5af495f0d8cc3141.olean.server",
   "b6041c475c1072c7.olean.private"],
  "m": true,
  "i": "c33c510aa60bd230.ilean",
  "c": "1111a9c7beac03e8.c"},
 "log":
 [{"message":
   ".> LEAN_PATH=C:\\lean\\mathlib4\\.lake\\packages\\Cli\\.lake\\build\\lib\\lean;C:\\lean\\mathlib4\\.lake\\packages\\batteries\\.lake\\build\\lib\\lean;C:\\lean\\mathlib4\\.lake\\packages\\Qq\\.lake\\build\\lib\\lean;C:\\lean\\mathlib4\\.lake\\packages\\aesop\\.lake\\build\\lib\\lean;C:\\lean\\mathlib4\\.lake\\packages\\proofwidgets\\.lake\\build\\lib\\lean;C:\\lean\\mathlib4\\.lake\\packages\\importGraph\\.lake\\build\\lib\\lean;C:\\lean\\mathlib4\\.lake\\packages\\LeanSearchClient\\.lake\\build\\lib\\lean;C:\\lean\\mathlib4\\.lake\\packages\\plausible\\.lake\\build\\lib\\lean;C:\\lean\\mathlib4\\.lake\\build\\lib\\lean;C:\\lean\\libs\\physlib\\.lake\\build\\lib\\lean c:\\Users\\Administrator\\.elan\\toolchains\\leanprover--lean4---v4.34.0\\bin\\lean.exe -Dwarn.sorry=false -Dweak.says.verify=true C:\\lean\\libs\\physlib\\Physlib\\Particles\\FlavorPhysics\\CKMMatrix\\Rows.lean -o C:\\lean\\libs\\physlib\\.lake\\build\\lib\\lean\\Physlib\\Particles\\FlavorPhysics\\CKMMatrix\\Rows.olean -i C:\\lean\\libs\\physlib\\.lake\\build\\lib\\lean\\Physlib\\Particles\\FlavorPhysics\\CKMMatrix\\Rows.ilean -c C:\\lean\\libs\\physlib\\.lake\\build\\ir\\Physlib\\Particles\\FlavorPhysics\\CKMMatrix\\Rows.c --setup C:\\lean\\libs\\physlib\\.lake\\build\\ir\\Physlib\\Particles\\FlavorPhysics\\CKMMatrix\\Rows.setup.json --json",
   "level": "trace"}],
 "inputs":
 [["deps",
   [["Physlib/Physlib:extraDep", [["@Physlib:extraDep", "00000000000006bb"]]],
    ["imports",
     [["Physlib.Particles.FlavorPhysics.CKMMatrix.Basic transitive imports (public)",
       "2fcc40f54005175b"],
      ["Physlib.Particles.FlavorPhysics.CKMMatrix.Basic:importArts",
       "30a73aa36cd141a5"],
      ["Mathlib.Analysis.SpecialFunctions.Complex.Arg transitive imports (public)",
       "bacf2217a9e35226"],
      ["Mathlib.Analysis.SpecialFunctions.Complex.Arg:importArts",
       "f7e0f3fcf96e43e2"],
      ["Mathlib.LinearAlgebra.CrossProduct transitive imports (public)",
       "387ad28acd0b9bb1"],
      ["Mathlib.LinearAlgebra.CrossProduct:importArts", "656fd8af25d062d0"],
      ["Mathlib.LinearAlgebra.FiniteDimensional.Lemmas transitive imports (public)",
       "7777a8af8b8cb2cb"],
      ["Mathlib.LinearAlgebra.FiniteDimensional.Lemmas:importArts",
       "b20aec8d1cad9eef"],
      ["Mathlib.Tactic.Cases transitive imports (public)", "c30ccae22c39dc0f"],
      ["Mathlib.Tactic.Cases:importArts", "6902c44e24e6e48b"]]]]],
  ["libs",
   [["import dynlibs", "00000000000006bb"],
    ["package external libraries", "00000000000006bb"],
    ["module dynlibs", "00000000000006bb"],
    ["module plugins", "00000000000006bb"]]],
  ["Lean 4.34.0, commit 293d5d0c0c3f3dded4688b3ccd6a33939ac5102b",
   "a1c6c7aa3e9abfe7"],
  ["C:\\lean\\libs\\physlib\\Physlib\\Particles\\FlavorPhysics\\CKMMatrix\\Rows.lean",
   "92c78b0a4a61e9ec"],
  ["options", "00000000000006bb"],
  ["isModule: true", "760fcc16989f4b9b"],
  ["Module.name: Physlib.Particles.FlavorPhysics.CKMMatrix.Rows",
   "61f94830b83b98f8"],
  ["Package.id?: (some Physlib)", "6dd4b1a3d0e46d70"],
  ["Module.leanArgs: #[-Dwarn.sorry=false, -Dweak.says.verify=true]",
   "72cd5083b9c31fb2"]],
 "depHash": "b12c3f71b2666718"}