{"synthetic": false,
 "schemaVersion": "2025-09-10",
 "outputs":
 {"rs": "f560598a577b7ace.ir.sig",
  "r": "04fd5435be340607.ir",
  "o":
  ["a6f1d65441e2ba3d.olean",
   "95fd8eeb8bdef478.olean.server",
   "d2a303264835a8db.olean.private"],
  "m": true,
  "i": "1c62bc13919339c3.ilean",
  "c": "94a53fe9b81ebce8.c"},
 "log":
 [{"message":
   ".> LEAN_PATH=C:\\lean\\mathlib4\\.lake\\packages\\Cli\\.lake\\build\\lib\\lean;C:\\lean\\mathlib4\\.lake\\packages\\batteries\\.lake\\build\\lib\\lean;C:\\lean\\mathlib4\\.lake\\packages\\Qq\\.lake\\build\\lib\\lean;C:\\lean\\mathlib4\\.lake\\packages\\aesop\\.lake\\build\\lib\\lean;C:\\lean\\mathlib4\\.lake\\packages\\proofwidgets\\.lake\\build\\lib\\lean;C:\\lean\\mathlib4\\.lake\\packages\\importGraph\\.lake\\build\\lib\\lean;C:\\lean\\mathlib4\\.lake\\packages\\LeanSearchClient\\.lake\\build\\lib\\lean;C:\\lean\\mathlib4\\.lake\\packages\\plausible\\.lake\\build\\lib\\lean;C:\\lean\\mathlib4\\.lake\\build\\lib\\lean;C:\\lean\\libs\\physlib\\.lake\\build\\lib\\lean c:\\Users\\Administrator\\.elan\\toolchains\\leanprover--lean4---v4.34.0\\bin\\lean.exe -Dwarn.sorry=false -Dweak.says.verify=true C:\\lean\\libs\\physlib\\Physlib\\Mathematics\\Geometry\\Metric\\Riemannian\\Defs.lean -o C:\\lean\\libs\\physlib\\.lake\\build\\lib\\lean\\Physlib\\Mathematics\\Geometry\\Metric\\Riemannian\\Defs.olean -i C:\\lean\\libs\\physlib\\.lake\\build\\lib\\lean\\Physlib\\Mathematics\\Geometry\\Metric\\Riemannian\\Defs.ilean -c C:\\lean\\libs\\physlib\\.lake\\build\\ir\\Physlib\\Mathematics\\Geometry\\Metric\\Riemannian\\Defs.c --setup C:\\lean\\libs\\physlib\\.lake\\build\\ir\\Physlib\\Mathematics\\Geometry\\Metric\\Riemannian\\Defs.setup.json --json",
   "level": "trace"}],
 "inputs":
 [["deps",
   [["Physlib/Physlib:extraDep", [["@Physlib:extraDep", "00000000000006bb"]]],
    ["imports",
     [["Physlib.Mathematics.Geometry.Metric.PseudoRiemannian.Defs transitive imports (public)",
       "53248a7669be6393"],
      ["Physlib.Mathematics.Geometry.Metric.PseudoRiemannian.Defs:importArts",
       "c403a9272409c7b9"],
      ["Mathlib.MeasureTheory.Integral.IntervalIntegral.Basic transitive imports (public)",
       "b3a4cfc1069285af"],
      ["Mathlib.MeasureTheory.Integral.IntervalIntegral.Basic:importArts",
       "bd6f6676972eb51d"]]]]],
  ["libs",
   [["import dynlibs", "00000000000006bb"],
    ["package external libraries", "00000000000006bb"],
    ["module dynlibs", "00000000000006bb"],
    ["module plugins", "00000000000006bb"]]],
  ["Lean 4.34.0, commit 293d5d0c0c3f3dded4688b3ccd6a33939ac5102b",
   "a1c6c7aa3e9abfe7"],
  ["C:\\lean\\libs\\physlib\\Physlib\\Mathematics\\Geometry\\Metric\\Riemannian\\Defs.lean",
   "fd9d87d871ce19c4"],
  ["options", "00000000000006bb"],
  ["isModule: true", "760fcc16989f4b9b"],
  ["Module.name: Physlib.Mathematics.Geometry.Metric.Riemannian.Defs",
   "12ff64a40e859b27"],
  ["Package.id?: (some Physlib)", "6dd4b1a3d0e46d70"],
  ["Module.leanArgs: #[-Dwarn.sorry=false, -Dweak.says.verify=true]",
   "72cd5083b9c31fb2"]],
 "depHash": "3dfeae67e2bc66cd"}