{"synthetic": false,
 "schemaVersion": "2025-09-10",
 "outputs":
 {"rs": "be00ff7188ae05a3.ir.sig",
  "r": "b902cef3bc6ce1ca.ir",
  "o":
  ["5ed6cfa65c3fc4ce.olean",
   "0d6588fe995c7a82.olean.server",
   "77d3eb8359c198d2.olean.private"],
  "m": true,
  "i": "83b0c333d394b476.ilean",
  "c": "a53bc3fded7fae87.c"},
 "log":
 [{"message":
   ".> LEAN_PATH=C:\\lean\\mathlib4\\.lake\\packages\\Cli\\.lake\\build\\lib\\lean;C:\\lean\\mathlib4\\.lake\\packages\\batteries\\.lake\\build\\lib\\lean;C:\\lean\\mathlib4\\.lake\\packages\\Qq\\.lake\\build\\lib\\lean;C:\\lean\\mathlib4\\.lake\\packages\\aesop\\.lake\\build\\lib\\lean;C:\\lean\\mathlib4\\.lake\\packages\\proofwidgets\\.lake\\build\\lib\\lean;C:\\lean\\mathlib4\\.lake\\packages\\importGraph\\.lake\\build\\lib\\lean;C:\\lean\\mathlib4\\.lake\\packages\\LeanSearchClient\\.lake\\build\\lib\\lean;C:\\lean\\mathlib4\\.lake\\packages\\plausible\\.lake\\build\\lib\\lean;C:\\lean\\mathlib4\\.lake\\build\\lib\\lean;C:\\lean\\libs\\physlib\\.lake\\build\\lib\\lean;C:\\Users\\Administrator\\Desktop\\A_Papers\\Paper_phase-blind-pumps\\lean\\.lake\\build\\lib\\lean c:\\Users\\Administrator\\.elan\\toolchains\\leanprover--lean4---v4.34.0\\bin\\lean.exe -Dwarn.sorry=false -Dweak.says.verify=true C:\\lean\\libs\\physlib\\QuantumInfo\\ForMathlib\\HermitianMat\\CFC.lean -o C:\\lean\\libs\\physlib\\.lake\\build\\lib\\lean\\QuantumInfo\\ForMathlib\\HermitianMat\\CFC.olean -i C:\\lean\\libs\\physlib\\.lake\\build\\lib\\lean\\QuantumInfo\\ForMathlib\\HermitianMat\\CFC.ilean -c C:\\lean\\libs\\physlib\\.lake\\build\\ir\\QuantumInfo\\ForMathlib\\HermitianMat\\CFC.c --setup C:\\lean\\libs\\physlib\\.lake\\build\\ir\\QuantumInfo\\ForMathlib\\HermitianMat\\CFC.setup.json --json",
   "level": "trace"}],
 "inputs":
 [["deps",
   [["Physlib/QuantumInfo:extraDep",
     [["@Physlib:extraDep", "00000000000006bb"]]],
    ["imports",
     [["QuantumInfo.ForMathlib.HermitianMat.Inner transitive imports (public)",
       "28b18881cc451449"],
      ["QuantumInfo.ForMathlib.HermitianMat.Inner:importArts",
       "869880f17c0a88c9"],
      ["QuantumInfo.ForMathlib.HermitianMat.NonSingular transitive imports (public)",
       "e5256996dffa7552"],
      ["QuantumInfo.ForMathlib.HermitianMat.NonSingular:importArts",
       "5dd8ddf6be62cf83"],
      ["QuantumInfo.ForMathlib.Isometry transitive imports (public)",
       "3a37c5ef76bea288"],
      ["QuantumInfo.ForMathlib.Isometry:importArts", "98fb7cefafdb35c1"],
      ["Mathlib.Analysis.CStarAlgebra.ContinuousFunctionalCalculus.Continuity transitive imports (public)",
       "a24d55e46d90248b"],
      ["Mathlib.Analysis.CStarAlgebra.ContinuousFunctionalCalculus.Continuity:importArts",
       "6c3bb1adbf7560a7"],
      ["Mathlib.Analysis.CStarAlgebra.ContinuousFunctionalCalculus.Commute transitive imports (public)",
       "44e50f405074edaa"],
      ["Mathlib.Analysis.CStarAlgebra.ContinuousFunctionalCalculus.Commute:importArts",
       "1400a8e01d0abd24"],
      ["Mathlib.Analysis.CStarAlgebra.CStarMatrix transitive imports (public)",
       "8056055975e506e2"],
      ["Mathlib.Analysis.CStarAlgebra.CStarMatrix:importArts",
       "c0e6f60c1def70e8"],
      ["Mathlib.Topology.TietzeExtension transitive imports (public)",
       "7d04371ca42b1884"],
      ["Mathlib.Topology.TietzeExtension:importArts", "6352d17a2c086c56"],
      ["Mathlib.MeasureTheory.Integral.IntervalIntegral.Basic transitive imports (public)",
       "b3a4cfc1069285af"],
      ["Mathlib.MeasureTheory.Integral.IntervalIntegral.Basic:importArts",
       "bd6f6676972eb51d"]]]]],
  ["libs",
   [["import dynlibs", "00000000000006bb"],
    ["package external libraries", "00000000000006bb"],
    ["module dynlibs", "00000000000006bb"],
    ["module plugins", "00000000000006bb"]]],
  ["Lean 4.34.0, commit 293d5d0c0c3f3dded4688b3ccd6a33939ac5102b",
   "a1c6c7aa3e9abfe7"],
  ["C:\\lean\\libs\\physlib\\QuantumInfo\\ForMathlib\\HermitianMat\\CFC.lean",
   "4bad487f819a0ac0"],
  ["options", "00000000000006bb"],
  ["isModule: true", "760fcc16989f4b9b"],
  ["Module.name: QuantumInfo.ForMathlib.HermitianMat.CFC", "9f9ef3fd655f7364"],
  ["Package.id?: (some Physlib)", "6dd4b1a3d0e46d70"],
  ["Module.leanArgs: #[-Dwarn.sorry=false, -Dweak.says.verify=true]",
   "72cd5083b9c31fb2"]],
 "depHash": "caa4fc5cfbc33abd"}