{"synthetic": false,
 "schemaVersion": "2025-09-10",
 "outputs":
 {"rs": "ba9dc4217a616e9a.ir.sig",
  "r": "38fc9bb6d427a291.ir",
  "o":
  ["d6d48319c4c14a1d.olean",
   "ba9ad3d0d777b744.olean.server",
   "d9c660ba4eba809b.olean.private"],
  "m": true,
  "i": "8be1922cacd1e920.ilean",
  "c": "cf4cae24bc61bee6.c"},
 "log":
 [{"message":
   ".> LEAN_PATH=C:\\lean\\mathlib4\\.lake\\packages\\Cli\\.lake\\build\\lib\\lean;C:\\lean\\mathlib4\\.lake\\packages\\batteries\\.lake\\build\\lib\\lean;C:\\lean\\mathlib4\\.lake\\packages\\Qq\\.lake\\build\\lib\\lean;C:\\lean\\mathlib4\\.lake\\packages\\aesop\\.lake\\build\\lib\\lean;C:\\lean\\mathlib4\\.lake\\packages\\proofwidgets\\.lake\\build\\lib\\lean;C:\\lean\\mathlib4\\.lake\\packages\\importGraph\\.lake\\build\\lib\\lean;C:\\lean\\mathlib4\\.lake\\packages\\LeanSearchClient\\.lake\\build\\lib\\lean;C:\\lean\\mathlib4\\.lake\\packages\\plausible\\.lake\\build\\lib\\lean;C:\\lean\\mathlib4\\.lake\\build\\lib\\lean;C:\\lean\\libs\\physlib\\.lake\\build\\lib\\lean c:\\Users\\Administrator\\.elan\\toolchains\\leanprover--lean4---v4.34.0\\bin\\lean.exe -Dwarn.sorry=false -Dweak.says.verify=true C:\\lean\\libs\\physlib\\QuantumInfo\\ForMathlib\\HermitianMat\\Jordan.lean -o C:\\lean\\libs\\physlib\\.lake\\build\\lib\\lean\\QuantumInfo\\ForMathlib\\HermitianMat\\Jordan.olean -i C:\\lean\\libs\\physlib\\.lake\\build\\lib\\lean\\QuantumInfo\\ForMathlib\\HermitianMat\\Jordan.ilean -c C:\\lean\\libs\\physlib\\.lake\\build\\ir\\QuantumInfo\\ForMathlib\\HermitianMat\\Jordan.c --setup C:\\lean\\libs\\physlib\\.lake\\build\\ir\\QuantumInfo\\ForMathlib\\HermitianMat\\Jordan.setup.json --json",
   "level": "trace"}],
 "inputs":
 [["deps",
   [["Physlib/QuantumInfo:extraDep",
     [["@Physlib:extraDep", "00000000000006bb"]]],
    ["imports",
     [["Mathlib.Algebra.Jordan.Basic transitive imports (public)",
       "6a0b8c6595816174"],
      ["Mathlib.Algebra.Jordan.Basic:importArts", "d02f715245e284fe"],
      ["QuantumInfo.ForMathlib.HermitianMat.CFC transitive imports (public)",
       "ca618752ebac62a3"],
      ["QuantumInfo.ForMathlib.HermitianMat.CFC:importArts",
       "ca1ded7df1a07e17"],
      ["QuantumInfo.ForMathlib.HermitianMat.Order transitive imports (public)",
       "53130c6a4fa58fdf"],
      ["QuantumInfo.ForMathlib.HermitianMat.Order:importArts",
       "d5ad9b55f2bc7fce"]]]]],
  ["libs",
   [["import dynlibs", "00000000000006bb"],
    ["package external libraries", "00000000000006bb"],
    ["module dynlibs", "00000000000006bb"],
    ["module plugins", "00000000000006bb"]]],
  ["Lean 4.34.0, commit 293d5d0c0c3f3dded4688b3ccd6a33939ac5102b",
   "a1c6c7aa3e9abfe7"],
  ["C:\\lean\\libs\\physlib\\QuantumInfo\\ForMathlib\\HermitianMat\\Jordan.lean",
   "7e6869424a78c21e"],
  ["options", "00000000000006bb"],
  ["isModule: true", "760fcc16989f4b9b"],
  ["Module.name: QuantumInfo.ForMathlib.HermitianMat.Jordan",
   "7125de3d7344fd36"],
  ["Package.id?: (some Physlib)", "6dd4b1a3d0e46d70"],
  ["Module.leanArgs: #[-Dwarn.sorry=false, -Dweak.says.verify=true]",
   "72cd5083b9c31fb2"]],
 "depHash": "fcc910a2f740316c"}