{"synthetic": false,
 "schemaVersion": "2025-09-10",
 "outputs":
 {"rs": "b2c4af62c057ac5f.ir.sig",
  "r": "70d5c13ed220ef31.ir",
  "o":
  ["9c4604d9027d4fdb.olean",
   "5d1c92281998121f.olean.server",
   "f3f0bbb5977efb9b.olean.private"],
  "m": true,
  "i": "078878ea3b79d914.ilean",
  "c": "f23b5486aae04da9.c"},
 "log":
 [{"message":
   ".> LEAN_PATH=C:\\lean\\mathlib4\\.lake\\packages\\Cli\\.lake\\build\\lib\\lean;C:\\lean\\mathlib4\\.lake\\packages\\batteries\\.lake\\build\\lib\\lean;C:\\lean\\mathlib4\\.lake\\packages\\Qq\\.lake\\build\\lib\\lean;C:\\lean\\mathlib4\\.lake\\packages\\aesop\\.lake\\build\\lib\\lean;C:\\lean\\mathlib4\\.lake\\packages\\proofwidgets\\.lake\\build\\lib\\lean;C:\\lean\\mathlib4\\.lake\\packages\\importGraph\\.lake\\build\\lib\\lean;C:\\lean\\mathlib4\\.lake\\packages\\LeanSearchClient\\.lake\\build\\lib\\lean;C:\\lean\\mathlib4\\.lake\\packages\\plausible\\.lake\\build\\lib\\lean;C:\\lean\\mathlib4\\.lake\\build\\lib\\lean;C:\\lean\\libs\\physlib\\.lake\\build\\lib\\lean c:\\Users\\Administrator\\.elan\\toolchains\\leanprover--lean4---v4.34.0\\bin\\lean.exe -Dwarn.sorry=false -Dweak.says.verify=true C:\\lean\\libs\\physlib\\QuantumInfo\\ForMathlib\\HermitianMat\\Peierls.lean -o C:\\lean\\libs\\physlib\\.lake\\build\\lib\\lean\\QuantumInfo\\ForMathlib\\HermitianMat\\Peierls.olean -i C:\\lean\\libs\\physlib\\.lake\\build\\lib\\lean\\QuantumInfo\\ForMathlib\\HermitianMat\\Peierls.ilean -c C:\\lean\\libs\\physlib\\.lake\\build\\ir\\QuantumInfo\\ForMathlib\\HermitianMat\\Peierls.c --setup C:\\lean\\libs\\physlib\\.lake\\build\\ir\\QuantumInfo\\ForMathlib\\HermitianMat\\Peierls.setup.json --json",
   "level": "trace"},
  {"message":
   "QuantumInfo/ForMathlib/HermitianMat/Peierls.lean:145:45: `if_pos` has been deprecated: Use `ite_eq_left` instead",
   "level": "warning"},
  {"message":
   "QuantumInfo/ForMathlib/HermitianMat/Peierls.lean:205:45: `if_pos` has been deprecated: Use `ite_eq_left` instead",
   "level": "warning"}],
 "inputs":
 [["deps",
   [["Physlib/QuantumInfo:extraDep",
     [["@Physlib:extraDep", "00000000000006bb"]]],
    ["imports",
     [["QuantumInfo.ForMathlib.HermitianMat.Sqrt transitive imports (public)",
       "a3748ac0674b9087"],
      ["QuantumInfo.ForMathlib.HermitianMat.Sqrt:importArts",
       "e1d0bbc38440bb13"],
      ["QuantumInfo.ForMathlib.HermitianMat.LiebConcavity transitive imports (public)",
       "98e15c4ea5669073"],
      ["QuantumInfo.ForMathlib.HermitianMat.LiebConcavity:importArts",
       "d4cb8b67eb2a4f79"]]]]],
  ["libs",
   [["import dynlibs", "00000000000006bb"],
    ["package external libraries", "00000000000006bb"],
    ["module dynlibs", "00000000000006bb"],
    ["module plugins", "00000000000006bb"]]],
  ["Lean 4.34.0, commit 293d5d0c0c3f3dded4688b3ccd6a33939ac5102b",
   "a1c6c7aa3e9abfe7"],
  ["C:\\lean\\libs\\physlib\\QuantumInfo\\ForMathlib\\HermitianMat\\Peierls.lean",
   "7eecbc149d698b13"],
  ["options", "00000000000006bb"],
  ["isModule: true", "760fcc16989f4b9b"],
  ["Module.name: QuantumInfo.ForMathlib.HermitianMat.Peierls",
   "17e798da9c2cc124"],
  ["Package.id?: (some Physlib)", "6dd4b1a3d0e46d70"],
  ["Module.leanArgs: #[-Dwarn.sorry=false, -Dweak.says.verify=true]",
   "72cd5083b9c31fb2"]],
 "depHash": "0aa6b9aa6c01a45d"}