{"synthetic": false,
 "schemaVersion": "2025-09-10",
 "outputs":
 {"rs": "04ac4b1b35d3a610.ir.sig",
  "r": "3d5a78f59b960603.ir",
  "o":
  ["e03165933635f0d3.olean",
   "c3154d4d327dbd89.olean.server",
   "79b5975bdd3e009f.olean.private"],
  "m": true,
  "i": "3d4ab1308f2cab6a.ilean",
  "c": "1ae03575bf5d2b2b.c"},
 "log":
 [{"message":
   ".> LEAN_PATH=C:\\lean\\mathlib4\\.lake\\packages\\Cli\\.lake\\build\\lib\\lean;C:\\lean\\mathlib4\\.lake\\packages\\batteries\\.lake\\build\\lib\\lean;C:\\lean\\mathlib4\\.lake\\packages\\Qq\\.lake\\build\\lib\\lean;C:\\lean\\mathlib4\\.lake\\packages\\aesop\\.lake\\build\\lib\\lean;C:\\lean\\mathlib4\\.lake\\packages\\proofwidgets\\.lake\\build\\lib\\lean;C:\\lean\\mathlib4\\.lake\\packages\\importGraph\\.lake\\build\\lib\\lean;C:\\lean\\mathlib4\\.lake\\packages\\LeanSearchClient\\.lake\\build\\lib\\lean;C:\\lean\\mathlib4\\.lake\\packages\\plausible\\.lake\\build\\lib\\lean;C:\\lean\\mathlib4\\.lake\\build\\lib\\lean;C:\\lean\\libs\\physlib\\.lake\\build\\lib\\lean;C:\\Users\\Administrator\\Desktop\\A_Papers\\Paper_phase-blind-pumps\\lean\\.lake\\build\\lib\\lean c:\\Users\\Administrator\\.elan\\toolchains\\leanprover--lean4---v4.34.0\\bin\\lean.exe -Dwarn.sorry=false -Dweak.says.verify=true C:\\lean\\libs\\physlib\\QuantumInfo\\ForMathlib\\HermitianMat\\Proj.lean -o C:\\lean\\libs\\physlib\\.lake\\build\\lib\\lean\\QuantumInfo\\ForMathlib\\HermitianMat\\Proj.olean -i C:\\lean\\libs\\physlib\\.lake\\build\\lib\\lean\\QuantumInfo\\ForMathlib\\HermitianMat\\Proj.ilean -c C:\\lean\\libs\\physlib\\.lake\\build\\ir\\QuantumInfo\\ForMathlib\\HermitianMat\\Proj.c --setup C:\\lean\\libs\\physlib\\.lake\\build\\ir\\QuantumInfo\\ForMathlib\\HermitianMat\\Proj.setup.json --json",
   "level": "trace"}],
 "inputs":
 [["deps",
   [["Physlib/QuantumInfo:extraDep",
     [["@Physlib:extraDep", "00000000000006bb"]]],
    ["imports",
     [["QuantumInfo.ForMathlib.HermitianMat.CFC transitive imports (public)",
       "ca618752ebac62a3"],
      ["QuantumInfo.ForMathlib.HermitianMat.CFC:importArts",
       "ca1ded7df1a07e17"],
      ["Mathlib.Analysis.CStarAlgebra.Classes transitive imports (public)",
       "17232757467200c5"],
      ["Mathlib.Analysis.CStarAlgebra.Classes:importArts", "8f5fc5db020eeade"],
      ["Mathlib.Analysis.InnerProductSpace.Positive transitive imports (public)",
       "733f30bd4af049c0"],
      ["Mathlib.Analysis.InnerProductSpace.Positive:importArts",
       "2db061b58bdd9fb3"],
      ["Mathlib.Analysis.SpecialFunctions.ContinuousFunctionalCalculus.PosPart.Basic transitive imports (public)",
       "87ef5385140023b9"],
      ["Mathlib.Analysis.SpecialFunctions.ContinuousFunctionalCalculus.PosPart.Basic:importArts",
       "1004c9ad5c1310ee"]]]]],
  ["libs",
   [["import dynlibs", "00000000000006bb"],
    ["package external libraries", "00000000000006bb"],
    ["module dynlibs", "00000000000006bb"],
    ["module plugins", "00000000000006bb"]]],
  ["Lean 4.34.0, commit 293d5d0c0c3f3dded4688b3ccd6a33939ac5102b",
   "a1c6c7aa3e9abfe7"],
  ["C:\\lean\\libs\\physlib\\QuantumInfo\\ForMathlib\\HermitianMat\\Proj.lean",
   "60219d923ba59891"],
  ["options", "00000000000006bb"],
  ["isModule: true", "760fcc16989f4b9b"],
  ["Module.name: QuantumInfo.ForMathlib.HermitianMat.Proj", "39fea83d3a458822"],
  ["Package.id?: (some Physlib)", "6dd4b1a3d0e46d70"],
  ["Module.leanArgs: #[-Dwarn.sorry=false, -Dweak.says.verify=true]",
   "72cd5083b9c31fb2"]],
 "depHash": "b122e6d000fe609b"}