{"synthetic": false,
 "schemaVersion": "2025-09-10",
 "outputs":
 {"rs": "6b5cd29d33b2bc07.ir.sig",
  "r": "c654ba46f8e7c508.ir",
  "o":
  ["8abab2cca54a2ac5.olean",
   "acd69d8fb71f966c.olean.server",
   "e27d142bc6ab5aee.olean.private"],
  "m": true,
  "i": "be2648338ab51883.ilean",
  "c": "03952ab98a50b542.c"},
 "log":
 [{"message":
   ".> LEAN_PATH=C:\\lean\\mathlib4\\.lake\\packages\\Cli\\.lake\\build\\lib\\lean;C:\\lean\\mathlib4\\.lake\\packages\\batteries\\.lake\\build\\lib\\lean;C:\\lean\\mathlib4\\.lake\\packages\\Qq\\.lake\\build\\lib\\lean;C:\\lean\\mathlib4\\.lake\\packages\\aesop\\.lake\\build\\lib\\lean;C:\\lean\\mathlib4\\.lake\\packages\\proofwidgets\\.lake\\build\\lib\\lean;C:\\lean\\mathlib4\\.lake\\packages\\importGraph\\.lake\\build\\lib\\lean;C:\\lean\\mathlib4\\.lake\\packages\\LeanSearchClient\\.lake\\build\\lib\\lean;C:\\lean\\mathlib4\\.lake\\packages\\plausible\\.lake\\build\\lib\\lean;C:\\lean\\mathlib4\\.lake\\build\\lib\\lean;C:\\lean\\libs\\physlib\\.lake\\build\\lib\\lean;C:\\Users\\Administrator\\Desktop\\A_Papers\\Paper_phase-blind-pumps\\lean\\.lake\\build\\lib\\lean c:\\Users\\Administrator\\.elan\\toolchains\\leanprover--lean4---v4.34.0\\bin\\lean.exe -Dwarn.sorry=false -Dweak.says.verify=true C:\\lean\\libs\\physlib\\QuantumInfo\\ForMathlib\\HermitianMat\\Rpow.lean -o C:\\lean\\libs\\physlib\\.lake\\build\\lib\\lean\\QuantumInfo\\ForMathlib\\HermitianMat\\Rpow.olean -i C:\\lean\\libs\\physlib\\.lake\\build\\lib\\lean\\QuantumInfo\\ForMathlib\\HermitianMat\\Rpow.ilean -c C:\\lean\\libs\\physlib\\.lake\\build\\ir\\QuantumInfo\\ForMathlib\\HermitianMat\\Rpow.c --setup C:\\lean\\libs\\physlib\\.lake\\build\\ir\\QuantumInfo\\ForMathlib\\HermitianMat\\Rpow.setup.json --json",
   "level": "trace"}],
 "inputs":
 [["deps",
   [["Physlib/QuantumInfo:extraDep",
     [["@Physlib:extraDep", "00000000000006bb"]]],
    ["imports",
     [["QuantumInfo.ForMathlib.HermitianMat.CompoundMatrix transitive imports (public)",
       "8c156cdcfc8c44bd"],
      ["QuantumInfo.ForMathlib.HermitianMat.CompoundMatrix:importArts",
       "7a9f8dbdc242ceeb"],
      ["QuantumInfo.ForMathlib.HermitianMat.LogExp transitive imports (public)",
       "9d52cfa216ee82ad"],
      ["QuantumInfo.ForMathlib.HermitianMat.LogExp:importArts",
       "6d4bf27171907ce0"],
      ["QuantumInfo.ForMathlib.HermitianMat.Sqrt transitive imports (public)",
       "a3748ac0674b9087"],
      ["QuantumInfo.ForMathlib.HermitianMat.Sqrt:importArts",
       "e1d0bbc38440bb13"],
      ["QuantumInfo.ForMathlib.HermitianMat.Unitary transitive imports (public)",
       "e8c16340b732db2b"],
      ["QuantumInfo.ForMathlib.HermitianMat.Unitary:importArts",
       "88f57cb4cc0da784"]]]]],
  ["libs",
   [["import dynlibs", "00000000000006bb"],
    ["package external libraries", "00000000000006bb"],
    ["module dynlibs", "00000000000006bb"],
    ["module plugins", "00000000000006bb"]]],
  ["Lean 4.34.0, commit 293d5d0c0c3f3dded4688b3ccd6a33939ac5102b",
   "a1c6c7aa3e9abfe7"],
  ["C:\\lean\\libs\\physlib\\QuantumInfo\\ForMathlib\\HermitianMat\\Rpow.lean",
   "d24534a450f4e139"],
  ["options", "00000000000006bb"],
  ["isModule: true", "760fcc16989f4b9b"],
  ["Module.name: QuantumInfo.ForMathlib.HermitianMat.Rpow", "314d1200ce4445f0"],
  ["Package.id?: (some Physlib)", "6dd4b1a3d0e46d70"],
  ["Module.leanArgs: #[-Dwarn.sorry=false, -Dweak.says.verify=true]",
   "72cd5083b9c31fb2"]],
 "depHash": "7e25e4323dc1a1ee"}