{"synthetic": false,
 "schemaVersion": "2025-09-10",
 "outputs":
 {"rs": "f0cb3999bdfb0209.ir.sig",
  "r": "c19815b8710d221f.ir",
  "o":
  ["055ba44c03064427.olean",
   "bf316d21992be821.olean.server",
   "e5eb4de7ffbe82a6.olean.private"],
  "m": true,
  "i": "8f559f7e6db7b71f.ilean",
  "c": "db0b2f44fa625d2e.c"},
 "log":
 [{"message":
   ".> LEAN_PATH=C:\\lean\\mathlib4\\.lake\\packages\\Cli\\.lake\\build\\lib\\lean;C:\\lean\\mathlib4\\.lake\\packages\\batteries\\.lake\\build\\lib\\lean;C:\\lean\\mathlib4\\.lake\\packages\\Qq\\.lake\\build\\lib\\lean;C:\\lean\\mathlib4\\.lake\\packages\\aesop\\.lake\\build\\lib\\lean;C:\\lean\\mathlib4\\.lake\\packages\\proofwidgets\\.lake\\build\\lib\\lean;C:\\lean\\mathlib4\\.lake\\packages\\importGraph\\.lake\\build\\lib\\lean;C:\\lean\\mathlib4\\.lake\\packages\\LeanSearchClient\\.lake\\build\\lib\\lean;C:\\lean\\mathlib4\\.lake\\packages\\plausible\\.lake\\build\\lib\\lean;C:\\lean\\mathlib4\\.lake\\build\\lib\\lean;C:\\lean\\libs\\physlib\\.lake\\build\\lib\\lean c:\\Users\\Administrator\\.elan\\toolchains\\leanprover--lean4---v4.34.0\\bin\\lean.exe -Dwarn.sorry=false -Dweak.says.verify=true C:\\lean\\libs\\physlib\\Physlib\\SpaceAndTime\\GalileanGroup\\Basic.lean -o C:\\lean\\libs\\physlib\\.lake\\build\\lib\\lean\\Physlib\\SpaceAndTime\\GalileanGroup\\Basic.olean -i C:\\lean\\libs\\physlib\\.lake\\build\\lib\\lean\\Physlib\\SpaceAndTime\\GalileanGroup\\Basic.ilean -c C:\\lean\\libs\\physlib\\.lake\\build\\ir\\Physlib\\SpaceAndTime\\GalileanGroup\\Basic.c --setup C:\\lean\\libs\\physlib\\.lake\\build\\ir\\Physlib\\SpaceAndTime\\GalileanGroup\\Basic.setup.json --json",
   "level": "trace"}],
 "inputs":
 [["deps",
   [["Physlib/Physlib:extraDep", [["@Physlib:extraDep", "00000000000006bb"]]],
    ["imports",
     [["Physlib.SpaceAndTime.Space.EuclideanGroup.Basic transitive imports (public)",
       "85aa19cbad06bf6b"],
      ["Physlib.SpaceAndTime.Space.EuclideanGroup.Basic:importArts",
       "2447160323b1d030"],
      ["Physlib.SpaceAndTime.Space.Origin transitive imports (public)",
       "2a93225ef5db3c02"],
      ["Physlib.SpaceAndTime.Space.Origin:importArts", "a20b9161be52fdf1"],
      ["Physlib.SpaceAndTime.Time.InnerProductSpace transitive imports (public)",
       "d99dfce9622826c4"],
      ["Physlib.SpaceAndTime.Time.InnerProductSpace:importArts",
       "a2e4f7c402d6045e"]]]]],
  ["libs",
   [["import dynlibs", "00000000000006bb"],
    ["package external libraries", "00000000000006bb"],
    ["module dynlibs", "00000000000006bb"],
    ["module plugins", "00000000000006bb"]]],
  ["Lean 4.34.0, commit 293d5d0c0c3f3dded4688b3ccd6a33939ac5102b",
   "a1c6c7aa3e9abfe7"],
  ["C:\\lean\\libs\\physlib\\Physlib\\SpaceAndTime\\GalileanGroup\\Basic.lean",
   "e90d6b5701e0468c"],
  ["options", "00000000000006bb"],
  ["isModule: true", "760fcc16989f4b9b"],
  ["Module.name: Physlib.SpaceAndTime.GalileanGroup.Basic", "4d8db9346bae2e76"],
  ["Package.id?: (some Physlib)", "6dd4b1a3d0e46d70"],
  ["Module.leanArgs: #[-Dwarn.sorry=false, -Dweak.says.verify=true]",
   "72cd5083b9c31fb2"]],
 "depHash": "2de8d0ecad05b997"}