{"synthetic": false,
 "schemaVersion": "2025-09-10",
 "outputs":
 {"rs": "e151fd7e47c8ddee.ir.sig",
  "r": "f070675924aedd5f.ir",
  "o":
  ["97ace11ba48fcd5b.olean",
   "978fbc0833f6b5ee.olean.server",
   "f9f7ec8295b97811.olean.private"],
  "m": true,
  "i": "632d04bddee3d47a.ilean",
  "c": "597017e8ee11749d.c"},
 "log":
 [{"message":
   ".> LEAN_PATH=C:\\lean\\mathlib4\\.lake\\packages\\Cli\\.lake\\build\\lib\\lean;C:\\lean\\mathlib4\\.lake\\packages\\batteries\\.lake\\build\\lib\\lean;C:\\lean\\mathlib4\\.lake\\packages\\Qq\\.lake\\build\\lib\\lean;C:\\lean\\mathlib4\\.lake\\packages\\aesop\\.lake\\build\\lib\\lean;C:\\lean\\mathlib4\\.lake\\packages\\proofwidgets\\.lake\\build\\lib\\lean;C:\\lean\\mathlib4\\.lake\\packages\\importGraph\\.lake\\build\\lib\\lean;C:\\lean\\mathlib4\\.lake\\packages\\LeanSearchClient\\.lake\\build\\lib\\lean;C:\\lean\\mathlib4\\.lake\\packages\\plausible\\.lake\\build\\lib\\lean;C:\\lean\\mathlib4\\.lake\\build\\lib\\lean;C:\\lean\\libs\\physlib\\.lake\\build\\lib\\lean c:\\Users\\Administrator\\.elan\\toolchains\\leanprover--lean4---v4.34.0\\bin\\lean.exe -Dwarn.sorry=false -Dweak.says.verify=true C:\\lean\\libs\\physlib\\Physlib\\Particles\\BeyondTheStandardModel\\RHN\\AnomalyCancellation\\PlusU1\\BoundPlaneDim.lean -o C:\\lean\\libs\\physlib\\.lake\\build\\lib\\lean\\Physlib\\Particles\\BeyondTheStandardModel\\RHN\\AnomalyCancellation\\PlusU1\\BoundPlaneDim.olean -i C:\\lean\\libs\\physlib\\.lake\\build\\lib\\lean\\Physlib\\Particles\\BeyondTheStandardModel\\RHN\\AnomalyCancellation\\PlusU1\\BoundPlaneDim.ilean -c C:\\lean\\libs\\physlib\\.lake\\build\\ir\\Physlib\\Particles\\BeyondTheStandardModel\\RHN\\AnomalyCancellation\\PlusU1\\BoundPlaneDim.c --setup C:\\lean\\libs\\physlib\\.lake\\build\\ir\\Physlib\\Particles\\BeyondTheStandardModel\\RHN\\AnomalyCancellation\\PlusU1\\BoundPlaneDim.setup.json --json",
   "level": "trace"}],
 "inputs":
 [["deps",
   [["Physlib/Physlib:extraDep", [["@Physlib:extraDep", "00000000000006bb"]]],
    ["imports",
     [["Physlib.Particles.BeyondTheStandardModel.RHN.AnomalyCancellation.PlusU1.PlaneNonSols transitive imports (public)",
       "4360d42a255dbb23"],
      ["Physlib.Particles.BeyondTheStandardModel.RHN.AnomalyCancellation.PlusU1.PlaneNonSols:importArts",
       "9757fe7a602465af"]]]]],
  ["libs",
   [["import dynlibs", "00000000000006bb"],
    ["package external libraries", "00000000000006bb"],
    ["module dynlibs", "00000000000006bb"],
    ["module plugins", "00000000000006bb"]]],
  ["Lean 4.34.0, commit 293d5d0c0c3f3dded4688b3ccd6a33939ac5102b",
   "a1c6c7aa3e9abfe7"],
  ["C:\\lean\\libs\\physlib\\Physlib\\Particles\\BeyondTheStandardModel\\RHN\\AnomalyCancellation\\PlusU1\\BoundPlaneDim.lean",
   "d339e7c2e6ab65e8"],
  ["options", "00000000000006bb"],
  ["isModule: true", "760fcc16989f4b9b"],
  ["Module.name: Physlib.Particles.BeyondTheStandardModel.RHN.AnomalyCancellation.PlusU1.BoundPlaneDim",
   "071e8b6cc59eb505"],
  ["Package.id?: (some Physlib)", "6dd4b1a3d0e46d70"],
  ["Module.leanArgs: #[-Dwarn.sorry=false, -Dweak.says.verify=true]",
   "72cd5083b9c31fb2"]],
 "depHash": "fde5ac81d999c68e"}