{"synthetic": false,
 "schemaVersion": "2025-09-10",
 "outputs":
 {"rs": "7eb1339e4c19cbb2.ir.sig",
  "r": "5eac1a4d9f8889db.ir",
  "o":
  ["d1a9f5e5771d2d94.olean",
   "e8b6b0ead078dc44.olean.server",
   "c05f8d48a4d3fca0.olean.private"],
  "m": true,
  "i": "a4d54044b0ac92f3.ilean",
  "c": "48809b4204976455.c"},
 "log":
 [{"message":
   ".> LEAN_PATH=C:\\lean\\mathlib4\\.lake\\packages\\Cli\\.lake\\build\\lib\\lean;C:\\lean\\mathlib4\\.lake\\packages\\batteries\\.lake\\build\\lib\\lean;C:\\lean\\mathlib4\\.lake\\packages\\Qq\\.lake\\build\\lib\\lean;C:\\lean\\mathlib4\\.lake\\packages\\aesop\\.lake\\build\\lib\\lean;C:\\lean\\mathlib4\\.lake\\packages\\proofwidgets\\.lake\\build\\lib\\lean;C:\\lean\\mathlib4\\.lake\\packages\\importGraph\\.lake\\build\\lib\\lean;C:\\lean\\mathlib4\\.lake\\packages\\LeanSearchClient\\.lake\\build\\lib\\lean;C:\\lean\\mathlib4\\.lake\\packages\\plausible\\.lake\\build\\lib\\lean;C:\\lean\\mathlib4\\.lake\\build\\lib\\lean;C:\\lean\\libs\\physlib\\.lake\\build\\lib\\lean c:\\Users\\Administrator\\.elan\\toolchains\\leanprover--lean4---v4.34.0\\bin\\lean.exe -Dwarn.sorry=false -Dweak.says.verify=true C:\\lean\\libs\\physlib\\Physlib\\Particles\\BeyondTheStandardModel\\RHN\\AnomalyCancellation\\PlusU1\\HyperCharge.lean -o C:\\lean\\libs\\physlib\\.lake\\build\\lib\\lean\\Physlib\\Particles\\BeyondTheStandardModel\\RHN\\AnomalyCancellation\\PlusU1\\HyperCharge.olean -i C:\\lean\\libs\\physlib\\.lake\\build\\lib\\lean\\Physlib\\Particles\\BeyondTheStandardModel\\RHN\\AnomalyCancellation\\PlusU1\\HyperCharge.ilean -c C:\\lean\\libs\\physlib\\.lake\\build\\ir\\Physlib\\Particles\\BeyondTheStandardModel\\RHN\\AnomalyCancellation\\PlusU1\\HyperCharge.c --setup C:\\lean\\libs\\physlib\\.lake\\build\\ir\\Physlib\\Particles\\BeyondTheStandardModel\\RHN\\AnomalyCancellation\\PlusU1\\HyperCharge.setup.json --json",
   "level": "trace"}],
 "inputs":
 [["deps",
   [["Physlib/Physlib:extraDep", [["@Physlib:extraDep", "00000000000006bb"]]],
    ["imports",
     [["Physlib.Particles.BeyondTheStandardModel.RHN.AnomalyCancellation.PlusU1.FamilyMaps transitive imports (public)",
       "ade3fbb645a3b540"],
      ["Physlib.Particles.BeyondTheStandardModel.RHN.AnomalyCancellation.PlusU1.FamilyMaps:importArts",
       "c2500e4f2cc473b4"]]]]],
  ["libs",
   [["import dynlibs", "00000000000006bb"],
    ["package external libraries", "00000000000006bb"],
    ["module dynlibs", "00000000000006bb"],
    ["module plugins", "00000000000006bb"]]],
  ["Lean 4.34.0, commit 293d5d0c0c3f3dded4688b3ccd6a33939ac5102b",
   "a1c6c7aa3e9abfe7"],
  ["C:\\lean\\libs\\physlib\\Physlib\\Particles\\BeyondTheStandardModel\\RHN\\AnomalyCancellation\\PlusU1\\HyperCharge.lean",
   "78a572b26879bbab"],
  ["options", "00000000000006bb"],
  ["isModule: true", "760fcc16989f4b9b"],
  ["Module.name: Physlib.Particles.BeyondTheStandardModel.RHN.AnomalyCancellation.PlusU1.HyperCharge",
   "ef6e90d108776710"],
  ["Package.id?: (some Physlib)", "6dd4b1a3d0e46d70"],
  ["Module.leanArgs: #[-Dwarn.sorry=false, -Dweak.says.verify=true]",
   "72cd5083b9c31fb2"]],
 "depHash": "f4bb57acd5a31547"}