{"synthetic": false,
 "schemaVersion": "2025-09-10",
 "outputs":
 {"rs": "9fe95283d5a6a3e3.ir.sig",
  "r": "05e9ed87e877f6f8.ir",
  "o":
  ["5a4690c3bb92db36.olean",
   "405ff6096bb87f37.olean.server",
   "afa77aad17e2d3c8.olean.private"],
  "m": true,
  "i": "95a91a1e301847b7.ilean",
  "c": "afda618bfd536737.c"},
 "log":
 [{"message":
   ".> LEAN_PATH=C:\\lean\\mathlib4\\.lake\\packages\\Cli\\.lake\\build\\lib\\lean;C:\\lean\\mathlib4\\.lake\\packages\\batteries\\.lake\\build\\lib\\lean;C:\\lean\\mathlib4\\.lake\\packages\\Qq\\.lake\\build\\lib\\lean;C:\\lean\\mathlib4\\.lake\\packages\\aesop\\.lake\\build\\lib\\lean;C:\\lean\\mathlib4\\.lake\\packages\\proofwidgets\\.lake\\build\\lib\\lean;C:\\lean\\mathlib4\\.lake\\packages\\importGraph\\.lake\\build\\lib\\lean;C:\\lean\\mathlib4\\.lake\\packages\\LeanSearchClient\\.lake\\build\\lib\\lean;C:\\lean\\mathlib4\\.lake\\packages\\plausible\\.lake\\build\\lib\\lean;C:\\lean\\mathlib4\\.lake\\build\\lib\\lean;C:\\lean\\libs\\physlib\\.lake\\build\\lib\\lean c:\\Users\\Administrator\\.elan\\toolchains\\leanprover--lean4---v4.34.0\\bin\\lean.exe -Dwarn.sorry=false -Dweak.says.verify=true C:\\lean\\libs\\physlib\\Physlib\\Particles\\BeyondTheStandardModel\\RHN\\AnomalyCancellation\\PlusU1\\PlaneNonSols.lean -o C:\\lean\\libs\\physlib\\.lake\\build\\lib\\lean\\Physlib\\Particles\\BeyondTheStandardModel\\RHN\\AnomalyCancellation\\PlusU1\\PlaneNonSols.olean -i C:\\lean\\libs\\physlib\\.lake\\build\\lib\\lean\\Physlib\\Particles\\BeyondTheStandardModel\\RHN\\AnomalyCancellation\\PlusU1\\PlaneNonSols.ilean -c C:\\lean\\libs\\physlib\\.lake\\build\\ir\\Physlib\\Particles\\BeyondTheStandardModel\\RHN\\AnomalyCancellation\\PlusU1\\PlaneNonSols.c --setup C:\\lean\\libs\\physlib\\.lake\\build\\ir\\Physlib\\Particles\\BeyondTheStandardModel\\RHN\\AnomalyCancellation\\PlusU1\\PlaneNonSols.setup.json --json",
   "level": "trace"}],
 "inputs":
 [["deps",
   [["Physlib/Physlib:extraDep", [["@Physlib:extraDep", "00000000000006bb"]]],
    ["imports",
     [["Physlib.Particles.BeyondTheStandardModel.RHN.AnomalyCancellation.PlusU1.Basic transitive imports (public)",
       "d5d19eaba009f10e"],
      ["Physlib.Particles.BeyondTheStandardModel.RHN.AnomalyCancellation.PlusU1.Basic:importArts",
       "10f0df16bd6f4a14"],
      ["Mathlib.Tactic.LinearCombination transitive imports (public)",
       "cd87518e8b22c963"],
      ["Mathlib.Tactic.LinearCombination:importArts", "707f1a9bbb706a52"]]]]],
  ["libs",
   [["import dynlibs", "00000000000006bb"],
    ["package external libraries", "00000000000006bb"],
    ["module dynlibs", "00000000000006bb"],
    ["module plugins", "00000000000006bb"]]],
  ["Lean 4.34.0, commit 293d5d0c0c3f3dded4688b3ccd6a33939ac5102b",
   "a1c6c7aa3e9abfe7"],
  ["C:\\lean\\libs\\physlib\\Physlib\\Particles\\BeyondTheStandardModel\\RHN\\AnomalyCancellation\\PlusU1\\PlaneNonSols.lean",
   "1e07f2a6c1a7d0a7"],
  ["options", "00000000000006bb"],
  ["isModule: true", "760fcc16989f4b9b"],
  ["Module.name: Physlib.Particles.BeyondTheStandardModel.RHN.AnomalyCancellation.PlusU1.PlaneNonSols",
   "bced2ee9c0cbce6c"],
  ["Package.id?: (some Physlib)", "6dd4b1a3d0e46d70"],
  ["Module.leanArgs: #[-Dwarn.sorry=false, -Dweak.says.verify=true]",
   "72cd5083b9c31fb2"]],
 "depHash": "fc2a30cd6894944c"}