{"synthetic": false,
 "schemaVersion": "2025-09-10",
 "outputs":
 {"rs": "67b10067af3b20c4.ir.sig",
  "r": "90a62aee1aba2184.ir",
  "o":
  ["13cc436ec05602f4.olean",
   "4dc5d60977658ee6.olean.server",
   "f865c73b087d82e9.olean.private"],
  "m": true,
  "i": "fc13881d62da3d20.ilean",
  "c": "4b41a072b152af20.c"},
 "log":
 [{"message":
   ".> LEAN_PATH=C:\\lean\\mathlib4\\.lake\\packages\\Cli\\.lake\\build\\lib\\lean;C:\\lean\\mathlib4\\.lake\\packages\\batteries\\.lake\\build\\lib\\lean;C:\\lean\\mathlib4\\.lake\\packages\\Qq\\.lake\\build\\lib\\lean;C:\\lean\\mathlib4\\.lake\\packages\\aesop\\.lake\\build\\lib\\lean;C:\\lean\\mathlib4\\.lake\\packages\\proofwidgets\\.lake\\build\\lib\\lean;C:\\lean\\mathlib4\\.lake\\packages\\importGraph\\.lake\\build\\lib\\lean;C:\\lean\\mathlib4\\.lake\\packages\\LeanSearchClient\\.lake\\build\\lib\\lean;C:\\lean\\mathlib4\\.lake\\packages\\plausible\\.lake\\build\\lib\\lean;C:\\lean\\mathlib4\\.lake\\build\\lib\\lean;C:\\lean\\libs\\physlib\\.lake\\build\\lib\\lean c:\\Users\\Administrator\\.elan\\toolchains\\leanprover--lean4---v4.34.0\\bin\\lean.exe -Dwarn.sorry=false -Dweak.says.verify=true C:\\lean\\libs\\physlib\\Physlib\\QuantumMechanics\\Operators\\OneDimension\\Momentum.lean -o C:\\lean\\libs\\physlib\\.lake\\build\\lib\\lean\\Physlib\\QuantumMechanics\\Operators\\OneDimension\\Momentum.olean -i C:\\lean\\libs\\physlib\\.lake\\build\\lib\\lean\\Physlib\\QuantumMechanics\\Operators\\OneDimension\\Momentum.ilean -c C:\\lean\\libs\\physlib\\.lake\\build\\ir\\Physlib\\QuantumMechanics\\Operators\\OneDimension\\Momentum.c --setup C:\\lean\\libs\\physlib\\.lake\\build\\ir\\Physlib\\QuantumMechanics\\Operators\\OneDimension\\Momentum.setup.json --json",
   "level": "trace"}],
 "inputs":
 [["deps",
   [["Physlib/Physlib:extraDep", [["@Physlib:extraDep", "00000000000006bb"]]],
    ["imports",
     [["Mathlib.Analysis.Calculus.FDeriv.Star transitive imports (public)",
       "e5a3c8209e13bd57"],
      ["Mathlib.Analysis.Calculus.FDeriv.Star:importArts", "89a9a04699a79c9a"],
      ["Physlib.QuantumMechanics.Operators.OneDimension.Unbounded transitive imports (public)",
       "5864506f92f56e9d"],
      ["Physlib.QuantumMechanics.Operators.OneDimension.Unbounded:importArts",
       "3589adcb0bc2d03a"],
      ["Physlib.QuantumMechanics.HilbertSpaces.OneDimension.SchwartzSubmodule transitive imports (public)",
       "ef3967af85f11d5c"],
      ["Physlib.QuantumMechanics.HilbertSpaces.OneDimension.SchwartzSubmodule:importArts",
       "e1047b12521f88bb"],
      ["Physlib.QuantumMechanics.PlanckConstant transitive imports (public)",
       "0afb4afbeb3aef19"],
      ["Physlib.QuantumMechanics.PlanckConstant:importArts",
       "52954f8dad24c0d8"],
      ["Physlib.QuantumMechanics.HilbertSpaces.OneDimension.PlaneWaves transitive imports (public)",
       "051c3ef60f12c56e"],
      ["Physlib.QuantumMechanics.HilbertSpaces.OneDimension.PlaneWaves:importArts",
       "0ddab7367e2bd994"]]]]],
  ["libs",
   [["import dynlibs", "00000000000006bb"],
    ["package external libraries", "00000000000006bb"],
    ["module dynlibs", "00000000000006bb"],
    ["module plugins", "00000000000006bb"]]],
  ["Lean 4.34.0, commit 293d5d0c0c3f3dded4688b3ccd6a33939ac5102b",
   "a1c6c7aa3e9abfe7"],
  ["C:\\lean\\libs\\physlib\\Physlib\\QuantumMechanics\\Operators\\OneDimension\\Momentum.lean",
   "3de7443254fe5e15"],
  ["options", "00000000000006bb"],
  ["isModule: true", "760fcc16989f4b9b"],
  ["Module.name: Physlib.QuantumMechanics.Operators.OneDimension.Momentum",
   "f22a9224e3fced28"],
  ["Package.id?: (some Physlib)", "6dd4b1a3d0e46d70"],
  ["Module.leanArgs: #[-Dwarn.sorry=false, -Dweak.says.verify=true]",
   "72cd5083b9c31fb2"]],
 "depHash": "48c82b1040f6676d"}