{"synthetic": false,
 "schemaVersion": "2025-09-10",
 "outputs":
 {"rs": "620ff8e959c3c30a.ir.sig",
  "r": "11deb841c5ea1140.ir",
  "o":
  ["42785154272ef54c.olean",
   "ed047aabeb950c24.olean.server",
   "4f75e6e9ca8675da.olean.private"],
  "m": true,
  "i": "027e4f7441b79fad.ilean",
  "c": "46d1a870a36f6f71.c"},
 "log":
 [{"message":
   ".> LEAN_PATH=C:\\lean\\mathlib4\\.lake\\packages\\Cli\\.lake\\build\\lib\\lean;C:\\lean\\mathlib4\\.lake\\packages\\batteries\\.lake\\build\\lib\\lean;C:\\lean\\mathlib4\\.lake\\packages\\Qq\\.lake\\build\\lib\\lean;C:\\lean\\mathlib4\\.lake\\packages\\aesop\\.lake\\build\\lib\\lean;C:\\lean\\mathlib4\\.lake\\packages\\proofwidgets\\.lake\\build\\lib\\lean;C:\\lean\\mathlib4\\.lake\\packages\\importGraph\\.lake\\build\\lib\\lean;C:\\lean\\mathlib4\\.lake\\packages\\LeanSearchClient\\.lake\\build\\lib\\lean;C:\\lean\\mathlib4\\.lake\\packages\\plausible\\.lake\\build\\lib\\lean;C:\\lean\\mathlib4\\.lake\\build\\lib\\lean;C:\\lean\\libs\\physlib\\.lake\\build\\lib\\lean c:\\Users\\Administrator\\.elan\\toolchains\\leanprover--lean4---v4.34.0\\bin\\lean.exe -Dwarn.sorry=false -Dweak.says.verify=true C:\\lean\\libs\\physlib\\Physlib\\QuantumMechanics\\Operators\\OneDimension\\Parity.lean -o C:\\lean\\libs\\physlib\\.lake\\build\\lib\\lean\\Physlib\\QuantumMechanics\\Operators\\OneDimension\\Parity.olean -i C:\\lean\\libs\\physlib\\.lake\\build\\lib\\lean\\Physlib\\QuantumMechanics\\Operators\\OneDimension\\Parity.ilean -c C:\\lean\\libs\\physlib\\.lake\\build\\ir\\Physlib\\QuantumMechanics\\Operators\\OneDimension\\Parity.c --setup C:\\lean\\libs\\physlib\\.lake\\build\\ir\\Physlib\\QuantumMechanics\\Operators\\OneDimension\\Parity.setup.json --json",
   "level": "trace"}],
 "inputs":
 [["deps",
   [["Physlib/Physlib:extraDep", [["@Physlib:extraDep", "00000000000006bb"]]],
    ["imports",
     [["Physlib.QuantumMechanics.HilbertSpaces.OneDimension.SchwartzSubmodule transitive imports (public)",
       "ef3967af85f11d5c"],
      ["Physlib.QuantumMechanics.HilbertSpaces.OneDimension.SchwartzSubmodule:importArts",
       "e1047b12521f88bb"],
      ["Physlib.QuantumMechanics.Operators.OneDimension.Unbounded transitive imports (public)",
       "5864506f92f56e9d"],
      ["Physlib.QuantumMechanics.Operators.OneDimension.Unbounded:importArts",
       "3589adcb0bc2d03a"],
      ["Mathlib.MeasureTheory.Measure.Haar.Unique transitive imports (public)",
       "a96719bdd94789f6"],
      ["Mathlib.MeasureTheory.Measure.Haar.Unique:importArts",
       "ba3c9cf3c7ea642e"],
      ["Mathlib.Analysis.Calculus.ContDiff.Operations transitive imports (public)",
       "df062210dd44f2cc"],
      ["Mathlib.Analysis.Calculus.ContDiff.Operations:importArts",
       "f175364f0791026e"]]]]],
  ["libs",
   [["import dynlibs", "00000000000006bb"],
    ["package external libraries", "00000000000006bb"],
    ["module dynlibs", "00000000000006bb"],
    ["module plugins", "00000000000006bb"]]],
  ["Lean 4.34.0, commit 293d5d0c0c3f3dded4688b3ccd6a33939ac5102b",
   "a1c6c7aa3e9abfe7"],
  ["C:\\lean\\libs\\physlib\\Physlib\\QuantumMechanics\\Operators\\OneDimension\\Parity.lean",
   "4f7658a6d62a3e48"],
  ["options", "00000000000006bb"],
  ["isModule: true", "760fcc16989f4b9b"],
  ["Module.name: Physlib.QuantumMechanics.Operators.OneDimension.Parity",
   "fca158e8fb9a5b98"],
  ["Package.id?: (some Physlib)", "6dd4b1a3d0e46d70"],
  ["Module.leanArgs: #[-Dwarn.sorry=false, -Dweak.says.verify=true]",
   "72cd5083b9c31fb2"]],
 "depHash": "978a43cba98357c3"}