{"synthetic": false,
 "schemaVersion": "2025-09-10",
 "outputs":
 {"rs": "074b5dcaf6e38cc7.ir.sig",
  "r": "d1c5f5cff2a852f4.ir",
  "o":
  ["f083f1dc73063236.olean",
   "7b99293b5090b4cf.olean.server",
   "f296365b42e128b6.olean.private"],
  "m": true,
  "i": "cd9273c9d7fe72c5.ilean",
  "c": "ca38b3d312fe7b0a.c"},
 "log":
 [{"message":
   ".> LEAN_PATH=C:\\lean\\mathlib4\\.lake\\packages\\Cli\\.lake\\build\\lib\\lean;C:\\lean\\mathlib4\\.lake\\packages\\batteries\\.lake\\build\\lib\\lean;C:\\lean\\mathlib4\\.lake\\packages\\Qq\\.lake\\build\\lib\\lean;C:\\lean\\mathlib4\\.lake\\packages\\aesop\\.lake\\build\\lib\\lean;C:\\lean\\mathlib4\\.lake\\packages\\proofwidgets\\.lake\\build\\lib\\lean;C:\\lean\\mathlib4\\.lake\\packages\\importGraph\\.lake\\build\\lib\\lean;C:\\lean\\mathlib4\\.lake\\packages\\LeanSearchClient\\.lake\\build\\lib\\lean;C:\\lean\\mathlib4\\.lake\\packages\\plausible\\.lake\\build\\lib\\lean;C:\\lean\\mathlib4\\.lake\\build\\lib\\lean;C:\\lean\\libs\\physlib\\.lake\\build\\lib\\lean c:\\Users\\Administrator\\.elan\\toolchains\\leanprover--lean4---v4.34.0\\bin\\lean.exe -Dwarn.sorry=false -Dweak.says.verify=true C:\\lean\\libs\\physlib\\Physlib\\QuantumMechanics\\Operators\\OneDimension\\Position.lean -o C:\\lean\\libs\\physlib\\.lake\\build\\lib\\lean\\Physlib\\QuantumMechanics\\Operators\\OneDimension\\Position.olean -i C:\\lean\\libs\\physlib\\.lake\\build\\lib\\lean\\Physlib\\QuantumMechanics\\Operators\\OneDimension\\Position.ilean -c C:\\lean\\libs\\physlib\\.lake\\build\\ir\\Physlib\\QuantumMechanics\\Operators\\OneDimension\\Position.c --setup C:\\lean\\libs\\physlib\\.lake\\build\\ir\\Physlib\\QuantumMechanics\\Operators\\OneDimension\\Position.setup.json --json",
   "level": "trace"}],
 "inputs":
 [["deps",
   [["Physlib/Physlib:extraDep", [["@Physlib:extraDep", "00000000000006bb"]]],
    ["imports",
     [["Physlib.QuantumMechanics.HilbertSpaces.OneDimension.PositionStates transitive imports (public)",
       "051c3ef60f12c56e"],
      ["Physlib.QuantumMechanics.HilbertSpaces.OneDimension.PositionStates:importArts",
       "85d283e7e7218ffa"],
      ["Physlib.QuantumMechanics.Operators.OneDimension.Unbounded transitive imports (public)",
       "5864506f92f56e9d"],
      ["Physlib.QuantumMechanics.Operators.OneDimension.Unbounded:importArts",
       "3589adcb0bc2d03a"],
      ["Physlib.Mathematics.Distribution.PowMul transitive imports (public)",
       "8015e7dcd3690924"],
      ["Physlib.Mathematics.Distribution.PowMul:importArts",
       "fa3e7f71225a1372"],
      ["Physlib.QuantumMechanics.HilbertSpaces.OneDimension.SchwartzSubmodule transitive imports (public)",
       "ef3967af85f11d5c"],
      ["Physlib.QuantumMechanics.HilbertSpaces.OneDimension.SchwartzSubmodule:importArts",
       "e1047b12521f88bb"]]]]],
  ["libs",
   [["import dynlibs", "00000000000006bb"],
    ["package external libraries", "00000000000006bb"],
    ["module dynlibs", "00000000000006bb"],
    ["module plugins", "00000000000006bb"]]],
  ["Lean 4.34.0, commit 293d5d0c0c3f3dded4688b3ccd6a33939ac5102b",
   "a1c6c7aa3e9abfe7"],
  ["C:\\lean\\libs\\physlib\\Physlib\\QuantumMechanics\\Operators\\OneDimension\\Position.lean",
   "e28a53870c77fe3a"],
  ["options", "00000000000006bb"],
  ["isModule: true", "760fcc16989f4b9b"],
  ["Module.name: Physlib.QuantumMechanics.Operators.OneDimension.Position",
   "825246558ea8c7ab"],
  ["Package.id?: (some Physlib)", "6dd4b1a3d0e46d70"],
  ["Module.leanArgs: #[-Dwarn.sorry=false, -Dweak.says.verify=true]",
   "72cd5083b9c31fb2"]],
 "depHash": "d96dd0ed7bf28d0d"}