{"synthetic": false,
 "schemaVersion": "2025-09-10",
 "outputs":
 {"rs": "0b24506d85520465.ir.sig",
  "r": "96d0a32551fc4269.ir",
  "o":
  ["d9d940147325f501.olean",
   "1ec9ad5b813f7ee2.olean.server",
   "69bb639739d4f29c.olean.private"],
  "m": true,
  "i": "e692265f9bbd29f2.ilean",
  "c": "856f10507cd734da.c"},
 "log":
 [{"message":
   ".> LEAN_PATH=C:\\lean\\mathlib4\\.lake\\packages\\Cli\\.lake\\build\\lib\\lean;C:\\lean\\mathlib4\\.lake\\packages\\batteries\\.lake\\build\\lib\\lean;C:\\lean\\mathlib4\\.lake\\packages\\Qq\\.lake\\build\\lib\\lean;C:\\lean\\mathlib4\\.lake\\packages\\aesop\\.lake\\build\\lib\\lean;C:\\lean\\mathlib4\\.lake\\packages\\proofwidgets\\.lake\\build\\lib\\lean;C:\\lean\\mathlib4\\.lake\\packages\\importGraph\\.lake\\build\\lib\\lean;C:\\lean\\mathlib4\\.lake\\packages\\LeanSearchClient\\.lake\\build\\lib\\lean;C:\\lean\\mathlib4\\.lake\\packages\\plausible\\.lake\\build\\lib\\lean;C:\\lean\\mathlib4\\.lake\\build\\lib\\lean;C:\\lean\\libs\\physlib\\.lake\\build\\lib\\lean c:\\Users\\Administrator\\.elan\\toolchains\\leanprover--lean4---v4.34.0\\bin\\lean.exe -Dwarn.sorry=false -Dweak.says.verify=true C:\\lean\\libs\\physlib\\Physlib\\Particles\\SuperSymmetry\\MSSMNu\\AnomalyCancellation\\B3.lean -o C:\\lean\\libs\\physlib\\.lake\\build\\lib\\lean\\Physlib\\Particles\\SuperSymmetry\\MSSMNu\\AnomalyCancellation\\B3.olean -i C:\\lean\\libs\\physlib\\.lake\\build\\lib\\lean\\Physlib\\Particles\\SuperSymmetry\\MSSMNu\\AnomalyCancellation\\B3.ilean -c C:\\lean\\libs\\physlib\\.lake\\build\\ir\\Physlib\\Particles\\SuperSymmetry\\MSSMNu\\AnomalyCancellation\\B3.c --setup C:\\lean\\libs\\physlib\\.lake\\build\\ir\\Physlib\\Particles\\SuperSymmetry\\MSSMNu\\AnomalyCancellation\\B3.setup.json --json",
   "level": "trace"}],
 "inputs":
 [["deps",
   [["Physlib/Physlib:extraDep", [["@Physlib:extraDep", "00000000000006bb"]]],
    ["imports",
     [["Physlib.Particles.SuperSymmetry.MSSMNu.AnomalyCancellation.Basic transitive imports (public)",
       "e68109bb63e6fc7d"],
      ["Physlib.Particles.SuperSymmetry.MSSMNu.AnomalyCancellation.Basic:importArts",
       "a818cdb8d1ec7b5d"],
      ["Mathlib.Tactic.LinearCombination transitive imports (public)",
       "cd87518e8b22c963"],
      ["Mathlib.Tactic.LinearCombination:importArts", "707f1a9bbb706a52"]]]]],
  ["libs",
   [["import dynlibs", "00000000000006bb"],
    ["package external libraries", "00000000000006bb"],
    ["module dynlibs", "00000000000006bb"],
    ["module plugins", "00000000000006bb"]]],
  ["Lean 4.34.0, commit 293d5d0c0c3f3dded4688b3ccd6a33939ac5102b",
   "a1c6c7aa3e9abfe7"],
  ["C:\\lean\\libs\\physlib\\Physlib\\Particles\\SuperSymmetry\\MSSMNu\\AnomalyCancellation\\B3.lean",
   "6a8b9315da7a2ff0"],
  ["options", "00000000000006bb"],
  ["isModule: true", "760fcc16989f4b9b"],
  ["Module.name: Physlib.Particles.SuperSymmetry.MSSMNu.AnomalyCancellation.B3",
   "33ba3507cf4e661f"],
  ["Package.id?: (some Physlib)", "6dd4b1a3d0e46d70"],
  ["Module.leanArgs: #[-Dwarn.sorry=false, -Dweak.says.verify=true]",
   "72cd5083b9c31fb2"]],
 "depHash": "3647535d6234c9d4"}