{"synthetic": false,
 "schemaVersion": "2025-09-10",
 "outputs":
 {"rs": "2405639d6c0f1608.ir.sig",
  "r": "9d73003b9f53bcc3.ir",
  "o":
  ["1279ef20152a2660.olean",
   "ac31f9cdae0bdb0e.olean.server",
   "a18159f641a9263e.olean.private"],
  "m": true,
  "i": "ffc295c07c4ee428.ilean",
  "c": "3649f7240de47e9c.c"},
 "log":
 [{"message":
   ".> LEAN_PATH=C:\\lean\\mathlib4\\.lake\\packages\\Cli\\.lake\\build\\lib\\lean;C:\\lean\\mathlib4\\.lake\\packages\\batteries\\.lake\\build\\lib\\lean;C:\\lean\\mathlib4\\.lake\\packages\\Qq\\.lake\\build\\lib\\lean;C:\\lean\\mathlib4\\.lake\\packages\\aesop\\.lake\\build\\lib\\lean;C:\\lean\\mathlib4\\.lake\\packages\\proofwidgets\\.lake\\build\\lib\\lean;C:\\lean\\mathlib4\\.lake\\packages\\importGraph\\.lake\\build\\lib\\lean;C:\\lean\\mathlib4\\.lake\\packages\\LeanSearchClient\\.lake\\build\\lib\\lean;C:\\lean\\mathlib4\\.lake\\packages\\plausible\\.lake\\build\\lib\\lean;C:\\lean\\mathlib4\\.lake\\build\\lib\\lean;C:\\lean\\libs\\physlib\\.lake\\build\\lib\\lean c:\\Users\\Administrator\\.elan\\toolchains\\leanprover--lean4---v4.34.0\\bin\\lean.exe -Dwarn.sorry=false -Dweak.says.verify=true C:\\lean\\libs\\physlib\\Physlib\\Particles\\SuperSymmetry\\MSSMNu\\AnomalyCancellation\\Permutations.lean -o C:\\lean\\libs\\physlib\\.lake\\build\\lib\\lean\\Physlib\\Particles\\SuperSymmetry\\MSSMNu\\AnomalyCancellation\\Permutations.olean -i C:\\lean\\libs\\physlib\\.lake\\build\\lib\\lean\\Physlib\\Particles\\SuperSymmetry\\MSSMNu\\AnomalyCancellation\\Permutations.ilean -c C:\\lean\\libs\\physlib\\.lake\\build\\ir\\Physlib\\Particles\\SuperSymmetry\\MSSMNu\\AnomalyCancellation\\Permutations.c --setup C:\\lean\\libs\\physlib\\.lake\\build\\ir\\Physlib\\Particles\\SuperSymmetry\\MSSMNu\\AnomalyCancellation\\Permutations.setup.json --json",
   "level": "trace"}],
 "inputs":
 [["deps",
   [["Physlib/Physlib:extraDep", [["@Physlib:extraDep", "00000000000006bb"]]],
    ["imports",
     [["Physlib.Particles.SuperSymmetry.MSSMNu.AnomalyCancellation.Basic transitive imports (public)",
       "e68109bb63e6fc7d"],
      ["Physlib.Particles.SuperSymmetry.MSSMNu.AnomalyCancellation.Basic:importArts",
       "a818cdb8d1ec7b5d"],
      ["Mathlib.RepresentationTheory.Basic transitive imports (public)",
       "fadb0819830c3312"],
      ["Mathlib.RepresentationTheory.Basic:importArts", "a765e82dc30fb332"]]]]],
  ["libs",
   [["import dynlibs", "00000000000006bb"],
    ["package external libraries", "00000000000006bb"],
    ["module dynlibs", "00000000000006bb"],
    ["module plugins", "00000000000006bb"]]],
  ["Lean 4.34.0, commit 293d5d0c0c3f3dded4688b3ccd6a33939ac5102b",
   "a1c6c7aa3e9abfe7"],
  ["C:\\lean\\libs\\physlib\\Physlib\\Particles\\SuperSymmetry\\MSSMNu\\AnomalyCancellation\\Permutations.lean",
   "5d27b42dea0c58a4"],
  ["options", "00000000000006bb"],
  ["isModule: true", "760fcc16989f4b9b"],
  ["Module.name: Physlib.Particles.SuperSymmetry.MSSMNu.AnomalyCancellation.Permutations",
   "07f10beb0883487e"],
  ["Package.id?: (some Physlib)", "6dd4b1a3d0e46d70"],
  ["Module.leanArgs: #[-Dwarn.sorry=false, -Dweak.says.verify=true]",
   "72cd5083b9c31fb2"]],
 "depHash": "dc29d27b78e37eb5"}