{"synthetic": false,
 "schemaVersion": "2025-09-10",
 "outputs":
 {"rs": "dba44c1a0a9d7df3.ir.sig",
  "r": "f033458d9cb30df5.ir",
  "o":
  ["ed48b4f3a677dc87.olean",
   "59273fb759fea3eb.olean.server",
   "04bf021d5dcec00d.olean.private"],
  "m": true,
  "i": "047cb2852605d22a.ilean",
  "c": "63769ff09178bdc6.c"},
 "log":
 [{"message":
   ".> LEAN_PATH=C:\\lean\\mathlib4\\.lake\\packages\\Cli\\.lake\\build\\lib\\lean;C:\\lean\\mathlib4\\.lake\\packages\\batteries\\.lake\\build\\lib\\lean;C:\\lean\\mathlib4\\.lake\\packages\\Qq\\.lake\\build\\lib\\lean;C:\\lean\\mathlib4\\.lake\\packages\\aesop\\.lake\\build\\lib\\lean;C:\\lean\\mathlib4\\.lake\\packages\\proofwidgets\\.lake\\build\\lib\\lean;C:\\lean\\mathlib4\\.lake\\packages\\importGraph\\.lake\\build\\lib\\lean;C:\\lean\\mathlib4\\.lake\\packages\\LeanSearchClient\\.lake\\build\\lib\\lean;C:\\lean\\mathlib4\\.lake\\packages\\plausible\\.lake\\build\\lib\\lean;C:\\lean\\mathlib4\\.lake\\build\\lib\\lean;C:\\lean\\libs\\physlib\\.lake\\build\\lib\\lean c:\\Users\\Administrator\\.elan\\toolchains\\leanprover--lean4---v4.34.0\\bin\\lean.exe -Dwarn.sorry=false -Dweak.says.verify=true C:\\lean\\libs\\physlib\\Physlib\\Particles\\SuperSymmetry\\MSSMNu\\AnomalyCancellation\\Y3.lean -o C:\\lean\\libs\\physlib\\.lake\\build\\lib\\lean\\Physlib\\Particles\\SuperSymmetry\\MSSMNu\\AnomalyCancellation\\Y3.olean -i C:\\lean\\libs\\physlib\\.lake\\build\\lib\\lean\\Physlib\\Particles\\SuperSymmetry\\MSSMNu\\AnomalyCancellation\\Y3.ilean -c C:\\lean\\libs\\physlib\\.lake\\build\\ir\\Physlib\\Particles\\SuperSymmetry\\MSSMNu\\AnomalyCancellation\\Y3.c --setup C:\\lean\\libs\\physlib\\.lake\\build\\ir\\Physlib\\Particles\\SuperSymmetry\\MSSMNu\\AnomalyCancellation\\Y3.setup.json --json",
   "level": "trace"}],
 "inputs":
 [["deps",
   [["Physlib/Physlib:extraDep", [["@Physlib:extraDep", "00000000000006bb"]]],
    ["imports",
     [["Physlib.Particles.SuperSymmetry.MSSMNu.AnomalyCancellation.Basic transitive imports (public)",
       "e68109bb63e6fc7d"],
      ["Physlib.Particles.SuperSymmetry.MSSMNu.AnomalyCancellation.Basic:importArts",
       "a818cdb8d1ec7b5d"],
      ["Mathlib.Tactic.LinearCombination transitive imports (public)",
       "cd87518e8b22c963"],
      ["Mathlib.Tactic.LinearCombination:importArts", "707f1a9bbb706a52"]]]]],
  ["libs",
   [["import dynlibs", "00000000000006bb"],
    ["package external libraries", "00000000000006bb"],
    ["module dynlibs", "00000000000006bb"],
    ["module plugins", "00000000000006bb"]]],
  ["Lean 4.34.0, commit 293d5d0c0c3f3dded4688b3ccd6a33939ac5102b",
   "a1c6c7aa3e9abfe7"],
  ["C:\\lean\\libs\\physlib\\Physlib\\Particles\\SuperSymmetry\\MSSMNu\\AnomalyCancellation\\Y3.lean",
   "511f1ac1e07b8b1c"],
  ["options", "00000000000006bb"],
  ["isModule: true", "760fcc16989f4b9b"],
  ["Module.name: Physlib.Particles.SuperSymmetry.MSSMNu.AnomalyCancellation.Y3",
   "a6f82e8112e70da0"],
  ["Package.id?: (some Physlib)", "6dd4b1a3d0e46d70"],
  ["Module.leanArgs: #[-Dwarn.sorry=false, -Dweak.says.verify=true]",
   "72cd5083b9c31fb2"]],
 "depHash": "e2641f957561b6c8"}