{"synthetic": false,
 "schemaVersion": "2025-09-10",
 "outputs":
 {"rs": "0544f5341e355728.ir.sig",
  "r": "f09651eb5d9c1be1.ir",
  "o":
  ["24ae4e6a1e81aa72.olean",
   "bd27b564d3da64c3.olean.server",
   "6dfb7cfded248d12.olean.private"],
  "m": true,
  "i": "09751cda4bfb1020.ilean",
  "c": "5635060547224c35.c"},
 "log":
 [{"message":
   ".> LEAN_PATH=C:\\lean\\mathlib4\\.lake\\packages\\Cli\\.lake\\build\\lib\\lean;C:\\lean\\mathlib4\\.lake\\packages\\batteries\\.lake\\build\\lib\\lean;C:\\lean\\mathlib4\\.lake\\packages\\Qq\\.lake\\build\\lib\\lean;C:\\lean\\mathlib4\\.lake\\packages\\aesop\\.lake\\build\\lib\\lean;C:\\lean\\mathlib4\\.lake\\packages\\proofwidgets\\.lake\\build\\lib\\lean;C:\\lean\\mathlib4\\.lake\\packages\\importGraph\\.lake\\build\\lib\\lean;C:\\lean\\mathlib4\\.lake\\packages\\LeanSearchClient\\.lake\\build\\lib\\lean;C:\\lean\\mathlib4\\.lake\\packages\\plausible\\.lake\\build\\lib\\lean;C:\\lean\\mathlib4\\.lake\\build\\lib\\lean;C:\\lean\\libs\\physlib\\.lake\\build\\lib\\lean c:\\Users\\Administrator\\.elan\\toolchains\\leanprover--lean4---v4.34.0\\bin\\lean.exe -Dwarn.sorry=false -Dweak.says.verify=true C:\\lean\\libs\\physlib\\QuantumInfo\\ForMathlib\\Tactic\\Commutes.lean -o C:\\lean\\libs\\physlib\\.lake\\build\\lib\\lean\\QuantumInfo\\ForMathlib\\Tactic\\Commutes.olean -i C:\\lean\\libs\\physlib\\.lake\\build\\lib\\lean\\QuantumInfo\\ForMathlib\\Tactic\\Commutes.ilean -c C:\\lean\\libs\\physlib\\.lake\\build\\ir\\QuantumInfo\\ForMathlib\\Tactic\\Commutes.c --setup C:\\lean\\libs\\physlib\\.lake\\build\\ir\\QuantumInfo\\ForMathlib\\Tactic\\Commutes.setup.json --json",
   "level": "trace"}],
 "inputs":
 [["deps",
   [["Physlib/QuantumInfo:extraDep",
     [["@Physlib:extraDep", "00000000000006bb"]]],
    ["imports",
     [["QuantumInfo.ForMathlib.Tactic.Commutes.Attribute transitive imports (public)",
       "771c8d198ae23b06"],
      ["QuantumInfo.ForMathlib.Tactic.Commutes.Attribute:importArts",
       "921d7a6db46041ac"],
      ["Mathlib.Algebra.BigOperators.Group.List.Basic transitive imports (public)",
       "f1411a70c2944ce2"],
      ["Mathlib.Algebra.BigOperators.Group.List.Basic:importArts",
       "08ed97345f212126"],
      ["Mathlib.Algebra.BigOperators.Ring.Finset transitive imports (public)",
       "e251d00fa03dfc3c"],
      ["Mathlib.Algebra.BigOperators.Ring.Finset:importArts",
       "b6c5ec8b96ccdab4"],
      ["Mathlib.Algebra.BigOperators.Ring.List transitive imports (public)",
       "8aadc03fb707c2b6"],
      ["Mathlib.Algebra.BigOperators.Ring.List:importArts", "00127995525d755b"],
      ["Mathlib.Algebra.Group.Action.Defs transitive imports (public)",
       "9cd302490b94e39a"],
      ["Mathlib.Algebra.Group.Action.Defs:importArts", "51ea3d98ac0c5980"],
      ["Mathlib.Algebra.Group.Center transitive imports (public)",
       "c9bbc5b1af4cb6d3"],
      ["Mathlib.Algebra.Group.Center:importArts", "c067823f75a54de8"],
      ["Mathlib.Algebra.Group.Commute.Basic transitive imports (public)",
       "91cd4609111ae086"],
      ["Mathlib.Algebra.Group.Commute.Basic:importArts", "28c6fb9c3ca0879a"],
      ["Mathlib.Algebra.Group.Commute.Hom transitive imports (public)",
       "2fa89fe2c1461337"],
      ["Mathlib.Algebra.Group.Commute.Hom:importArts", "959575c541128294"],
      ["Mathlib.Algebra.Group.Commute.Units transitive imports (public)",
       "af02daa0f102b031"],
      ["Mathlib.Algebra.Group.Commute.Units:importArts", "829d5bcba20a6b57"],
      ["Mathlib.Algebra.Group.Invertible.Basic transitive imports (public)",
       "45f5ced0a93043d6"],
      ["Mathlib.Algebra.Group.Invertible.Basic:importArts", "b7f331e03b364e51"],
      ["Mathlib.Algebra.Group.Opposite transitive imports (public)",
       "14cffa88aaeb8b5b"],
      ["Mathlib.Algebra.Group.Opposite:importArts", "1ab1444da4b5b8b8"],
      ["Mathlib.Algebra.Group.Pi.Lemmas transitive imports (public)",
       "c8a1d9a893b846a9"],
      ["Mathlib.Algebra.Group.Pi.Lemmas:importArts", "cf01e83ae313d04e"],
      ["Mathlib.Algebra.Group.Prod transitive imports (public)",
       "b11f4425f599ba9f"],
      ["Mathlib.Algebra.Group.Prod:importArts", "2dab8f9b119fb73e"],
      ["Mathlib.Algebra.GroupWithZero.Commute transitive imports (public)",
       "a9e32c3d5d31c275"],
      ["Mathlib.Algebra.GroupWithZero.Commute:importArts", "146e76c4d7ba29d0"],
      ["Mathlib.Algebra.GroupWithZero.Semiconj transitive imports (public)",
       "d4d23afcfc3b5c89"],
      ["Mathlib.Algebra.GroupWithZero.Semiconj:importArts", "9c93da83a7ca05af"],
      ["Mathlib.Algebra.Polynomial.Basic transitive imports (public)",
       "640e0a58731438db"],
      ["Mathlib.Algebra.Polynomial.Basic:importArts", "9317f77333984c0c"],
      ["Mathlib.Algebra.Ring.Commute transitive imports (public)",
       "1d40879bca1e22d8"],
      ["Mathlib.Algebra.Ring.Commute:importArts", "382112f1851d802b"],
      ["Mathlib.Algebra.Ring.Nat transitive imports (public)",
       "e74652346d6e21ca"],
      ["Mathlib.Algebra.Ring.Nat:importArts", "5a564f2256332304"],
      ["Mathlib.Algebra.Star.SelfAdjoint transitive imports (public)",
       "f5000889cd295149"],
      ["Mathlib.Algebra.Star.SelfAdjoint:importArts", "a1a2639010b090e7"],
      ["Mathlib.Data.Int.Cast.Lemmas transitive imports (public)",
       "805bde0999f8d7b3"],
      ["Mathlib.Data.Int.Cast.Lemmas:importArts", "fb2d0673b948be08"],
      ["Mathlib.Data.Matrix.Basic transitive imports (public)",
       "e8a9db55e9c75e88"],
      ["Mathlib.Data.Matrix.Basic:importArts", "f9288909a8dd335b"],
      ["Mathlib.Data.Nat.Cast.Commute transitive imports (public)",
       "462da3173a6bfae2"],
      ["Mathlib.Data.Nat.Cast.Commute:importArts", "46e43afc96f74d3e"],
      ["Mathlib.Data.Rat.Cast.Defs transitive imports (public)",
       "56fa3c4f5b821d23"],
      ["Mathlib.Data.Rat.Cast.Defs:importArts", "198457622080e11c"],
      ["Mathlib.GroupTheory.GroupAction.Ring transitive imports (public)",
       "9173f0055698ad8f"],
      ["Mathlib.GroupTheory.GroupAction.Ring:importArts", "db5d9562521bc10d"],
      ["Mathlib.LinearAlgebra.Matrix.ZPow transitive imports (public)",
       "6701d3b8ad87c1e1"],
      ["Mathlib.LinearAlgebra.Matrix.ZPow:importArts", "94f3c540690a680a"]]]]],
  ["libs",
   [["import dynlibs", "00000000000006bb"],
    ["package external libraries", "00000000000006bb"],
    ["module dynlibs", "00000000000006bb"],
    ["module plugins", "00000000000006bb"]]],
  ["Lean 4.34.0, commit 293d5d0c0c3f3dded4688b3ccd6a33939ac5102b",
   "a1c6c7aa3e9abfe7"],
  ["C:\\lean\\libs\\physlib\\QuantumInfo\\ForMathlib\\Tactic\\Commutes.lean",
   "bbdd4dbe155ebc93"],
  ["options", "00000000000006bb"],
  ["isModule: true", "760fcc16989f4b9b"],
  ["Module.name: QuantumInfo.ForMathlib.Tactic.Commutes", "8babe28542736967"],
  ["Package.id?: (some Physlib)", "6dd4b1a3d0e46d70"],
  ["Module.leanArgs: #[-Dwarn.sorry=false, -Dweak.says.verify=true]",
   "72cd5083b9c31fb2"]],
 "depHash": "a53568e78c2b1c68"}