{"synthetic": false,
 "schemaVersion": "2025-09-10",
 "outputs":
 {"rs": "647ea19142ebd9de.ir.sig",
  "r": "b7ee500d79923976.ir",
  "o":
  ["70278c82f17280c3.olean",
   "ab691e6d3c29e6fb.olean.server",
   "b0463eb78d644a89.olean.private"],
  "m": true,
  "i": "9e639692bb9da713.ilean",
  "c": "05e68c1ea901a42b.c"},
 "log":
 [{"message":
   ".> LEAN_PATH=C:\\lean\\mathlib4\\.lake\\packages\\Cli\\.lake\\build\\lib\\lean;C:\\lean\\mathlib4\\.lake\\packages\\batteries\\.lake\\build\\lib\\lean;C:\\lean\\mathlib4\\.lake\\packages\\Qq\\.lake\\build\\lib\\lean;C:\\lean\\mathlib4\\.lake\\packages\\aesop\\.lake\\build\\lib\\lean;C:\\lean\\mathlib4\\.lake\\packages\\proofwidgets\\.lake\\build\\lib\\lean;C:\\lean\\mathlib4\\.lake\\packages\\importGraph\\.lake\\build\\lib\\lean;C:\\lean\\mathlib4\\.lake\\packages\\LeanSearchClient\\.lake\\build\\lib\\lean;C:\\lean\\mathlib4\\.lake\\packages\\plausible\\.lake\\build\\lib\\lean;C:\\lean\\mathlib4\\.lake\\build\\lib\\lean;C:\\lean\\libs\\physlib\\.lake\\build\\lib\\lean c:\\Users\\Administrator\\.elan\\toolchains\\leanprover--lean4---v4.34.0\\bin\\lean.exe -Dwarn.sorry=false -Dweak.says.verify=true C:\\lean\\libs\\physlib\\Physlib\\Thermodynamics\\Temperature\\Basic.lean -o C:\\lean\\libs\\physlib\\.lake\\build\\lib\\lean\\Physlib\\Thermodynamics\\Temperature\\Basic.olean -i C:\\lean\\libs\\physlib\\.lake\\build\\lib\\lean\\Physlib\\Thermodynamics\\Temperature\\Basic.ilean -c C:\\lean\\libs\\physlib\\.lake\\build\\ir\\Physlib\\Thermodynamics\\Temperature\\Basic.c --setup C:\\lean\\libs\\physlib\\.lake\\build\\ir\\Physlib\\Thermodynamics\\Temperature\\Basic.setup.json --json",
   "level": "trace"}],
 "inputs":
 [["deps",
   [["Physlib/Physlib:extraDep", [["@Physlib:extraDep", "00000000000006bb"]]],
    ["imports",
     [["Mathlib.Analysis.Calculus.Deriv.Inv transitive imports (public)",
       "6bcc6ad3d39944e3"],
      ["Mathlib.Analysis.Calculus.Deriv.Inv:importArts", "968669d827df5734"],
      ["Mathlib.Analysis.InnerProductSpace.Basic transitive imports (public)",
       "1f9638cf31b8ba42"],
      ["Mathlib.Analysis.InnerProductSpace.Basic:importArts",
       "fe32a1eddbaf33a7"],
      ["Physlib.StatisticalMechanics.BoltzmannConstant transitive imports (public)",
       "35ae02d87432010e"],
      ["Physlib.StatisticalMechanics.BoltzmannConstant:importArts",
       "30fc2125d675a23b"]]]]],
  ["libs",
   [["import dynlibs", "00000000000006bb"],
    ["package external libraries", "00000000000006bb"],
    ["module dynlibs", "00000000000006bb"],
    ["module plugins", "00000000000006bb"]]],
  ["Lean 4.34.0, commit 293d5d0c0c3f3dded4688b3ccd6a33939ac5102b",
   "a1c6c7aa3e9abfe7"],
  ["C:\\lean\\libs\\physlib\\Physlib\\Thermodynamics\\Temperature\\Basic.lean",
   "3e7477727f79bdd1"],
  ["options", "00000000000006bb"],
  ["isModule: true", "760fcc16989f4b9b"],
  ["Module.name: Physlib.Thermodynamics.Temperature.Basic", "7035f317f05d6b1f"],
  ["Package.id?: (some Physlib)", "6dd4b1a3d0e46d70"],
  ["Module.leanArgs: #[-Dwarn.sorry=false, -Dweak.says.verify=true]",
   "72cd5083b9c31fb2"]],
 "depHash": "2de9b66139e34a25"}