{"synthetic": false,
 "schemaVersion": "2025-09-10",
 "outputs":
 {"rs": "9835cdc5de371f9a.ir.sig",
  "r": "bf91106284dad050.ir",
  "o":
  ["a644ef0c501e979f.olean",
   "c765fb6c8ca0b6ac.olean.server",
   "9ac1c6e6151ebacb.olean.private"],
  "m": true,
  "i": "33d2ae3f1673eb12.ilean",
  "c": "122b43dd3d5a4b77.c"},
 "log":
 [{"message":
   ".> LEAN_PATH=C:\\lean\\mathlib4\\.lake\\packages\\Cli\\.lake\\build\\lib\\lean;C:\\lean\\mathlib4\\.lake\\packages\\batteries\\.lake\\build\\lib\\lean;C:\\lean\\mathlib4\\.lake\\packages\\Qq\\.lake\\build\\lib\\lean;C:\\lean\\mathlib4\\.lake\\packages\\aesop\\.lake\\build\\lib\\lean;C:\\lean\\mathlib4\\.lake\\packages\\proofwidgets\\.lake\\build\\lib\\lean;C:\\lean\\mathlib4\\.lake\\packages\\importGraph\\.lake\\build\\lib\\lean;C:\\lean\\mathlib4\\.lake\\packages\\LeanSearchClient\\.lake\\build\\lib\\lean;C:\\lean\\mathlib4\\.lake\\packages\\plausible\\.lake\\build\\lib\\lean;C:\\lean\\mathlib4\\.lake\\build\\lib\\lean;C:\\lean\\libs\\physlib\\.lake\\build\\lib\\lean c:\\Users\\Administrator\\.elan\\toolchains\\leanprover--lean4---v4.34.0\\bin\\lean.exe -Dwarn.sorry=false -Dweak.says.verify=true C:\\lean\\libs\\physlib\\Physlib\\Mathematics\\List\\InsertIdx.lean -o C:\\lean\\libs\\physlib\\.lake\\build\\lib\\lean\\Physlib\\Mathematics\\List\\InsertIdx.olean -i C:\\lean\\libs\\physlib\\.lake\\build\\lib\\lean\\Physlib\\Mathematics\\List\\InsertIdx.ilean -c C:\\lean\\libs\\physlib\\.lake\\build\\ir\\Physlib\\Mathematics\\List\\InsertIdx.c --setup C:\\lean\\libs\\physlib\\.lake\\build\\ir\\Physlib\\Mathematics\\List\\InsertIdx.setup.json --json",
   "level": "trace"}],
 "inputs":
 [["deps",
   [["Physlib/Physlib:extraDep", [["@Physlib:extraDep", "00000000000006bb"]]],
    ["imports",
     [["Mathlib.Algebra.GroupWithZero.Nat transitive imports (public)",
       "97a0175eeb6fd1a2"],
      ["Mathlib.Algebra.GroupWithZero.Nat:importArts", "8930c453a5720040"],
      ["Mathlib.Algebra.Order.Group.Nat transitive imports (public)",
       "631a1390b20604fa"],
      ["Mathlib.Algebra.Order.Group.Nat:importArts", "85d267d705024e24"],
      ["Mathlib.Data.Fin.SuccPred transitive imports (public)",
       "60e15f5bd125502b"],
      ["Mathlib.Data.Fin.SuccPred:importArts", "865e50187f7aa475"]]]]],
  ["libs",
   [["import dynlibs", "00000000000006bb"],
    ["package external libraries", "00000000000006bb"],
    ["module dynlibs", "00000000000006bb"],
    ["module plugins", "00000000000006bb"]]],
  ["Lean 4.34.0, commit 293d5d0c0c3f3dded4688b3ccd6a33939ac5102b",
   "a1c6c7aa3e9abfe7"],
  ["C:\\lean\\libs\\physlib\\Physlib\\Mathematics\\List\\InsertIdx.lean",
   "36925b4d1d13dc7b"],
  ["options", "00000000000006bb"],
  ["isModule: true", "760fcc16989f4b9b"],
  ["Module.name: Physlib.Mathematics.List.InsertIdx", "96e809a9528e7458"],
  ["Package.id?: (some Physlib)", "6dd4b1a3d0e46d70"],
  ["Module.leanArgs: #[-Dwarn.sorry=false, -Dweak.says.verify=true]",
   "72cd5083b9c31fb2"]],
 "depHash": "ccaf677924f18ade"}