{"synthetic": false,
 "schemaVersion": "2025-09-10",
 "outputs":
 {"rs": "c020fd106024b139.ir.sig",
  "r": "2a080c7cfef7e00c.ir",
  "o":
  ["bd35787eb8eb7a94.olean",
   "f16ca48bb44eb024.olean.server",
   "d52b1c935feb5c52.olean.private"],
  "m": true,
  "i": "3e224b7c1aaa5804.ilean",
  "c": "aa17006959337482.c"},
 "log":
 [{"message":
   ".> LEAN_PATH=C:\\lean\\mathlib4\\.lake\\packages\\Cli\\.lake\\build\\lib\\lean;C:\\lean\\mathlib4\\.lake\\packages\\batteries\\.lake\\build\\lib\\lean;C:\\lean\\mathlib4\\.lake\\packages\\Qq\\.lake\\build\\lib\\lean;C:\\lean\\mathlib4\\.lake\\packages\\aesop\\.lake\\build\\lib\\lean;C:\\lean\\mathlib4\\.lake\\packages\\proofwidgets\\.lake\\build\\lib\\lean;C:\\lean\\mathlib4\\.lake\\packages\\importGraph\\.lake\\build\\lib\\lean;C:\\lean\\mathlib4\\.lake\\packages\\LeanSearchClient\\.lake\\build\\lib\\lean;C:\\lean\\mathlib4\\.lake\\packages\\plausible\\.lake\\build\\lib\\lean;C:\\lean\\mathlib4\\.lake\\build\\lib\\lean;C:\\lean\\libs\\physlib\\.lake\\build\\lib\\lean c:\\Users\\Administrator\\.elan\\toolchains\\leanprover--lean4---v4.34.0\\bin\\lean.exe -Dwarn.sorry=false -Dweak.says.verify=true C:\\lean\\libs\\physlib\\Physlib\\Relativity\\Special\\ProperTime.lean -o C:\\lean\\libs\\physlib\\.lake\\build\\lib\\lean\\Physlib\\Relativity\\Special\\ProperTime.olean -i C:\\lean\\libs\\physlib\\.lake\\build\\lib\\lean\\Physlib\\Relativity\\Special\\ProperTime.ilean -c C:\\lean\\libs\\physlib\\.lake\\build\\ir\\Physlib\\Relativity\\Special\\ProperTime.c --setup C:\\lean\\libs\\physlib\\.lake\\build\\ir\\Physlib\\Relativity\\Special\\ProperTime.setup.json --json",
   "level": "trace"}],
 "inputs":
 [["deps",
   [["Physlib/Physlib:extraDep", [["@Physlib:extraDep", "00000000000006bb"]]],
    ["imports",
     [["Physlib.SpaceAndTime.SpaceTime.Basic transitive imports (public)",
       "dc9886259c0e3c7c"],
      ["Physlib.SpaceAndTime.SpaceTime.Basic:importArts", "03ece378d24569fc"],
      ["Physlib.Relativity.Tensors.RealTensor.Vector.Causality.LightLike transitive imports (public)",
       "fe9c6d15ec539065"],
      ["Physlib.Relativity.Tensors.RealTensor.Vector.Causality.LightLike:importArts",
       "fb670bea3c613fd3"],
      ["Physlib.Relativity.Tensors.RealTensor.Vector.Causality.TimeLike transitive imports (public)",
       "fe9c6d15ec539065"],
      ["Physlib.Relativity.Tensors.RealTensor.Vector.Causality.TimeLike:importArts",
       "e75a1ab74730d2d9"]]]]],
  ["libs",
   [["import dynlibs", "00000000000006bb"],
    ["package external libraries", "00000000000006bb"],
    ["module dynlibs", "00000000000006bb"],
    ["module plugins", "00000000000006bb"]]],
  ["Lean 4.34.0, commit 293d5d0c0c3f3dded4688b3ccd6a33939ac5102b",
   "a1c6c7aa3e9abfe7"],
  ["C:\\lean\\libs\\physlib\\Physlib\\Relativity\\Special\\ProperTime.lean",
   "c35561b416fb9e13"],
  ["options", "00000000000006bb"],
  ["isModule: true", "760fcc16989f4b9b"],
  ["Module.name: Physlib.Relativity.Special.ProperTime", "8d6af44821009ba5"],
  ["Package.id?: (some Physlib)", "6dd4b1a3d0e46d70"],
  ["Module.leanArgs: #[-Dwarn.sorry=false, -Dweak.says.verify=true]",
   "72cd5083b9c31fb2"]],
 "depHash": "68f127dddf91736b"}