{"synthetic": false,
 "schemaVersion": "2025-09-10",
 "outputs":
 {"rs": "9fac4e633fc4a6eb.ir.sig",
  "r": "042d678741f27e88.ir",
  "o":
  ["6dba1fd5d62b626e.olean",
   "f5e48a99f61610b0.olean.server",
   "6220929aafc8e0cd.olean.private"],
  "m": true,
  "i": "8989879597ad917e.ilean",
  "c": "7313d89cade91b4e.c"},
 "log":
 [{"message":
   ".> LEAN_PATH=C:\\lean\\mathlib4\\.lake\\packages\\Cli\\.lake\\build\\lib\\lean;C:\\lean\\mathlib4\\.lake\\packages\\batteries\\.lake\\build\\lib\\lean;C:\\lean\\mathlib4\\.lake\\packages\\Qq\\.lake\\build\\lib\\lean;C:\\lean\\mathlib4\\.lake\\packages\\aesop\\.lake\\build\\lib\\lean;C:\\lean\\mathlib4\\.lake\\packages\\proofwidgets\\.lake\\build\\lib\\lean;C:\\lean\\mathlib4\\.lake\\packages\\importGraph\\.lake\\build\\lib\\lean;C:\\lean\\mathlib4\\.lake\\packages\\LeanSearchClient\\.lake\\build\\lib\\lean;C:\\lean\\mathlib4\\.lake\\packages\\plausible\\.lake\\build\\lib\\lean;C:\\lean\\mathlib4\\.lake\\build\\lib\\lean;C:\\lean\\libs\\physlib\\.lake\\build\\lib\\lean c:\\Users\\Administrator\\.elan\\toolchains\\leanprover--lean4---v4.34.0-rc1\\bin\\lean.exe -Dwarn.sorry=false -Dweak.says.verify=true C:\\lean\\libs\\physlib\\Physlib\\Electromagnetism\\Kinematics\\ElectricField.lean -o C:\\lean\\libs\\physlib\\.lake\\build\\lib\\lean\\Physlib\\Electromagnetism\\Kinematics\\ElectricField.olean -i C:\\lean\\libs\\physlib\\.lake\\build\\lib\\lean\\Physlib\\Electromagnetism\\Kinematics\\ElectricField.ilean -c C:\\lean\\libs\\physlib\\.lake\\build\\ir\\Physlib\\Electromagnetism\\Kinematics\\ElectricField.c --setup C:\\lean\\libs\\physlib\\.lake\\build\\ir\\Physlib\\Electromagnetism\\Kinematics\\ElectricField.setup.json --json",
   "level": "trace"}],
 "inputs":
 [["deps",
   [["Physlib/Physlib:extraDep", [["@Physlib:extraDep", "00000000000006bb"]]],
    ["imports",
     [["Physlib.Electromagnetism.Kinematics.ScalarPotential transitive imports (public)",
       "80cc3e604b6c10b8"],
      ["Physlib.Electromagnetism.Kinematics.ScalarPotential:importArts",
       "63783a4d1c70964e"],
      ["Physlib.Electromagnetism.Kinematics.FieldStrength transitive imports (public)",
       "39fad7401dc85837"],
      ["Physlib.Electromagnetism.Kinematics.FieldStrength:importArts",
       "1f7ac335a8a799db"],
      ["Physlib.Electromagnetism.Basic transitive imports (public)",
       "28c664ba8fd36d63"],
      ["Physlib.Electromagnetism.Basic:importArts", "550475a3c5ce89b0"]]]]],
  ["libs",
   [["import dynlibs", "00000000000006bb"],
    ["package external libraries", "00000000000006bb"],
    ["module dynlibs", "00000000000006bb"],
    ["module plugins", "00000000000006bb"]]],
  ["Lean 4.34.0, commit 3447a668783dbce1a8fdb97101dd067687b2b418",
   "421484e3e0c70198"],
  ["C:\\lean\\libs\\physlib\\Physlib\\Electromagnetism\\Kinematics\\ElectricField.lean",
   "dab0012ebf15d241"],
  ["options", "00000000000006bb"],
  ["isModule: true", "760fcc16989f4b9b"],
  ["Module.name: Physlib.Electromagnetism.Kinematics.ElectricField",
   "cf3bdfb242c58b8b"],
  ["Package.id?: (some Physlib)", "6dd4b1a3d0e46d70"],
  ["Module.leanArgs: #[-Dwarn.sorry=false, -Dweak.says.verify=true]",
   "72cd5083b9c31fb2"]],
 "depHash": "812167392694cd35"}