{"synthetic": false,
 "schemaVersion": "2025-09-10",
 "outputs":
 {"rs": "f3b42559444b01f0.ir.sig",
  "r": "6e8cc4f8d27c75f8.ir",
  "o":
  ["cfdfa4a43e9b03d0.olean",
   "0634062a9a3f9fb4.olean.server",
   "70631101a47c02a9.olean.private"],
  "m": true,
  "i": "f5f98171458a849e.ilean",
  "c": "b8fb6ceb16803fa2.c"},
 "log":
 [{"message":
   ".> LEAN_PATH=C:\\lean\\mathlib4\\.lake\\packages\\Cli\\.lake\\build\\lib\\lean;C:\\lean\\mathlib4\\.lake\\packages\\batteries\\.lake\\build\\lib\\lean;C:\\lean\\mathlib4\\.lake\\packages\\Qq\\.lake\\build\\lib\\lean;C:\\lean\\mathlib4\\.lake\\packages\\aesop\\.lake\\build\\lib\\lean;C:\\lean\\mathlib4\\.lake\\packages\\proofwidgets\\.lake\\build\\lib\\lean;C:\\lean\\mathlib4\\.lake\\packages\\importGraph\\.lake\\build\\lib\\lean;C:\\lean\\mathlib4\\.lake\\packages\\LeanSearchClient\\.lake\\build\\lib\\lean;C:\\lean\\mathlib4\\.lake\\packages\\plausible\\.lake\\build\\lib\\lean;C:\\lean\\mathlib4\\.lake\\build\\lib\\lean;C:\\lean\\libs\\physlib\\.lake\\build\\lib\\lean c:\\Users\\Administrator\\.elan\\toolchains\\leanprover--lean4---v4.34.0-rc1\\bin\\lean.exe -Dwarn.sorry=false -Dweak.says.verify=true C:\\lean\\libs\\physlib\\Physlib\\Electromagnetism\\Kinematics\\EMPotential.lean -o C:\\lean\\libs\\physlib\\.lake\\build\\lib\\lean\\Physlib\\Electromagnetism\\Kinematics\\EMPotential.olean -i C:\\lean\\libs\\physlib\\.lake\\build\\lib\\lean\\Physlib\\Electromagnetism\\Kinematics\\EMPotential.ilean -c C:\\lean\\libs\\physlib\\.lake\\build\\ir\\Physlib\\Electromagnetism\\Kinematics\\EMPotential.c --setup C:\\lean\\libs\\physlib\\.lake\\build\\ir\\Physlib\\Electromagnetism\\Kinematics\\EMPotential.setup.json --json",
   "level": "trace"}],
 "inputs":
 [["deps",
   [["Physlib/Physlib:extraDep", [["@Physlib:extraDep", "00000000000006bb"]]],
    ["imports",
     [["Physlib.Mathematics.VariationalCalculus.HasVarAdjDeriv transitive imports (public)",
       "2738b12cca0e3f1d"],
      ["Physlib.Mathematics.VariationalCalculus.HasVarAdjDeriv:importArts",
       "47ee183c3466886d"],
      ["Physlib.SpaceAndTime.SpaceTime.TimeSlice transitive imports (public)",
       "ed9e1dc43624c727"],
      ["Physlib.SpaceAndTime.SpaceTime.TimeSlice:importArts",
       "3bfb29ab7bcc135b"],
      ["Physlib.Mathematics.Calculus.ParametricIntegration transitive imports (public)",
       "d41c4d2c087cc0d5"],
      ["Physlib.Mathematics.Calculus.ParametricIntegration:importArts",
       "ad007cf6327c0b9b"]]]]],
  ["libs",
   [["import dynlibs", "00000000000006bb"],
    ["package external libraries", "00000000000006bb"],
    ["module dynlibs", "00000000000006bb"],
    ["module plugins", "00000000000006bb"]]],
  ["Lean 4.34.0, commit 3447a668783dbce1a8fdb97101dd067687b2b418",
   "421484e3e0c70198"],
  ["C:\\lean\\libs\\physlib\\Physlib\\Electromagnetism\\Kinematics\\EMPotential.lean",
   "a605254060397c24"],
  ["options", "00000000000006bb"],
  ["isModule: true", "760fcc16989f4b9b"],
  ["Module.name: Physlib.Electromagnetism.Kinematics.EMPotential",
   "5ba8c54999955134"],
  ["Package.id?: (some Physlib)", "6dd4b1a3d0e46d70"],
  ["Module.leanArgs: #[-Dwarn.sorry=false, -Dweak.says.verify=true]",
   "72cd5083b9c31fb2"]],
 "depHash": "6bdf71878d974bc9"}