{"synthetic": false,
 "schemaVersion": "2025-09-10",
 "outputs":
 {"rs": "5c2ed8897d224cf7.ir.sig",
  "r": "901e596cf1432613.ir",
  "o":
  ["92d9579aea003a44.olean",
   "91993c2ea85d2d79.olean.server",
   "a5844cc7f3321898.olean.private"],
  "m": true,
  "i": "5e2971d4e5a000cc.ilean",
  "c": "e1eff03ca0be8dfa.c"},
 "log":
 [{"message":
   ".> LEAN_PATH=C:\\lean\\mathlib4\\.lake\\packages\\Cli\\.lake\\build\\lib\\lean;C:\\lean\\mathlib4\\.lake\\packages\\batteries\\.lake\\build\\lib\\lean;C:\\lean\\mathlib4\\.lake\\packages\\Qq\\.lake\\build\\lib\\lean;C:\\lean\\mathlib4\\.lake\\packages\\aesop\\.lake\\build\\lib\\lean;C:\\lean\\mathlib4\\.lake\\packages\\proofwidgets\\.lake\\build\\lib\\lean;C:\\lean\\mathlib4\\.lake\\packages\\importGraph\\.lake\\build\\lib\\lean;C:\\lean\\mathlib4\\.lake\\packages\\LeanSearchClient\\.lake\\build\\lib\\lean;C:\\lean\\mathlib4\\.lake\\packages\\plausible\\.lake\\build\\lib\\lean;C:\\lean\\mathlib4\\.lake\\build\\lib\\lean;C:\\lean\\libs\\physlib\\.lake\\build\\lib\\lean c:\\Users\\Administrator\\.elan\\toolchains\\leanprover--lean4---v4.34.0\\bin\\lean.exe -Dwarn.sorry=false -Dweak.says.verify=true C:\\lean\\libs\\physlib\\Physlib\\Electromagnetism\\Kinematics\\FieldStrength.lean -o C:\\lean\\libs\\physlib\\.lake\\build\\lib\\lean\\Physlib\\Electromagnetism\\Kinematics\\FieldStrength.olean -i C:\\lean\\libs\\physlib\\.lake\\build\\lib\\lean\\Physlib\\Electromagnetism\\Kinematics\\FieldStrength.ilean -c C:\\lean\\libs\\physlib\\.lake\\build\\ir\\Physlib\\Electromagnetism\\Kinematics\\FieldStrength.c --setup C:\\lean\\libs\\physlib\\.lake\\build\\ir\\Physlib\\Electromagnetism\\Kinematics\\FieldStrength.setup.json --json",
   "level": "trace"},
  {"message":
   "Physlib/Electromagnetism/Kinematics/FieldStrength.lean:379:20: `TensorProduct.induction_on` has been deprecated: Use `TensorProduction.inductionOn` instead",
   "level": "warning"}],
 "inputs":
 [["deps",
   [["Physlib/Physlib:extraDep", [["@Physlib:extraDep", "00000000000006bb"]]],
    ["imports",
     [["Physlib.Electromagnetism.Kinematics.EMPotential transitive imports (public)",
       "6c51f38bea8abbdf"],
      ["Physlib.Electromagnetism.Kinematics.EMPotential:importArts",
       "f3d5254ce096fe20"],
      ["Physlib.Relativity.Tensors.RealTensor.Metrics.Basic transitive imports (public)",
       "b5a6cae7cd1d5d8e"],
      ["Physlib.Relativity.Tensors.RealTensor.Metrics.Basic:importArts",
       "06d8fedd8963a2f6"],
      ["Mathlib.Algebra.Order.Archimedean.Real.Hom transitive imports (public)",
       "5bc639b0f10c7b70"],
      ["Mathlib.Algebra.Order.Archimedean.Real.Hom:importArts",
       "360bd4ecffcf9e7c"]]]]],
  ["libs",
   [["import dynlibs", "00000000000006bb"],
    ["package external libraries", "00000000000006bb"],
    ["module dynlibs", "00000000000006bb"],
    ["module plugins", "00000000000006bb"]]],
  ["Lean 4.34.0, commit 293d5d0c0c3f3dded4688b3ccd6a33939ac5102b",
   "a1c6c7aa3e9abfe7"],
  ["C:\\lean\\libs\\physlib\\Physlib\\Electromagnetism\\Kinematics\\FieldStrength.lean",
   "6908f734a5f06e66"],
  ["options", "00000000000006bb"],
  ["isModule: true", "760fcc16989f4b9b"],
  ["Module.name: Physlib.Electromagnetism.Kinematics.FieldStrength",
   "40f0693d7bc5b2a9"],
  ["Package.id?: (some Physlib)", "6dd4b1a3d0e46d70"],
  ["Module.leanArgs: #[-Dwarn.sorry=false, -Dweak.says.verify=true]",
   "72cd5083b9c31fb2"]],
 "depHash": "f545266544a949d7"}