{"synthetic": false,
 "schemaVersion": "2025-09-10",
 "outputs":
 {"rs": "e6eb0e71ef57ab29.ir.sig",
  "r": "7849f2bbc296dfd2.ir",
  "o":
  ["9c52bd31913fed0d.olean",
   "0c21c2f56d15209f.olean.server",
   "4ee1fc34a1992c8b.olean.private"],
  "m": true,
  "i": "7c9ccb70142ca2a8.ilean",
  "c": "41cffbfb8831e547.c"},
 "log":
 [{"message":
   ".> LEAN_PATH=C:\\lean\\mathlib4\\.lake\\packages\\Cli\\.lake\\build\\lib\\lean;C:\\lean\\mathlib4\\.lake\\packages\\batteries\\.lake\\build\\lib\\lean;C:\\lean\\mathlib4\\.lake\\packages\\Qq\\.lake\\build\\lib\\lean;C:\\lean\\mathlib4\\.lake\\packages\\aesop\\.lake\\build\\lib\\lean;C:\\lean\\mathlib4\\.lake\\packages\\proofwidgets\\.lake\\build\\lib\\lean;C:\\lean\\mathlib4\\.lake\\packages\\importGraph\\.lake\\build\\lib\\lean;C:\\lean\\mathlib4\\.lake\\packages\\LeanSearchClient\\.lake\\build\\lib\\lean;C:\\lean\\mathlib4\\.lake\\packages\\plausible\\.lake\\build\\lib\\lean;C:\\lean\\mathlib4\\.lake\\build\\lib\\lean;C:\\lean\\libs\\physlib\\.lake\\build\\lib\\lean c:\\Users\\Administrator\\.elan\\toolchains\\leanprover--lean4---v4.34.0\\bin\\lean.exe -Dwarn.sorry=false -Dweak.says.verify=true C:\\lean\\libs\\physlib\\Physlib\\Electromagnetism\\Kinematics\\GaugeTransformation.lean -o C:\\lean\\libs\\physlib\\.lake\\build\\lib\\lean\\Physlib\\Electromagnetism\\Kinematics\\GaugeTransformation.olean -i C:\\lean\\libs\\physlib\\.lake\\build\\lib\\lean\\Physlib\\Electromagnetism\\Kinematics\\GaugeTransformation.ilean -c C:\\lean\\libs\\physlib\\.lake\\build\\ir\\Physlib\\Electromagnetism\\Kinematics\\GaugeTransformation.c --setup C:\\lean\\libs\\physlib\\.lake\\build\\ir\\Physlib\\Electromagnetism\\Kinematics\\GaugeTransformation.setup.json --json",
   "level": "trace"}],
 "inputs":
 [["deps",
   [["Physlib/Physlib:extraDep", [["@Physlib:extraDep", "00000000000006bb"]]],
    ["imports",
     [["Physlib.Electromagnetism.Kinematics.FieldStrength transitive imports (public)",
       "36ebbf1012f835a9"],
      ["Physlib.Electromagnetism.Kinematics.FieldStrength:importArts",
       "905b40ac316fc7e3"]]]]],
  ["libs",
   [["import dynlibs", "00000000000006bb"],
    ["package external libraries", "00000000000006bb"],
    ["module dynlibs", "00000000000006bb"],
    ["module plugins", "00000000000006bb"]]],
  ["Lean 4.34.0, commit 293d5d0c0c3f3dded4688b3ccd6a33939ac5102b",
   "a1c6c7aa3e9abfe7"],
  ["C:\\lean\\libs\\physlib\\Physlib\\Electromagnetism\\Kinematics\\GaugeTransformation.lean",
   "f4c76c7efc9163c2"],
  ["options", "00000000000006bb"],
  ["isModule: true", "760fcc16989f4b9b"],
  ["Module.name: Physlib.Electromagnetism.Kinematics.GaugeTransformation",
   "260ef6070546b62b"],
  ["Package.id?: (some Physlib)", "6dd4b1a3d0e46d70"],
  ["Module.leanArgs: #[-Dwarn.sorry=false, -Dweak.says.verify=true]",
   "72cd5083b9c31fb2"]],
 "depHash": "69b1d40dddc1c9c9"}