{"synthetic": false,
 "schemaVersion": "2025-09-10",
 "outputs":
 {"rs": "d75e7cc6a1c59401.ir.sig",
  "r": "bc8ab5e27b93e5ca.ir",
  "o":
  ["4108aa0f1c264939.olean",
   "ac31be03b45f129d.olean.server",
   "1a866b0fba1e1f98.olean.private"],
  "m": true,
  "i": "169f4e3b11289c0b.ilean",
  "c": "b40226ddee9a2609.c"},
 "log":
 [{"message":
   ".> LEAN_PATH=C:\\lean\\mathlib4\\.lake\\packages\\Cli\\.lake\\build\\lib\\lean;C:\\lean\\mathlib4\\.lake\\packages\\batteries\\.lake\\build\\lib\\lean;C:\\lean\\mathlib4\\.lake\\packages\\Qq\\.lake\\build\\lib\\lean;C:\\lean\\mathlib4\\.lake\\packages\\aesop\\.lake\\build\\lib\\lean;C:\\lean\\mathlib4\\.lake\\packages\\proofwidgets\\.lake\\build\\lib\\lean;C:\\lean\\mathlib4\\.lake\\packages\\importGraph\\.lake\\build\\lib\\lean;C:\\lean\\mathlib4\\.lake\\packages\\LeanSearchClient\\.lake\\build\\lib\\lean;C:\\lean\\mathlib4\\.lake\\packages\\plausible\\.lake\\build\\lib\\lean;C:\\lean\\mathlib4\\.lake\\build\\lib\\lean;C:\\lean\\libs\\physlib\\.lake\\build\\lib\\lean c:\\Users\\Administrator\\.elan\\toolchains\\leanprover--lean4---v4.34.0\\bin\\lean.exe -Dwarn.sorry=false -Dweak.says.verify=true C:\\lean\\libs\\physlib\\Physlib\\Mathematics\\Calculus\\AdjFDeriv.lean -o C:\\lean\\libs\\physlib\\.lake\\build\\lib\\lean\\Physlib\\Mathematics\\Calculus\\AdjFDeriv.olean -i C:\\lean\\libs\\physlib\\.lake\\build\\lib\\lean\\Physlib\\Mathematics\\Calculus\\AdjFDeriv.ilean -c C:\\lean\\libs\\physlib\\.lake\\build\\ir\\Physlib\\Mathematics\\Calculus\\AdjFDeriv.c --setup C:\\lean\\libs\\physlib\\.lake\\build\\ir\\Physlib\\Mathematics\\Calculus\\AdjFDeriv.setup.json --json",
   "level": "trace"}],
 "inputs":
 [["deps",
   [["Physlib/Physlib:extraDep", [["@Physlib:extraDep", "00000000000006bb"]]],
    ["imports",
     [["Mathlib.Analysis.Calculus.Gradient.Basic transitive imports (public)",
       "a44e93d16153cd33"],
      ["Mathlib.Analysis.Calculus.Gradient.Basic:importArts",
       "a2a2bc3ba3597307"],
      ["Physlib.Mathematics.FDerivCurry transitive imports (public)",
       "39c6b4c0e091eeb6"],
      ["Physlib.Mathematics.FDerivCurry:importArts", "8a8ef9505b0fcc04"],
      ["Physlib.Mathematics.InnerProductSpace.Adjoint transitive imports (public)",
       "b66bcc65eeeea5bf"],
      ["Physlib.Mathematics.InnerProductSpace.Adjoint:importArts",
       "dafd98710a4cd218"],
      ["Physlib.Mathematics.InnerProductSpace.Calculus transitive imports (public)",
       "86a4a2971995185a"],
      ["Physlib.Mathematics.InnerProductSpace.Calculus:importArts",
       "3eb1206e38c3b782"]]]]],
  ["libs",
   [["import dynlibs", "00000000000006bb"],
    ["package external libraries", "00000000000006bb"],
    ["module dynlibs", "00000000000006bb"],
    ["module plugins", "00000000000006bb"]]],
  ["Lean 4.34.0, commit 293d5d0c0c3f3dded4688b3ccd6a33939ac5102b",
   "a1c6c7aa3e9abfe7"],
  ["C:\\lean\\libs\\physlib\\Physlib\\Mathematics\\Calculus\\AdjFDeriv.lean",
   "c0443b19e75d1d9e"],
  ["options", "00000000000006bb"],
  ["isModule: true", "760fcc16989f4b9b"],
  ["Module.name: Physlib.Mathematics.Calculus.AdjFDeriv", "1b136913360d5e2c"],
  ["Package.id?: (some Physlib)", "6dd4b1a3d0e46d70"],
  ["Module.leanArgs: #[-Dwarn.sorry=false, -Dweak.says.verify=true]",
   "72cd5083b9c31fb2"]],
 "depHash": "45608a0aa628011f"}