{"synthetic": false,
 "schemaVersion": "2025-09-10",
 "outputs":
 {"rs": "cb87023d1d28344f.ir.sig",
  "r": "0ed320e8f7e41f67.ir",
  "o":
  ["8977a88ed75e64bb.olean",
   "000f4745c75bb0c5.olean.server",
   "601a28a13c5ecd31.olean.private"],
  "m": true,
  "i": "d8aea8932dba396a.ilean",
  "c": "d1a6ce26c240b95a.c"},
 "log":
 [{"message":
   ".> LEAN_PATH=C:\\lean\\mathlib4\\.lake\\packages\\Cli\\.lake\\build\\lib\\lean;C:\\lean\\mathlib4\\.lake\\packages\\batteries\\.lake\\build\\lib\\lean;C:\\lean\\mathlib4\\.lake\\packages\\Qq\\.lake\\build\\lib\\lean;C:\\lean\\mathlib4\\.lake\\packages\\aesop\\.lake\\build\\lib\\lean;C:\\lean\\mathlib4\\.lake\\packages\\proofwidgets\\.lake\\build\\lib\\lean;C:\\lean\\mathlib4\\.lake\\packages\\importGraph\\.lake\\build\\lib\\lean;C:\\lean\\mathlib4\\.lake\\packages\\LeanSearchClient\\.lake\\build\\lib\\lean;C:\\lean\\mathlib4\\.lake\\packages\\plausible\\.lake\\build\\lib\\lean;C:\\lean\\mathlib4\\.lake\\build\\lib\\lean;C:\\lean\\libs\\physlib\\.lake\\build\\lib\\lean c:\\Users\\Administrator\\.elan\\toolchains\\leanprover--lean4---v4.34.0\\bin\\lean.exe -Dwarn.sorry=false -Dweak.says.verify=true C:\\lean\\libs\\physlib\\Physlib\\Mathematics\\Calculus\\Divergence.lean -o C:\\lean\\libs\\physlib\\.lake\\build\\lib\\lean\\Physlib\\Mathematics\\Calculus\\Divergence.olean -i C:\\lean\\libs\\physlib\\.lake\\build\\lib\\lean\\Physlib\\Mathematics\\Calculus\\Divergence.ilean -c C:\\lean\\libs\\physlib\\.lake\\build\\ir\\Physlib\\Mathematics\\Calculus\\Divergence.c --setup C:\\lean\\libs\\physlib\\.lake\\build\\ir\\Physlib\\Mathematics\\Calculus\\Divergence.setup.json --json",
   "level": "trace"}],
 "inputs":
 [["deps",
   [["Physlib/Physlib:extraDep", [["@Physlib:extraDep", "00000000000006bb"]]],
    ["imports",
     [["Mathlib.LinearAlgebra.Trace transitive imports (public)",
       "3d2a0ddb85ab586b"],
      ["Mathlib.LinearAlgebra.Trace:importArts", "fcff754c9757985c"],
      ["Physlib.Mathematics.Calculus.AdjFDeriv transitive imports (public)",
       "3a5767cffc89f9ce"],
      ["Physlib.Mathematics.Calculus.AdjFDeriv:importArts", "e9770558561ea736"],
      ["Physlib.SpaceAndTime.Space.Derivatives.Div transitive imports (public)",
       "fe2b5be0a2e309d5"],
      ["Physlib.SpaceAndTime.Space.Derivatives.Div:importArts",
       "812ba8eba8bf8507"]]]]],
  ["libs",
   [["import dynlibs", "00000000000006bb"],
    ["package external libraries", "00000000000006bb"],
    ["module dynlibs", "00000000000006bb"],
    ["module plugins", "00000000000006bb"]]],
  ["Lean 4.34.0, commit 293d5d0c0c3f3dded4688b3ccd6a33939ac5102b",
   "a1c6c7aa3e9abfe7"],
  ["C:\\lean\\libs\\physlib\\Physlib\\Mathematics\\Calculus\\Divergence.lean",
   "17a3dd5f68067f2e"],
  ["options", "00000000000006bb"],
  ["isModule: true", "760fcc16989f4b9b"],
  ["Module.name: Physlib.Mathematics.Calculus.Divergence", "f25a08fd31032646"],
  ["Package.id?: (some Physlib)", "6dd4b1a3d0e46d70"],
  ["Module.leanArgs: #[-Dwarn.sorry=false, -Dweak.says.verify=true]",
   "72cd5083b9c31fb2"]],
 "depHash": "6f7233e897bee3e0"}