{"synthetic": false,
 "schemaVersion": "2025-09-10",
 "outputs":
 {"rs": "4026b11662bf44e9.ir.sig",
  "r": "aeaabc37dbcd223f.ir",
  "o":
  ["4130a530dc772af9.olean",
   "37272475b904a6f0.olean.server",
   "2f531179f7be05a7.olean.private"],
  "m": true,
  "i": "550e3cc8d1147b64.ilean",
  "c": "3f2c00733a7a5d51.c"},
 "log":
 [{"message":
   ".> LEAN_PATH=C:\\lean\\mathlib4\\.lake\\packages\\Cli\\.lake\\build\\lib\\lean;C:\\lean\\mathlib4\\.lake\\packages\\batteries\\.lake\\build\\lib\\lean;C:\\lean\\mathlib4\\.lake\\packages\\Qq\\.lake\\build\\lib\\lean;C:\\lean\\mathlib4\\.lake\\packages\\aesop\\.lake\\build\\lib\\lean;C:\\lean\\mathlib4\\.lake\\packages\\proofwidgets\\.lake\\build\\lib\\lean;C:\\lean\\mathlib4\\.lake\\packages\\importGraph\\.lake\\build\\lib\\lean;C:\\lean\\mathlib4\\.lake\\packages\\LeanSearchClient\\.lake\\build\\lib\\lean;C:\\lean\\mathlib4\\.lake\\packages\\plausible\\.lake\\build\\lib\\lean;C:\\lean\\mathlib4\\.lake\\build\\lib\\lean;C:\\lean\\libs\\physlib\\.lake\\build\\lib\\lean c:\\Users\\Administrator\\.elan\\toolchains\\leanprover--lean4---v4.34.0\\bin\\lean.exe -Dwarn.sorry=false -Dweak.says.verify=true C:\\lean\\libs\\physlib\\Physlib\\Mathematics\\Calculus\\ParametricIntegration.lean -o C:\\lean\\libs\\physlib\\.lake\\build\\lib\\lean\\Physlib\\Mathematics\\Calculus\\ParametricIntegration.olean -i C:\\lean\\libs\\physlib\\.lake\\build\\lib\\lean\\Physlib\\Mathematics\\Calculus\\ParametricIntegration.ilean -c C:\\lean\\libs\\physlib\\.lake\\build\\ir\\Physlib\\Mathematics\\Calculus\\ParametricIntegration.c --setup C:\\lean\\libs\\physlib\\.lake\\build\\ir\\Physlib\\Mathematics\\Calculus\\ParametricIntegration.setup.json --json",
   "level": "trace"}],
 "inputs":
 [["deps",
   [["Physlib/Physlib:extraDep", [["@Physlib:extraDep", "00000000000006bb"]]],
    ["imports",
     [["Mathlib.Analysis.Calculus.ContDiff.FiniteDimension transitive imports (public)",
       "14a902aa2a758562"],
      ["Mathlib.Analysis.Calculus.ContDiff.FiniteDimension:importArts",
       "216a93706fb292f6"],
      ["Mathlib.Analysis.Calculus.ParametricIntervalIntegral transitive imports (public)",
       "4bdf2e3c65533905"],
      ["Mathlib.Analysis.Calculus.ParametricIntervalIntegral:importArts",
       "16c2a428ddad0c2f"],
      ["Mathlib.Tactic.Cases transitive imports (public)", "c30ccae22c39dc0f"],
      ["Mathlib.Tactic.Cases:importArts", "6902c44e24e6e48b"]]]]],
  ["libs",
   [["import dynlibs", "00000000000006bb"],
    ["package external libraries", "00000000000006bb"],
    ["module dynlibs", "00000000000006bb"],
    ["module plugins", "00000000000006bb"]]],
  ["Lean 4.34.0, commit 293d5d0c0c3f3dded4688b3ccd6a33939ac5102b",
   "a1c6c7aa3e9abfe7"],
  ["C:\\lean\\libs\\physlib\\Physlib\\Mathematics\\Calculus\\ParametricIntegration.lean",
   "74a792411bef587d"],
  ["options", "00000000000006bb"],
  ["isModule: true", "760fcc16989f4b9b"],
  ["Module.name: Physlib.Mathematics.Calculus.ParametricIntegration",
   "a904f621cb6dbc11"],
  ["Package.id?: (some Physlib)", "6dd4b1a3d0e46d70"],
  ["Module.leanArgs: #[-Dwarn.sorry=false, -Dweak.says.verify=true]",
   "72cd5083b9c31fb2"]],
 "depHash": "5b1757b03c025a75"}