{"synthetic": false,
 "schemaVersion": "2025-09-10",
 "outputs":
 {"rs": "6c39e779b54f05e9.ir.sig",
  "r": "a5a37731a0c4ff46.ir",
  "o":
  ["d9c8ccd660434b59.olean",
   "3b9affbfaf557c9d.olean.server",
   "a68781dbe3a158f5.olean.private"],
  "m": true,
  "i": "2f665510d5943f27.ilean",
  "c": "dc0d288ea5eb245f.c"},
 "log":
 [{"message":
   ".> LEAN_PATH=C:\\lean\\mathlib4\\.lake\\packages\\Cli\\.lake\\build\\lib\\lean;C:\\lean\\mathlib4\\.lake\\packages\\batteries\\.lake\\build\\lib\\lean;C:\\lean\\mathlib4\\.lake\\packages\\Qq\\.lake\\build\\lib\\lean;C:\\lean\\mathlib4\\.lake\\packages\\aesop\\.lake\\build\\lib\\lean;C:\\lean\\mathlib4\\.lake\\packages\\proofwidgets\\.lake\\build\\lib\\lean;C:\\lean\\mathlib4\\.lake\\packages\\importGraph\\.lake\\build\\lib\\lean;C:\\lean\\mathlib4\\.lake\\packages\\LeanSearchClient\\.lake\\build\\lib\\lean;C:\\lean\\mathlib4\\.lake\\packages\\plausible\\.lake\\build\\lib\\lean;C:\\lean\\mathlib4\\.lake\\build\\lib\\lean;C:\\lean\\libs\\physlib\\.lake\\build\\lib\\lean c:\\Users\\Administrator\\.elan\\toolchains\\leanprover--lean4---v4.34.0\\bin\\lean.exe -Dwarn.sorry=false -Dweak.says.verify=true C:\\lean\\libs\\physlib\\Physlib\\QFT\\QED\\AnomalyCancellation\\Odd\\LineInCubic.lean -o C:\\lean\\libs\\physlib\\.lake\\build\\lib\\lean\\Physlib\\QFT\\QED\\AnomalyCancellation\\Odd\\LineInCubic.olean -i C:\\lean\\libs\\physlib\\.lake\\build\\lib\\lean\\Physlib\\QFT\\QED\\AnomalyCancellation\\Odd\\LineInCubic.ilean -c C:\\lean\\libs\\physlib\\.lake\\build\\ir\\Physlib\\QFT\\QED\\AnomalyCancellation\\Odd\\LineInCubic.c --setup C:\\lean\\libs\\physlib\\.lake\\build\\ir\\Physlib\\QFT\\QED\\AnomalyCancellation\\Odd\\LineInCubic.setup.json --json",
   "level": "trace"}],
 "inputs":
 [["deps",
   [["Physlib/Physlib:extraDep", [["@Physlib:extraDep", "00000000000006bb"]]],
    ["imports",
     [["Physlib.QFT.QED.AnomalyCancellation.LineInPlaneCond transitive imports (public)",
       "3886ee2374f1c03a"],
      ["Physlib.QFT.QED.AnomalyCancellation.LineInPlaneCond:importArts",
       "daeeb5a4cca47091"],
      ["Physlib.QFT.QED.AnomalyCancellation.Odd.BasisLinear transitive imports (public)",
       "689bc30f98b26966"],
      ["Physlib.QFT.QED.AnomalyCancellation.Odd.BasisLinear:importArts",
       "8a633f10eb4f7663"]]]]],
  ["libs",
   [["import dynlibs", "00000000000006bb"],
    ["package external libraries", "00000000000006bb"],
    ["module dynlibs", "00000000000006bb"],
    ["module plugins", "00000000000006bb"]]],
  ["Lean 4.34.0, commit 293d5d0c0c3f3dded4688b3ccd6a33939ac5102b",
   "a1c6c7aa3e9abfe7"],
  ["C:\\lean\\libs\\physlib\\Physlib\\QFT\\QED\\AnomalyCancellation\\Odd\\LineInCubic.lean",
   "7359a0dae1684623"],
  ["options", "00000000000006bb"],
  ["isModule: true", "760fcc16989f4b9b"],
  ["Module.name: Physlib.QFT.QED.AnomalyCancellation.Odd.LineInCubic",
   "cebd30186e8fead1"],
  ["Package.id?: (some Physlib)", "6dd4b1a3d0e46d70"],
  ["Module.leanArgs: #[-Dwarn.sorry=false, -Dweak.says.verify=true]",
   "72cd5083b9c31fb2"]],
 "depHash": "f812efaed9de0647"}