{"synthetic": false,
 "schemaVersion": "2025-09-10",
 "outputs":
 {"rs": "4f644fa490ebbe0a.ir.sig",
  "r": "4ffddf7f58302ae7.ir",
  "o":
  ["025990dcd6dee9cb.olean",
   "fe7b1e83097ac232.olean.server",
   "b41133ffe0b6bc42.olean.private"],
  "m": true,
  "i": "c9b85e4ac5521ebd.ilean",
  "c": "6b9038808bafd5e4.c"},
 "log":
 [{"message":
   ".> LEAN_PATH=C:\\lean\\mathlib4\\.lake\\packages\\Cli\\.lake\\build\\lib\\lean;C:\\lean\\mathlib4\\.lake\\packages\\batteries\\.lake\\build\\lib\\lean;C:\\lean\\mathlib4\\.lake\\packages\\Qq\\.lake\\build\\lib\\lean;C:\\lean\\mathlib4\\.lake\\packages\\aesop\\.lake\\build\\lib\\lean;C:\\lean\\mathlib4\\.lake\\packages\\proofwidgets\\.lake\\build\\lib\\lean;C:\\lean\\mathlib4\\.lake\\packages\\importGraph\\.lake\\build\\lib\\lean;C:\\lean\\mathlib4\\.lake\\packages\\LeanSearchClient\\.lake\\build\\lib\\lean;C:\\lean\\mathlib4\\.lake\\packages\\plausible\\.lake\\build\\lib\\lean;C:\\lean\\mathlib4\\.lake\\build\\lib\\lean;C:\\lean\\libs\\physlib\\.lake\\build\\lib\\lean c:\\Users\\Administrator\\.elan\\toolchains\\leanprover--lean4---v4.34.0\\bin\\lean.exe -Dwarn.sorry=false -Dweak.says.verify=true C:\\lean\\libs\\physlib\\Physlib\\StringTheory\\FTheory\\SU5\\Charges\\AnomalyFree.lean -o C:\\lean\\libs\\physlib\\.lake\\build\\lib\\lean\\Physlib\\StringTheory\\FTheory\\SU5\\Charges\\AnomalyFree.olean -i C:\\lean\\libs\\physlib\\.lake\\build\\lib\\lean\\Physlib\\StringTheory\\FTheory\\SU5\\Charges\\AnomalyFree.ilean -c C:\\lean\\libs\\physlib\\.lake\\build\\ir\\Physlib\\StringTheory\\FTheory\\SU5\\Charges\\AnomalyFree.c --setup C:\\lean\\libs\\physlib\\.lake\\build\\ir\\Physlib\\StringTheory\\FTheory\\SU5\\Charges\\AnomalyFree.setup.json --json",
   "level": "trace"}],
 "inputs":
 [["deps",
   [["Physlib/Physlib:extraDep", [["@Physlib:extraDep", "00000000000006bb"]]],
    ["imports",
     [["Physlib.StringTheory.FTheory.SU5.Quanta.Basic transitive imports (public)",
       "090d4fe8e5c83b59"],
      ["Physlib.StringTheory.FTheory.SU5.Quanta.Basic:importArts",
       "78ff7a44ba1b44a2"],
      ["Physlib.Particles.SuperSymmetry.SU5.ChargeSpectrum.Map transitive imports (public)",
       "e3ca93af945c60ab"],
      ["Physlib.Particles.SuperSymmetry.SU5.ChargeSpectrum.Map:importArts",
       "ec842d5a00418594"],
      ["Physlib.StringTheory.FTheory.SU5.Charges.Viable transitive imports (public)",
       "26e288a213f6fbb9"],
      ["Physlib.StringTheory.FTheory.SU5.Charges.Viable:importArts",
       "ad0080cd8fdce981"]]]]],
  ["libs",
   [["import dynlibs", "00000000000006bb"],
    ["package external libraries", "00000000000006bb"],
    ["module dynlibs", "00000000000006bb"],
    ["module plugins", "00000000000006bb"]]],
  ["Lean 4.34.0, commit 293d5d0c0c3f3dded4688b3ccd6a33939ac5102b",
   "a1c6c7aa3e9abfe7"],
  ["C:\\lean\\libs\\physlib\\Physlib\\StringTheory\\FTheory\\SU5\\Charges\\AnomalyFree.lean",
   "3e0d6d874efda83f"],
  ["options", "00000000000006bb"],
  ["isModule: true", "760fcc16989f4b9b"],
  ["Module.name: Physlib.StringTheory.FTheory.SU5.Charges.AnomalyFree",
   "3a40a2fc5b2b3981"],
  ["Package.id?: (some Physlib)", "6dd4b1a3d0e46d70"],
  ["Module.leanArgs: #[-Dwarn.sorry=false, -Dweak.says.verify=true]",
   "72cd5083b9c31fb2"]],
 "depHash": "c135530560655807"}