{"synthetic": false,
 "schemaVersion": "2025-09-10",
 "outputs":
 {"rs": "066d83f9a85cc876.ir.sig",
  "r": "b9b0f326c78317a5.ir",
  "o":
  ["edd7d228c57b58db.olean",
   "13728e52da8159a7.olean.server",
   "04be3addd2db47da.olean.private"],
  "m": true,
  "i": "9b1c5e2717f0912e.ilean",
  "c": "804c53dac3426cae.c"},
 "log":
 [{"message":
   ".> LEAN_PATH=C:\\lean\\mathlib4\\.lake\\packages\\Cli\\.lake\\build\\lib\\lean;C:\\lean\\mathlib4\\.lake\\packages\\batteries\\.lake\\build\\lib\\lean;C:\\lean\\mathlib4\\.lake\\packages\\Qq\\.lake\\build\\lib\\lean;C:\\lean\\mathlib4\\.lake\\packages\\aesop\\.lake\\build\\lib\\lean;C:\\lean\\mathlib4\\.lake\\packages\\proofwidgets\\.lake\\build\\lib\\lean;C:\\lean\\mathlib4\\.lake\\packages\\importGraph\\.lake\\build\\lib\\lean;C:\\lean\\mathlib4\\.lake\\packages\\LeanSearchClient\\.lake\\build\\lib\\lean;C:\\lean\\mathlib4\\.lake\\packages\\plausible\\.lake\\build\\lib\\lean;C:\\lean\\mathlib4\\.lake\\build\\lib\\lean;C:\\lean\\libs\\physlib\\.lake\\build\\lib\\lean c:\\Users\\Administrator\\.elan\\toolchains\\leanprover--lean4---v4.34.0\\bin\\lean.exe -Dwarn.sorry=false -Dweak.says.verify=true C:\\lean\\libs\\physlib\\Physlib\\Relativity\\Fermions\\Weyl\\Contraction.lean -o C:\\lean\\libs\\physlib\\.lake\\build\\lib\\lean\\Physlib\\Relativity\\Fermions\\Weyl\\Contraction.olean -i C:\\lean\\libs\\physlib\\.lake\\build\\lib\\lean\\Physlib\\Relativity\\Fermions\\Weyl\\Contraction.ilean -c C:\\lean\\libs\\physlib\\.lake\\build\\ir\\Physlib\\Relativity\\Fermions\\Weyl\\Contraction.c --setup C:\\lean\\libs\\physlib\\.lake\\build\\ir\\Physlib\\Relativity\\Fermions\\Weyl\\Contraction.setup.json --json",
   "level": "trace"}],
 "inputs":
 [["deps",
   [["Physlib/Physlib:extraDep", [["@Physlib:extraDep", "00000000000006bb"]]],
    ["imports",
     [["Physlib.Relativity.Fermions.Weyl.LeftHanded transitive imports (public)",
       "a3544720cc46256c"],
      ["Physlib.Relativity.Fermions.Weyl.LeftHanded:importArts",
       "ea80d091d9e7b636"],
      ["Physlib.Relativity.Fermions.Weyl.RightHanded transitive imports (public)",
       "a3544720cc46256c"],
      ["Physlib.Relativity.Fermions.Weyl.RightHanded:importArts",
       "391246d2abe1a2d8"],
      ["Physlib.Relativity.Fermions.Weyl.DualLeftHanded transitive imports (public)",
       "a3544720cc46256c"],
      ["Physlib.Relativity.Fermions.Weyl.DualLeftHanded:importArts",
       "85ff9a0df14ca959"],
      ["Physlib.Relativity.Fermions.Weyl.DualRightHanded transitive imports (public)",
       "a3544720cc46256c"],
      ["Physlib.Relativity.Fermions.Weyl.DualRightHanded:importArts",
       "57848cb2e24a1b36"]]]]],
  ["libs",
   [["import dynlibs", "00000000000006bb"],
    ["package external libraries", "00000000000006bb"],
    ["module dynlibs", "00000000000006bb"],
    ["module plugins", "00000000000006bb"]]],
  ["Lean 4.34.0, commit 293d5d0c0c3f3dded4688b3ccd6a33939ac5102b",
   "a1c6c7aa3e9abfe7"],
  ["C:\\lean\\libs\\physlib\\Physlib\\Relativity\\Fermions\\Weyl\\Contraction.lean",
   "5169bdf5a26767ff"],
  ["options", "00000000000006bb"],
  ["isModule: true", "760fcc16989f4b9b"],
  ["Module.name: Physlib.Relativity.Fermions.Weyl.Contraction",
   "c0986d6efb30472a"],
  ["Package.id?: (some Physlib)", "6dd4b1a3d0e46d70"],
  ["Module.leanArgs: #[-Dwarn.sorry=false, -Dweak.says.verify=true]",
   "72cd5083b9c31fb2"]],
 "depHash": "8137053dc35c4460"}