{"synthetic": false,
 "schemaVersion": "2025-09-10",
 "outputs":
 {"rs": "778c6b8f5574e668.ir.sig",
  "r": "fe5b56095765d4cb.ir",
  "o":
  ["3974ba3e23d832e7.olean",
   "e4408dd2ad236ba1.olean.server",
   "76603317b0880080.olean.private"],
  "m": true,
  "i": "cae84a47bc4f7ea9.ilean",
  "c": "62ff545c49afb7ee.c"},
 "log":
 [{"message":
   ".> LEAN_PATH=C:\\lean\\mathlib4\\.lake\\packages\\Cli\\.lake\\build\\lib\\lean;C:\\lean\\mathlib4\\.lake\\packages\\batteries\\.lake\\build\\lib\\lean;C:\\lean\\mathlib4\\.lake\\packages\\Qq\\.lake\\build\\lib\\lean;C:\\lean\\mathlib4\\.lake\\packages\\aesop\\.lake\\build\\lib\\lean;C:\\lean\\mathlib4\\.lake\\packages\\proofwidgets\\.lake\\build\\lib\\lean;C:\\lean\\mathlib4\\.lake\\packages\\importGraph\\.lake\\build\\lib\\lean;C:\\lean\\mathlib4\\.lake\\packages\\LeanSearchClient\\.lake\\build\\lib\\lean;C:\\lean\\mathlib4\\.lake\\packages\\plausible\\.lake\\build\\lib\\lean;C:\\lean\\mathlib4\\.lake\\build\\lib\\lean;C:\\lean\\libs\\physlib\\.lake\\build\\lib\\lean c:\\Users\\Administrator\\.elan\\toolchains\\leanprover--lean4---v4.34.0\\bin\\lean.exe -Dwarn.sorry=false -Dweak.says.verify=true C:\\lean\\libs\\physlib\\Physlib\\Relativity\\Fermions\\Weyl\\DualRightHanded.lean -o C:\\lean\\libs\\physlib\\.lake\\build\\lib\\lean\\Physlib\\Relativity\\Fermions\\Weyl\\DualRightHanded.olean -i C:\\lean\\libs\\physlib\\.lake\\build\\lib\\lean\\Physlib\\Relativity\\Fermions\\Weyl\\DualRightHanded.ilean -c C:\\lean\\libs\\physlib\\.lake\\build\\ir\\Physlib\\Relativity\\Fermions\\Weyl\\DualRightHanded.c --setup C:\\lean\\libs\\physlib\\.lake\\build\\ir\\Physlib\\Relativity\\Fermions\\Weyl\\DualRightHanded.setup.json --json",
   "level": "trace"}],
 "inputs":
 [["deps",
   [["Physlib/Physlib:extraDep", [["@Physlib:extraDep", "00000000000006bb"]]],
    ["imports",
     [["Mathlib.Analysis.Complex.Basic transitive imports (public)",
       "5db83281f6ec6795"],
      ["Mathlib.Analysis.Complex.Basic:importArts", "e126660cf29b52de"],
      ["Physlib.Meta.TODO.Basic transitive imports (public)",
       "00000000000006bb"],
      ["Physlib.Meta.TODO.Basic:importArts", "00cee186cb0fb022"],
      ["Physlib.Relativity.SL2C.Basic transitive imports (public)",
       "a7302085b25fe63e"],
      ["Physlib.Relativity.SL2C.Basic:importArts", "b8a60b2ea7c845b5"],
      ["Physlib.Meta.Informal.Basic transitive imports (public)",
       "00000000000006bb"],
      ["Physlib.Meta.Informal.Basic:importArts", "07c6e10b858a538e"],
      ["Physlib.Meta.TODO.Basic transitive imports (public)",
       "00000000000006bb"],
      ["Physlib.Meta.TODO.Basic:importArts", "00cee186cb0fb022"]]]]],
  ["libs",
   [["import dynlibs", "00000000000006bb"],
    ["package external libraries", "00000000000006bb"],
    ["module dynlibs", "00000000000006bb"],
    ["module plugins", "00000000000006bb"]]],
  ["Lean 4.34.0, commit 293d5d0c0c3f3dded4688b3ccd6a33939ac5102b",
   "a1c6c7aa3e9abfe7"],
  ["C:\\lean\\libs\\physlib\\Physlib\\Relativity\\Fermions\\Weyl\\DualRightHanded.lean",
   "de485b259fa15a48"],
  ["options", "00000000000006bb"],
  ["isModule: true", "760fcc16989f4b9b"],
  ["Module.name: Physlib.Relativity.Fermions.Weyl.DualRightHanded",
   "68118d8b09c8f600"],
  ["Package.id?: (some Physlib)", "6dd4b1a3d0e46d70"],
  ["Module.leanArgs: #[-Dwarn.sorry=false, -Dweak.says.verify=true]",
   "72cd5083b9c31fb2"]],
 "depHash": "d4df63036c9772b5"}