{"synthetic": false,
 "schemaVersion": "2025-09-10",
 "outputs":
 {"rs": "1a4c37c40ba0a956.ir.sig",
  "r": "c4babb6c284d9727.ir",
  "o":
  ["4d0ab652dc622827.olean",
   "641c3e2e2dc140d7.olean.server",
   "00d36228a90e5621.olean.private"],
  "m": true,
  "i": "6449c84596723d69.ilean",
  "c": "5c45c0c3d7712485.c"},
 "log":
 [{"message":
   ".> LEAN_PATH=C:\\lean\\mathlib4\\.lake\\packages\\Cli\\.lake\\build\\lib\\lean;C:\\lean\\mathlib4\\.lake\\packages\\batteries\\.lake\\build\\lib\\lean;C:\\lean\\mathlib4\\.lake\\packages\\Qq\\.lake\\build\\lib\\lean;C:\\lean\\mathlib4\\.lake\\packages\\aesop\\.lake\\build\\lib\\lean;C:\\lean\\mathlib4\\.lake\\packages\\proofwidgets\\.lake\\build\\lib\\lean;C:\\lean\\mathlib4\\.lake\\packages\\importGraph\\.lake\\build\\lib\\lean;C:\\lean\\mathlib4\\.lake\\packages\\LeanSearchClient\\.lake\\build\\lib\\lean;C:\\lean\\mathlib4\\.lake\\packages\\plausible\\.lake\\build\\lib\\lean;C:\\lean\\mathlib4\\.lake\\build\\lib\\lean;C:\\lean\\libs\\physlib\\.lake\\build\\lib\\lean c:\\Users\\Administrator\\.elan\\toolchains\\leanprover--lean4---v4.34.0-rc1\\bin\\lean.exe -Dwarn.sorry=false -Dweak.says.verify=true C:\\lean\\libs\\physlib\\Physlib\\Relativity\\Fermions\\Weyl\\Duals.lean -o C:\\lean\\libs\\physlib\\.lake\\build\\lib\\lean\\Physlib\\Relativity\\Fermions\\Weyl\\Duals.olean -i C:\\lean\\libs\\physlib\\.lake\\build\\lib\\lean\\Physlib\\Relativity\\Fermions\\Weyl\\Duals.ilean -c C:\\lean\\libs\\physlib\\.lake\\build\\ir\\Physlib\\Relativity\\Fermions\\Weyl\\Duals.c --setup C:\\lean\\libs\\physlib\\.lake\\build\\ir\\Physlib\\Relativity\\Fermions\\Weyl\\Duals.setup.json --json",
   "level": "trace"}],
 "inputs":
 [["deps",
   [["Physlib/Physlib:extraDep", [["@Physlib:extraDep", "00000000000006bb"]]],
    ["imports",
     [["Physlib.Relativity.Fermions.Weyl.LeftHanded transitive imports (public)",
       "425d87c9611cd002"],
      ["Physlib.Relativity.Fermions.Weyl.LeftHanded:importArts",
       "4344d536384994eb"],
      ["Physlib.Relativity.Fermions.Weyl.RightHanded transitive imports (public)",
       "425d87c9611cd002"],
      ["Physlib.Relativity.Fermions.Weyl.RightHanded:importArts",
       "9eb9d2e778bfaaf5"],
      ["Physlib.Relativity.Fermions.Weyl.DualLeftHanded transitive imports (public)",
       "425d87c9611cd002"],
      ["Physlib.Relativity.Fermions.Weyl.DualLeftHanded:importArts",
       "68250126b6f7dd68"],
      ["Physlib.Relativity.Fermions.Weyl.DualRightHanded transitive imports (public)",
       "425d87c9611cd002"],
      ["Physlib.Relativity.Fermions.Weyl.DualRightHanded:importArts",
       "8dc925245342b019"]]]]],
  ["libs",
   [["import dynlibs", "00000000000006bb"],
    ["package external libraries", "00000000000006bb"],
    ["module dynlibs", "00000000000006bb"],
    ["module plugins", "00000000000006bb"]]],
  ["Lean 4.34.0, commit 3447a668783dbce1a8fdb97101dd067687b2b418",
   "421484e3e0c70198"],
  ["C:\\lean\\libs\\physlib\\Physlib\\Relativity\\Fermions\\Weyl\\Duals.lean",
   "56b9198c0f932511"],
  ["options", "00000000000006bb"],
  ["isModule: true", "760fcc16989f4b9b"],
  ["Module.name: Physlib.Relativity.Fermions.Weyl.Duals", "c8107fd14caa3bb0"],
  ["Package.id?: (some Physlib)", "6dd4b1a3d0e46d70"],
  ["Module.leanArgs: #[-Dwarn.sorry=false, -Dweak.says.verify=true]",
   "72cd5083b9c31fb2"]],
 "depHash": "cc67d504783200c8"}