{"synthetic": false,
 "schemaVersion": "2025-09-10",
 "outputs":
 {"rs": "c98c7adf5b0ba43d.ir.sig",
  "r": "878cd73970b1d55b.ir",
  "o":
  ["891d48f357e17d86.olean",
   "86c8597a62c37a81.olean.server",
   "5f6faf438dc13883.olean.private"],
  "m": true,
  "i": "8b0b92c0e3dde8fe.ilean",
  "c": "a6511e41e4ddcb43.c"},
 "log":
 [{"message":
   ".> LEAN_PATH=C:\\lean\\mathlib4\\.lake\\packages\\Cli\\.lake\\build\\lib\\lean;C:\\lean\\mathlib4\\.lake\\packages\\batteries\\.lake\\build\\lib\\lean;C:\\lean\\mathlib4\\.lake\\packages\\Qq\\.lake\\build\\lib\\lean;C:\\lean\\mathlib4\\.lake\\packages\\aesop\\.lake\\build\\lib\\lean;C:\\lean\\mathlib4\\.lake\\packages\\proofwidgets\\.lake\\build\\lib\\lean;C:\\lean\\mathlib4\\.lake\\packages\\importGraph\\.lake\\build\\lib\\lean;C:\\lean\\mathlib4\\.lake\\packages\\LeanSearchClient\\.lake\\build\\lib\\lean;C:\\lean\\mathlib4\\.lake\\packages\\plausible\\.lake\\build\\lib\\lean;C:\\lean\\mathlib4\\.lake\\build\\lib\\lean;C:\\lean\\libs\\physlib\\.lake\\build\\lib\\lean c:\\Users\\Administrator\\.elan\\toolchains\\leanprover--lean4---v4.34.0\\bin\\lean.exe -Dwarn.sorry=false -Dweak.says.verify=true C:\\lean\\libs\\physlib\\Physlib\\Relativity\\Fermions\\Weyl\\Two.lean -o C:\\lean\\libs\\physlib\\.lake\\build\\lib\\lean\\Physlib\\Relativity\\Fermions\\Weyl\\Two.olean -i C:\\lean\\libs\\physlib\\.lake\\build\\lib\\lean\\Physlib\\Relativity\\Fermions\\Weyl\\Two.ilean -c C:\\lean\\libs\\physlib\\.lake\\build\\ir\\Physlib\\Relativity\\Fermions\\Weyl\\Two.c --setup C:\\lean\\libs\\physlib\\.lake\\build\\ir\\Physlib\\Relativity\\Fermions\\Weyl\\Two.setup.json --json",
   "level": "trace"}],
 "inputs":
 [["deps",
   [["Physlib/Physlib:extraDep", [["@Physlib:extraDep", "00000000000006bb"]]],
    ["imports",
     [["Physlib.Relativity.Fermions.Weyl.LeftHanded transitive imports (public)",
       "a3544720cc46256c"],
      ["Physlib.Relativity.Fermions.Weyl.LeftHanded:importArts",
       "ea80d091d9e7b636"],
      ["Physlib.Relativity.Fermions.Weyl.RightHanded transitive imports (public)",
       "a3544720cc46256c"],
      ["Physlib.Relativity.Fermions.Weyl.RightHanded:importArts",
       "391246d2abe1a2d8"],
      ["Physlib.Relativity.Fermions.Weyl.DualLeftHanded transitive imports (public)",
       "a3544720cc46256c"],
      ["Physlib.Relativity.Fermions.Weyl.DualLeftHanded:importArts",
       "85ff9a0df14ca959"],
      ["Physlib.Relativity.Fermions.Weyl.DualRightHanded transitive imports (public)",
       "a3544720cc46256c"],
      ["Physlib.Relativity.Fermions.Weyl.DualRightHanded:importArts",
       "57848cb2e24a1b36"]]]]],
  ["libs",
   [["import dynlibs", "00000000000006bb"],
    ["package external libraries", "00000000000006bb"],
    ["module dynlibs", "00000000000006bb"],
    ["module plugins", "00000000000006bb"]]],
  ["Lean 4.34.0, commit 293d5d0c0c3f3dded4688b3ccd6a33939ac5102b",
   "a1c6c7aa3e9abfe7"],
  ["C:\\lean\\libs\\physlib\\Physlib\\Relativity\\Fermions\\Weyl\\Two.lean",
   "e92e5bdbb2b77fe5"],
  ["options", "00000000000006bb"],
  ["isModule: true", "760fcc16989f4b9b"],
  ["Module.name: Physlib.Relativity.Fermions.Weyl.Two", "d21ebbdc6757c71e"],
  ["Package.id?: (some Physlib)", "6dd4b1a3d0e46d70"],
  ["Module.leanArgs: #[-Dwarn.sorry=false, -Dweak.says.verify=true]",
   "72cd5083b9c31fb2"]],
 "depHash": "692d7a989d5fafd7"}