{"synthetic": false,
 "schemaVersion": "2025-09-10",
 "outputs":
 {"rs": "d81523ccf8eb53e3.ir.sig",
  "r": "8f0d52c2be9848ae.ir",
  "o":
  ["9a915cd5f8491b9f.olean",
   "9c17ed85e8a8a7b6.olean.server",
   "5538984e827b9a11.olean.private"],
  "m": true,
  "i": "7877c8ce9cff5c99.ilean",
  "c": "5301c792eafbb925.c"},
 "log":
 [{"message":
   ".> LEAN_PATH=C:\\lean\\mathlib4\\.lake\\packages\\Cli\\.lake\\build\\lib\\lean;C:\\lean\\mathlib4\\.lake\\packages\\batteries\\.lake\\build\\lib\\lean;C:\\lean\\mathlib4\\.lake\\packages\\Qq\\.lake\\build\\lib\\lean;C:\\lean\\mathlib4\\.lake\\packages\\aesop\\.lake\\build\\lib\\lean;C:\\lean\\mathlib4\\.lake\\packages\\proofwidgets\\.lake\\build\\lib\\lean;C:\\lean\\mathlib4\\.lake\\packages\\importGraph\\.lake\\build\\lib\\lean;C:\\lean\\mathlib4\\.lake\\packages\\LeanSearchClient\\.lake\\build\\lib\\lean;C:\\lean\\mathlib4\\.lake\\packages\\plausible\\.lake\\build\\lib\\lean;C:\\lean\\mathlib4\\.lake\\build\\lib\\lean;C:\\lean\\libs\\physlib\\.lake\\build\\lib\\lean c:\\Users\\Administrator\\.elan\\toolchains\\leanprover--lean4---v4.34.0-rc1\\bin\\lean.exe -Dwarn.sorry=false -Dweak.says.verify=true C:\\lean\\libs\\physlib\\Physlib\\Relativity\\Fermions\\Weyl\\Unit.lean -o C:\\lean\\libs\\physlib\\.lake\\build\\lib\\lean\\Physlib\\Relativity\\Fermions\\Weyl\\Unit.olean -i C:\\lean\\libs\\physlib\\.lake\\build\\lib\\lean\\Physlib\\Relativity\\Fermions\\Weyl\\Unit.ilean -c C:\\lean\\libs\\physlib\\.lake\\build\\ir\\Physlib\\Relativity\\Fermions\\Weyl\\Unit.c --setup C:\\lean\\libs\\physlib\\.lake\\build\\ir\\Physlib\\Relativity\\Fermions\\Weyl\\Unit.setup.json --json",
   "level": "trace"}],
 "inputs":
 [["deps",
   [["Physlib/Physlib:extraDep", [["@Physlib:extraDep", "00000000000006bb"]]],
    ["imports",
     [["Physlib.Relativity.Fermions.Weyl.Two transitive imports (public)",
       "1a5fa427c5cc0b9f"],
      ["Physlib.Relativity.Fermions.Weyl.Two:importArts", "2288a29b0748dfcc"],
      ["Physlib.Relativity.Fermions.Weyl.Contraction transitive imports (public)",
       "1a5fa427c5cc0b9f"],
      ["Physlib.Relativity.Fermions.Weyl.Contraction:importArts",
       "2c2eb5652ea4c0e5"]]]]],
  ["libs",
   [["import dynlibs", "00000000000006bb"],
    ["package external libraries", "00000000000006bb"],
    ["module dynlibs", "00000000000006bb"],
    ["module plugins", "00000000000006bb"]]],
  ["Lean 4.34.0, commit 3447a668783dbce1a8fdb97101dd067687b2b418",
   "421484e3e0c70198"],
  ["C:\\lean\\libs\\physlib\\Physlib\\Relativity\\Fermions\\Weyl\\Unit.lean",
   "e7b91d9c32fc085a"],
  ["options", "00000000000006bb"],
  ["isModule: true", "760fcc16989f4b9b"],
  ["Module.name: Physlib.Relativity.Fermions.Weyl.Unit", "7a62c1468313710c"],
  ["Package.id?: (some Physlib)", "6dd4b1a3d0e46d70"],
  ["Module.leanArgs: #[-Dwarn.sorry=false, -Dweak.says.verify=true]",
   "72cd5083b9c31fb2"]],
 "depHash": "17b8bd3280bdb3d2"}