{"synthetic": false,
 "schemaVersion": "2025-09-10",
 "outputs":
 {"rs": "a2ffecaf3e7ac3e7.ir.sig",
  "r": "61bb88fba093209a.ir",
  "o":
  ["4757b822703f72a7.olean",
   "a0147b5db84bac10.olean.server",
   "f3f813bafca11081.olean.private"],
  "m": true,
  "i": "9a8f69ad21f669e4.ilean",
  "c": "ba72a7ebb0ba454b.c"},
 "log":
 [{"message":
   ".> LEAN_PATH=C:\\lean\\mathlib4\\.lake\\packages\\Cli\\.lake\\build\\lib\\lean;C:\\lean\\mathlib4\\.lake\\packages\\batteries\\.lake\\build\\lib\\lean;C:\\lean\\mathlib4\\.lake\\packages\\Qq\\.lake\\build\\lib\\lean;C:\\lean\\mathlib4\\.lake\\packages\\aesop\\.lake\\build\\lib\\lean;C:\\lean\\mathlib4\\.lake\\packages\\proofwidgets\\.lake\\build\\lib\\lean;C:\\lean\\mathlib4\\.lake\\packages\\importGraph\\.lake\\build\\lib\\lean;C:\\lean\\mathlib4\\.lake\\packages\\LeanSearchClient\\.lake\\build\\lib\\lean;C:\\lean\\mathlib4\\.lake\\packages\\plausible\\.lake\\build\\lib\\lean;C:\\lean\\mathlib4\\.lake\\build\\lib\\lean;C:\\lean\\libs\\physlib\\.lake\\build\\lib\\lean c:\\Users\\Administrator\\.elan\\toolchains\\leanprover--lean4---v4.34.0\\bin\\lean.exe -Dwarn.sorry=false -Dweak.says.verify=true C:\\lean\\libs\\physlib\\Physlib\\FluidDynamics\\ThermodynamicCauchyFlow\\Bernoulli.lean -o C:\\lean\\libs\\physlib\\.lake\\build\\lib\\lean\\Physlib\\FluidDynamics\\ThermodynamicCauchyFlow\\Bernoulli.olean -i C:\\lean\\libs\\physlib\\.lake\\build\\lib\\lean\\Physlib\\FluidDynamics\\ThermodynamicCauchyFlow\\Bernoulli.ilean -c C:\\lean\\libs\\physlib\\.lake\\build\\ir\\Physlib\\FluidDynamics\\ThermodynamicCauchyFlow\\Bernoulli.c --setup C:\\lean\\libs\\physlib\\.lake\\build\\ir\\Physlib\\FluidDynamics\\ThermodynamicCauchyFlow\\Bernoulli.setup.json --json",
   "level": "trace"}],
 "inputs":
 [["deps",
   [["Physlib/Physlib:extraDep", [["@Physlib:extraDep", "00000000000006bb"]]],
    ["imports",
     [["Physlib.FluidDynamics.CauchyFlow.BodyForce transitive imports (public)",
       "c65af76541316fb5"],
      ["Physlib.FluidDynamics.CauchyFlow.BodyForce:importArts",
       "899eaa00fe9c4d4a"],
      ["Physlib.FluidDynamics.FluidFlow.Kinematics transitive imports (public)",
       "85cd6fdbaeca1f09"],
      ["Physlib.FluidDynamics.FluidFlow.Kinematics:importArts",
       "b6292e6b1e656933"],
      ["Physlib.FluidDynamics.ThermodynamicCauchyFlow.Basic transitive imports (public)",
       "b2773e6a8a728d41"],
      ["Physlib.FluidDynamics.ThermodynamicCauchyFlow.Basic:importArts",
       "7ade19d851acc5ba"]]]]],
  ["libs",
   [["import dynlibs", "00000000000006bb"],
    ["package external libraries", "00000000000006bb"],
    ["module dynlibs", "00000000000006bb"],
    ["module plugins", "00000000000006bb"]]],
  ["Lean 4.34.0, commit 293d5d0c0c3f3dded4688b3ccd6a33939ac5102b",
   "a1c6c7aa3e9abfe7"],
  ["C:\\lean\\libs\\physlib\\Physlib\\FluidDynamics\\ThermodynamicCauchyFlow\\Bernoulli.lean",
   "a8eaf93f0d72d7b3"],
  ["options", "00000000000006bb"],
  ["isModule: true", "760fcc16989f4b9b"],
  ["Module.name: Physlib.FluidDynamics.ThermodynamicCauchyFlow.Bernoulli",
   "fe233259225b0dbe"],
  ["Package.id?: (some Physlib)", "6dd4b1a3d0e46d70"],
  ["Module.leanArgs: #[-Dwarn.sorry=false, -Dweak.says.verify=true]",
   "72cd5083b9c31fb2"]],
 "depHash": "defffb478a9d391c"}