{"synthetic": false,
 "schemaVersion": "2025-09-10",
 "outputs":
 {"rs": "5bd2448d38680c71.ir.sig",
  "r": "91999973ba7b9659.ir",
  "o":
  ["b7b16de4c425a316.olean",
   "9cd2ab6203f111ac.olean.server",
   "90ad92322bf37866.olean.private"],
  "m": true,
  "i": "31f90cb92d276c63.ilean",
  "c": "e0482cfdef90588c.c"},
 "log":
 [{"message":
   ".> LEAN_PATH=C:\\lean\\mathlib4\\.lake\\packages\\Cli\\.lake\\build\\lib\\lean;C:\\lean\\mathlib4\\.lake\\packages\\batteries\\.lake\\build\\lib\\lean;C:\\lean\\mathlib4\\.lake\\packages\\Qq\\.lake\\build\\lib\\lean;C:\\lean\\mathlib4\\.lake\\packages\\aesop\\.lake\\build\\lib\\lean;C:\\lean\\mathlib4\\.lake\\packages\\proofwidgets\\.lake\\build\\lib\\lean;C:\\lean\\mathlib4\\.lake\\packages\\importGraph\\.lake\\build\\lib\\lean;C:\\lean\\mathlib4\\.lake\\packages\\LeanSearchClient\\.lake\\build\\lib\\lean;C:\\lean\\mathlib4\\.lake\\packages\\plausible\\.lake\\build\\lib\\lean;C:\\lean\\mathlib4\\.lake\\build\\lib\\lean;C:\\lean\\libs\\physlib\\.lake\\build\\lib\\lean c:\\Users\\Administrator\\.elan\\toolchains\\leanprover--lean4---v4.34.0\\bin\\lean.exe -Dwarn.sorry=false -Dweak.says.verify=true C:\\lean\\libs\\physlib\\Physlib\\FluidDynamics\\ThermodynamicCauchyFlow\\Isentropic.lean -o C:\\lean\\libs\\physlib\\.lake\\build\\lib\\lean\\Physlib\\FluidDynamics\\ThermodynamicCauchyFlow\\Isentropic.olean -i C:\\lean\\libs\\physlib\\.lake\\build\\lib\\lean\\Physlib\\FluidDynamics\\ThermodynamicCauchyFlow\\Isentropic.ilean -c C:\\lean\\libs\\physlib\\.lake\\build\\ir\\Physlib\\FluidDynamics\\ThermodynamicCauchyFlow\\Isentropic.c --setup C:\\lean\\libs\\physlib\\.lake\\build\\ir\\Physlib\\FluidDynamics\\ThermodynamicCauchyFlow\\Isentropic.setup.json --json",
   "level": "trace"}],
 "inputs":
 [["deps",
   [["Physlib/Physlib:extraDep", [["@Physlib:extraDep", "00000000000006bb"]]],
    ["imports",
     [["Physlib.FluidDynamics.FluidFlow.Kinematics transitive imports (public)",
       "85cd6fdbaeca1f09"],
      ["Physlib.FluidDynamics.FluidFlow.Kinematics:importArts",
       "b6292e6b1e656933"],
      ["Physlib.FluidDynamics.ThermodynamicCauchyFlow.Basic transitive imports (public)",
       "b2773e6a8a728d41"],
      ["Physlib.FluidDynamics.ThermodynamicCauchyFlow.Basic:importArts",
       "7ade19d851acc5ba"]]]]],
  ["libs",
   [["import dynlibs", "00000000000006bb"],
    ["package external libraries", "00000000000006bb"],
    ["module dynlibs", "00000000000006bb"],
    ["module plugins", "00000000000006bb"]]],
  ["Lean 4.34.0, commit 293d5d0c0c3f3dded4688b3ccd6a33939ac5102b",
   "a1c6c7aa3e9abfe7"],
  ["C:\\lean\\libs\\physlib\\Physlib\\FluidDynamics\\ThermodynamicCauchyFlow\\Isentropic.lean",
   "862b553829481687"],
  ["options", "00000000000006bb"],
  ["isModule: true", "760fcc16989f4b9b"],
  ["Module.name: Physlib.FluidDynamics.ThermodynamicCauchyFlow.Isentropic",
   "4cb1cdc001c985f9"],
  ["Package.id?: (some Physlib)", "6dd4b1a3d0e46d70"],
  ["Module.leanArgs: #[-Dwarn.sorry=false, -Dweak.says.verify=true]",
   "72cd5083b9c31fb2"]],
 "depHash": "551bb17d3bc9b915"}