{"synthetic": false,
 "schemaVersion": "2025-09-10",
 "outputs":
 {"rs": "ede4b1f3b9238e8e.ir.sig",
  "r": "dfbb81706fe9591d.ir",
  "o":
  ["3c6bb3d356e0b374.olean",
   "7f705b9fb0532586.olean.server",
   "dba4337e14e99f34.olean.private"],
  "m": true,
  "i": "0d3d047aaf2ee2e0.ilean",
  "c": "f99dba25a69521ca.c"},
 "log":
 [{"message":
   ".> LEAN_PATH=C:\\lean\\mathlib4\\.lake\\packages\\Cli\\.lake\\build\\lib\\lean;C:\\lean\\mathlib4\\.lake\\packages\\batteries\\.lake\\build\\lib\\lean;C:\\lean\\mathlib4\\.lake\\packages\\Qq\\.lake\\build\\lib\\lean;C:\\lean\\mathlib4\\.lake\\packages\\aesop\\.lake\\build\\lib\\lean;C:\\lean\\mathlib4\\.lake\\packages\\proofwidgets\\.lake\\build\\lib\\lean;C:\\lean\\mathlib4\\.lake\\packages\\importGraph\\.lake\\build\\lib\\lean;C:\\lean\\mathlib4\\.lake\\packages\\LeanSearchClient\\.lake\\build\\lib\\lean;C:\\lean\\mathlib4\\.lake\\packages\\plausible\\.lake\\build\\lib\\lean;C:\\lean\\mathlib4\\.lake\\build\\lib\\lean;C:\\lean\\libs\\physlib\\.lake\\build\\lib\\lean c:\\Users\\Administrator\\.elan\\toolchains\\leanprover--lean4---v4.34.0\\bin\\lean.exe -Dwarn.sorry=false -Dweak.says.verify=true C:\\lean\\libs\\physlib\\Physlib\\Mathematics\\ConjModule.lean -o C:\\lean\\libs\\physlib\\.lake\\build\\lib\\lean\\Physlib\\Mathematics\\ConjModule.olean -i C:\\lean\\libs\\physlib\\.lake\\build\\lib\\lean\\Physlib\\Mathematics\\ConjModule.ilean -c C:\\lean\\libs\\physlib\\.lake\\build\\ir\\Physlib\\Mathematics\\ConjModule.c --setup C:\\lean\\libs\\physlib\\.lake\\build\\ir\\Physlib\\Mathematics\\ConjModule.setup.json --json",
   "level": "trace"}],
 "inputs":
 [["deps",
   [["Physlib/Physlib:extraDep", [["@Physlib:extraDep", "00000000000006bb"]]],
    ["imports",
     [["Mathlib.Algebra.Module.Equiv.Defs transitive imports (public)",
       "441ee88d3dc854ee"],
      ["Mathlib.Algebra.Module.Equiv.Defs:importArts", "7eea4e3474cf5b97"],
      ["Mathlib.Algebra.Star.Module transitive imports (public)",
       "7156bce1da7873d5"],
      ["Mathlib.Algebra.Star.Module:importArts", "912c4eed28abf61b"],
      ["Mathlib.LinearAlgebra.Basis.Defs transitive imports (public)",
       "f72804a919b78585"],
      ["Mathlib.LinearAlgebra.Basis.Defs:importArts", "12d7aee6e7bf274e"],
      ["Mathlib.Tactic.Ring transitive imports (public)", "9d15eba160f619e7"],
      ["Mathlib.Tactic.Ring:importArts", "a70c9704e55e9cc2"]]]]],
  ["libs",
   [["import dynlibs", "00000000000006bb"],
    ["package external libraries", "00000000000006bb"],
    ["module dynlibs", "00000000000006bb"],
    ["module plugins", "00000000000006bb"]]],
  ["Lean 4.34.0, commit 293d5d0c0c3f3dded4688b3ccd6a33939ac5102b",
   "a1c6c7aa3e9abfe7"],
  ["C:\\lean\\libs\\physlib\\Physlib\\Mathematics\\ConjModule.lean",
   "c400fc83ba158a38"],
  ["options", "00000000000006bb"],
  ["isModule: true", "760fcc16989f4b9b"],
  ["Module.name: Physlib.Mathematics.ConjModule", "45db9f5b83c6b377"],
  ["Package.id?: (some Physlib)", "6dd4b1a3d0e46d70"],
  ["Module.leanArgs: #[-Dwarn.sorry=false, -Dweak.says.verify=true]",
   "72cd5083b9c31fb2"]],
 "depHash": "24364d34f0fcaf33"}