{"synthetic": false,
 "schemaVersion": "2025-09-10",
 "outputs":
 {"rs": "a841bc9736066374.ir.sig",
  "r": "54724a3a2c24c156.ir",
  "o":
  ["fcac378a8da34fa3.olean",
   "502d1aad25c789f3.olean.server",
   "0d5aa38baf25e268.olean.private"],
  "m": true,
  "i": "bf06267f2d444394.ilean",
  "c": "c0352bd6af8c7b05.c"},
 "log":
 [{"message":
   ".> LEAN_PATH=C:\\lean\\mathlib4\\.lake\\packages\\Cli\\.lake\\build\\lib\\lean;C:\\lean\\mathlib4\\.lake\\packages\\batteries\\.lake\\build\\lib\\lean;C:\\lean\\mathlib4\\.lake\\packages\\Qq\\.lake\\build\\lib\\lean;C:\\lean\\mathlib4\\.lake\\packages\\aesop\\.lake\\build\\lib\\lean;C:\\lean\\mathlib4\\.lake\\packages\\proofwidgets\\.lake\\build\\lib\\lean;C:\\lean\\mathlib4\\.lake\\packages\\importGraph\\.lake\\build\\lib\\lean;C:\\lean\\mathlib4\\.lake\\packages\\LeanSearchClient\\.lake\\build\\lib\\lean;C:\\lean\\mathlib4\\.lake\\packages\\plausible\\.lake\\build\\lib\\lean;C:\\lean\\mathlib4\\.lake\\build\\lib\\lean;C:\\lean\\libs\\physlib\\.lake\\build\\lib\\lean c:\\Users\\Administrator\\.elan\\toolchains\\leanprover--lean4---v4.34.0\\bin\\lean.exe -Dwarn.sorry=false -Dweak.says.verify=true C:\\lean\\libs\\physlib\\Physlib\\Mathematics\\CrossProductMatrix.lean -o C:\\lean\\libs\\physlib\\.lake\\build\\lib\\lean\\Physlib\\Mathematics\\CrossProductMatrix.olean -i C:\\lean\\libs\\physlib\\.lake\\build\\lib\\lean\\Physlib\\Mathematics\\CrossProductMatrix.ilean -c C:\\lean\\libs\\physlib\\.lake\\build\\ir\\Physlib\\Mathematics\\CrossProductMatrix.c --setup C:\\lean\\libs\\physlib\\.lake\\build\\ir\\Physlib\\Mathematics\\CrossProductMatrix.setup.json --json",
   "level": "trace"},
  {"message":
   "Physlib/Mathematics/CrossProductMatrix.lean:9:0: 'Mathlib.Data.Real.Basic' has been deprecated: please replace this import by\n\nimport Mathlib.Basic.Real.Basic",
   "level": "warning"}],
 "inputs":
 [["deps",
   [["Physlib/Physlib:extraDep", [["@Physlib:extraDep", "00000000000006bb"]]],
    ["imports",
     [["Mathlib.Data.Matrix.Mul transitive imports (public)",
       "48276918dbfb3008"],
      ["Mathlib.Data.Matrix.Mul:importArts", "7425918f74b62406"],
      ["Mathlib.Data.Real.Basic transitive imports (public)",
       "49d8ed4777a3c18e"],
      ["Mathlib.Data.Real.Basic:importArts", "21c4880d0d3d3258"],
      ["Mathlib.LinearAlgebra.CrossProduct transitive imports (public)",
       "387ad28acd0b9bb1"],
      ["Mathlib.LinearAlgebra.CrossProduct:importArts", "656fd8af25d062d0"],
      ["Mathlib.LinearAlgebra.Matrix.Notation transitive imports (public)",
       "cf379249ccfbf9b9"],
      ["Mathlib.LinearAlgebra.Matrix.Notation:importArts",
       "a7966233c66c5fdb"]]]]],
  ["libs",
   [["import dynlibs", "00000000000006bb"],
    ["package external libraries", "00000000000006bb"],
    ["module dynlibs", "00000000000006bb"],
    ["module plugins", "00000000000006bb"]]],
  ["Lean 4.34.0, commit 293d5d0c0c3f3dded4688b3ccd6a33939ac5102b",
   "a1c6c7aa3e9abfe7"],
  ["C:\\lean\\libs\\physlib\\Physlib\\Mathematics\\CrossProductMatrix.lean",
   "3e28492b78082853"],
  ["options", "00000000000006bb"],
  ["isModule: true", "760fcc16989f4b9b"],
  ["Module.name: Physlib.Mathematics.CrossProductMatrix", "7307c95347696913"],
  ["Package.id?: (some Physlib)", "6dd4b1a3d0e46d70"],
  ["Module.leanArgs: #[-Dwarn.sorry=false, -Dweak.says.verify=true]",
   "72cd5083b9c31fb2"]],
 "depHash": "dc2b169a52cce8e0"}