{"synthetic": false,
 "schemaVersion": "2025-09-10",
 "outputs":
 {"rs": "258096c882927995.ir.sig",
  "r": "d2555968d21a7b7d.ir",
  "o":
  ["372202185f740aed.olean",
   "0acfe3b082391051.olean.server",
   "6bcaf14c92296b88.olean.private"],
  "m": true,
  "i": "1e568e725442fd42.ilean",
  "c": "a4d416df926ba5d0.c"},
 "log":
 [{"message":
   ".> LEAN_PATH=C:\\lean\\mathlib4\\.lake\\packages\\Cli\\.lake\\build\\lib\\lean;C:\\lean\\mathlib4\\.lake\\packages\\batteries\\.lake\\build\\lib\\lean;C:\\lean\\mathlib4\\.lake\\packages\\Qq\\.lake\\build\\lib\\lean;C:\\lean\\mathlib4\\.lake\\packages\\aesop\\.lake\\build\\lib\\lean;C:\\lean\\mathlib4\\.lake\\packages\\proofwidgets\\.lake\\build\\lib\\lean;C:\\lean\\mathlib4\\.lake\\packages\\importGraph\\.lake\\build\\lib\\lean;C:\\lean\\mathlib4\\.lake\\packages\\LeanSearchClient\\.lake\\build\\lib\\lean;C:\\lean\\mathlib4\\.lake\\packages\\plausible\\.lake\\build\\lib\\lean;C:\\lean\\mathlib4\\.lake\\build\\lib\\lean;C:\\lean\\libs\\physlib\\.lake\\build\\lib\\lean c:\\Users\\Administrator\\.elan\\toolchains\\leanprover--lean4---v4.34.0\\bin\\lean.exe -Dwarn.sorry=false -Dweak.says.verify=true C:\\lean\\libs\\physlib\\Physlib\\Mathematics\\CrossProduct.lean -o C:\\lean\\libs\\physlib\\.lake\\build\\lib\\lean\\Physlib\\Mathematics\\CrossProduct.olean -i C:\\lean\\libs\\physlib\\.lake\\build\\lib\\lean\\Physlib\\Mathematics\\CrossProduct.ilean -c C:\\lean\\libs\\physlib\\.lake\\build\\ir\\Physlib\\Mathematics\\CrossProduct.c --setup C:\\lean\\libs\\physlib\\.lake\\build\\ir\\Physlib\\Mathematics\\CrossProduct.setup.json --json",
   "level": "trace"},
  {"message":
   "Physlib/Mathematics/CrossProduct.lean:10:0: 'Mathlib.Data.Real.Basic' has been deprecated: please replace this import by\n\nimport Mathlib.Basic.Real.Basic",
   "level": "warning"}],
 "inputs":
 [["deps",
   [["Physlib/Physlib:extraDep", [["@Physlib:extraDep", "00000000000006bb"]]],
    ["imports",
     [["Mathlib.Analysis.Calculus.ContDiff.Operations transitive imports (public)",
       "df062210dd44f2cc"],
      ["Mathlib.Analysis.Calculus.ContDiff.Operations:importArts",
       "f175364f0791026e"],
      ["Mathlib.Data.Matrix.Mul transitive imports (public)",
       "48276918dbfb3008"],
      ["Mathlib.Data.Matrix.Mul:importArts", "7425918f74b62406"],
      ["Mathlib.Data.Real.Basic transitive imports (public)",
       "49d8ed4777a3c18e"],
      ["Mathlib.Data.Real.Basic:importArts", "21c4880d0d3d3258"],
      ["Mathlib.LinearAlgebra.CrossProduct transitive imports (public)",
       "387ad28acd0b9bb1"],
      ["Mathlib.LinearAlgebra.CrossProduct:importArts", "656fd8af25d062d0"]]]]],
  ["libs",
   [["import dynlibs", "00000000000006bb"],
    ["package external libraries", "00000000000006bb"],
    ["module dynlibs", "00000000000006bb"],
    ["module plugins", "00000000000006bb"]]],
  ["Lean 4.34.0, commit 293d5d0c0c3f3dded4688b3ccd6a33939ac5102b",
   "a1c6c7aa3e9abfe7"],
  ["C:\\lean\\libs\\physlib\\Physlib\\Mathematics\\CrossProduct.lean",
   "3d284ecd2564047f"],
  ["options", "00000000000006bb"],
  ["isModule: true", "760fcc16989f4b9b"],
  ["Module.name: Physlib.Mathematics.CrossProduct", "10db0770328cb5b2"],
  ["Package.id?: (some Physlib)", "6dd4b1a3d0e46d70"],
  ["Module.leanArgs: #[-Dwarn.sorry=false, -Dweak.says.verify=true]",
   "72cd5083b9c31fb2"]],
 "depHash": "b332ec386b98af02"}