{"synthetic": false,
 "schemaVersion": "2025-09-10",
 "outputs":
 {"rs": "4b3dfd99bac540c4.ir.sig",
  "r": "44469058ad126bc2.ir",
  "o":
  ["272b56739f739f29.olean",
   "2023e72257ef43c6.olean.server",
   "b8b9e05b7194d673.olean.private"],
  "m": true,
  "i": "d0f3fa236d2f53d0.ilean",
  "c": "4bf9d55e4311dcda.c"},
 "log":
 [{"message":
   ".> LEAN_PATH=C:\\lean\\mathlib4\\.lake\\packages\\Cli\\.lake\\build\\lib\\lean;C:\\lean\\mathlib4\\.lake\\packages\\batteries\\.lake\\build\\lib\\lean;C:\\lean\\mathlib4\\.lake\\packages\\Qq\\.lake\\build\\lib\\lean;C:\\lean\\mathlib4\\.lake\\packages\\aesop\\.lake\\build\\lib\\lean;C:\\lean\\mathlib4\\.lake\\packages\\proofwidgets\\.lake\\build\\lib\\lean;C:\\lean\\mathlib4\\.lake\\packages\\importGraph\\.lake\\build\\lib\\lean;C:\\lean\\mathlib4\\.lake\\packages\\LeanSearchClient\\.lake\\build\\lib\\lean;C:\\lean\\mathlib4\\.lake\\packages\\plausible\\.lake\\build\\lib\\lean;C:\\lean\\mathlib4\\.lake\\build\\lib\\lean;C:\\lean\\libs\\physlib\\.lake\\build\\lib\\lean c:\\Users\\Administrator\\.elan\\toolchains\\leanprover--lean4---v4.34.0\\bin\\lean.exe -Dwarn.sorry=false -Dweak.says.verify=true C:\\lean\\libs\\physlib\\Physlib\\Mathematics\\HasTemperateGrowth.lean -o C:\\lean\\libs\\physlib\\.lake\\build\\lib\\lean\\Physlib\\Mathematics\\HasTemperateGrowth.olean -i C:\\lean\\libs\\physlib\\.lake\\build\\lib\\lean\\Physlib\\Mathematics\\HasTemperateGrowth.ilean -c C:\\lean\\libs\\physlib\\.lake\\build\\ir\\Physlib\\Mathematics\\HasTemperateGrowth.c --setup C:\\lean\\libs\\physlib\\.lake\\build\\ir\\Physlib\\Mathematics\\HasTemperateGrowth.setup.json --json",
   "level": "trace"}],
 "inputs":
 [["deps",
   [["Physlib/Physlib:extraDep", [["@Physlib:extraDep", "00000000000006bb"]]],
    ["imports",
     [["Mathlib.Analysis.Distribution.TemperateGrowth transitive imports (public)",
       "1e5681b3e7cd4988"],
      ["Mathlib.Analysis.Distribution.TemperateGrowth:importArts",
       "f76ece1b366ba13f"]]]]],
  ["libs",
   [["import dynlibs", "00000000000006bb"],
    ["package external libraries", "00000000000006bb"],
    ["module dynlibs", "00000000000006bb"],
    ["module plugins", "00000000000006bb"]]],
  ["Lean 4.34.0, commit 293d5d0c0c3f3dded4688b3ccd6a33939ac5102b",
   "a1c6c7aa3e9abfe7"],
  ["C:\\lean\\libs\\physlib\\Physlib\\Mathematics\\HasTemperateGrowth.lean",
   "be4bb3c964f413f4"],
  ["options", "00000000000006bb"],
  ["isModule: true", "760fcc16989f4b9b"],
  ["Module.name: Physlib.Mathematics.HasTemperateGrowth", "7fa985238c8e21f6"],
  ["Package.id?: (some Physlib)", "6dd4b1a3d0e46d70"],
  ["Module.leanArgs: #[-Dwarn.sorry=false, -Dweak.says.verify=true]",
   "72cd5083b9c31fb2"]],
 "depHash": "6f74e13a4dc69901"}