{"synthetic": false,
 "schemaVersion": "2025-09-10",
 "outputs":
 {"rs": "56a048676a17451b.ir.sig",
  "r": "fed65a8895f180b4.ir",
  "o":
  ["759483f07d4e99ca.olean",
   "f9a60cbf2dbef29b.olean.server",
   "6a60c545764a638e.olean.private"],
  "m": true,
  "i": "6b56052e4f5467e3.ilean",
  "c": "11c5edf0cf7fea47.c"},
 "log":
 [{"message":
   ".> LEAN_PATH=C:\\lean\\mathlib4\\.lake\\packages\\Cli\\.lake\\build\\lib\\lean;C:\\lean\\mathlib4\\.lake\\packages\\batteries\\.lake\\build\\lib\\lean;C:\\lean\\mathlib4\\.lake\\packages\\Qq\\.lake\\build\\lib\\lean;C:\\lean\\mathlib4\\.lake\\packages\\aesop\\.lake\\build\\lib\\lean;C:\\lean\\mathlib4\\.lake\\packages\\proofwidgets\\.lake\\build\\lib\\lean;C:\\lean\\mathlib4\\.lake\\packages\\importGraph\\.lake\\build\\lib\\lean;C:\\lean\\mathlib4\\.lake\\packages\\LeanSearchClient\\.lake\\build\\lib\\lean;C:\\lean\\mathlib4\\.lake\\packages\\plausible\\.lake\\build\\lib\\lean;C:\\lean\\mathlib4\\.lake\\build\\lib\\lean;C:\\lean\\libs\\physlib\\.lake\\build\\lib\\lean c:\\Users\\Administrator\\.elan\\toolchains\\leanprover--lean4---v4.34.0\\bin\\lean.exe -Dwarn.sorry=false -Dweak.says.verify=true C:\\lean\\libs\\physlib\\Physlib\\Mathematics\\List.lean -o C:\\lean\\libs\\physlib\\.lake\\build\\lib\\lean\\Physlib\\Mathematics\\List.olean -i C:\\lean\\libs\\physlib\\.lake\\build\\lib\\lean\\Physlib\\Mathematics\\List.ilean -c C:\\lean\\libs\\physlib\\.lake\\build\\ir\\Physlib\\Mathematics\\List.c --setup C:\\lean\\libs\\physlib\\.lake\\build\\ir\\Physlib\\Mathematics\\List.setup.json --json",
   "level": "trace"}],
 "inputs":
 [["deps",
   [["Physlib/Physlib:extraDep", [["@Physlib:extraDep", "00000000000006bb"]]],
    ["imports",
     [["Physlib.Mathematics.Fin transitive imports (public)",
       "7585dc05c249f0a1"],
      ["Physlib.Mathematics.Fin:importArts", "6f9443a9fda7d2c4"],
      ["Mathlib.Order.Lattice.Nat transitive imports (public)",
       "4946cababa0bf74d"],
      ["Mathlib.Order.Lattice.Nat:importArts", "3eab05402f854415"],
      ["Mathlib.Data.List.TakeWhile transitive imports (public)",
       "f6c8d2cfbe4c198a"],
      ["Mathlib.Data.List.TakeWhile:importArts", "6a6077aec1691df5"],
      ["Mathlib.Data.List.Sort transitive imports (all)", "0cd92bc4847d24ba"],
      ["Mathlib.Data.List.Sort:importAllArts", "16c4f73634a25f5e"]]]]],
  ["libs",
   [["import dynlibs", "00000000000006bb"],
    ["package external libraries", "00000000000006bb"],
    ["module dynlibs", "00000000000006bb"],
    ["module plugins", "00000000000006bb"]]],
  ["Lean 4.34.0, commit 293d5d0c0c3f3dded4688b3ccd6a33939ac5102b",
   "a1c6c7aa3e9abfe7"],
  ["C:\\lean\\libs\\physlib\\Physlib\\Mathematics\\List.lean",
   "262a9966ee7ebedd"],
  ["options", "00000000000006bb"],
  ["isModule: true", "760fcc16989f4b9b"],
  ["Module.name: Physlib.Mathematics.List", "9107fa23f6204364"],
  ["Package.id?: (some Physlib)", "6dd4b1a3d0e46d70"],
  ["Module.leanArgs: #[-Dwarn.sorry=false, -Dweak.says.verify=true]",
   "72cd5083b9c31fb2"]],
 "depHash": "373758f215b3852f"}