{"synthetic": false,
 "schemaVersion": "2025-09-10",
 "outputs":
 {"rs": "299a0d237e6abb58.ir.sig",
  "r": "7f6ccb1e347d69e2.ir",
  "o":
  ["87cb4f6906dd1a59.olean",
   "e00fc201a2adc37c.olean.server",
   "9a4f51b3972ecac9.olean.private"],
  "m": true,
  "i": "2964fa10f5c4710d.ilean",
  "c": "5203f6125e167aa9.c"},
 "log":
 [{"message":
   ".> LEAN_PATH=C:\\lean\\mathlib4\\.lake\\packages\\Cli\\.lake\\build\\lib\\lean;C:\\lean\\mathlib4\\.lake\\packages\\batteries\\.lake\\build\\lib\\lean;C:\\lean\\mathlib4\\.lake\\packages\\Qq\\.lake\\build\\lib\\lean;C:\\lean\\mathlib4\\.lake\\packages\\aesop\\.lake\\build\\lib\\lean;C:\\lean\\mathlib4\\.lake\\packages\\proofwidgets\\.lake\\build\\lib\\lean;C:\\lean\\mathlib4\\.lake\\packages\\importGraph\\.lake\\build\\lib\\lean;C:\\lean\\mathlib4\\.lake\\packages\\LeanSearchClient\\.lake\\build\\lib\\lean;C:\\lean\\mathlib4\\.lake\\packages\\plausible\\.lake\\build\\lib\\lean;C:\\lean\\mathlib4\\.lake\\build\\lib\\lean;C:\\lean\\libs\\physlib\\.lake\\build\\lib\\lean c:\\Users\\Administrator\\.elan\\toolchains\\leanprover--lean4---v4.34.0\\bin\\lean.exe -Dwarn.sorry=false -Dweak.says.verify=true C:\\lean\\libs\\physlib\\Physlib\\Mathematics\\Resolvent.lean -o C:\\lean\\libs\\physlib\\.lake\\build\\lib\\lean\\Physlib\\Mathematics\\Resolvent.olean -i C:\\lean\\libs\\physlib\\.lake\\build\\lib\\lean\\Physlib\\Mathematics\\Resolvent.ilean -c C:\\lean\\libs\\physlib\\.lake\\build\\ir\\Physlib\\Mathematics\\Resolvent.c --setup C:\\lean\\libs\\physlib\\.lake\\build\\ir\\Physlib\\Mathematics\\Resolvent.setup.json --json",
   "level": "trace"}],
 "inputs":
 [["deps",
   [["Physlib/Physlib:extraDep", [["@Physlib:extraDep", "00000000000006bb"]]],
    ["imports",
     [["Mathlib.Analysis.Calculus.Deriv.Pow transitive imports (public)",
       "73f08070f87ed42a"],
      ["Mathlib.Analysis.Calculus.Deriv.Pow:importArts", "8458a83ff9f07e96"],
      ["Mathlib.Analysis.Calculus.IteratedDeriv.Lemmas transitive imports (public)",
       "40182ce31a0ba845"],
      ["Mathlib.Analysis.Calculus.IteratedDeriv.Lemmas:importArts",
       "0baa71ec9397d585"],
      ["Mathlib.Analysis.Distribution.TemperateGrowth transitive imports (public)",
       "1e5681b3e7cd4988"],
      ["Mathlib.Analysis.Distribution.TemperateGrowth:importArts",
       "f76ece1b366ba13f"],
      ["Mathlib.Analysis.Normed.Algebra.GelfandFormula transitive imports (public)",
       "66c1afeecc8c447d"],
      ["Mathlib.Analysis.Normed.Algebra.GelfandFormula:importArts",
       "8d2281f6806805e7"]]]]],
  ["libs",
   [["import dynlibs", "00000000000006bb"],
    ["package external libraries", "00000000000006bb"],
    ["module dynlibs", "00000000000006bb"],
    ["module plugins", "00000000000006bb"]]],
  ["Lean 4.34.0, commit 293d5d0c0c3f3dded4688b3ccd6a33939ac5102b",
   "a1c6c7aa3e9abfe7"],
  ["C:\\lean\\libs\\physlib\\Physlib\\Mathematics\\Resolvent.lean",
   "8425d30344717fc8"],
  ["options", "00000000000006bb"],
  ["isModule: true", "760fcc16989f4b9b"],
  ["Module.name: Physlib.Mathematics.Resolvent", "3af8376dd7f815f7"],
  ["Package.id?: (some Physlib)", "6dd4b1a3d0e46d70"],
  ["Module.leanArgs: #[-Dwarn.sorry=false, -Dweak.says.verify=true]",
   "72cd5083b9c31fb2"]],
 "depHash": "fa75817c34146e2c"}