{"synthetic": false,
 "schemaVersion": "2025-09-10",
 "outputs":
 {"rs": "5880e83913b2c6e3.ir.sig",
  "r": "2ffda619579f166d.ir",
  "o":
  ["fb3157846e3e8cbf.olean",
   "14c483b4d8832d74.olean.server",
   "4153adb2525ec5f1.olean.private"],
  "m": true,
  "i": "e761bba4db2c24ec.ilean",
  "c": "9ebe18f33d708043.c"},
 "log":
 [{"message":
   ".> LEAN_PATH=C:\\lean\\mathlib4\\.lake\\packages\\Cli\\.lake\\build\\lib\\lean;C:\\lean\\mathlib4\\.lake\\packages\\batteries\\.lake\\build\\lib\\lean;C:\\lean\\mathlib4\\.lake\\packages\\Qq\\.lake\\build\\lib\\lean;C:\\lean\\mathlib4\\.lake\\packages\\aesop\\.lake\\build\\lib\\lean;C:\\lean\\mathlib4\\.lake\\packages\\proofwidgets\\.lake\\build\\lib\\lean;C:\\lean\\mathlib4\\.lake\\packages\\importGraph\\.lake\\build\\lib\\lean;C:\\lean\\mathlib4\\.lake\\packages\\LeanSearchClient\\.lake\\build\\lib\\lean;C:\\lean\\mathlib4\\.lake\\packages\\plausible\\.lake\\build\\lib\\lean;C:\\lean\\mathlib4\\.lake\\build\\lib\\lean;C:\\lean\\libs\\physlib\\.lake\\build\\lib\\lean c:\\Users\\Administrator\\.elan\\toolchains\\leanprover--lean4---v4.34.0\\bin\\lean.exe -Dwarn.sorry=false -Dweak.says.verify=true C:\\lean\\libs\\physlib\\Physlib\\Mathematics\\SchurTriangulation.lean -o C:\\lean\\libs\\physlib\\.lake\\build\\lib\\lean\\Physlib\\Mathematics\\SchurTriangulation.olean -i C:\\lean\\libs\\physlib\\.lake\\build\\lib\\lean\\Physlib\\Mathematics\\SchurTriangulation.ilean -c C:\\lean\\libs\\physlib\\.lake\\build\\ir\\Physlib\\Mathematics\\SchurTriangulation.c --setup C:\\lean\\libs\\physlib\\.lake\\build\\ir\\Physlib\\Mathematics\\SchurTriangulation.setup.json --json",
   "level": "trace"},
  {"message":
   "Physlib/Mathematics/SchurTriangulation.lean:170:14: `cond_true` has been deprecated: Use `Bool.cond_true` instead\n\nNote: The updated constant has a different type:\n  ∀ {α : Sort u} {a b : α}, (bif true then a else b) = a\ninstead of\n  ∀ {α : Sort u_1} (a b : α), (bif true then a else b) = a",
   "level": "warning"},
  {"message":
   "Physlib/Mathematics/SchurTriangulation.lean:174:14: `cond_false` has been deprecated: Use `Bool.cond_false` instead\n\nNote: The updated constant has a different type:\n  ∀ {α : Sort u} {a b : α}, (bif false then a else b) = b\ninstead of\n  ∀ {α : Sort u_1} (a b : α), (bif false then a else b) = b",
   "level": "warning"}],
 "inputs":
 [["deps",
   [["Physlib/Physlib:extraDep", [["@Physlib:extraDep", "00000000000006bb"]]],
    ["imports",
     [["Mathlib.LinearAlgebra.Eigenspace.Triangularizable transitive imports (public)",
       "0b0e5d6bae01f699"],
      ["Mathlib.LinearAlgebra.Eigenspace.Triangularizable:importArts",
       "7f4801b548789eb9"],
      ["Mathlib.Analysis.InnerProductSpace.Adjoint transitive imports (public)",
       "0b19ebba6398aac2"],
      ["Mathlib.Analysis.InnerProductSpace.Adjoint:importArts",
       "2be9a64bf10a582b"]]]]],
  ["libs",
   [["import dynlibs", "00000000000006bb"],
    ["package external libraries", "00000000000006bb"],
    ["module dynlibs", "00000000000006bb"],
    ["module plugins", "00000000000006bb"]]],
  ["Lean 4.34.0, commit 293d5d0c0c3f3dded4688b3ccd6a33939ac5102b",
   "a1c6c7aa3e9abfe7"],
  ["C:\\lean\\libs\\physlib\\Physlib\\Mathematics\\SchurTriangulation.lean",
   "3f12b88ff5311371"],
  ["options", "00000000000006bb"],
  ["isModule: true", "760fcc16989f4b9b"],
  ["Module.name: Physlib.Mathematics.SchurTriangulation", "07527631ac063f59"],
  ["Package.id?: (some Physlib)", "6dd4b1a3d0e46d70"],
  ["Module.leanArgs: #[-Dwarn.sorry=false, -Dweak.says.verify=true]",
   "72cd5083b9c31fb2"]],
 "depHash": "f781ff65a1442b2e"}