{"synthetic": false,
 "schemaVersion": "2025-09-10",
 "outputs":
 {"rs": "e4d39c3a07fe1956.ir.sig",
  "r": "697f80d9828694f0.ir",
  "o":
  ["8440b79056396486.olean",
   "f2c44edc273e9ff1.olean.server",
   "f9b99214f4e70d8b.olean.private"],
  "m": true,
  "i": "7c90f7373387c836.ilean",
  "c": "9902eaaa7be5a3be.c"},
 "log":
 [{"message":
   ".> LEAN_PATH=C:\\lean\\mathlib4\\.lake\\packages\\Cli\\.lake\\build\\lib\\lean;C:\\lean\\mathlib4\\.lake\\packages\\batteries\\.lake\\build\\lib\\lean;C:\\lean\\mathlib4\\.lake\\packages\\Qq\\.lake\\build\\lib\\lean;C:\\lean\\mathlib4\\.lake\\packages\\aesop\\.lake\\build\\lib\\lean;C:\\lean\\mathlib4\\.lake\\packages\\proofwidgets\\.lake\\build\\lib\\lean;C:\\lean\\mathlib4\\.lake\\packages\\importGraph\\.lake\\build\\lib\\lean;C:\\lean\\mathlib4\\.lake\\packages\\LeanSearchClient\\.lake\\build\\lib\\lean;C:\\lean\\mathlib4\\.lake\\packages\\plausible\\.lake\\build\\lib\\lean;C:\\lean\\mathlib4\\.lake\\build\\lib\\lean;C:\\lean\\libs\\physlib\\.lake\\build\\lib\\lean c:\\Users\\Administrator\\.elan\\toolchains\\leanprover--lean4---v4.34.0\\bin\\lean.exe -Dwarn.sorry=false -Dweak.says.verify=true C:\\lean\\libs\\physlib\\QuantumInfo\\ClassicalInfo\\Distribution.lean -o C:\\lean\\libs\\physlib\\.lake\\build\\lib\\lean\\QuantumInfo\\ClassicalInfo\\Distribution.olean -i C:\\lean\\libs\\physlib\\.lake\\build\\lib\\lean\\QuantumInfo\\ClassicalInfo\\Distribution.ilean -c C:\\lean\\libs\\physlib\\.lake\\build\\ir\\QuantumInfo\\ClassicalInfo\\Distribution.c --setup C:\\lean\\libs\\physlib\\.lake\\build\\ir\\QuantumInfo\\ClassicalInfo\\Distribution.setup.json --json",
   "level": "trace"},
  {"message":
   "QuantumInfo/ClassicalInfo/Distribution.lean:50:10: `Finset.sum_nonneg'` has been deprecated: Use `Finset.sum_nonneg` instead\n\nNote: The updated constant has a different type:\n  ∀ {ι : Type u_1} {N : Type u_5} [inst : AddCommMonoid N] [inst_1 : Preorder N] {f : ι → N} {s : Finset ι}\n    [AddLeftMono N], (∀ i ∈ s, 0 ≤ f i) → 0 ≤ ∑ i ∈ s, f i\ninstead of\n  ∀ {ι : Type u_1} {N : Type u_5} [inst : AddCommMonoid N] [inst_1 : Preorder N] {f : ι → N} {s : Finset ι}\n    [AddLeftMono N], (∀ (i : ι), 0 ≤ f i) → 0 ≤ ∑ i ∈ s, f i",
   "level": "warning"},
  {"message":
   "QuantumInfo/ClassicalInfo/Distribution.lean:119:6: `Finset.sum_nonneg'` has been deprecated: Use `Finset.sum_nonneg` instead\n\nNote: The updated constant has a different type:\n  ∀ {ι : Type u_1} {N : Type u_5} [inst : AddCommMonoid N] [inst_1 : Preorder N] {f : ι → N} {s : Finset ι}\n    [AddLeftMono N], (∀ i ∈ s, 0 ≤ f i) → 0 ≤ ∑ i ∈ s, f i\ninstead of\n  ∀ {ι : Type u_1} {N : Type u_5} [inst : AddCommMonoid N] [inst_1 : Preorder N] {f : ι → N} {s : Finset ι}\n    [AddLeftMono N], (∀ (i : ι), 0 ≤ f i) → 0 ≤ ∑ i ∈ s, f i",
   "level": "warning"}],
 "inputs":
 [["deps",
   [["Physlib/QuantumInfo:extraDep",
     [["@Physlib:extraDep", "00000000000006bb"]]],
    ["imports",
     [["QuantumInfo.ClassicalInfo.Prob transitive imports (public)",
       "62dc78ecf36b60eb"],
      ["QuantumInfo.ClassicalInfo.Prob:importArts", "37c553f9e69f2f85"],
      ["Mathlib.Analysis.Convex.Combination transitive imports (public)",
       "2778a4f20bf28a13"],
      ["Mathlib.Analysis.Convex.Combination:importArts",
       "239677dc7ad9378a"]]]]],
  ["libs",
   [["import dynlibs", "00000000000006bb"],
    ["package external libraries", "00000000000006bb"],
    ["module dynlibs", "00000000000006bb"],
    ["module plugins", "00000000000006bb"]]],
  ["Lean 4.34.0, commit 293d5d0c0c3f3dded4688b3ccd6a33939ac5102b",
   "a1c6c7aa3e9abfe7"],
  ["C:\\lean\\libs\\physlib\\QuantumInfo\\ClassicalInfo\\Distribution.lean",
   "cf8865f40c11163c"],
  ["options", "00000000000006bb"],
  ["isModule: true", "760fcc16989f4b9b"],
  ["Module.name: QuantumInfo.ClassicalInfo.Distribution", "011c7e47058c9a9b"],
  ["Package.id?: (some Physlib)", "6dd4b1a3d0e46d70"],
  ["Module.leanArgs: #[-Dwarn.sorry=false, -Dweak.says.verify=true]",
   "72cd5083b9c31fb2"]],
 "depHash": "3d4554a9a2e3f1f1"}