{"synthetic": false,
 "schemaVersion": "2025-09-10",
 "outputs":
 {"rs": "0a033686ee4f1bc2.ir.sig",
  "r": "e651d63ecfa0e729.ir",
  "o":
  ["e246f94c0516020e.olean",
   "b30d64f464469235.olean.server",
   "5ca68df031e02114.olean.private"],
  "m": true,
  "i": "86752016ef739a27.ilean",
  "c": "fd5c76a601c170cd.c"},
 "log":
 [{"message":
   ".> LEAN_PATH=C:\\lean\\mathlib4\\.lake\\packages\\Cli\\.lake\\build\\lib\\lean;C:\\lean\\mathlib4\\.lake\\packages\\batteries\\.lake\\build\\lib\\lean;C:\\lean\\mathlib4\\.lake\\packages\\Qq\\.lake\\build\\lib\\lean;C:\\lean\\mathlib4\\.lake\\packages\\aesop\\.lake\\build\\lib\\lean;C:\\lean\\mathlib4\\.lake\\packages\\proofwidgets\\.lake\\build\\lib\\lean;C:\\lean\\mathlib4\\.lake\\packages\\importGraph\\.lake\\build\\lib\\lean;C:\\lean\\mathlib4\\.lake\\packages\\LeanSearchClient\\.lake\\build\\lib\\lean;C:\\lean\\mathlib4\\.lake\\packages\\plausible\\.lake\\build\\lib\\lean;C:\\lean\\mathlib4\\.lake\\build\\lib\\lean;C:\\lean\\libs\\physlib\\.lake\\build\\lib\\lean c:\\Users\\Administrator\\.elan\\toolchains\\leanprover--lean4---v4.34.0\\bin\\lean.exe -Dwarn.sorry=false -Dweak.says.verify=true C:\\lean\\libs\\physlib\\QuantumInfo\\ClassicalInfo\\Entropy.lean -o C:\\lean\\libs\\physlib\\.lake\\build\\lib\\lean\\QuantumInfo\\ClassicalInfo\\Entropy.olean -i C:\\lean\\libs\\physlib\\.lake\\build\\lib\\lean\\QuantumInfo\\ClassicalInfo\\Entropy.ilean -c C:\\lean\\libs\\physlib\\.lake\\build\\ir\\QuantumInfo\\ClassicalInfo\\Entropy.c --setup C:\\lean\\libs\\physlib\\.lake\\build\\ir\\QuantumInfo\\ClassicalInfo\\Entropy.setup.json --json",
   "level": "trace"},
  {"message":
   "QuantumInfo/ClassicalInfo/Entropy.lean:92:2: `Finset.sum_nonneg'` has been deprecated: Use `Finset.sum_nonneg` instead\n\nNote: The updated constant has a different type:\n  ∀ {ι : Type u_1} {N : Type u_5} [inst : AddCommMonoid N] [inst_1 : Preorder N] {f : ι → N} {s : Finset ι}\n    [AddLeftMono N], (∀ i ∈ s, 0 ≤ f i) → 0 ≤ ∑ i ∈ s, f i\ninstead of\n  ∀ {ι : Type u_1} {N : Type u_5} [inst : AddCommMonoid N] [inst_1 : Preorder N] {f : ι → N} {s : Finset ι}\n    [AddLeftMono N], (∀ (i : ι), 0 ≤ f i) → 0 ≤ ∑ i ∈ s, f i",
   "level": "warning"}],
 "inputs":
 [["deps",
   [["Physlib/QuantumInfo:extraDep",
     [["@Physlib:extraDep", "00000000000006bb"]]],
    ["imports",
     [["QuantumInfo.ClassicalInfo.Distribution transitive imports (public)",
       "566004a8b6db8edf"],
      ["QuantumInfo.ClassicalInfo.Distribution:importArts", "89475cb8d869efb4"],
      ["Mathlib.Analysis.SpecialFunctions.Log.NegMulLog transitive imports (public)",
       "504eb27e2ca8f056"],
      ["Mathlib.Analysis.SpecialFunctions.Log.NegMulLog:importArts",
       "8de67fc835df4187"],
      ["Mathlib.Analysis.SpecialFunctions.BinaryEntropy transitive imports (public)",
       "df18fc3b2c5c7b0d"],
      ["Mathlib.Analysis.SpecialFunctions.BinaryEntropy:importArts",
       "1eccb131c86e917a"],
      ["QuantumInfo.ClassicalInfo.ForMathlib.Analysis.SpecialFunctions.Log.NegMulLog transitive imports (public)",
       "f8ae2b723dd18d57"],
      ["QuantumInfo.ClassicalInfo.ForMathlib.Analysis.SpecialFunctions.Log.NegMulLog:importArts",
       "9b147456378c511d"]]]]],
  ["libs",
   [["import dynlibs", "00000000000006bb"],
    ["package external libraries", "00000000000006bb"],
    ["module dynlibs", "00000000000006bb"],
    ["module plugins", "00000000000006bb"]]],
  ["Lean 4.34.0, commit 293d5d0c0c3f3dded4688b3ccd6a33939ac5102b",
   "a1c6c7aa3e9abfe7"],
  ["C:\\lean\\libs\\physlib\\QuantumInfo\\ClassicalInfo\\Entropy.lean",
   "732dc92bca0f1654"],
  ["options", "00000000000006bb"],
  ["isModule: true", "760fcc16989f4b9b"],
  ["Module.name: QuantumInfo.ClassicalInfo.Entropy", "8d8d51bfd1c4deca"],
  ["Package.id?: (some Physlib)", "6dd4b1a3d0e46d70"],
  ["Module.leanArgs: #[-Dwarn.sorry=false, -Dweak.says.verify=true]",
   "72cd5083b9c31fb2"]],
 "depHash": "91603ba0d4179be1"}