{"synthetic": false,
 "schemaVersion": "2025-09-10",
 "outputs":
 {"rs": "e29fceb5cba69775.ir.sig",
  "r": "1d0417a36a3f151f.ir",
  "o":
  ["e66dbffe93323d5b.olean",
   "f53056ef93ba293d.olean.server",
   "06e6a691cca6c6f9.olean.private"],
  "m": true,
  "i": "264930436e4e2ff2.ilean",
  "c": "94f4535aa8c054b4.c"},
 "log":
 [{"message":
   ".> LEAN_PATH=C:\\lean\\mathlib4\\.lake\\packages\\Cli\\.lake\\build\\lib\\lean;C:\\lean\\mathlib4\\.lake\\packages\\batteries\\.lake\\build\\lib\\lean;C:\\lean\\mathlib4\\.lake\\packages\\Qq\\.lake\\build\\lib\\lean;C:\\lean\\mathlib4\\.lake\\packages\\aesop\\.lake\\build\\lib\\lean;C:\\lean\\mathlib4\\.lake\\packages\\proofwidgets\\.lake\\build\\lib\\lean;C:\\lean\\mathlib4\\.lake\\packages\\importGraph\\.lake\\build\\lib\\lean;C:\\lean\\mathlib4\\.lake\\packages\\LeanSearchClient\\.lake\\build\\lib\\lean;C:\\lean\\mathlib4\\.lake\\packages\\plausible\\.lake\\build\\lib\\lean;C:\\lean\\mathlib4\\.lake\\build\\lib\\lean;C:\\lean\\libs\\physlib\\.lake\\build\\lib\\lean c:\\Users\\Administrator\\.elan\\toolchains\\leanprover--lean4---v4.34.0\\bin\\lean.exe -Dwarn.sorry=false -Dweak.says.verify=true C:\\lean\\libs\\physlib\\QuantumInfo\\ClassicalInfo\\Prob.lean -o C:\\lean\\libs\\physlib\\.lake\\build\\lib\\lean\\QuantumInfo\\ClassicalInfo\\Prob.olean -i C:\\lean\\libs\\physlib\\.lake\\build\\lib\\lean\\QuantumInfo\\ClassicalInfo\\Prob.ilean -c C:\\lean\\libs\\physlib\\.lake\\build\\ir\\QuantumInfo\\ClassicalInfo\\Prob.c --setup C:\\lean\\libs\\physlib\\.lake\\build\\ir\\QuantumInfo\\ClassicalInfo\\Prob.setup.json --json",
   "level": "trace"},
  {"message":
   "QuantumInfo/ClassicalInfo/Prob.lean:11:0: 'Mathlib.Data.NNReal.Basic' has been deprecated: please replace this import by\n\nimport Mathlib.Basic.NNReal.Basic",
   "level": "warning"},
  {"message":
   "QuantumInfo/ClassicalInfo/Prob.lean:53:29: `mul_le_one₀` has been deprecated: No replacement, use constituent lemmas from proof.",
   "level": "warning"},
  {"message":
   "QuantumInfo/ClassicalInfo/Prob.lean:496:13: `if_neg` has been deprecated: Use `ite_eq_right` instead",
   "level": "warning"},
  {"message":
   "QuantumInfo/ClassicalInfo/Prob.lean:496:21: `if_neg` has been deprecated: Use `ite_eq_right` instead",
   "level": "warning"},
  {"message":
   "QuantumInfo/ClassicalInfo/Prob.lean:535:22: `if_pos` has been deprecated: Use `ite_eq_left` instead",
   "level": "warning"}],
 "inputs":
 [["deps",
   [["Physlib/QuantumInfo:extraDep",
     [["@Physlib:extraDep", "00000000000006bb"]]],
    ["imports",
     [["Mathlib.Analysis.Convex.Mul transitive imports (public)",
       "2b170d1b1584bcb9"],
      ["Mathlib.Analysis.Convex.Mul:importArts", "afb188a42740850f"],
      ["Mathlib.Analysis.SpecialFunctions.Log.Basic transitive imports (public)",
       "011229c04e16cc1a"],
      ["Mathlib.Analysis.SpecialFunctions.Log.Basic:importArts",
       "db74a84a698fc77a"],
      ["Mathlib.Analysis.SpecialFunctions.Log.ENNRealLog transitive imports (public)",
       "491ed1e0f0d0ad07"],
      ["Mathlib.Analysis.SpecialFunctions.Log.ENNRealLog:importArts",
       "9bc54d6e328d0198"],
      ["Mathlib.Data.NNReal.Basic transitive imports (public)",
       "196b06c2a6c636db"],
      ["Mathlib.Data.NNReal.Basic:importArts", "f465dbde80f7d8ca"],
      ["Mathlib.Data.EReal.Basic transitive imports (public)",
       "8df6be054b98a6d9"],
      ["Mathlib.Data.EReal.Basic:importArts", "05cb72315e2e19e3"],
      ["Mathlib.Tactic.Finiteness transitive imports (public)",
       "d527a99e8f74f800"],
      ["Mathlib.Tactic.Finiteness:importArts", "bab1b140fb31268a"],
      ["Mathlib.Topology.UnitInterval transitive imports (public)",
       "17cd3d54cef8436f"],
      ["Mathlib.Topology.UnitInterval:importArts", "bc78405e8a82703d"]]]]],
  ["libs",
   [["import dynlibs", "00000000000006bb"],
    ["package external libraries", "00000000000006bb"],
    ["module dynlibs", "00000000000006bb"],
    ["module plugins", "00000000000006bb"]]],
  ["Lean 4.34.0, commit 293d5d0c0c3f3dded4688b3ccd6a33939ac5102b",
   "a1c6c7aa3e9abfe7"],
  ["C:\\lean\\libs\\physlib\\QuantumInfo\\ClassicalInfo\\Prob.lean",
   "351e581334f9d1e6"],
  ["options", "00000000000006bb"],
  ["isModule: true", "760fcc16989f4b9b"],
  ["Module.name: QuantumInfo.ClassicalInfo.Prob", "52653ac609ebfe8f"],
  ["Package.id?: (some Physlib)", "6dd4b1a3d0e46d70"],
  ["Module.leanArgs: #[-Dwarn.sorry=false, -Dweak.says.verify=true]",
   "72cd5083b9c31fb2"]],
 "depHash": "8548edacc802e98b"}