{"synthetic": false,
 "schemaVersion": "2025-09-10",
 "outputs":
 {"rs": "6f4b8169b3356f88.ir.sig",
  "r": "ad76eba95e1f3a94.ir",
  "o":
  ["86bdafc7878a9671.olean",
   "73618738d6e7ef23.olean.server",
   "5a4df25945f9e9a1.olean.private"],
  "m": true,
  "i": "b076f6ea32545663.ilean",
  "c": "e6fcf1834fe23027.c"},
 "log":
 [{"message":
   ".> LEAN_PATH=C:\\lean\\mathlib4\\.lake\\packages\\Cli\\.lake\\build\\lib\\lean;C:\\lean\\mathlib4\\.lake\\packages\\batteries\\.lake\\build\\lib\\lean;C:\\lean\\mathlib4\\.lake\\packages\\Qq\\.lake\\build\\lib\\lean;C:\\lean\\mathlib4\\.lake\\packages\\aesop\\.lake\\build\\lib\\lean;C:\\lean\\mathlib4\\.lake\\packages\\proofwidgets\\.lake\\build\\lib\\lean;C:\\lean\\mathlib4\\.lake\\packages\\importGraph\\.lake\\build\\lib\\lean;C:\\lean\\mathlib4\\.lake\\packages\\LeanSearchClient\\.lake\\build\\lib\\lean;C:\\lean\\mathlib4\\.lake\\packages\\plausible\\.lake\\build\\lib\\lean;C:\\lean\\mathlib4\\.lake\\build\\lib\\lean;C:\\lean\\libs\\physlib\\.lake\\build\\lib\\lean c:\\Users\\Administrator\\.elan\\toolchains\\leanprover--lean4---v4.34.0\\bin\\lean.exe -Dwarn.sorry=false -Dweak.says.verify=true C:\\lean\\libs\\physlib\\QuantumInfo.lean -o C:\\lean\\libs\\physlib\\.lake\\build\\lib\\lean\\QuantumInfo.olean -i C:\\lean\\libs\\physlib\\.lake\\build\\lib\\lean\\QuantumInfo.ilean -c C:\\lean\\libs\\physlib\\.lake\\build\\ir\\QuantumInfo.c --setup C:\\lean\\libs\\physlib\\.lake\\build\\ir\\QuantumInfo.setup.json --json",
   "level": "trace"}],
 "inputs":
 [["deps",
   [["Physlib/QuantumInfo:extraDep",
     [["@Physlib:extraDep", "00000000000006bb"]]],
    ["imports",
     [["QuantumInfo.ForMathlib.ContinuousLinearMap transitive imports (public)",
       "a490a3049175f7d5"],
      ["QuantumInfo.ForMathlib.ContinuousLinearMap:importArts",
       "441221e4ab3f688e"],
      ["QuantumInfo.ForMathlib.ComplexLaplaceTransform transitive imports (public)",
       "cce15d9d33ec29ee"],
      ["QuantumInfo.ForMathlib.ComplexLaplaceTransform:importArts",
       "f5d02cb371fde13e"],
      ["QuantumInfo.ForMathlib.ContinuousSup transitive imports (public)",
       "c34b4c99a84ec26d"],
      ["QuantumInfo.ForMathlib.ContinuousSup:importArts", "e5869644c6b97516"],
      ["QuantumInfo.ForMathlib.Filter transitive imports (public)",
       "6e7043e254316e1a"],
      ["QuantumInfo.ForMathlib.Filter:importArts", "083b52cfde184a19"],
      ["QuantumInfo.ForMathlib.HermitianMat transitive imports (public)",
       "0194f6eae0466c4e"],
      ["QuantumInfo.ForMathlib.HermitianMat:importArts", "3228d03c4af83b8d"],
      ["QuantumInfo.ForMathlib.Isometry transitive imports (public)",
       "3a37c5ef76bea288"],
      ["QuantumInfo.ForMathlib.Isometry:importArts", "98fb7cefafdb35c1"],
      ["QuantumInfo.ForMathlib.LinearEquiv transitive imports (public)",
       "85aa19cbad06bf6b"],
      ["QuantumInfo.ForMathlib.LinearEquiv:importArts", "61887f29c86e5d23"],
      ["QuantumInfo.ForMathlib.MatrixNorm.TraceNorm transitive imports (public)",
       "00c6970ebff2f9c1"],
      ["QuantumInfo.ForMathlib.MatrixNorm.TraceNorm:importArts",
       "4c5f5c41a3349017"],
      ["QuantumInfo.ForMathlib.Matrix transitive imports (public)",
       "58120ce7b9debd78"],
      ["QuantumInfo.ForMathlib.Matrix:importArts", "1256a98bdf5f4f35"],
      ["QuantumInfo.ForMathlib.Minimax transitive imports (public)",
       "19be3f9e0f9941c5"],
      ["QuantumInfo.ForMathlib.Minimax:importArts", "68c025e01d625c9a"],
      ["QuantumInfo.ForMathlib.Misc transitive imports (public)",
       "3ffe03eaa8b36311"],
      ["QuantumInfo.ForMathlib.Misc:importArts", "2c6cb05378f6e17e"],
      ["QuantumInfo.ForMathlib.Unitary transitive imports (public)",
       "b769b99af82d4b54"],
      ["QuantumInfo.ForMathlib.Unitary:importArts", "bd0d2ae4eebb038d"],
      ["QuantumInfo.Channels.DegradableOrder transitive imports (public)",
       "3ae20b18214a9e31"],
      ["QuantumInfo.Channels.DegradableOrder:importArts", "b27fea273dee53e3"],
      ["QuantumInfo.Channels.Bundled transitive imports (public)",
       "b96b052cffac3271"],
      ["QuantumInfo.Channels.Bundled:importArts", "f211c12031ca9266"],
      ["QuantumInfo.Channels.CPTP transitive imports (public)",
       "1a164ed312725ce7"],
      ["QuantumInfo.Channels.CPTP:importArts", "f76732e657c77696"],
      ["QuantumInfo.Channels.Dual transitive imports (public)",
       "fdde6f8cd8d5f2a5"],
      ["QuantumInfo.Channels.Dual:importArts", "9db5e1009969f061"],
      ["QuantumInfo.Channels.MatrixMap transitive imports (public)",
       "69c1787683015feb"],
      ["QuantumInfo.Channels.MatrixMap:importArts", "43760fc26170d045"],
      ["QuantumInfo.Channels.Unbundled transitive imports (public)",
       "209541c98022c4c5"],
      ["QuantumInfo.Channels.Unbundled:importArts", "fb043d042eb24658"],
      ["QuantumInfo.States.Mixed.Fidelity transitive imports (public)",
       "137b552489701207"],
      ["QuantumInfo.States.Mixed.Fidelity:importArts", "2d87b22710e1c490"],
      ["QuantumInfo.States.Mixed.TraceDistance transitive imports (public)",
       "b7a452a905d0c83c"],
      ["QuantumInfo.States.Mixed.TraceDistance:importArts", "eded0329a3608b68"],
      ["QuantumInfo.States.Pure.Qubit transitive imports (public)",
       "ffa823b88ba9b764"],
      ["QuantumInfo.States.Pure.Qubit:importArts", "c7c2f85df778a53c"],
      ["QuantumInfo.ResourceTheory.FreeState transitive imports (public)",
       "8ec6609b53ea3e1b"],
      ["QuantumInfo.ResourceTheory.FreeState:importArts", "a513e64f8b1eed44"],
      ["QuantumInfo.ResourceTheory.SteinsLemma transitive imports (public)",
       "d14ca470602cb4e8"],
      ["QuantumInfo.ResourceTheory.SteinsLemma:importArts", "db4db698d8381ac8"],
      ["QuantumInfo.States.Pure.Braket transitive imports (public)",
       "4301fdd4271e8f12"],
      ["QuantumInfo.States.Pure.Braket:importArts", "45ed6b09af5deffa"],
      ["QuantumInfo.Capacity.Capacity transitive imports (public)",
       "a9fe5f91f0b12cea"],
      ["QuantumInfo.Capacity.Capacity:importArts", "85269dc98cdfdf18"],
      ["QuantumInfo.States.Ensemble transitive imports (public)",
       "86c547c9a8ce1c69"],
      ["QuantumInfo.States.Ensemble:importArts", "40c8135ede156117"],
      ["QuantumInfo.States.Entanglement transitive imports (public)",
       "78b944f507d63245"],
      ["QuantumInfo.States.Entanglement:importArts", "48fdf53e5ab809d9"],
      ["QuantumInfo.Entropy.VonNeumann transitive imports (public)",
       "cfd174de25378fc3"],
      ["QuantumInfo.Entropy.VonNeumann:importArts", "37761c8918808cbc"],
      ["QuantumInfo.Entropy.SSA transitive imports (public)",
       "b3e017b40f346265"],
      ["QuantumInfo.Entropy.SSA:importArts", "931ec9e40cf56307"],
      ["QuantumInfo.Entropy.Relative transitive imports (public)",
       "e173e0c6e5fbb869"],
      ["QuantumInfo.Entropy.Relative:importArts", "46bb1a8326f6137f"],
      ["QuantumInfo.Entropy.DPI transitive imports (public)",
       "a4a700c0dc3fcd92"],
      ["QuantumInfo.Entropy.DPI:importArts", "5b4e6ebaaa148ac9"],
      ["QuantumInfo.States.Mixed.MState transitive imports (public)",
       "1384491c67c2af61"],
      ["QuantumInfo.States.Mixed.MState:importArts", "8ca34269dd2339e1"],
      ["QuantumInfo.Channels.Pinching transitive imports (public)",
       "77299c62e7c35b51"],
      ["QuantumInfo.Channels.Pinching:importArts", "1ef4681e623980bd"],
      ["QuantumInfo.Measurements.POVM transitive imports (public)",
       "3ae20b18214a9e31"],
      ["QuantumInfo.Measurements.POVM:importArts", "dd9e59074ad654f8"],
      ["QuantumInfo.Operators.Unitary transitive imports (public)",
       "da23b8b6b356785f"],
      ["QuantumInfo.Operators.Unitary:importArts", "acf26a4a06a8d8b1"],
      ["QuantumInfo.Capacity.Capacity_doc transitive imports (public)",
       "00000000000006bb"],
      ["QuantumInfo.Capacity.Capacity_doc:importArts", "2bdda3af5b5ee20a"],
      ["QuantumInfo.ClassicalInfo.Distribution transitive imports (public)",
       "566004a8b6db8edf"],
      ["QuantumInfo.ClassicalInfo.Distribution:importArts", "89475cb8d869efb4"],
      ["QuantumInfo.ClassicalInfo.Entropy transitive imports (public)",
       "ca599bd4ee960433"],
      ["QuantumInfo.ClassicalInfo.Entropy:importArts", "3a29b7711d9f48e9"],
      ["QuantumInfo.ClassicalInfo.Prob transitive imports (public)",
       "62dc78ecf36b60eb"],
      ["QuantumInfo.ClassicalInfo.Prob:importArts", "37c553f9e69f2f85"]]]]],
  ["libs",
   [["import dynlibs", "00000000000006bb"],
    ["package external libraries", "00000000000006bb"],
    ["module dynlibs", "00000000000006bb"],
    ["module plugins", "00000000000006bb"]]],
  ["Lean 4.34.0, commit 293d5d0c0c3f3dded4688b3ccd6a33939ac5102b",
   "a1c6c7aa3e9abfe7"],
  ["C:\\lean\\libs\\physlib\\QuantumInfo.lean", "41b358023f844c03"],
  ["options", "00000000000006bb"],
  ["isModule: true", "760fcc16989f4b9b"],
  ["Module.name: QuantumInfo", "284a644598a4697f"],
  ["Package.id?: (some Physlib)", "6dd4b1a3d0e46d70"],
  ["Module.leanArgs: #[-Dwarn.sorry=false, -Dweak.says.verify=true]",
   "72cd5083b9c31fb2"]],
 "depHash": "c14fee8793a7a20e"}