{"synthetic": false,
 "schemaVersion": "2025-09-10",
 "outputs":
 {"rs": "65155186e0af0401.ir.sig",
  "r": "166ebfb164193208.ir",
  "o":
  ["d1715ab129fe16d2.olean",
   "0b01f5ee54baf1f5.olean.server",
   "20d9f86241b8e88c.olean.private"],
  "m": true,
  "i": "90b5f8f92372f114.ilean",
  "c": "18d8a7cd981af3aa.c"},
 "log":
 [{"message":
   ".> LEAN_PATH=C:\\lean\\mathlib4\\.lake\\packages\\Cli\\.lake\\build\\lib\\lean;C:\\lean\\mathlib4\\.lake\\packages\\batteries\\.lake\\build\\lib\\lean;C:\\lean\\mathlib4\\.lake\\packages\\Qq\\.lake\\build\\lib\\lean;C:\\lean\\mathlib4\\.lake\\packages\\aesop\\.lake\\build\\lib\\lean;C:\\lean\\mathlib4\\.lake\\packages\\proofwidgets\\.lake\\build\\lib\\lean;C:\\lean\\mathlib4\\.lake\\packages\\importGraph\\.lake\\build\\lib\\lean;C:\\lean\\mathlib4\\.lake\\packages\\LeanSearchClient\\.lake\\build\\lib\\lean;C:\\lean\\mathlib4\\.lake\\packages\\plausible\\.lake\\build\\lib\\lean;C:\\lean\\mathlib4\\.lake\\build\\lib\\lean;C:\\lean\\libs\\physlib\\.lake\\build\\lib\\lean c:\\Users\\Administrator\\.elan\\toolchains\\leanprover--lean4---v4.34.0\\bin\\lean.exe -Dwarn.sorry=false -Dweak.says.verify=true C:\\lean\\libs\\physlib\\Physlib\\QuantumMechanics\\HilbertSpaces\\SpaceD\\Basic.lean -o C:\\lean\\libs\\physlib\\.lake\\build\\lib\\lean\\Physlib\\QuantumMechanics\\HilbertSpaces\\SpaceD\\Basic.olean -i C:\\lean\\libs\\physlib\\.lake\\build\\lib\\lean\\Physlib\\QuantumMechanics\\HilbertSpaces\\SpaceD\\Basic.ilean -c C:\\lean\\libs\\physlib\\.lake\\build\\ir\\Physlib\\QuantumMechanics\\HilbertSpaces\\SpaceD\\Basic.c --setup C:\\lean\\libs\\physlib\\.lake\\build\\ir\\Physlib\\QuantumMechanics\\HilbertSpaces\\SpaceD\\Basic.setup.json --json",
   "level": "trace"}],
 "inputs":
 [["deps",
   [["Physlib/Physlib:extraDep", [["@Physlib:extraDep", "00000000000006bb"]]],
    ["imports",
     [["Mathlib.Analysis.Distribution.TemperedDistribution transitive imports (public)",
       "f54bc25794771d25"],
      ["Mathlib.Analysis.Distribution.TemperedDistribution:importArts",
       "617e6b1c0d599891"],
      ["Mathlib.Analysis.InnerProductSpace.Dual transitive imports (public)",
       "416b30a7fe58151b"],
      ["Mathlib.Analysis.InnerProductSpace.Dual:importArts",
       "21343bd8e535be36"],
      ["Physlib.SpaceAndTime.Space.Module transitive imports (public)",
       "2732858167cfb273"],
      ["Physlib.SpaceAndTime.Space.Module:importArts", "cb74679d8d2b5b8a"]]]]],
  ["libs",
   [["import dynlibs", "00000000000006bb"],
    ["package external libraries", "00000000000006bb"],
    ["module dynlibs", "00000000000006bb"],
    ["module plugins", "00000000000006bb"]]],
  ["Lean 4.34.0, commit 293d5d0c0c3f3dded4688b3ccd6a33939ac5102b",
   "a1c6c7aa3e9abfe7"],
  ["C:\\lean\\libs\\physlib\\Physlib\\QuantumMechanics\\HilbertSpaces\\SpaceD\\Basic.lean",
   "7ba88d30998593d4"],
  ["options", "00000000000006bb"],
  ["isModule: true", "760fcc16989f4b9b"],
  ["Module.name: Physlib.QuantumMechanics.HilbertSpaces.SpaceD.Basic",
   "dcc7de968f133d4c"],
  ["Package.id?: (some Physlib)", "6dd4b1a3d0e46d70"],
  ["Module.leanArgs: #[-Dwarn.sorry=false, -Dweak.says.verify=true]",
   "72cd5083b9c31fb2"]],
 "depHash": "d02ee94b691c0420"}