{"synthetic": false,
 "schemaVersion": "2025-09-10",
 "outputs":
 {"rs": "cba413c1c4da32e5.ir.sig",
  "r": "e072aef7d4a56996.ir",
  "o":
  ["d8cad9346185e9dd.olean",
   "4364e8a1559672ce.olean.server",
   "05e827633efe96a7.olean.private"],
  "m": true,
  "i": "a8e5168c2dec3b28.ilean",
  "c": "3706e20a0bf13fd8.c"},
 "log":
 [{"message":
   ".> LEAN_PATH=C:\\lean\\mathlib4\\.lake\\packages\\Cli\\.lake\\build\\lib\\lean;C:\\lean\\mathlib4\\.lake\\packages\\batteries\\.lake\\build\\lib\\lean;C:\\lean\\mathlib4\\.lake\\packages\\Qq\\.lake\\build\\lib\\lean;C:\\lean\\mathlib4\\.lake\\packages\\aesop\\.lake\\build\\lib\\lean;C:\\lean\\mathlib4\\.lake\\packages\\proofwidgets\\.lake\\build\\lib\\lean;C:\\lean\\mathlib4\\.lake\\packages\\importGraph\\.lake\\build\\lib\\lean;C:\\lean\\mathlib4\\.lake\\packages\\LeanSearchClient\\.lake\\build\\lib\\lean;C:\\lean\\mathlib4\\.lake\\packages\\plausible\\.lake\\build\\lib\\lean;C:\\lean\\mathlib4\\.lake\\build\\lib\\lean;C:\\lean\\libs\\physlib\\.lake\\build\\lib\\lean c:\\Users\\Administrator\\.elan\\toolchains\\leanprover--lean4---v4.34.0\\bin\\lean.exe -Dwarn.sorry=false -Dweak.says.verify=true C:\\lean\\libs\\physlib\\Physlib\\QuantumMechanics\\HilbertSpaces\\SpaceD\\Fourier.lean -o C:\\lean\\libs\\physlib\\.lake\\build\\lib\\lean\\Physlib\\QuantumMechanics\\HilbertSpaces\\SpaceD\\Fourier.olean -i C:\\lean\\libs\\physlib\\.lake\\build\\lib\\lean\\Physlib\\QuantumMechanics\\HilbertSpaces\\SpaceD\\Fourier.ilean -c C:\\lean\\libs\\physlib\\.lake\\build\\ir\\Physlib\\QuantumMechanics\\HilbertSpaces\\SpaceD\\Fourier.c --setup C:\\lean\\libs\\physlib\\.lake\\build\\ir\\Physlib\\QuantumMechanics\\HilbertSpaces\\SpaceD\\Fourier.setup.json --json",
   "level": "trace"}],
 "inputs":
 [["deps",
   [["Physlib/Physlib:extraDep", [["@Physlib:extraDep", "00000000000006bb"]]],
    ["imports",
     [["Mathlib.Analysis.Fourier.LpSpace transitive imports (public)",
       "cdae12b7d416bb97"],
      ["Mathlib.Analysis.Fourier.LpSpace:importArts", "470ee46fd7acbace"],
      ["Physlib.QuantumMechanics.HilbertSpaces.SpaceD.SchwartzSubmodule transitive imports (public)",
       "8345a741d17997ed"],
      ["Physlib.QuantumMechanics.HilbertSpaces.SpaceD.SchwartzSubmodule:importArts",
       "aeac913fc73a229b"]]]]],
  ["libs",
   [["import dynlibs", "00000000000006bb"],
    ["package external libraries", "00000000000006bb"],
    ["module dynlibs", "00000000000006bb"],
    ["module plugins", "00000000000006bb"]]],
  ["Lean 4.34.0, commit 293d5d0c0c3f3dded4688b3ccd6a33939ac5102b",
   "a1c6c7aa3e9abfe7"],
  ["C:\\lean\\libs\\physlib\\Physlib\\QuantumMechanics\\HilbertSpaces\\SpaceD\\Fourier.lean",
   "109facc280311b49"],
  ["options", "00000000000006bb"],
  ["isModule: true", "760fcc16989f4b9b"],
  ["Module.name: Physlib.QuantumMechanics.HilbertSpaces.SpaceD.Fourier",
   "8cbd4f94e41de3b0"],
  ["Package.id?: (some Physlib)", "6dd4b1a3d0e46d70"],
  ["Module.leanArgs: #[-Dwarn.sorry=false, -Dweak.says.verify=true]",
   "72cd5083b9c31fb2"]],
 "depHash": "4b69c4b9dbc9787f"}