{"synthetic": false,
 "schemaVersion": "2025-09-10",
 "outputs":
 {"rs": "30f63afae4f67186.ir.sig",
  "r": "47dd634381835601.ir",
  "o":
  ["69a4d6118ddc37e2.olean",
   "9f39b454a4ea7e79.olean.server",
   "531d4429c9ad3786.olean.private"],
  "m": true,
  "i": "12a71fa3a17aa31d.ilean",
  "c": "a8cef1b18680ea2e.c"},
 "log":
 [{"message":
   ".> LEAN_PATH=C:\\lean\\mathlib4\\.lake\\packages\\Cli\\.lake\\build\\lib\\lean;C:\\lean\\mathlib4\\.lake\\packages\\batteries\\.lake\\build\\lib\\lean;C:\\lean\\mathlib4\\.lake\\packages\\Qq\\.lake\\build\\lib\\lean;C:\\lean\\mathlib4\\.lake\\packages\\aesop\\.lake\\build\\lib\\lean;C:\\lean\\mathlib4\\.lake\\packages\\proofwidgets\\.lake\\build\\lib\\lean;C:\\lean\\mathlib4\\.lake\\packages\\importGraph\\.lake\\build\\lib\\lean;C:\\lean\\mathlib4\\.lake\\packages\\LeanSearchClient\\.lake\\build\\lib\\lean;C:\\lean\\mathlib4\\.lake\\packages\\plausible\\.lake\\build\\lib\\lean;C:\\lean\\mathlib4\\.lake\\build\\lib\\lean;C:\\lean\\libs\\physlib\\.lake\\build\\lib\\lean c:\\Users\\Administrator\\.elan\\toolchains\\leanprover--lean4---v4.34.0\\bin\\lean.exe -Dwarn.sorry=false -Dweak.says.verify=true C:\\lean\\libs\\physlib\\Physlib\\QuantumMechanics\\HilbertSpaces\\SpaceD\\PolyBddSchwartzSubmodule.lean -o C:\\lean\\libs\\physlib\\.lake\\build\\lib\\lean\\Physlib\\QuantumMechanics\\HilbertSpaces\\SpaceD\\PolyBddSchwartzSubmodule.olean -i C:\\lean\\libs\\physlib\\.lake\\build\\lib\\lean\\Physlib\\QuantumMechanics\\HilbertSpaces\\SpaceD\\PolyBddSchwartzSubmodule.ilean -c C:\\lean\\libs\\physlib\\.lake\\build\\ir\\Physlib\\QuantumMechanics\\HilbertSpaces\\SpaceD\\PolyBddSchwartzSubmodule.c --setup C:\\lean\\libs\\physlib\\.lake\\build\\ir\\Physlib\\QuantumMechanics\\HilbertSpaces\\SpaceD\\PolyBddSchwartzSubmodule.setup.json --json",
   "level": "trace"}],
 "inputs":
 [["deps",
   [["Physlib/Physlib:extraDep", [["@Physlib:extraDep", "00000000000006bb"]]],
    ["imports",
     [["Mathlib.Analysis.Calculus.BumpFunction.InnerProduct transitive imports (public)",
       "5a08e1d97ba220a5"],
      ["Mathlib.Analysis.Calculus.BumpFunction.InnerProduct:importArts",
       "8479f9b85a7ffaec"],
      ["Mathlib.MeasureTheory.Measure.Lebesgue.VolumeOfBalls transitive imports (public)",
       "eb657d18e94db57f"],
      ["Mathlib.MeasureTheory.Measure.Lebesgue.VolumeOfBalls:importArts",
       "9a48b746fa103ff8"],
      ["Physlib.QuantumMechanics.HilbertSpaces.SpaceD.SchwartzSubmodule transitive imports (public)",
       "8345a741d17997ed"],
      ["Physlib.QuantumMechanics.HilbertSpaces.SpaceD.SchwartzSubmodule:importArts",
       "aeac913fc73a229b"]]]]],
  ["libs",
   [["import dynlibs", "00000000000006bb"],
    ["package external libraries", "00000000000006bb"],
    ["module dynlibs", "00000000000006bb"],
    ["module plugins", "00000000000006bb"]]],
  ["Lean 4.34.0, commit 293d5d0c0c3f3dded4688b3ccd6a33939ac5102b",
   "a1c6c7aa3e9abfe7"],
  ["C:\\lean\\libs\\physlib\\Physlib\\QuantumMechanics\\HilbertSpaces\\SpaceD\\PolyBddSchwartzSubmodule.lean",
   "cb1fef454292bee9"],
  ["options", "00000000000006bb"],
  ["isModule: true", "760fcc16989f4b9b"],
  ["Module.name: Physlib.QuantumMechanics.HilbertSpaces.SpaceD.PolyBddSchwartzSubmodule",
   "b8bd5bf869f5f3d8"],
  ["Package.id?: (some Physlib)", "6dd4b1a3d0e46d70"],
  ["Module.leanArgs: #[-Dwarn.sorry=false, -Dweak.says.verify=true]",
   "72cd5083b9c31fb2"]],
 "depHash": "cac11fb74df64e58"}