{"synthetic": false,
 "schemaVersion": "2025-09-10",
 "outputs":
 {"rs": "687c80db2020ba9f.ir.sig",
  "r": "134d01b33a86ebef.ir",
  "o":
  ["f34841951b9f834c.olean",
   "1efb13c121b7812d.olean.server",
   "47d38faabe45a7aa.olean.private"],
  "m": true,
  "i": "a5baa03dc809683e.ilean",
  "c": "81c0fe0e1ad8fe6a.c"},
 "log":
 [{"message":
   ".> LEAN_PATH=C:\\lean\\mathlib4\\.lake\\packages\\Cli\\.lake\\build\\lib\\lean;C:\\lean\\mathlib4\\.lake\\packages\\batteries\\.lake\\build\\lib\\lean;C:\\lean\\mathlib4\\.lake\\packages\\Qq\\.lake\\build\\lib\\lean;C:\\lean\\mathlib4\\.lake\\packages\\aesop\\.lake\\build\\lib\\lean;C:\\lean\\mathlib4\\.lake\\packages\\proofwidgets\\.lake\\build\\lib\\lean;C:\\lean\\mathlib4\\.lake\\packages\\importGraph\\.lake\\build\\lib\\lean;C:\\lean\\mathlib4\\.lake\\packages\\LeanSearchClient\\.lake\\build\\lib\\lean;C:\\lean\\mathlib4\\.lake\\packages\\plausible\\.lake\\build\\lib\\lean;C:\\lean\\mathlib4\\.lake\\build\\lib\\lean;C:\\lean\\libs\\physlib\\.lake\\build\\lib\\lean c:\\Users\\Administrator\\.elan\\toolchains\\leanprover--lean4---v4.34.0\\bin\\lean.exe -Dwarn.sorry=false -Dweak.says.verify=true C:\\lean\\libs\\physlib\\Physlib\\QuantumMechanics\\HilbertSpaces\\SpaceD\\PositionStates.lean -o C:\\lean\\libs\\physlib\\.lake\\build\\lib\\lean\\Physlib\\QuantumMechanics\\HilbertSpaces\\SpaceD\\PositionStates.olean -i C:\\lean\\libs\\physlib\\.lake\\build\\lib\\lean\\Physlib\\QuantumMechanics\\HilbertSpaces\\SpaceD\\PositionStates.ilean -c C:\\lean\\libs\\physlib\\.lake\\build\\ir\\Physlib\\QuantumMechanics\\HilbertSpaces\\SpaceD\\PositionStates.c --setup C:\\lean\\libs\\physlib\\.lake\\build\\ir\\Physlib\\QuantumMechanics\\HilbertSpaces\\SpaceD\\PositionStates.setup.json --json",
   "level": "trace"}],
 "inputs":
 [["deps",
   [["Physlib/Physlib:extraDep", [["@Physlib:extraDep", "00000000000006bb"]]],
    ["imports",
     [["Mathlib.Analysis.Distribution.TemperedDistribution transitive imports (public)",
       "f54bc25794771d25"],
      ["Mathlib.Analysis.Distribution.TemperedDistribution:importArts",
       "617e6b1c0d599891"],
      ["Physlib.SpaceAndTime.Space.Module transitive imports (public)",
       "2732858167cfb273"],
      ["Physlib.SpaceAndTime.Space.Module:importArts", "cb74679d8d2b5b8a"]]]]],
  ["libs",
   [["import dynlibs", "00000000000006bb"],
    ["package external libraries", "00000000000006bb"],
    ["module dynlibs", "00000000000006bb"],
    ["module plugins", "00000000000006bb"]]],
  ["Lean 4.34.0, commit 293d5d0c0c3f3dded4688b3ccd6a33939ac5102b",
   "a1c6c7aa3e9abfe7"],
  ["C:\\lean\\libs\\physlib\\Physlib\\QuantumMechanics\\HilbertSpaces\\SpaceD\\PositionStates.lean",
   "dbdd9cf99a166582"],
  ["options", "00000000000006bb"],
  ["isModule: true", "760fcc16989f4b9b"],
  ["Module.name: Physlib.QuantumMechanics.HilbertSpaces.SpaceD.PositionStates",
   "dfdc9347e48c31a2"],
  ["Package.id?: (some Physlib)", "6dd4b1a3d0e46d70"],
  ["Module.leanArgs: #[-Dwarn.sorry=false, -Dweak.says.verify=true]",
   "72cd5083b9c31fb2"]],
 "depHash": "6693bb3f8f9a4f9e"}