{"synthetic": false,
 "schemaVersion": "2025-09-10",
 "outputs":
 {"rs": "65b18be7170b994f.ir.sig",
  "r": "79af8fd67ec35afb.ir",
  "o":
  ["325de7e0163111bf.olean",
   "57e627bf8f717f68.olean.server",
   "68565e5925b44fca.olean.private"],
  "m": true,
  "i": "c48dccf2afdab713.ilean",
  "c": "ed5bd5f89e04a6ca.c"},
 "log":
 [{"message":
   ".> LEAN_PATH=C:\\lean\\mathlib4\\.lake\\packages\\Cli\\.lake\\build\\lib\\lean;C:\\lean\\mathlib4\\.lake\\packages\\batteries\\.lake\\build\\lib\\lean;C:\\lean\\mathlib4\\.lake\\packages\\Qq\\.lake\\build\\lib\\lean;C:\\lean\\mathlib4\\.lake\\packages\\aesop\\.lake\\build\\lib\\lean;C:\\lean\\mathlib4\\.lake\\packages\\proofwidgets\\.lake\\build\\lib\\lean;C:\\lean\\mathlib4\\.lake\\packages\\importGraph\\.lake\\build\\lib\\lean;C:\\lean\\mathlib4\\.lake\\packages\\LeanSearchClient\\.lake\\build\\lib\\lean;C:\\lean\\mathlib4\\.lake\\packages\\plausible\\.lake\\build\\lib\\lean;C:\\lean\\mathlib4\\.lake\\build\\lib\\lean;C:\\lean\\libs\\physlib\\.lake\\build\\lib\\lean c:\\Users\\Administrator\\.elan\\toolchains\\leanprover--lean4---v4.34.0\\bin\\lean.exe -Dwarn.sorry=false -Dweak.says.verify=true C:\\lean\\libs\\physlib\\Physlib\\SpaceAndTime\\ReferenceFrame.lean -o C:\\lean\\libs\\physlib\\.lake\\build\\lib\\lean\\Physlib\\SpaceAndTime\\ReferenceFrame.olean -i C:\\lean\\libs\\physlib\\.lake\\build\\lib\\lean\\Physlib\\SpaceAndTime\\ReferenceFrame.ilean -c C:\\lean\\libs\\physlib\\.lake\\build\\ir\\Physlib\\SpaceAndTime\\ReferenceFrame.c --setup C:\\lean\\libs\\physlib\\.lake\\build\\ir\\Physlib\\SpaceAndTime\\ReferenceFrame.setup.json --json",
   "level": "trace"}],
 "inputs":
 [["deps",
   [["Physlib/Physlib:extraDep", [["@Physlib:extraDep", "00000000000006bb"]]],
    ["imports",
     [["Mathlib.LinearAlgebra.AffineSpace.Basis transitive imports (public)",
       "f0053f0a918aa306"],
      ["Mathlib.LinearAlgebra.AffineSpace.Basis:importArts",
       "04b2969a82fe612a"],
      ["Mathlib.Topology.Algebra.Module.TransferInstance transitive imports (public)",
       "3a285470fe3bfaa3"],
      ["Mathlib.Topology.Algebra.Module.TransferInstance:importArts",
       "619a50295dd2b7b1"],
      ["Physlib.SpaceAndTime.Space.Basic transitive imports (public)",
       "1f85ad3b55e7bb01"],
      ["Physlib.SpaceAndTime.Space.Basic:importArts", "23eb71dabdcf568c"],
      ["Physlib.SpaceAndTime.Time.Basic transitive imports (public)",
       "93c4459e14614f4f"],
      ["Physlib.SpaceAndTime.Time.Basic:importArts", "f4037419b066400c"]]]]],
  ["libs",
   [["import dynlibs", "00000000000006bb"],
    ["package external libraries", "00000000000006bb"],
    ["module dynlibs", "00000000000006bb"],
    ["module plugins", "00000000000006bb"]]],
  ["Lean 4.34.0, commit 293d5d0c0c3f3dded4688b3ccd6a33939ac5102b",
   "a1c6c7aa3e9abfe7"],
  ["C:\\lean\\libs\\physlib\\Physlib\\SpaceAndTime\\ReferenceFrame.lean",
   "00988e33c88dce8a"],
  ["options", "00000000000006bb"],
  ["isModule: true", "760fcc16989f4b9b"],
  ["Module.name: Physlib.SpaceAndTime.ReferenceFrame", "a71f73c2a462eb40"],
  ["Package.id?: (some Physlib)", "6dd4b1a3d0e46d70"],
  ["Module.leanArgs: #[-Dwarn.sorry=false, -Dweak.says.verify=true]",
   "72cd5083b9c31fb2"]],
 "depHash": "5f2b4f296f5956ca"}