{"synthetic": false,
 "schemaVersion": "2025-09-10",
 "outputs":
 {"rs": "089057565981f226.ir.sig",
  "r": "3f3055fef88a73d5.ir",
  "o":
  ["c0914b8052b3b09b.olean",
   "abf0681d987c79e1.olean.server",
   "5476ea479b0481b1.olean.private"],
  "m": true,
  "i": "c67b2b1c5ee88a27.ilean",
  "c": "cad27a89685247fa.c"},
 "log":
 [{"message":
   ".> LEAN_PATH=C:\\lean\\mathlib4\\.lake\\packages\\Cli\\.lake\\build\\lib\\lean;C:\\lean\\mathlib4\\.lake\\packages\\batteries\\.lake\\build\\lib\\lean;C:\\lean\\mathlib4\\.lake\\packages\\Qq\\.lake\\build\\lib\\lean;C:\\lean\\mathlib4\\.lake\\packages\\aesop\\.lake\\build\\lib\\lean;C:\\lean\\mathlib4\\.lake\\packages\\proofwidgets\\.lake\\build\\lib\\lean;C:\\lean\\mathlib4\\.lake\\packages\\importGraph\\.lake\\build\\lib\\lean;C:\\lean\\mathlib4\\.lake\\packages\\LeanSearchClient\\.lake\\build\\lib\\lean;C:\\lean\\mathlib4\\.lake\\packages\\plausible\\.lake\\build\\lib\\lean;C:\\lean\\mathlib4\\.lake\\build\\lib\\lean;C:\\lean\\libs\\physlib\\.lake\\build\\lib\\lean c:\\Users\\Administrator\\.elan\\toolchains\\leanprover--lean4---v4.34.0\\bin\\lean.exe -Dwarn.sorry=false -Dweak.says.verify=true C:\\lean\\libs\\physlib\\Physlib\\Mathematics\\Fin\\Involutions.lean -o C:\\lean\\libs\\physlib\\.lake\\build\\lib\\lean\\Physlib\\Mathematics\\Fin\\Involutions.olean -i C:\\lean\\libs\\physlib\\.lake\\build\\lib\\lean\\Physlib\\Mathematics\\Fin\\Involutions.ilean -c C:\\lean\\libs\\physlib\\.lake\\build\\ir\\Physlib\\Mathematics\\Fin\\Involutions.c --setup C:\\lean\\libs\\physlib\\.lake\\build\\ir\\Physlib\\Mathematics\\Fin\\Involutions.setup.json --json",
   "level": "trace"},
  {"message":
   "Physlib/Mathematics/Fin/Involutions.lean:67:37: `if_neg` has been deprecated: Use `ite_eq_right` instead",
   "level": "warning"},
  {"message":
   "Physlib/Mathematics/Fin/Involutions.lean:72:37: `if_neg` has been deprecated: Use `ite_eq_right` instead",
   "level": "warning"},
  {"message":
   "Physlib/Mathematics/Fin/Involutions.lean:88:10: `dif_neg` has been deprecated: Use `dite_eq_right` instead",
   "level": "warning"},
  {"message":
   "Physlib/Mathematics/Fin/Involutions.lean:102:10: `if_neg` has been deprecated: Use `ite_eq_right` instead",
   "level": "warning"},
  {"message":
   "Physlib/Mathematics/Fin/Involutions.lean:108:35: `if_neg` has been deprecated: Use `ite_eq_right` instead",
   "level": "warning"},
  {"message":
   "Physlib/Mathematics/Fin/Involutions.lean:128:14: `if_neg` has been deprecated: Use `ite_eq_right` instead",
   "level": "warning"},
  {"message":
   "Physlib/Mathematics/Fin/Involutions.lean:131:12: `if_neg` has been deprecated: Use `ite_eq_right` instead",
   "level": "warning"},
  {"message":
   "Physlib/Mathematics/Fin/Involutions.lean:196:61: `dif_neg` has been deprecated: Use `dite_eq_right` instead",
   "level": "warning"}],
 "inputs":
 [["deps",
   [["Physlib/Physlib:extraDep", [["@Physlib:extraDep", "00000000000006bb"]]],
    ["imports",
     [["Mathlib.Data.Finset.Sort transitive imports (public)",
       "890ff35549420df8"],
      ["Mathlib.Data.Finset.Sort:importArts", "9db5f54812b534b7"],
      ["Mathlib.Data.Fintype.Pi transitive imports (public)",
       "bd3d99bbe096c352"],
      ["Mathlib.Data.Fintype.Pi:importArts", "a1b6f977e9af0be2"],
      ["Mathlib.Data.Fintype.Prod transitive imports (public)",
       "24520777841cbe18"],
      ["Mathlib.Data.Fintype.Prod:importArts", "16a17408045b56f0"],
      ["Mathlib.Data.Nat.Factorial.DoubleFactorial transitive imports (public)",
       "657e23dc69cb6c87"],
      ["Mathlib.Data.Nat.Factorial.DoubleFactorial:importArts",
       "b0412fca9cdda589"]]]]],
  ["libs",
   [["import dynlibs", "00000000000006bb"],
    ["package external libraries", "00000000000006bb"],
    ["module dynlibs", "00000000000006bb"],
    ["module plugins", "00000000000006bb"]]],
  ["Lean 4.34.0, commit 293d5d0c0c3f3dded4688b3ccd6a33939ac5102b",
   "a1c6c7aa3e9abfe7"],
  ["C:\\lean\\libs\\physlib\\Physlib\\Mathematics\\Fin\\Involutions.lean",
   "6c1087579767ea09"],
  ["options", "00000000000006bb"],
  ["isModule: true", "760fcc16989f4b9b"],
  ["Module.name: Physlib.Mathematics.Fin.Involutions", "16261c94b082d8ff"],
  ["Package.id?: (some Physlib)", "6dd4b1a3d0e46d70"],
  ["Module.leanArgs: #[-Dwarn.sorry=false, -Dweak.says.verify=true]",
   "72cd5083b9c31fb2"]],
 "depHash": "f409169f1c202471"}