{"synthetic": false,
 "schemaVersion": "2025-09-10",
 "outputs":
 {"rs": "cf8843767fa6cdda.ir.sig",
  "r": "21edafe700f2fb75.ir",
  "o":
  ["19b79fb970ff8fc3.olean",
   "556a0baa6108fff9.olean.server",
   "d7b8f1212ca2c269.olean.private"],
  "m": true,
  "i": "9a6dcd62ed37ccac.ilean",
  "c": "5ad30c0dd6049e01.c"},
 "log":
 [{"message":
   ".> LEAN_PATH=C:\\lean\\mathlib4\\.lake\\packages\\Cli\\.lake\\build\\lib\\lean;C:\\lean\\mathlib4\\.lake\\packages\\batteries\\.lake\\build\\lib\\lean;C:\\lean\\mathlib4\\.lake\\packages\\Qq\\.lake\\build\\lib\\lean;C:\\lean\\mathlib4\\.lake\\packages\\aesop\\.lake\\build\\lib\\lean;C:\\lean\\mathlib4\\.lake\\packages\\proofwidgets\\.lake\\build\\lib\\lean;C:\\lean\\mathlib4\\.lake\\packages\\importGraph\\.lake\\build\\lib\\lean;C:\\lean\\mathlib4\\.lake\\packages\\LeanSearchClient\\.lake\\build\\lib\\lean;C:\\lean\\mathlib4\\.lake\\packages\\plausible\\.lake\\build\\lib\\lean;C:\\lean\\mathlib4\\.lake\\build\\lib\\lean;C:\\lean\\libs\\physlib\\.lake\\build\\lib\\lean c:\\Users\\Administrator\\.elan\\toolchains\\leanprover--lean4---v4.34.0\\bin\\lean.exe -Dwarn.sorry=false -Dweak.says.verify=true C:\\lean\\libs\\physlib\\Physlib\\SpaceAndTime\\Space\\Derivatives\\Basic.lean -o C:\\lean\\libs\\physlib\\.lake\\build\\lib\\lean\\Physlib\\SpaceAndTime\\Space\\Derivatives\\Basic.olean -i C:\\lean\\libs\\physlib\\.lake\\build\\lib\\lean\\Physlib\\SpaceAndTime\\Space\\Derivatives\\Basic.ilean -c C:\\lean\\libs\\physlib\\.lake\\build\\ir\\Physlib\\SpaceAndTime\\Space\\Derivatives\\Basic.c --setup C:\\lean\\libs\\physlib\\.lake\\build\\ir\\Physlib\\SpaceAndTime\\Space\\Derivatives\\Basic.setup.json --json",
   "level": "trace"}],
 "inputs":
 [["deps",
   [["Physlib/Physlib:extraDep", [["@Physlib:extraDep", "00000000000006bb"]]],
    ["imports",
     [["Mathlib.Analysis.Calculus.FDeriv.Symmetric transitive imports (public)",
       "dc73aec153cfa988"],
      ["Mathlib.Analysis.Calculus.FDeriv.Symmetric:importArts",
       "21d99ed7b1c7ed9b"],
      ["Physlib.Mathematics.Distribution.Basic transitive imports (public)",
       "9d462519a515841b"],
      ["Physlib.Mathematics.Distribution.Basic:importArts", "9f44c240d357eca6"],
      ["Physlib.Relativity.Tensors.RealTensor.Vector.Basic transitive imports (public)",
       "0bdf42c875b4d901"],
      ["Physlib.Relativity.Tensors.RealTensor.Vector.Basic:importArts",
       "73135baeaf3f8b1d"],
      ["Physlib.SpaceAndTime.Space.Module transitive imports (public)",
       "2732858167cfb273"],
      ["Physlib.SpaceAndTime.Space.Module:importArts", "cb74679d8d2b5b8a"],
      ["Mathlib.Analysis.InnerProductSpace.Calculus transitive imports (public)",
       "fecb3be8e40d6be8"],
      ["Mathlib.Analysis.InnerProductSpace.Calculus:importArts",
       "ac8af82801caec24"],
      ["Mathlib.Geometry.Manifold.MFDeriv.NormedSpace transitive imports (public)",
       "e1140201dbe7d0db"],
      ["Mathlib.Geometry.Manifold.MFDeriv.NormedSpace:importArts",
       "9f124d15cc33047f"]]]]],
  ["libs",
   [["import dynlibs", "00000000000006bb"],
    ["package external libraries", "00000000000006bb"],
    ["module dynlibs", "00000000000006bb"],
    ["module plugins", "00000000000006bb"]]],
  ["Lean 4.34.0, commit 293d5d0c0c3f3dded4688b3ccd6a33939ac5102b",
   "a1c6c7aa3e9abfe7"],
  ["C:\\lean\\libs\\physlib\\Physlib\\SpaceAndTime\\Space\\Derivatives\\Basic.lean",
   "47f3d5f6ad60ab11"],
  ["options", "00000000000006bb"],
  ["isModule: true", "760fcc16989f4b9b"],
  ["Module.name: Physlib.SpaceAndTime.Space.Derivatives.Basic",
   "b82452929e4005ab"],
  ["Package.id?: (some Physlib)", "6dd4b1a3d0e46d70"],
  ["Module.leanArgs: #[-Dwarn.sorry=false, -Dweak.says.verify=true]",
   "72cd5083b9c31fb2"]],
 "depHash": "44e1dc0fc283881c"}