{"synthetic": false,
 "schemaVersion": "2025-09-10",
 "outputs":
 {"rs": "db7f734540459964.ir.sig",
  "r": "d8bad42108f8c325.ir",
  "o":
  ["61dd4d969c38ed66.olean",
   "559227caa4ace639.olean.server",
   "699d702371b4949c.olean.private"],
  "m": true,
  "i": "937c994a8cfa1554.ilean",
  "c": "5c5815861d6f0378.c"},
 "log":
 [{"message":
   ".> LEAN_PATH=C:\\lean\\mathlib4\\.lake\\packages\\Cli\\.lake\\build\\lib\\lean;C:\\lean\\mathlib4\\.lake\\packages\\batteries\\.lake\\build\\lib\\lean;C:\\lean\\mathlib4\\.lake\\packages\\Qq\\.lake\\build\\lib\\lean;C:\\lean\\mathlib4\\.lake\\packages\\aesop\\.lake\\build\\lib\\lean;C:\\lean\\mathlib4\\.lake\\packages\\proofwidgets\\.lake\\build\\lib\\lean;C:\\lean\\mathlib4\\.lake\\packages\\importGraph\\.lake\\build\\lib\\lean;C:\\lean\\mathlib4\\.lake\\packages\\LeanSearchClient\\.lake\\build\\lib\\lean;C:\\lean\\mathlib4\\.lake\\packages\\plausible\\.lake\\build\\lib\\lean;C:\\lean\\mathlib4\\.lake\\build\\lib\\lean;C:\\lean\\libs\\physlib\\.lake\\build\\lib\\lean c:\\Users\\Administrator\\.elan\\toolchains\\leanprover--lean4---v4.34.0\\bin\\lean.exe -Dwarn.sorry=false -Dweak.says.verify=true C:\\lean\\libs\\physlib\\Physlib\\SpaceAndTime\\Space\\Derivatives\\Curl.lean -o C:\\lean\\libs\\physlib\\.lake\\build\\lib\\lean\\Physlib\\SpaceAndTime\\Space\\Derivatives\\Curl.olean -i C:\\lean\\libs\\physlib\\.lake\\build\\lib\\lean\\Physlib\\SpaceAndTime\\Space\\Derivatives\\Curl.ilean -c C:\\lean\\libs\\physlib\\.lake\\build\\ir\\Physlib\\SpaceAndTime\\Space\\Derivatives\\Curl.c --setup C:\\lean\\libs\\physlib\\.lake\\build\\ir\\Physlib\\SpaceAndTime\\Space\\Derivatives\\Curl.setup.json --json",
   "level": "trace"}],
 "inputs":
 [["deps",
   [["Physlib/Physlib:extraDep", [["@Physlib:extraDep", "00000000000006bb"]]],
    ["imports",
     [["Physlib.SpaceAndTime.Space.Derivatives.Laplacian transitive imports (public)",
       "65969c2d818a947e"],
      ["Physlib.SpaceAndTime.Space.Derivatives.Laplacian:importArts",
       "d69fb3a7d502e841"],
      ["Mathlib.MeasureTheory.Integral.CurveIntegral.Poincare transitive imports (public)",
       "63ac8579533cecf9"],
      ["Mathlib.MeasureTheory.Integral.CurveIntegral.Poincare:importArts",
       "cdae599ae8626b0e"],
      ["Physlib.SpaceAndTime.Space.CrossProduct transitive imports (public)",
       "0f3e29f7b522dd46"],
      ["Physlib.SpaceAndTime.Space.CrossProduct:importArts",
       "5d4d8d8d5ed21b43"],
      ["Mathlib.Analysis.Calculus.ParametricIntervalIntegral transitive imports (public)",
       "4bdf2e3c65533905"],
      ["Mathlib.Analysis.Calculus.ParametricIntervalIntegral:importArts",
       "16c2a428ddad0c2f"],
      ["Physlib.Mathematics.LeviCivita.Basic transitive imports (public)",
       "a5926c13416397dc"],
      ["Physlib.Mathematics.LeviCivita.Basic:importArts",
       "4be4a870f627b2f3"]]]]],
  ["libs",
   [["import dynlibs", "00000000000006bb"],
    ["package external libraries", "00000000000006bb"],
    ["module dynlibs", "00000000000006bb"],
    ["module plugins", "00000000000006bb"]]],
  ["Lean 4.34.0, commit 293d5d0c0c3f3dded4688b3ccd6a33939ac5102b",
   "a1c6c7aa3e9abfe7"],
  ["C:\\lean\\libs\\physlib\\Physlib\\SpaceAndTime\\Space\\Derivatives\\Curl.lean",
   "fe68cf08ddd8234b"],
  ["options", "00000000000006bb"],
  ["isModule: true", "760fcc16989f4b9b"],
  ["Module.name: Physlib.SpaceAndTime.Space.Derivatives.Curl",
   "f39f5a5c67fd9d97"],
  ["Package.id?: (some Physlib)", "6dd4b1a3d0e46d70"],
  ["Module.leanArgs: #[-Dwarn.sorry=false, -Dweak.says.verify=true]",
   "72cd5083b9c31fb2"]],
 "depHash": "df0a3d2f5a41e8f1"}