{"synthetic": false,
 "schemaVersion": "2025-09-10",
 "outputs":
 {"rs": "1206fd3b9889c4ee.ir.sig",
  "r": "975e5220ecf3a9fb.ir",
  "o":
  ["f8ea78e8cf56128a.olean",
   "1364bcff1e548535.olean.server",
   "dbc900b8b3febfe7.olean.private"],
  "m": true,
  "i": "aaa820d9509e33b3.ilean",
  "c": "43a0c4f78bf69b8b.c"},
 "log":
 [{"message":
   ".> LEAN_PATH=C:\\lean\\mathlib4\\.lake\\packages\\Cli\\.lake\\build\\lib\\lean;C:\\lean\\mathlib4\\.lake\\packages\\batteries\\.lake\\build\\lib\\lean;C:\\lean\\mathlib4\\.lake\\packages\\Qq\\.lake\\build\\lib\\lean;C:\\lean\\mathlib4\\.lake\\packages\\aesop\\.lake\\build\\lib\\lean;C:\\lean\\mathlib4\\.lake\\packages\\proofwidgets\\.lake\\build\\lib\\lean;C:\\lean\\mathlib4\\.lake\\packages\\importGraph\\.lake\\build\\lib\\lean;C:\\lean\\mathlib4\\.lake\\packages\\LeanSearchClient\\.lake\\build\\lib\\lean;C:\\lean\\mathlib4\\.lake\\packages\\plausible\\.lake\\build\\lib\\lean;C:\\lean\\mathlib4\\.lake\\build\\lib\\lean;C:\\lean\\libs\\physlib\\.lake\\build\\lib\\lean c:\\Users\\Administrator\\.elan\\toolchains\\leanprover--lean4---v4.34.0\\bin\\lean.exe -Dwarn.sorry=false -Dweak.says.verify=true C:\\lean\\libs\\physlib\\Physlib\\SpaceAndTime\\Space\\Derivatives\\DerivativeIndex.lean -o C:\\lean\\libs\\physlib\\.lake\\build\\lib\\lean\\Physlib\\SpaceAndTime\\Space\\Derivatives\\DerivativeIndex.olean -i C:\\lean\\libs\\physlib\\.lake\\build\\lib\\lean\\Physlib\\SpaceAndTime\\Space\\Derivatives\\DerivativeIndex.ilean -c C:\\lean\\libs\\physlib\\.lake\\build\\ir\\Physlib\\SpaceAndTime\\Space\\Derivatives\\DerivativeIndex.c --setup C:\\lean\\libs\\physlib\\.lake\\build\\ir\\Physlib\\SpaceAndTime\\Space\\Derivatives\\DerivativeIndex.setup.json --json",
   "level": "trace"}],
 "inputs":
 [["deps",
   [["Physlib/Physlib:extraDep", [["@Physlib:extraDep", "00000000000006bb"]]],
    ["imports",
     [["Mathlib.Algebra.Order.BigOperators.Group.Finset transitive imports (public)",
       "3438e3cc5b22480c"],
      ["Mathlib.Algebra.Order.BigOperators.Group.Finset:importArts",
       "9e197ae3e2d54122"],
      ["Physlib.SpaceAndTime.Space.Derivatives.MultiIndex transitive imports (public)",
       "51b977eac40e56d9"],
      ["Physlib.SpaceAndTime.Space.Derivatives.MultiIndex:importArts",
       "d3a20ef0d670821e"]]]]],
  ["libs",
   [["import dynlibs", "00000000000006bb"],
    ["package external libraries", "00000000000006bb"],
    ["module dynlibs", "00000000000006bb"],
    ["module plugins", "00000000000006bb"]]],
  ["Lean 4.34.0, commit 293d5d0c0c3f3dded4688b3ccd6a33939ac5102b",
   "a1c6c7aa3e9abfe7"],
  ["C:\\lean\\libs\\physlib\\Physlib\\SpaceAndTime\\Space\\Derivatives\\DerivativeIndex.lean",
   "725169581d65a812"],
  ["options", "00000000000006bb"],
  ["isModule: true", "760fcc16989f4b9b"],
  ["Module.name: Physlib.SpaceAndTime.Space.Derivatives.DerivativeIndex",
   "9e5851765bdf3a98"],
  ["Package.id?: (some Physlib)", "6dd4b1a3d0e46d70"],
  ["Module.leanArgs: #[-Dwarn.sorry=false, -Dweak.says.verify=true]",
   "72cd5083b9c31fb2"]],
 "depHash": "df580ac049d0725e"}