{"synthetic": false,
 "schemaVersion": "2025-09-10",
 "outputs":
 {"rs": "a2b72f874fcc8843.ir.sig",
  "r": "b9758c7bd681901f.ir",
  "o":
  ["3796242ceb8d2921.olean",
   "5e8a0d39e0eff1e3.olean.server",
   "b58517b84cf3ec84.olean.private"],
  "m": true,
  "i": "a50eb59d50ba285b.ilean",
  "c": "0783c13ea15feb07.c"},
 "log":
 [{"message":
   ".> LEAN_PATH=C:\\lean\\mathlib4\\.lake\\packages\\Cli\\.lake\\build\\lib\\lean;C:\\lean\\mathlib4\\.lake\\packages\\batteries\\.lake\\build\\lib\\lean;C:\\lean\\mathlib4\\.lake\\packages\\Qq\\.lake\\build\\lib\\lean;C:\\lean\\mathlib4\\.lake\\packages\\aesop\\.lake\\build\\lib\\lean;C:\\lean\\mathlib4\\.lake\\packages\\proofwidgets\\.lake\\build\\lib\\lean;C:\\lean\\mathlib4\\.lake\\packages\\importGraph\\.lake\\build\\lib\\lean;C:\\lean\\mathlib4\\.lake\\packages\\LeanSearchClient\\.lake\\build\\lib\\lean;C:\\lean\\mathlib4\\.lake\\packages\\plausible\\.lake\\build\\lib\\lean;C:\\lean\\mathlib4\\.lake\\build\\lib\\lean;C:\\lean\\libs\\physlib\\.lake\\build\\lib\\lean c:\\Users\\Administrator\\.elan\\toolchains\\leanprover--lean4---v4.34.0\\bin\\lean.exe -Dwarn.sorry=false -Dweak.says.verify=true C:\\lean\\libs\\physlib\\Physlib\\SpaceAndTime\\Time\\InnerProductSpace.lean -o C:\\lean\\libs\\physlib\\.lake\\build\\lib\\lean\\Physlib\\SpaceAndTime\\Time\\InnerProductSpace.olean -i C:\\lean\\libs\\physlib\\.lake\\build\\lib\\lean\\Physlib\\SpaceAndTime\\Time\\InnerProductSpace.ilean -c C:\\lean\\libs\\physlib\\.lake\\build\\ir\\Physlib\\SpaceAndTime\\Time\\InnerProductSpace.c --setup C:\\lean\\libs\\physlib\\.lake\\build\\ir\\Physlib\\SpaceAndTime\\Time\\InnerProductSpace.setup.json --json",
   "level": "trace"}],
 "inputs":
 [["deps",
   [["Physlib/Physlib:extraDep", [["@Physlib:extraDep", "00000000000006bb"]]],
    ["imports",
     [["Mathlib.Analysis.Calculus.FDeriv.Linear transitive imports (public)",
       "5b41b1a233b14055"],
      ["Mathlib.Analysis.Calculus.FDeriv.Linear:importArts",
       "4b504d3a288ba4d3"],
      ["Mathlib.MeasureTheory.Measure.Haar.InnerProductSpace transitive imports (public)",
       "6d7f267b3a67b432"],
      ["Mathlib.MeasureTheory.Measure.Haar.InnerProductSpace:importArts",
       "f4b681ceb4eba741"],
      ["Physlib.SpaceAndTime.Time.Basic transitive imports (public)",
       "93c4459e14614f4f"],
      ["Physlib.SpaceAndTime.Time.Basic:importArts", "f4037419b066400c"]]]]],
  ["libs",
   [["import dynlibs", "00000000000006bb"],
    ["package external libraries", "00000000000006bb"],
    ["module dynlibs", "00000000000006bb"],
    ["module plugins", "00000000000006bb"]]],
  ["Lean 4.34.0, commit 293d5d0c0c3f3dded4688b3ccd6a33939ac5102b",
   "a1c6c7aa3e9abfe7"],
  ["C:\\lean\\libs\\physlib\\Physlib\\SpaceAndTime\\Time\\InnerProductSpace.lean",
   "60ec5a90af698970"],
  ["options", "00000000000006bb"],
  ["isModule: true", "760fcc16989f4b9b"],
  ["Module.name: Physlib.SpaceAndTime.Time.InnerProductSpace",
   "bde8aefe14aec6fd"],
  ["Package.id?: (some Physlib)", "6dd4b1a3d0e46d70"],
  ["Module.leanArgs: #[-Dwarn.sorry=false, -Dweak.says.verify=true]",
   "72cd5083b9c31fb2"]],
 "depHash": "d880309c0a7e94dd"}