{"synthetic": false,
 "schemaVersion": "2025-09-10",
 "outputs":
 {"rs": "85ded9e27cc0d31b.ir.sig",
  "r": "27cc0f3e73a46434.ir",
  "o":
  ["2ba4b596d24e574a.olean",
   "aff91b4af47ade3c.olean.server",
   "53bf0cbb164fb455.olean.private"],
  "m": true,
  "i": "8a4bda50aaee0670.ilean",
  "c": "607ad79a80fb9da1.c"},
 "log":
 [{"message":
   ".> LEAN_PATH=C:\\lean\\mathlib4\\.lake\\packages\\Cli\\.lake\\build\\lib\\lean;C:\\lean\\mathlib4\\.lake\\packages\\batteries\\.lake\\build\\lib\\lean;C:\\lean\\mathlib4\\.lake\\packages\\Qq\\.lake\\build\\lib\\lean;C:\\lean\\mathlib4\\.lake\\packages\\aesop\\.lake\\build\\lib\\lean;C:\\lean\\mathlib4\\.lake\\packages\\proofwidgets\\.lake\\build\\lib\\lean;C:\\lean\\mathlib4\\.lake\\packages\\importGraph\\.lake\\build\\lib\\lean;C:\\lean\\mathlib4\\.lake\\packages\\LeanSearchClient\\.lake\\build\\lib\\lean;C:\\lean\\mathlib4\\.lake\\packages\\plausible\\.lake\\build\\lib\\lean;C:\\lean\\mathlib4\\.lake\\build\\lib\\lean;C:\\lean\\libs\\physlib\\.lake\\build\\lib\\lean c:\\Users\\Administrator\\.elan\\toolchains\\leanprover--lean4---v4.34.0\\bin\\lean.exe -Dwarn.sorry=false -Dweak.says.verify=true C:\\lean\\libs\\physlib\\Physlib\\Particles\\StandardModel\\AnomalyCancellation\\Permutations.lean -o C:\\lean\\libs\\physlib\\.lake\\build\\lib\\lean\\Physlib\\Particles\\StandardModel\\AnomalyCancellation\\Permutations.olean -i C:\\lean\\libs\\physlib\\.lake\\build\\lib\\lean\\Physlib\\Particles\\StandardModel\\AnomalyCancellation\\Permutations.ilean -c C:\\lean\\libs\\physlib\\.lake\\build\\ir\\Physlib\\Particles\\StandardModel\\AnomalyCancellation\\Permutations.c --setup C:\\lean\\libs\\physlib\\.lake\\build\\ir\\Physlib\\Particles\\StandardModel\\AnomalyCancellation\\Permutations.setup.json --json",
   "level": "trace"}],
 "inputs":
 [["deps",
   [["Physlib/Physlib:extraDep", [["@Physlib:extraDep", "00000000000006bb"]]],
    ["imports",
     [["Physlib.Particles.StandardModel.AnomalyCancellation.Basic transitive imports (public)",
       "e589be1527fb9a31"],
      ["Physlib.Particles.StandardModel.AnomalyCancellation.Basic:importArts",
       "b76bd907f6a2eb46"],
      ["Mathlib.RepresentationTheory.Basic transitive imports (public)",
       "fadb0819830c3312"],
      ["Mathlib.RepresentationTheory.Basic:importArts", "a765e82dc30fb332"]]]]],
  ["libs",
   [["import dynlibs", "00000000000006bb"],
    ["package external libraries", "00000000000006bb"],
    ["module dynlibs", "00000000000006bb"],
    ["module plugins", "00000000000006bb"]]],
  ["Lean 4.34.0, commit 293d5d0c0c3f3dded4688b3ccd6a33939ac5102b",
   "a1c6c7aa3e9abfe7"],
  ["C:\\lean\\libs\\physlib\\Physlib\\Particles\\StandardModel\\AnomalyCancellation\\Permutations.lean",
   "75c5ea4a0431796b"],
  ["options", "00000000000006bb"],
  ["isModule: true", "760fcc16989f4b9b"],
  ["Module.name: Physlib.Particles.StandardModel.AnomalyCancellation.Permutations",
   "6663aa75c25cd894"],
  ["Package.id?: (some Physlib)", "6dd4b1a3d0e46d70"],
  ["Module.leanArgs: #[-Dwarn.sorry=false, -Dweak.says.verify=true]",
   "72cd5083b9c31fb2"]],
 "depHash": "b3c383761c0f0c71"}