{"synthetic": false,
 "schemaVersion": "2025-09-10",
 "outputs":
 {"rs": "59bf846b33c86403.ir.sig",
  "r": "de2fa30089f3962c.ir",
  "o":
  ["234a1d3c35fde591.olean",
   "bf75f2f8f5fa0745.olean.server",
   "2662dba080d46e67.olean.private"],
  "m": true,
  "i": "e237628ca93c9d2a.ilean",
  "c": "bc0652ab9d4c653e.c"},
 "log":
 [{"message":
   ".> LEAN_PATH=C:\\lean\\mathlib4\\.lake\\packages\\Cli\\.lake\\build\\lib\\lean;C:\\lean\\mathlib4\\.lake\\packages\\batteries\\.lake\\build\\lib\\lean;C:\\lean\\mathlib4\\.lake\\packages\\Qq\\.lake\\build\\lib\\lean;C:\\lean\\mathlib4\\.lake\\packages\\aesop\\.lake\\build\\lib\\lean;C:\\lean\\mathlib4\\.lake\\packages\\proofwidgets\\.lake\\build\\lib\\lean;C:\\lean\\mathlib4\\.lake\\packages\\importGraph\\.lake\\build\\lib\\lean;C:\\lean\\mathlib4\\.lake\\packages\\LeanSearchClient\\.lake\\build\\lib\\lean;C:\\lean\\mathlib4\\.lake\\packages\\plausible\\.lake\\build\\lib\\lean;C:\\lean\\mathlib4\\.lake\\build\\lib\\lean;C:\\lean\\libs\\physlib\\.lake\\build\\lib\\lean c:\\Users\\Administrator\\.elan\\toolchains\\leanprover--lean4---v4.34.0\\bin\\lean.exe -Dwarn.sorry=false -Dweak.says.verify=true C:\\lean\\libs\\physlib\\Physlib\\Electromagnetism\\PointParticle\\OneDimension.lean -o C:\\lean\\libs\\physlib\\.lake\\build\\lib\\lean\\Physlib\\Electromagnetism\\PointParticle\\OneDimension.olean -i C:\\lean\\libs\\physlib\\.lake\\build\\lib\\lean\\Physlib\\Electromagnetism\\PointParticle\\OneDimension.ilean -c C:\\lean\\libs\\physlib\\.lake\\build\\ir\\Physlib\\Electromagnetism\\PointParticle\\OneDimension.c --setup C:\\lean\\libs\\physlib\\.lake\\build\\ir\\Physlib\\Electromagnetism\\PointParticle\\OneDimension.setup.json --json",
   "level": "trace"}],
 "inputs":
 [["deps",
   [["Physlib/Physlib:extraDep", [["@Physlib:extraDep", "00000000000006bb"]]],
    ["imports",
     [["Physlib.Electromagnetism.Distributional.Dynamics.IsExtrema transitive imports (public)",
       "3defa31a9ebc1f12"],
      ["Physlib.Electromagnetism.Distributional.Dynamics.IsExtrema:importArts",
       "4dc1012f182cc693"],
      ["Physlib.SpaceAndTime.Space.Norm.Basic transitive imports (public)",
       "0b48698fd6779351"],
      ["Physlib.SpaceAndTime.Space.Norm.Basic:importArts", "4749c34e2a2eb6f0"],
      ["Physlib.SpaceAndTime.Space.Translations transitive imports (public)",
       "65969c2d818a947e"],
      ["Physlib.SpaceAndTime.Space.Translations:importArts",
       "60bd661f0c3b268e"]]]]],
  ["libs",
   [["import dynlibs", "00000000000006bb"],
    ["package external libraries", "00000000000006bb"],
    ["module dynlibs", "00000000000006bb"],
    ["module plugins", "00000000000006bb"]]],
  ["Lean 4.34.0, commit 293d5d0c0c3f3dded4688b3ccd6a33939ac5102b",
   "a1c6c7aa3e9abfe7"],
  ["C:\\lean\\libs\\physlib\\Physlib\\Electromagnetism\\PointParticle\\OneDimension.lean",
   "cc4cec2023017ec2"],
  ["options", "00000000000006bb"],
  ["isModule: true", "760fcc16989f4b9b"],
  ["Module.name: Physlib.Electromagnetism.PointParticle.OneDimension",
   "7d5ff3e3a7461e0f"],
  ["Package.id?: (some Physlib)", "6dd4b1a3d0e46d70"],
  ["Module.leanArgs: #[-Dwarn.sorry=false, -Dweak.says.verify=true]",
   "72cd5083b9c31fb2"]],
 "depHash": "820c41e8cc16a4bd"}