{"synthetic": false,
 "schemaVersion": "2025-09-10",
 "outputs":
 {"rs": "f6a1ce885c465422.ir.sig",
  "r": "17893ce6e1bb1f24.ir",
  "o":
  ["e4c9462b927a2c8b.olean",
   "8750775f773934cb.olean.server",
   "1a66ad1d7e03555f.olean.private"],
  "m": true,
  "i": "feadfc3150f35d3b.ilean",
  "c": "765c3e4fb7cb84b7.c"},
 "log":
 [{"message":
   ".> LEAN_PATH=C:\\lean\\mathlib4\\.lake\\packages\\Cli\\.lake\\build\\lib\\lean;C:\\lean\\mathlib4\\.lake\\packages\\batteries\\.lake\\build\\lib\\lean;C:\\lean\\mathlib4\\.lake\\packages\\Qq\\.lake\\build\\lib\\lean;C:\\lean\\mathlib4\\.lake\\packages\\aesop\\.lake\\build\\lib\\lean;C:\\lean\\mathlib4\\.lake\\packages\\proofwidgets\\.lake\\build\\lib\\lean;C:\\lean\\mathlib4\\.lake\\packages\\importGraph\\.lake\\build\\lib\\lean;C:\\lean\\mathlib4\\.lake\\packages\\LeanSearchClient\\.lake\\build\\lib\\lean;C:\\lean\\mathlib4\\.lake\\packages\\plausible\\.lake\\build\\lib\\lean;C:\\lean\\mathlib4\\.lake\\build\\lib\\lean;C:\\lean\\libs\\physlib\\.lake\\build\\lib\\lean c:\\Users\\Administrator\\.elan\\toolchains\\leanprover--lean4---v4.34.0-rc1\\bin\\lean.exe -Dwarn.sorry=false -Dweak.says.verify=true C:\\lean\\libs\\physlib\\Physlib\\Electromagnetism\\PointParticle\\ThreeDimension.lean -o C:\\lean\\libs\\physlib\\.lake\\build\\lib\\lean\\Physlib\\Electromagnetism\\PointParticle\\ThreeDimension.olean -i C:\\lean\\libs\\physlib\\.lake\\build\\lib\\lean\\Physlib\\Electromagnetism\\PointParticle\\ThreeDimension.ilean -c C:\\lean\\libs\\physlib\\.lake\\build\\ir\\Physlib\\Electromagnetism\\PointParticle\\ThreeDimension.c --setup C:\\lean\\libs\\physlib\\.lake\\build\\ir\\Physlib\\Electromagnetism\\PointParticle\\ThreeDimension.setup.json --json",
   "level": "trace"}],
 "inputs":
 [["deps",
   [["Physlib/Physlib:extraDep", [["@Physlib:extraDep", "00000000000006bb"]]],
    ["imports",
     [["Physlib.Electromagnetism.Distributional.Dynamics.IsExtrema transitive imports (public)",
       "0d220d659a7d7515"],
      ["Physlib.Electromagnetism.Distributional.Dynamics.IsExtrema:importArts",
       "f4c48965e47bfa54"],
      ["Physlib.SpaceAndTime.Space.Norm.Basic transitive imports (public)",
       "2fbc5d3f189ab066"],
      ["Physlib.SpaceAndTime.Space.Norm.Basic:importArts", "6fb14756c9a0b0c8"],
      ["Physlib.SpaceAndTime.Space.Translations transitive imports (public)",
       "5e61daaae63fe180"],
      ["Physlib.SpaceAndTime.Space.Translations:importArts",
       "ae04a73ec443f1dc"]]]]],
  ["libs",
   [["import dynlibs", "00000000000006bb"],
    ["package external libraries", "00000000000006bb"],
    ["module dynlibs", "00000000000006bb"],
    ["module plugins", "00000000000006bb"]]],
  ["Lean 4.34.0, commit 3447a668783dbce1a8fdb97101dd067687b2b418",
   "421484e3e0c70198"],
  ["C:\\lean\\libs\\physlib\\Physlib\\Electromagnetism\\PointParticle\\ThreeDimension.lean",
   "67078dd8d921c804"],
  ["options", "00000000000006bb"],
  ["isModule: true", "760fcc16989f4b9b"],
  ["Module.name: Physlib.Electromagnetism.PointParticle.ThreeDimension",
   "d5120bb5db01eaec"],
  ["Package.id?: (some Physlib)", "6dd4b1a3d0e46d70"],
  ["Module.leanArgs: #[-Dwarn.sorry=false, -Dweak.says.verify=true]",
   "72cd5083b9c31fb2"]],
 "depHash": "16bde1924a174d2c"}