{"synthetic": false,
 "schemaVersion": "2025-09-10",
 "outputs":
 {"rs": "f7ad31fa3c6d7579.ir.sig",
  "r": "6cbd68a0a627cf14.ir",
  "o":
  ["a891ddf227525e8d.olean",
   "f404aeafedc0ab65.olean.server",
   "a35f4e2e36702697.olean.private"],
  "m": true,
  "i": "df8051eb8004d9fa.ilean",
  "c": "4d3325725dabbf0d.c"},
 "log":
 [{"message":
   ".> LEAN_PATH=C:\\lean\\mathlib4\\.lake\\packages\\Cli\\.lake\\build\\lib\\lean;C:\\lean\\mathlib4\\.lake\\packages\\batteries\\.lake\\build\\lib\\lean;C:\\lean\\mathlib4\\.lake\\packages\\Qq\\.lake\\build\\lib\\lean;C:\\lean\\mathlib4\\.lake\\packages\\aesop\\.lake\\build\\lib\\lean;C:\\lean\\mathlib4\\.lake\\packages\\proofwidgets\\.lake\\build\\lib\\lean;C:\\lean\\mathlib4\\.lake\\packages\\importGraph\\.lake\\build\\lib\\lean;C:\\lean\\mathlib4\\.lake\\packages\\LeanSearchClient\\.lake\\build\\lib\\lean;C:\\lean\\mathlib4\\.lake\\packages\\plausible\\.lake\\build\\lib\\lean;C:\\lean\\mathlib4\\.lake\\build\\lib\\lean;C:\\lean\\libs\\physlib\\.lake\\build\\lib\\lean c:\\Users\\Administrator\\.elan\\toolchains\\leanprover--lean4---v4.34.0\\bin\\lean.exe -Dwarn.sorry=false -Dweak.says.verify=true C:\\lean\\libs\\physlib\\QuantumInfo\\ForMathlib\\MatrixNorm\\TraceNorm.lean -o C:\\lean\\libs\\physlib\\.lake\\build\\lib\\lean\\QuantumInfo\\ForMathlib\\MatrixNorm\\TraceNorm.olean -i C:\\lean\\libs\\physlib\\.lake\\build\\lib\\lean\\QuantumInfo\\ForMathlib\\MatrixNorm\\TraceNorm.ilean -c C:\\lean\\libs\\physlib\\.lake\\build\\ir\\QuantumInfo\\ForMathlib\\MatrixNorm\\TraceNorm.c --setup C:\\lean\\libs\\physlib\\.lake\\build\\ir\\QuantumInfo\\ForMathlib\\MatrixNorm\\TraceNorm.setup.json --json",
   "level": "trace"},
  {"message":
   "QuantumInfo/ForMathlib/MatrixNorm/TraceNorm.lean:204:44: `if_true` has been deprecated: Use `ite_true` instead",
   "level": "warning"}],
 "inputs":
 [["deps",
   [["Physlib/QuantumInfo:extraDep",
     [["@Physlib:extraDep", "00000000000006bb"]]],
    ["imports",
     [["QuantumInfo.ForMathlib.Matrix transitive imports (public)",
       "58120ce7b9debd78"],
      ["QuantumInfo.ForMathlib.Matrix:importArts", "1256a98bdf5f4f35"],
      ["QuantumInfo.ForMathlib.Majorization transitive imports (public)",
       "5a023197bb433a6c"],
      ["QuantumInfo.ForMathlib.Majorization:importArts", "8d0f7c969ba57524"],
      ["QuantumInfo.ForMathlib.HermitianMat.Unitary transitive imports (public)",
       "e8c16340b732db2b"],
      ["QuantumInfo.ForMathlib.HermitianMat.Unitary:importArts",
       "88f57cb4cc0da784"],
      ["QuantumInfo.ForMathlib.Isometry transitive imports (public)",
       "3a37c5ef76bea288"],
      ["QuantumInfo.ForMathlib.Isometry:importArts", "98fb7cefafdb35c1"]]]]],
  ["libs",
   [["import dynlibs", "00000000000006bb"],
    ["package external libraries", "00000000000006bb"],
    ["module dynlibs", "00000000000006bb"],
    ["module plugins", "00000000000006bb"]]],
  ["Lean 4.34.0, commit 293d5d0c0c3f3dded4688b3ccd6a33939ac5102b",
   "a1c6c7aa3e9abfe7"],
  ["C:\\lean\\libs\\physlib\\QuantumInfo\\ForMathlib\\MatrixNorm\\TraceNorm.lean",
   "25c93495dacc2fb4"],
  ["options", "00000000000006bb"],
  ["isModule: true", "760fcc16989f4b9b"],
  ["Module.name: QuantumInfo.ForMathlib.MatrixNorm.TraceNorm",
   "bb1c38f72471f2e3"],
  ["Package.id?: (some Physlib)", "6dd4b1a3d0e46d70"],
  ["Module.leanArgs: #[-Dwarn.sorry=false, -Dweak.says.verify=true]",
   "72cd5083b9c31fb2"]],
 "depHash": "475f7b6cc6eb72cb"}