{"synthetic": false,
 "schemaVersion": "2025-09-10",
 "outputs":
 {"rs": "6317e1f58c7598e7.ir.sig",
  "r": "8ff36ce694e13511.ir",
  "o":
  ["c0e9c7d40630c90e.olean",
   "a200f69c48832d1c.olean.server",
   "04c18f9d34e7fefe.olean.private"],
  "m": true,
  "i": "61932b815f718053.ilean",
  "c": "46141cd42e45c283.c"},
 "log":
 [{"message":
   ".> LEAN_PATH=C:\\lean\\mathlib4\\.lake\\packages\\Cli\\.lake\\build\\lib\\lean;C:\\lean\\mathlib4\\.lake\\packages\\batteries\\.lake\\build\\lib\\lean;C:\\lean\\mathlib4\\.lake\\packages\\Qq\\.lake\\build\\lib\\lean;C:\\lean\\mathlib4\\.lake\\packages\\aesop\\.lake\\build\\lib\\lean;C:\\lean\\mathlib4\\.lake\\packages\\proofwidgets\\.lake\\build\\lib\\lean;C:\\lean\\mathlib4\\.lake\\packages\\importGraph\\.lake\\build\\lib\\lean;C:\\lean\\mathlib4\\.lake\\packages\\LeanSearchClient\\.lake\\build\\lib\\lean;C:\\lean\\mathlib4\\.lake\\packages\\plausible\\.lake\\build\\lib\\lean;C:\\lean\\mathlib4\\.lake\\build\\lib\\lean;C:\\lean\\libs\\physlib\\.lake\\build\\lib\\lean c:\\Users\\Administrator\\.elan\\toolchains\\leanprover--lean4---v4.34.0-rc1\\bin\\lean.exe -Dwarn.sorry=false -Dweak.says.verify=true C:\\lean\\libs\\physlib\\Physlib\\QFT\\PerturbationTheory\\WickAlgebra\\StaticWickTerm.lean -o C:\\lean\\libs\\physlib\\.lake\\build\\lib\\lean\\Physlib\\QFT\\PerturbationTheory\\WickAlgebra\\StaticWickTerm.olean -i C:\\lean\\libs\\physlib\\.lake\\build\\lib\\lean\\Physlib\\QFT\\PerturbationTheory\\WickAlgebra\\StaticWickTerm.ilean -c C:\\lean\\libs\\physlib\\.lake\\build\\ir\\Physlib\\QFT\\PerturbationTheory\\WickAlgebra\\StaticWickTerm.c --setup C:\\lean\\libs\\physlib\\.lake\\build\\ir\\Physlib\\QFT\\PerturbationTheory\\WickAlgebra\\StaticWickTerm.setup.json --json",
   "level": "trace"}],
 "inputs":
 [["deps",
   [["Physlib/Physlib:extraDep", [["@Physlib:extraDep", "00000000000006bb"]]],
    ["imports",
     [["Physlib.QFT.PerturbationTheory.WickAlgebra.NormalOrder.WickContractions transitive imports (public)",
       "f8f9a53f84c26c5d"],
      ["Physlib.QFT.PerturbationTheory.WickAlgebra.NormalOrder.WickContractions:importArts",
       "8318bb473f5303bf"],
      ["Physlib.QFT.PerturbationTheory.WickContraction.Sign.InsertNone transitive imports (public)",
       "8e31fa016960f488"],
      ["Physlib.QFT.PerturbationTheory.WickContraction.Sign.InsertNone:importArts",
       "a2a7c8b563b19602"],
      ["Physlib.QFT.PerturbationTheory.WickContraction.Sign.InsertSome transitive imports (public)",
       "8e31fa016960f488"],
      ["Physlib.QFT.PerturbationTheory.WickContraction.Sign.InsertSome:importArts",
       "476215b01c627be4"],
      ["Physlib.QFT.PerturbationTheory.WickContraction.StaticContract transitive imports (public)",
       "d12edd0a9242cec5"],
      ["Physlib.QFT.PerturbationTheory.WickContraction.StaticContract:importArts",
       "50f214b0b46506b1"]]]]],
  ["libs",
   [["import dynlibs", "00000000000006bb"],
    ["package external libraries", "00000000000006bb"],
    ["module dynlibs", "00000000000006bb"],
    ["module plugins", "00000000000006bb"]]],
  ["Lean 4.34.0, commit 3447a668783dbce1a8fdb97101dd067687b2b418",
   "421484e3e0c70198"],
  ["C:\\lean\\libs\\physlib\\Physlib\\QFT\\PerturbationTheory\\WickAlgebra\\StaticWickTerm.lean",
   "abfcf432a3b8bac6"],
  ["options", "00000000000006bb"],
  ["isModule: true", "760fcc16989f4b9b"],
  ["Module.name: Physlib.QFT.PerturbationTheory.WickAlgebra.StaticWickTerm",
   "cbdb3832ecb9bd29"],
  ["Package.id?: (some Physlib)", "6dd4b1a3d0e46d70"],
  ["Module.leanArgs: #[-Dwarn.sorry=false, -Dweak.says.verify=true]",
   "72cd5083b9c31fb2"]],
 "depHash": "4f22b0b68b16347f"}