{"synthetic": false,
 "schemaVersion": "2025-09-10",
 "outputs":
 {"rs": "fc53b01852034cb3.ir.sig",
  "r": "63260927a2aa0c8a.ir",
  "o":
  ["0a2329fb4c082d6d.olean",
   "18a551edaf1a2676.olean.server",
   "929f9ca3e2d19c98.olean.private"],
  "m": true,
  "i": "0de1debc11080da6.ilean",
  "c": "aa9e0f8a9f97a41f.c"},
 "log":
 [{"message":
   ".> LEAN_PATH=C:\\lean\\mathlib4\\.lake\\packages\\Cli\\.lake\\build\\lib\\lean;C:\\lean\\mathlib4\\.lake\\packages\\batteries\\.lake\\build\\lib\\lean;C:\\lean\\mathlib4\\.lake\\packages\\Qq\\.lake\\build\\lib\\lean;C:\\lean\\mathlib4\\.lake\\packages\\aesop\\.lake\\build\\lib\\lean;C:\\lean\\mathlib4\\.lake\\packages\\proofwidgets\\.lake\\build\\lib\\lean;C:\\lean\\mathlib4\\.lake\\packages\\importGraph\\.lake\\build\\lib\\lean;C:\\lean\\mathlib4\\.lake\\packages\\LeanSearchClient\\.lake\\build\\lib\\lean;C:\\lean\\mathlib4\\.lake\\packages\\plausible\\.lake\\build\\lib\\lean;C:\\lean\\mathlib4\\.lake\\build\\lib\\lean;C:\\lean\\libs\\physlib\\.lake\\build\\lib\\lean c:\\Users\\Administrator\\.elan\\toolchains\\leanprover--lean4---v4.34.0-rc1\\bin\\lean.exe -Dwarn.sorry=false -Dweak.says.verify=true C:\\lean\\libs\\physlib\\Physlib\\QFT\\PerturbationTheory\\WickAlgebra\\WickTerm.lean -o C:\\lean\\libs\\physlib\\.lake\\build\\lib\\lean\\Physlib\\QFT\\PerturbationTheory\\WickAlgebra\\WickTerm.olean -i C:\\lean\\libs\\physlib\\.lake\\build\\lib\\lean\\Physlib\\QFT\\PerturbationTheory\\WickAlgebra\\WickTerm.ilean -c C:\\lean\\libs\\physlib\\.lake\\build\\ir\\Physlib\\QFT\\PerturbationTheory\\WickAlgebra\\WickTerm.c --setup C:\\lean\\libs\\physlib\\.lake\\build\\ir\\Physlib\\QFT\\PerturbationTheory\\WickAlgebra\\WickTerm.setup.json --json",
   "level": "trace"}],
 "inputs":
 [["deps",
   [["Physlib/Physlib:extraDep", [["@Physlib:extraDep", "00000000000006bb"]]],
    ["imports",
     [["Physlib.QFT.PerturbationTheory.WickContraction.Sign.InsertNone transitive imports (public)",
       "8e31fa016960f488"],
      ["Physlib.QFT.PerturbationTheory.WickContraction.Sign.InsertNone:importArts",
       "a2a7c8b563b19602"],
      ["Physlib.QFT.PerturbationTheory.WickContraction.Sign.InsertSome transitive imports (public)",
       "8e31fa016960f488"],
      ["Physlib.QFT.PerturbationTheory.WickContraction.Sign.InsertSome:importArts",
       "476215b01c627be4"],
      ["Physlib.QFT.PerturbationTheory.WickContraction.TimeContract transitive imports (public)",
       "303c536d448776b4"],
      ["Physlib.QFT.PerturbationTheory.WickContraction.TimeContract:importArts",
       "3b390d007d6e2494"],
      ["Physlib.QFT.PerturbationTheory.WickAlgebra.NormalOrder.WickContractions transitive imports (public)",
       "f8f9a53f84c26c5d"],
      ["Physlib.QFT.PerturbationTheory.WickAlgebra.NormalOrder.WickContractions:importArts",
       "8318bb473f5303bf"]]]]],
  ["libs",
   [["import dynlibs", "00000000000006bb"],
    ["package external libraries", "00000000000006bb"],
    ["module dynlibs", "00000000000006bb"],
    ["module plugins", "00000000000006bb"]]],
  ["Lean 4.34.0, commit 3447a668783dbce1a8fdb97101dd067687b2b418",
   "421484e3e0c70198"],
  ["C:\\lean\\libs\\physlib\\Physlib\\QFT\\PerturbationTheory\\WickAlgebra\\WickTerm.lean",
   "d3bed0cf96e84300"],
  ["options", "00000000000006bb"],
  ["isModule: true", "760fcc16989f4b9b"],
  ["Module.name: Physlib.QFT.PerturbationTheory.WickAlgebra.WickTerm",
   "19efabece4d7ca6e"],
  ["Package.id?: (some Physlib)", "6dd4b1a3d0e46d70"],
  ["Module.leanArgs: #[-Dwarn.sorry=false, -Dweak.says.verify=true]",
   "72cd5083b9c31fb2"]],
 "depHash": "48b49a2fbda1bb23"}