{"synthetic": false,
 "schemaVersion": "2025-09-10",
 "outputs":
 {"rs": "411852ed07fab458.ir.sig",
  "r": "d696e5e9ad618540.ir",
  "o":
  ["079dda3e7519dc73.olean",
   "88c68fa7a66b6971.olean.server",
   "7fca9a1546211e24.olean.private"],
  "m": true,
  "i": "89789378e7f69dbf.ilean",
  "c": "45a2b8bc27944c68.c"},
 "log":
 [{"message":
   ".> LEAN_PATH=C:\\lean\\mathlib4\\.lake\\packages\\Cli\\.lake\\build\\lib\\lean;C:\\lean\\mathlib4\\.lake\\packages\\batteries\\.lake\\build\\lib\\lean;C:\\lean\\mathlib4\\.lake\\packages\\Qq\\.lake\\build\\lib\\lean;C:\\lean\\mathlib4\\.lake\\packages\\aesop\\.lake\\build\\lib\\lean;C:\\lean\\mathlib4\\.lake\\packages\\proofwidgets\\.lake\\build\\lib\\lean;C:\\lean\\mathlib4\\.lake\\packages\\importGraph\\.lake\\build\\lib\\lean;C:\\lean\\mathlib4\\.lake\\packages\\LeanSearchClient\\.lake\\build\\lib\\lean;C:\\lean\\mathlib4\\.lake\\packages\\plausible\\.lake\\build\\lib\\lean;C:\\lean\\mathlib4\\.lake\\build\\lib\\lean;C:\\lean\\libs\\physlib\\.lake\\build\\lib\\lean c:\\Users\\Administrator\\.elan\\toolchains\\leanprover--lean4---v4.34.0\\bin\\lean.exe -Dwarn.sorry=false -Dweak.says.verify=true C:\\lean\\libs\\physlib\\Physlib\\QFT\\PerturbationTheory\\WickAlgebra\\WicksTheoremNormal.lean -o C:\\lean\\libs\\physlib\\.lake\\build\\lib\\lean\\Physlib\\QFT\\PerturbationTheory\\WickAlgebra\\WicksTheoremNormal.olean -i C:\\lean\\libs\\physlib\\.lake\\build\\lib\\lean\\Physlib\\QFT\\PerturbationTheory\\WickAlgebra\\WicksTheoremNormal.ilean -c C:\\lean\\libs\\physlib\\.lake\\build\\ir\\Physlib\\QFT\\PerturbationTheory\\WickAlgebra\\WicksTheoremNormal.c --setup C:\\lean\\libs\\physlib\\.lake\\build\\ir\\Physlib\\QFT\\PerturbationTheory\\WickAlgebra\\WicksTheoremNormal.setup.json --json",
   "level": "trace"}],
 "inputs":
 [["deps",
   [["Physlib/Physlib:extraDep", [["@Physlib:extraDep", "00000000000006bb"]]],
    ["imports",
     [["Physlib.QFT.PerturbationTheory.WickAlgebra.StaticWickTheorem transitive imports (public)",
       "ed85e6f320bd4fa7"],
      ["Physlib.QFT.PerturbationTheory.WickAlgebra.StaticWickTheorem:importArts",
       "f718151e3dccac5b"],
      ["Physlib.QFT.PerturbationTheory.WickAlgebra.WicksTheorem transitive imports (public)",
       "b76dfe52fc62032e"],
      ["Physlib.QFT.PerturbationTheory.WickAlgebra.WicksTheorem:importArts",
       "46f314fa55716786"],
      ["Physlib.QFT.PerturbationTheory.WickContraction.Sign.Join transitive imports (public)",
       "4a990cbdab7434f5"],
      ["Physlib.QFT.PerturbationTheory.WickContraction.Sign.Join:importArts",
       "d77cb726e7aa4499"],
      ["Physlib.QFT.PerturbationTheory.WickContraction.TimeCond transitive imports (public)",
       "4a990cbdab7434f5"],
      ["Physlib.QFT.PerturbationTheory.WickContraction.TimeCond:importArts",
       "c7fc73c3b7a924e1"]]]]],
  ["libs",
   [["import dynlibs", "00000000000006bb"],
    ["package external libraries", "00000000000006bb"],
    ["module dynlibs", "00000000000006bb"],
    ["module plugins", "00000000000006bb"]]],
  ["Lean 4.34.0, commit 293d5d0c0c3f3dded4688b3ccd6a33939ac5102b",
   "a1c6c7aa3e9abfe7"],
  ["C:\\lean\\libs\\physlib\\Physlib\\QFT\\PerturbationTheory\\WickAlgebra\\WicksTheoremNormal.lean",
   "76534b3ec9925cde"],
  ["options", "00000000000006bb"],
  ["isModule: true", "760fcc16989f4b9b"],
  ["Module.name: Physlib.QFT.PerturbationTheory.WickAlgebra.WicksTheoremNormal",
   "184db273a88134f9"],
  ["Package.id?: (some Physlib)", "6dd4b1a3d0e46d70"],
  ["Module.leanArgs: #[-Dwarn.sorry=false, -Dweak.says.verify=true]",
   "72cd5083b9c31fb2"]],
 "depHash": "22b0f655be817c8e"}