{"synthetic": false,
 "schemaVersion": "2025-09-10",
 "outputs":
 {"rs": "b071779ef3ddeaae.ir.sig",
  "r": "ffb1d9e9752e18bb.ir",
  "o":
  ["a9dfae419e812466.olean",
   "694c56aee27a3f61.olean.server",
   "6fcc3fc9d27c465e.olean.private"],
  "m": true,
  "i": "4414f9fc1e0345d0.ilean",
  "c": "72e8fc69d71f4a78.c"},
 "log":
 [{"message":
   ".> LEAN_PATH=C:\\lean\\mathlib4\\.lake\\packages\\Cli\\.lake\\build\\lib\\lean;C:\\lean\\mathlib4\\.lake\\packages\\batteries\\.lake\\build\\lib\\lean;C:\\lean\\mathlib4\\.lake\\packages\\Qq\\.lake\\build\\lib\\lean;C:\\lean\\mathlib4\\.lake\\packages\\aesop\\.lake\\build\\lib\\lean;C:\\lean\\mathlib4\\.lake\\packages\\proofwidgets\\.lake\\build\\lib\\lean;C:\\lean\\mathlib4\\.lake\\packages\\importGraph\\.lake\\build\\lib\\lean;C:\\lean\\mathlib4\\.lake\\packages\\LeanSearchClient\\.lake\\build\\lib\\lean;C:\\lean\\mathlib4\\.lake\\packages\\plausible\\.lake\\build\\lib\\lean;C:\\lean\\mathlib4\\.lake\\build\\lib\\lean;C:\\lean\\libs\\physlib\\.lake\\build\\lib\\lean c:\\Users\\Administrator\\.elan\\toolchains\\leanprover--lean4---v4.34.0\\bin\\lean.exe -Dwarn.sorry=false -Dweak.says.verify=true C:\\lean\\libs\\physlib\\Physlib\\ClassicalMechanics\\Lagrangian\\TotalDerivativeEquivalence.lean -o C:\\lean\\libs\\physlib\\.lake\\build\\lib\\lean\\Physlib\\ClassicalMechanics\\Lagrangian\\TotalDerivativeEquivalence.olean -i C:\\lean\\libs\\physlib\\.lake\\build\\lib\\lean\\Physlib\\ClassicalMechanics\\Lagrangian\\TotalDerivativeEquivalence.ilean -c C:\\lean\\libs\\physlib\\.lake\\build\\ir\\Physlib\\ClassicalMechanics\\Lagrangian\\TotalDerivativeEquivalence.c --setup C:\\lean\\libs\\physlib\\.lake\\build\\ir\\Physlib\\ClassicalMechanics\\Lagrangian\\TotalDerivativeEquivalence.setup.json --json",
   "level": "trace"}],
 "inputs":
 [["deps",
   [["Physlib/Physlib:extraDep", [["@Physlib:extraDep", "00000000000006bb"]]],
    ["imports",
     [["Physlib.Mathematics.InnerProductSpace.Basic transitive imports (public)",
       "8834b7d38545fde6"],
      ["Physlib.Mathematics.InnerProductSpace.Basic:importArts",
       "4f203dfa0cf7b40c"],
      ["Mathlib.Analysis.InnerProductSpace.Dual transitive imports (public)",
       "416b30a7fe58151b"],
      ["Mathlib.Analysis.InnerProductSpace.Dual:importArts",
       "21343bd8e535be36"],
      ["Physlib.SpaceAndTime.Time.Derivatives transitive imports (public)",
       "f0fcd12808a72714"],
      ["Physlib.SpaceAndTime.Time.Derivatives:importArts", "f99cd158b939eeb8"],
      ["Mathlib.Analysis.Calculus.ContDiff.CPolynomial transitive imports (public)",
       "d9ab3e6cd9316295"],
      ["Mathlib.Analysis.Calculus.ContDiff.CPolynomial:importArts",
       "5d88d24b0bb8966c"],
      ["Physlib.Mathematics.VariationalCalculus.HasVarGradient transitive imports (public)",
       "b4ad3392a9915bb9"],
      ["Physlib.Mathematics.VariationalCalculus.HasVarGradient:importArts",
       "c60210361276e19b"],
      ["Physlib.ClassicalMechanics.EulerLagrange transitive imports (public)",
       "ffa4ee99cdb601aa"],
      ["Physlib.ClassicalMechanics.EulerLagrange:importArts",
       "9c7ed83f3c32b327"]]]]],
  ["libs",
   [["import dynlibs", "00000000000006bb"],
    ["package external libraries", "00000000000006bb"],
    ["module dynlibs", "00000000000006bb"],
    ["module plugins", "00000000000006bb"]]],
  ["Lean 4.34.0, commit 293d5d0c0c3f3dded4688b3ccd6a33939ac5102b",
   "a1c6c7aa3e9abfe7"],
  ["C:\\lean\\libs\\physlib\\Physlib\\ClassicalMechanics\\Lagrangian\\TotalDerivativeEquivalence.lean",
   "9808cdb50c1a8c56"],
  ["options", "00000000000006bb"],
  ["isModule: true", "760fcc16989f4b9b"],
  ["Module.name: Physlib.ClassicalMechanics.Lagrangian.TotalDerivativeEquivalence",
   "d6115cbfa9cc168b"],
  ["Package.id?: (some Physlib)", "6dd4b1a3d0e46d70"],
  ["Module.leanArgs: #[-Dwarn.sorry=false, -Dweak.says.verify=true]",
   "72cd5083b9c31fb2"]],
 "depHash": "100f6a4a1e40b894"}