{"synthetic": false,
 "schemaVersion": "2025-09-10",
 "outputs":
 {"rs": "b799d8be0890b38f.ir.sig",
  "r": "3d0a3d48e2787871.ir",
  "o":
  ["a194178234a5c75b.olean",
   "65fe839d9aa9a34a.olean.server",
   "9315eb8fe2b2e65b.olean.private"],
  "m": true,
  "i": "4d4a3e0f888af5fa.ilean",
  "c": "a936f34c71242051.c"},
 "log":
 [{"message":
   ".> LEAN_PATH=C:\\lean\\mathlib4\\.lake\\packages\\Cli\\.lake\\build\\lib\\lean;C:\\lean\\mathlib4\\.lake\\packages\\batteries\\.lake\\build\\lib\\lean;C:\\lean\\mathlib4\\.lake\\packages\\Qq\\.lake\\build\\lib\\lean;C:\\lean\\mathlib4\\.lake\\packages\\aesop\\.lake\\build\\lib\\lean;C:\\lean\\mathlib4\\.lake\\packages\\proofwidgets\\.lake\\build\\lib\\lean;C:\\lean\\mathlib4\\.lake\\packages\\importGraph\\.lake\\build\\lib\\lean;C:\\lean\\mathlib4\\.lake\\packages\\LeanSearchClient\\.lake\\build\\lib\\lean;C:\\lean\\mathlib4\\.lake\\packages\\plausible\\.lake\\build\\lib\\lean;C:\\lean\\mathlib4\\.lake\\build\\lib\\lean;C:\\lean\\libs\\physlib\\.lake\\build\\lib\\lean c:\\Users\\Administrator\\.elan\\toolchains\\leanprover--lean4---v4.34.0\\bin\\lean.exe -Dwarn.sorry=false -Dweak.says.verify=true C:\\lean\\libs\\physlib\\Physlib\\Relativity\\Tensors\\RealTensor\\Vector\\Pre\\Modules.lean -o C:\\lean\\libs\\physlib\\.lake\\build\\lib\\lean\\Physlib\\Relativity\\Tensors\\RealTensor\\Vector\\Pre\\Modules.olean -i C:\\lean\\libs\\physlib\\.lake\\build\\lib\\lean\\Physlib\\Relativity\\Tensors\\RealTensor\\Vector\\Pre\\Modules.ilean -c C:\\lean\\libs\\physlib\\.lake\\build\\ir\\Physlib\\Relativity\\Tensors\\RealTensor\\Vector\\Pre\\Modules.c --setup C:\\lean\\libs\\physlib\\.lake\\build\\ir\\Physlib\\Relativity\\Tensors\\RealTensor\\Vector\\Pre\\Modules.setup.json --json",
   "level": "trace"}],
 "inputs":
 [["deps",
   [["Physlib/Physlib:extraDep", [["@Physlib:extraDep", "00000000000006bb"]]],
    ["imports",
     [["Physlib.Relativity.PauliMatrices.SelfAdjoint transitive imports (public)",
       "b081ab66cad1627d"],
      ["Physlib.Relativity.PauliMatrices.SelfAdjoint:importArts",
       "9662d579aa601d74"],
      ["Mathlib.RepresentationTheory.Basic transitive imports (public)",
       "fadb0819830c3312"],
      ["Mathlib.RepresentationTheory.Basic:importArts", "a765e82dc30fb332"],
      ["Physlib.Relativity.LorentzGroup.Basic transitive imports (public)",
       "5085830edd20f77f"],
      ["Physlib.Relativity.LorentzGroup.Basic:importArts", "03826052503eb420"],
      ["Mathlib.Analysis.InnerProductSpace.PiL2 transitive imports (public)",
       "3d0ac67deb197c5c"],
      ["Mathlib.Analysis.InnerProductSpace.PiL2:importArts",
       "e80e96e1149f4aa4"]]]]],
  ["libs",
   [["import dynlibs", "00000000000006bb"],
    ["package external libraries", "00000000000006bb"],
    ["module dynlibs", "00000000000006bb"],
    ["module plugins", "00000000000006bb"]]],
  ["Lean 4.34.0, commit 293d5d0c0c3f3dded4688b3ccd6a33939ac5102b",
   "a1c6c7aa3e9abfe7"],
  ["C:\\lean\\libs\\physlib\\Physlib\\Relativity\\Tensors\\RealTensor\\Vector\\Pre\\Modules.lean",
   "af649492262a61c4"],
  ["options", "00000000000006bb"],
  ["isModule: true", "760fcc16989f4b9b"],
  ["Module.name: Physlib.Relativity.Tensors.RealTensor.Vector.Pre.Modules",
   "4ab9314ed66f40d6"],
  ["Package.id?: (some Physlib)", "6dd4b1a3d0e46d70"],
  ["Module.leanArgs: #[-Dwarn.sorry=false, -Dweak.says.verify=true]",
   "72cd5083b9c31fb2"]],
 "depHash": "33abd49cb6ddf44f"}