{"synthetic": false,
 "schemaVersion": "2025-09-10",
 "outputs":
 {"rs": "432bed030ce48ff8.ir.sig",
  "r": "ed3b23dbd70af680.ir",
  "o":
  ["d227319823559f1e.olean",
   "795b931b80210612.olean.server",
   "d6e0218689993594.olean.private"],
  "m": true,
  "i": "4de5ef110763f75a.ilean",
  "c": "ad5b76e6150b95c5.c"},
 "log":
 [{"message":
   ".> LEAN_PATH=C:\\lean\\mathlib4\\.lake\\packages\\Cli\\.lake\\build\\lib\\lean;C:\\lean\\mathlib4\\.lake\\packages\\batteries\\.lake\\build\\lib\\lean;C:\\lean\\mathlib4\\.lake\\packages\\Qq\\.lake\\build\\lib\\lean;C:\\lean\\mathlib4\\.lake\\packages\\aesop\\.lake\\build\\lib\\lean;C:\\lean\\mathlib4\\.lake\\packages\\proofwidgets\\.lake\\build\\lib\\lean;C:\\lean\\mathlib4\\.lake\\packages\\importGraph\\.lake\\build\\lib\\lean;C:\\lean\\mathlib4\\.lake\\packages\\LeanSearchClient\\.lake\\build\\lib\\lean;C:\\lean\\mathlib4\\.lake\\packages\\plausible\\.lake\\build\\lib\\lean;C:\\lean\\mathlib4\\.lake\\build\\lib\\lean;C:\\lean\\libs\\physlib\\.lake\\build\\lib\\lean c:\\Users\\Administrator\\.elan\\toolchains\\leanprover--lean4---v4.34.0\\bin\\lean.exe -Dwarn.sorry=false -Dweak.says.verify=true C:\\lean\\libs\\physlib\\Physlib\\SpaceAndTime\\Space\\ConstantSliceDist.lean -o C:\\lean\\libs\\physlib\\.lake\\build\\lib\\lean\\Physlib\\SpaceAndTime\\Space\\ConstantSliceDist.olean -i C:\\lean\\libs\\physlib\\.lake\\build\\lib\\lean\\Physlib\\SpaceAndTime\\Space\\ConstantSliceDist.ilean -c C:\\lean\\libs\\physlib\\.lake\\build\\ir\\Physlib\\SpaceAndTime\\Space\\ConstantSliceDist.c --setup C:\\lean\\libs\\physlib\\.lake\\build\\ir\\Physlib\\SpaceAndTime\\Space\\ConstantSliceDist.setup.json --json",
   "level": "trace"}],
 "inputs":
 [["deps",
   [["Physlib/Physlib:extraDep", [["@Physlib:extraDep", "00000000000006bb"]]],
    ["imports",
     [["Mathlib.Analysis.Calculus.ContDiff.FiniteDimension transitive imports (public)",
       "14a902aa2a758562"],
      ["Mathlib.Analysis.Calculus.ContDiff.FiniteDimension:importArts",
       "216a93706fb292f6"],
      ["Physlib.SpaceAndTime.Space.Derivatives.Basic transitive imports (public)",
       "5ae671ed05a1271a"],
      ["Physlib.SpaceAndTime.Space.Derivatives.Basic:importArts",
       "fa13db80eedae68e"],
      ["Physlib.SpaceAndTime.Space.Slice transitive imports (public)",
       "4d418d6891d2339a"],
      ["Physlib.SpaceAndTime.Space.Slice:importArts", "3fb97c4e441efcf3"],
      ["Mathlib.Analysis.Calculus.ParametricIntegral transitive imports (public)",
       "5ed308b03e1fbb4d"],
      ["Mathlib.Analysis.Calculus.ParametricIntegral:importArts",
       "a14665d6ba77c71f"]]]]],
  ["libs",
   [["import dynlibs", "00000000000006bb"],
    ["package external libraries", "00000000000006bb"],
    ["module dynlibs", "00000000000006bb"],
    ["module plugins", "00000000000006bb"]]],
  ["Lean 4.34.0, commit 293d5d0c0c3f3dded4688b3ccd6a33939ac5102b",
   "a1c6c7aa3e9abfe7"],
  ["C:\\lean\\libs\\physlib\\Physlib\\SpaceAndTime\\Space\\ConstantSliceDist.lean",
   "db05527d7df4de8d"],
  ["options", "00000000000006bb"],
  ["isModule: true", "760fcc16989f4b9b"],
  ["Module.name: Physlib.SpaceAndTime.Space.ConstantSliceDist",
   "67f214dc862703b3"],
  ["Package.id?: (some Physlib)", "6dd4b1a3d0e46d70"],
  ["Module.leanArgs: #[-Dwarn.sorry=false, -Dweak.says.verify=true]",
   "72cd5083b9c31fb2"]],
 "depHash": "3ca72efb3397ad22"}