{"synthetic": false,
 "schemaVersion": "2025-09-10",
 "outputs":
 {"rs": "98e017530f8ecbcd.ir.sig",
  "r": "64f483f3b2fb722c.ir",
  "o":
  ["f4215c576c23a854.olean",
   "80a53881a57fbd83.olean.server",
   "16edf5897486c470.olean.private"],
  "m": true,
  "i": "f337323cf29e4d85.ilean",
  "c": "a6e7a9461e123a54.c"},
 "log":
 [{"message":
   ".> LEAN_PATH=C:\\lean\\mathlib4\\.lake\\packages\\Cli\\.lake\\build\\lib\\lean;C:\\lean\\mathlib4\\.lake\\packages\\batteries\\.lake\\build\\lib\\lean;C:\\lean\\mathlib4\\.lake\\packages\\Qq\\.lake\\build\\lib\\lean;C:\\lean\\mathlib4\\.lake\\packages\\aesop\\.lake\\build\\lib\\lean;C:\\lean\\mathlib4\\.lake\\packages\\proofwidgets\\.lake\\build\\lib\\lean;C:\\lean\\mathlib4\\.lake\\packages\\importGraph\\.lake\\build\\lib\\lean;C:\\lean\\mathlib4\\.lake\\packages\\LeanSearchClient\\.lake\\build\\lib\\lean;C:\\lean\\mathlib4\\.lake\\packages\\plausible\\.lake\\build\\lib\\lean;C:\\lean\\mathlib4\\.lake\\build\\lib\\lean;C:\\lean\\libs\\physlib\\.lake\\build\\lib\\lean c:\\Users\\Administrator\\.elan\\toolchains\\leanprover--lean4---v4.34.0\\bin\\lean.exe -Dwarn.sorry=false -Dweak.says.verify=true C:\\lean\\libs\\physlib\\Physlib\\SpaceAndTime\\Space\\CrossProduct.lean -o C:\\lean\\libs\\physlib\\.lake\\build\\lib\\lean\\Physlib\\SpaceAndTime\\Space\\CrossProduct.olean -i C:\\lean\\libs\\physlib\\.lake\\build\\lib\\lean\\Physlib\\SpaceAndTime\\Space\\CrossProduct.ilean -c C:\\lean\\libs\\physlib\\.lake\\build\\ir\\Physlib\\SpaceAndTime\\Space\\CrossProduct.c --setup C:\\lean\\libs\\physlib\\.lake\\build\\ir\\Physlib\\SpaceAndTime\\Space\\CrossProduct.setup.json --json",
   "level": "trace"}],
 "inputs":
 [["deps",
   [["Physlib/Physlib:extraDep", [["@Physlib:extraDep", "00000000000006bb"]]],
    ["imports",
     [["Mathlib.LinearAlgebra.CrossProduct transitive imports (public)",
       "387ad28acd0b9bb1"],
      ["Mathlib.LinearAlgebra.CrossProduct:importArts", "656fd8af25d062d0"],
      ["Physlib.SpaceAndTime.Time.Derivatives transitive imports (public)",
       "f0fcd12808a72714"],
      ["Physlib.SpaceAndTime.Time.Derivatives:importArts",
       "f99cd158b939eeb8"]]]]],
  ["libs",
   [["import dynlibs", "00000000000006bb"],
    ["package external libraries", "00000000000006bb"],
    ["module dynlibs", "00000000000006bb"],
    ["module plugins", "00000000000006bb"]]],
  ["Lean 4.34.0, commit 293d5d0c0c3f3dded4688b3ccd6a33939ac5102b",
   "a1c6c7aa3e9abfe7"],
  ["C:\\lean\\libs\\physlib\\Physlib\\SpaceAndTime\\Space\\CrossProduct.lean",
   "bec6ce3153aee252"],
  ["options", "00000000000006bb"],
  ["isModule: true", "760fcc16989f4b9b"],
  ["Module.name: Physlib.SpaceAndTime.Space.CrossProduct", "6ae1957bde6b4cef"],
  ["Package.id?: (some Physlib)", "6dd4b1a3d0e46d70"],
  ["Module.leanArgs: #[-Dwarn.sorry=false, -Dweak.says.verify=true]",
   "72cd5083b9c31fb2"]],
 "depHash": "8139b8097787f300"}