{"synthetic": false,
 "schemaVersion": "2025-09-10",
 "outputs":
 {"rs": "f2c678abda23e9ea.ir.sig",
  "r": "e8d4177bb456e9c9.ir",
  "o":
  ["9c4b3f6825fb398f.olean",
   "c50332e50badd240.olean.server",
   "418376a901b870a1.olean.private"],
  "m": true,
  "i": "7e11b8f5b604e2de.ilean",
  "c": "0750ba6cd517ac9a.c"},
 "log":
 [{"message":
   ".> LEAN_PATH=C:\\lean\\mathlib4\\.lake\\packages\\Cli\\.lake\\build\\lib\\lean;C:\\lean\\mathlib4\\.lake\\packages\\batteries\\.lake\\build\\lib\\lean;C:\\lean\\mathlib4\\.lake\\packages\\Qq\\.lake\\build\\lib\\lean;C:\\lean\\mathlib4\\.lake\\packages\\aesop\\.lake\\build\\lib\\lean;C:\\lean\\mathlib4\\.lake\\packages\\proofwidgets\\.lake\\build\\lib\\lean;C:\\lean\\mathlib4\\.lake\\packages\\importGraph\\.lake\\build\\lib\\lean;C:\\lean\\mathlib4\\.lake\\packages\\LeanSearchClient\\.lake\\build\\lib\\lean;C:\\lean\\mathlib4\\.lake\\packages\\plausible\\.lake\\build\\lib\\lean;C:\\lean\\mathlib4\\.lake\\build\\lib\\lean;C:\\lean\\libs\\physlib\\.lake\\build\\lib\\lean c:\\Users\\Administrator\\.elan\\toolchains\\leanprover--lean4---v4.34.0\\bin\\lean.exe -Dwarn.sorry=false -Dweak.says.verify=true C:\\lean\\libs\\physlib\\Physlib\\SpaceAndTime\\Space\\IsDistBounded.lean -o C:\\lean\\libs\\physlib\\.lake\\build\\lib\\lean\\Physlib\\SpaceAndTime\\Space\\IsDistBounded.olean -i C:\\lean\\libs\\physlib\\.lake\\build\\lib\\lean\\Physlib\\SpaceAndTime\\Space\\IsDistBounded.ilean -c C:\\lean\\libs\\physlib\\.lake\\build\\ir\\Physlib\\SpaceAndTime\\Space\\IsDistBounded.c --setup C:\\lean\\libs\\physlib\\.lake\\build\\ir\\Physlib\\SpaceAndTime\\Space\\IsDistBounded.setup.json --json",
   "level": "trace"}],
 "inputs":
 [["deps",
   [["Physlib/Physlib:extraDep", [["@Physlib:extraDep", "00000000000006bb"]]],
    ["imports",
     [["Physlib.SpaceAndTime.Space.Integrals.RadialAngularMeasure transitive imports (public)",
       "acc5e5f0a413204b"],
      ["Physlib.SpaceAndTime.Space.Integrals.RadialAngularMeasure:importArts",
       "1bc62171698305e0"],
      ["Physlib.SpaceAndTime.Time.InnerProductSpace transitive imports (public)",
       "d99dfce9622826c4"],
      ["Physlib.SpaceAndTime.Time.InnerProductSpace:importArts",
       "a2e4f7c402d6045e"],
      ["Physlib.Relativity.Tensors.RealTensor.Vector.Basic transitive imports (public)",
       "0bdf42c875b4d901"],
      ["Physlib.Relativity.Tensors.RealTensor.Vector.Basic:importArts",
       "73135baeaf3f8b1d"],
      ["Mathlib.Analysis.Distribution.SchwartzSpace.Deriv transitive imports (public)",
       "2e7ede2af93ab1fa"],
      ["Mathlib.Analysis.Distribution.SchwartzSpace.Deriv:importArts",
       "8165924b77d92963"]]]]],
  ["libs",
   [["import dynlibs", "00000000000006bb"],
    ["package external libraries", "00000000000006bb"],
    ["module dynlibs", "00000000000006bb"],
    ["module plugins", "00000000000006bb"]]],
  ["Lean 4.34.0, commit 293d5d0c0c3f3dded4688b3ccd6a33939ac5102b",
   "a1c6c7aa3e9abfe7"],
  ["C:\\lean\\libs\\physlib\\Physlib\\SpaceAndTime\\Space\\IsDistBounded.lean",
   "815f948556093e96"],
  ["options", "00000000000006bb"],
  ["isModule: true", "760fcc16989f4b9b"],
  ["Module.name: Physlib.SpaceAndTime.Space.IsDistBounded", "a6a0fe84f504de0c"],
  ["Package.id?: (some Physlib)", "6dd4b1a3d0e46d70"],
  ["Module.leanArgs: #[-Dwarn.sorry=false, -Dweak.says.verify=true]",
   "72cd5083b9c31fb2"]],
 "depHash": "5595b5dd3fdc7438"}