{"synthetic": false,
 "schemaVersion": "2025-09-10",
 "outputs":
 {"rs": "0df37fbaa5ca4cc4.ir.sig",
  "r": "2fb422d439c2fcec.ir",
  "o":
  ["0b54ef71e329a4fb.olean",
   "c06eea491f056e16.olean.server",
   "b34a2f887fdee58d.olean.private"],
  "m": true,
  "i": "81458766811bfcd0.ilean",
  "c": "2aacd674308ba939.c"},
 "log":
 [{"message":
   ".> LEAN_PATH=C:\\lean\\mathlib4\\.lake\\packages\\Cli\\.lake\\build\\lib\\lean;C:\\lean\\mathlib4\\.lake\\packages\\batteries\\.lake\\build\\lib\\lean;C:\\lean\\mathlib4\\.lake\\packages\\Qq\\.lake\\build\\lib\\lean;C:\\lean\\mathlib4\\.lake\\packages\\aesop\\.lake\\build\\lib\\lean;C:\\lean\\mathlib4\\.lake\\packages\\proofwidgets\\.lake\\build\\lib\\lean;C:\\lean\\mathlib4\\.lake\\packages\\importGraph\\.lake\\build\\lib\\lean;C:\\lean\\mathlib4\\.lake\\packages\\LeanSearchClient\\.lake\\build\\lib\\lean;C:\\lean\\mathlib4\\.lake\\packages\\plausible\\.lake\\build\\lib\\lean;C:\\lean\\mathlib4\\.lake\\build\\lib\\lean;C:\\lean\\libs\\physlib\\.lake\\build\\lib\\lean c:\\Users\\Administrator\\.elan\\toolchains\\leanprover--lean4---v4.34.0\\bin\\lean.exe -Dwarn.sorry=false -Dweak.says.verify=true C:\\lean\\libs\\physlib\\Physlib\\SpaceAndTime\\Space\\Module.lean -o C:\\lean\\libs\\physlib\\.lake\\build\\lib\\lean\\Physlib\\SpaceAndTime\\Space\\Module.olean -i C:\\lean\\libs\\physlib\\.lake\\build\\lib\\lean\\Physlib\\SpaceAndTime\\Space\\Module.ilean -c C:\\lean\\libs\\physlib\\.lake\\build\\ir\\Physlib\\SpaceAndTime\\Space\\Module.c --setup C:\\lean\\libs\\physlib\\.lake\\build\\ir\\Physlib\\SpaceAndTime\\Space\\Module.setup.json --json",
   "level": "trace"},
  {"message":
   "Physlib/SpaceAndTime/Space/Module.lean:698:6: `if_pos` has been deprecated: Use `ite_eq_left` instead",
   "level": "warning"}],
 "inputs":
 [["deps",
   [["Physlib/Physlib:extraDep", [["@Physlib:extraDep", "00000000000006bb"]]],
    ["imports",
     [["Physlib.SpaceAndTime.Space.Origin transitive imports (public)",
       "2a93225ef5db3c02"],
      ["Physlib.SpaceAndTime.Space.Origin:importArts", "a20b9161be52fdf1"],
      ["Mathlib.Analysis.Distribution.TemperateGrowth transitive imports (public)",
       "1e5681b3e7cd4988"],
      ["Mathlib.Analysis.Distribution.TemperateGrowth:importArts",
       "f76ece1b366ba13f"],
      ["Mathlib.MeasureTheory.Measure.Haar.InnerProductSpace transitive imports (public)",
       "6d7f267b3a67b432"],
      ["Mathlib.MeasureTheory.Measure.Haar.InnerProductSpace:importArts",
       "f4b681ceb4eba741"],
      ["Mathlib.Tactic.Cases transitive imports (public)", "c30ccae22c39dc0f"],
      ["Mathlib.Tactic.Cases:importArts", "6902c44e24e6e48b"]]]]],
  ["libs",
   [["import dynlibs", "00000000000006bb"],
    ["package external libraries", "00000000000006bb"],
    ["module dynlibs", "00000000000006bb"],
    ["module plugins", "00000000000006bb"]]],
  ["Lean 4.34.0, commit 293d5d0c0c3f3dded4688b3ccd6a33939ac5102b",
   "a1c6c7aa3e9abfe7"],
  ["C:\\lean\\libs\\physlib\\Physlib\\SpaceAndTime\\Space\\Module.lean",
   "75609eb38411ce5f"],
  ["options", "00000000000006bb"],
  ["isModule: true", "760fcc16989f4b9b"],
  ["Module.name: Physlib.SpaceAndTime.Space.Module", "6a237993077aaebe"],
  ["Package.id?: (some Physlib)", "6dd4b1a3d0e46d70"],
  ["Module.leanArgs: #[-Dwarn.sorry=false, -Dweak.says.verify=true]",
   "72cd5083b9c31fb2"]],
 "depHash": "2238295bb412ed3c"}