{"synthetic": false,
 "schemaVersion": "2025-09-10",
 "outputs":
 {"rs": "276f0dc9ec1a7bfb.ir.sig",
  "r": "54decafebebd6259.ir",
  "o":
  ["515afa97b9fb40df.olean",
   "6e53061d0667b9ea.olean.server",
   "9d65723be16c6a27.olean.private"],
  "m": true,
  "i": "5798ea7d013ae703.ilean",
  "c": "17706c8725e71915.c"},
 "log":
 [{"message":
   ".> LEAN_PATH=C:\\lean\\mathlib4\\.lake\\packages\\Cli\\.lake\\build\\lib\\lean;C:\\lean\\mathlib4\\.lake\\packages\\batteries\\.lake\\build\\lib\\lean;C:\\lean\\mathlib4\\.lake\\packages\\Qq\\.lake\\build\\lib\\lean;C:\\lean\\mathlib4\\.lake\\packages\\aesop\\.lake\\build\\lib\\lean;C:\\lean\\mathlib4\\.lake\\packages\\proofwidgets\\.lake\\build\\lib\\lean;C:\\lean\\mathlib4\\.lake\\packages\\importGraph\\.lake\\build\\lib\\lean;C:\\lean\\mathlib4\\.lake\\packages\\LeanSearchClient\\.lake\\build\\lib\\lean;C:\\lean\\mathlib4\\.lake\\packages\\plausible\\.lake\\build\\lib\\lean;C:\\lean\\mathlib4\\.lake\\build\\lib\\lean;C:\\lean\\libs\\physlib\\.lake\\build\\lib\\lean c:\\Users\\Administrator\\.elan\\toolchains\\leanprover--lean4---v4.34.0\\bin\\lean.exe -Dwarn.sorry=false -Dweak.says.verify=true C:\\lean\\libs\\physlib\\Physlib\\StringTheory\\FTheory\\SU5\\Fluxes\\NoExotics\\ChiralIndices.lean -o C:\\lean\\libs\\physlib\\.lake\\build\\lib\\lean\\Physlib\\StringTheory\\FTheory\\SU5\\Fluxes\\NoExotics\\ChiralIndices.olean -i C:\\lean\\libs\\physlib\\.lake\\build\\lib\\lean\\Physlib\\StringTheory\\FTheory\\SU5\\Fluxes\\NoExotics\\ChiralIndices.ilean -c C:\\lean\\libs\\physlib\\.lake\\build\\ir\\Physlib\\StringTheory\\FTheory\\SU5\\Fluxes\\NoExotics\\ChiralIndices.c --setup C:\\lean\\libs\\physlib\\.lake\\build\\ir\\Physlib\\StringTheory\\FTheory\\SU5\\Fluxes\\NoExotics\\ChiralIndices.setup.json --json",
   "level": "trace"}],
 "inputs":
 [["deps",
   [["Physlib/Physlib:extraDep", [["@Physlib:extraDep", "00000000000006bb"]]],
    ["imports",
     [["Physlib.StringTheory.FTheory.SU5.Fluxes.Basic transitive imports (public)",
       "c815d37b3c9ee64a"],
      ["Physlib.StringTheory.FTheory.SU5.Fluxes.Basic:importArts",
       "81c99a379cd93fd2"]]]]],
  ["libs",
   [["import dynlibs", "00000000000006bb"],
    ["package external libraries", "00000000000006bb"],
    ["module dynlibs", "00000000000006bb"],
    ["module plugins", "00000000000006bb"]]],
  ["Lean 4.34.0, commit 293d5d0c0c3f3dded4688b3ccd6a33939ac5102b",
   "a1c6c7aa3e9abfe7"],
  ["C:\\lean\\libs\\physlib\\Physlib\\StringTheory\\FTheory\\SU5\\Fluxes\\NoExotics\\ChiralIndices.lean",
   "01ae2a9ca47228e7"],
  ["options", "00000000000006bb"],
  ["isModule: true", "760fcc16989f4b9b"],
  ["Module.name: Physlib.StringTheory.FTheory.SU5.Fluxes.NoExotics.ChiralIndices",
   "8e120db95355327a"],
  ["Package.id?: (some Physlib)", "6dd4b1a3d0e46d70"],
  ["Module.leanArgs: #[-Dwarn.sorry=false, -Dweak.says.verify=true]",
   "72cd5083b9c31fb2"]],
 "depHash": "7a0193c5ee19692b"}