{"synthetic": false,
 "schemaVersion": "2025-09-10",
 "outputs":
 {"rs": "3bc11bad1243bba0.ir.sig",
  "r": "fda6e4ad18c90a04.ir",
  "o":
  ["e02a97e9349d2c2e.olean",
   "b017f836df14842b.olean.server",
   "6dae9c63ec4526df.olean.private"],
  "m": true,
  "i": "576745809f08adce.ilean",
  "c": "9443f0aee6bf0d0d.c"},
 "log":
 [{"message":
   ".> LEAN_PATH=C:\\lean\\mathlib4\\.lake\\packages\\Cli\\.lake\\build\\lib\\lean;C:\\lean\\mathlib4\\.lake\\packages\\batteries\\.lake\\build\\lib\\lean;C:\\lean\\mathlib4\\.lake\\packages\\Qq\\.lake\\build\\lib\\lean;C:\\lean\\mathlib4\\.lake\\packages\\aesop\\.lake\\build\\lib\\lean;C:\\lean\\mathlib4\\.lake\\packages\\proofwidgets\\.lake\\build\\lib\\lean;C:\\lean\\mathlib4\\.lake\\packages\\importGraph\\.lake\\build\\lib\\lean;C:\\lean\\mathlib4\\.lake\\packages\\LeanSearchClient\\.lake\\build\\lib\\lean;C:\\lean\\mathlib4\\.lake\\packages\\plausible\\.lake\\build\\lib\\lean;C:\\lean\\mathlib4\\.lake\\build\\lib\\lean;C:\\lean\\libs\\physlib\\.lake\\build\\lib\\lean c:\\Users\\Administrator\\.elan\\toolchains\\leanprover--lean4---v4.34.0\\bin\\lean.exe -Dwarn.sorry=false -Dweak.says.verify=true C:\\lean\\libs\\physlib\\Physlib\\StringTheory\\FTheory\\SU5\\Fluxes\\NoExotics\\Completeness.lean -o C:\\lean\\libs\\physlib\\.lake\\build\\lib\\lean\\Physlib\\StringTheory\\FTheory\\SU5\\Fluxes\\NoExotics\\Completeness.olean -i C:\\lean\\libs\\physlib\\.lake\\build\\lib\\lean\\Physlib\\StringTheory\\FTheory\\SU5\\Fluxes\\NoExotics\\Completeness.ilean -c C:\\lean\\libs\\physlib\\.lake\\build\\ir\\Physlib\\StringTheory\\FTheory\\SU5\\Fluxes\\NoExotics\\Completeness.c --setup C:\\lean\\libs\\physlib\\.lake\\build\\ir\\Physlib\\StringTheory\\FTheory\\SU5\\Fluxes\\NoExotics\\Completeness.setup.json --json",
   "level": "trace"}],
 "inputs":
 [["deps",
   [["Physlib/Physlib:extraDep", [["@Physlib:extraDep", "00000000000006bb"]]],
    ["imports",
     [["Physlib.StringTheory.FTheory.SU5.Fluxes.NoExotics.ChiralIndices transitive imports (public)",
       "936b9e863e9c9404"],
      ["Physlib.StringTheory.FTheory.SU5.Fluxes.NoExotics.ChiralIndices:importArts",
       "ea7b9010ad4fdfa8"],
      ["Physlib.StringTheory.FTheory.SU5.Fluxes.NoExotics.Elems transitive imports (public)",
       "936b9e863e9c9404"],
      ["Physlib.StringTheory.FTheory.SU5.Fluxes.NoExotics.Elems:importArts",
       "15d6d058bb8770de"]]]]],
  ["libs",
   [["import dynlibs", "00000000000006bb"],
    ["package external libraries", "00000000000006bb"],
    ["module dynlibs", "00000000000006bb"],
    ["module plugins", "00000000000006bb"]]],
  ["Lean 4.34.0, commit 293d5d0c0c3f3dded4688b3ccd6a33939ac5102b",
   "a1c6c7aa3e9abfe7"],
  ["C:\\lean\\libs\\physlib\\Physlib\\StringTheory\\FTheory\\SU5\\Fluxes\\NoExotics\\Completeness.lean",
   "aa66d1458f127833"],
  ["options", "00000000000006bb"],
  ["isModule: true", "760fcc16989f4b9b"],
  ["Module.name: Physlib.StringTheory.FTheory.SU5.Fluxes.NoExotics.Completeness",
   "36154f4893fe334a"],
  ["Package.id?: (some Physlib)", "6dd4b1a3d0e46d70"],
  ["Module.leanArgs: #[-Dwarn.sorry=false, -Dweak.says.verify=true]",
   "72cd5083b9c31fb2"]],
 "depHash": "c7bbe535b3c34dfb"}