{"synthetic": false,
 "schemaVersion": "2025-09-10",
 "outputs":
 {"rs": "4206b23c8782cb0e.ir.sig",
  "r": "42261cf675b039a7.ir",
  "o":
  ["26d3f675097cc7dd.olean",
   "43c2eb46559e493e.olean.server",
   "261a735188f73b94.olean.private"],
  "m": true,
  "i": "c4632392e9eaad98.ilean",
  "c": "03ba11df866ed1fc.c"},
 "log":
 [{"message":
   ".> LEAN_PATH=C:\\lean\\mathlib4\\.lake\\packages\\Cli\\.lake\\build\\lib\\lean;C:\\lean\\mathlib4\\.lake\\packages\\batteries\\.lake\\build\\lib\\lean;C:\\lean\\mathlib4\\.lake\\packages\\Qq\\.lake\\build\\lib\\lean;C:\\lean\\mathlib4\\.lake\\packages\\aesop\\.lake\\build\\lib\\lean;C:\\lean\\mathlib4\\.lake\\packages\\proofwidgets\\.lake\\build\\lib\\lean;C:\\lean\\mathlib4\\.lake\\packages\\importGraph\\.lake\\build\\lib\\lean;C:\\lean\\mathlib4\\.lake\\packages\\LeanSearchClient\\.lake\\build\\lib\\lean;C:\\lean\\mathlib4\\.lake\\packages\\plausible\\.lake\\build\\lib\\lean;C:\\lean\\mathlib4\\.lake\\build\\lib\\lean;C:\\lean\\libs\\physlib\\.lake\\build\\lib\\lean c:\\Users\\Administrator\\.elan\\toolchains\\leanprover--lean4---v4.34.0\\bin\\lean.exe -Dwarn.sorry=false -Dweak.says.verify=true C:\\lean\\libs\\physlib\\Physlib\\QFT\\QED\\AnomalyCancellation\\BasisLinear.lean -o C:\\lean\\libs\\physlib\\.lake\\build\\lib\\lean\\Physlib\\QFT\\QED\\AnomalyCancellation\\BasisLinear.olean -i C:\\lean\\libs\\physlib\\.lake\\build\\lib\\lean\\Physlib\\QFT\\QED\\AnomalyCancellation\\BasisLinear.ilean -c C:\\lean\\libs\\physlib\\.lake\\build\\ir\\Physlib\\QFT\\QED\\AnomalyCancellation\\BasisLinear.c --setup C:\\lean\\libs\\physlib\\.lake\\build\\ir\\Physlib\\QFT\\QED\\AnomalyCancellation\\BasisLinear.setup.json --json",
   "level": "trace"}],
 "inputs":
 [["deps",
   [["Physlib/Physlib:extraDep", [["@Physlib:extraDep", "00000000000006bb"]]],
    ["imports",
     [["Physlib.QFT.QED.AnomalyCancellation.Basic transitive imports (public)",
       "e589be1527fb9a31"],
      ["Physlib.QFT.QED.AnomalyCancellation.Basic:importArts",
       "b54c773807dddb75"],
      ["Mathlib.LinearAlgebra.FreeModule.StrongRankCondition transitive imports (public)",
       "6e37a3f90c10fdc5"],
      ["Mathlib.LinearAlgebra.FreeModule.StrongRankCondition:importArts",
       "60245aa8875c71c4"]]]]],
  ["libs",
   [["import dynlibs", "00000000000006bb"],
    ["package external libraries", "00000000000006bb"],
    ["module dynlibs", "00000000000006bb"],
    ["module plugins", "00000000000006bb"]]],
  ["Lean 4.34.0, commit 293d5d0c0c3f3dded4688b3ccd6a33939ac5102b",
   "a1c6c7aa3e9abfe7"],
  ["C:\\lean\\libs\\physlib\\Physlib\\QFT\\QED\\AnomalyCancellation\\BasisLinear.lean",
   "d391d2d86a96b8ee"],
  ["options", "00000000000006bb"],
  ["isModule: true", "760fcc16989f4b9b"],
  ["Module.name: Physlib.QFT.QED.AnomalyCancellation.BasisLinear",
   "fcf7a80e4c14dfdf"],
  ["Package.id?: (some Physlib)", "6dd4b1a3d0e46d70"],
  ["Module.leanArgs: #[-Dwarn.sorry=false, -Dweak.says.verify=true]",
   "72cd5083b9c31fb2"]],
 "depHash": "4a448a07bbbaa292"}