{"synthetic": false,
 "schemaVersion": "2025-09-10",
 "outputs":
 {"rs": "82aded606e1b0ba0.ir.sig",
  "r": "3de2bd71facf4e1d.ir",
  "o":
  ["7191e2cd84103e9b.olean",
   "7e659ba1753f06e0.olean.server",
   "648fee52e3674e59.olean.private"],
  "m": true,
  "i": "72b39c6b3f482306.ilean",
  "c": "986fd88355b3f015.c"},
 "log":
 [{"message":
   ".> LEAN_PATH=C:\\lean\\mathlib4\\.lake\\packages\\Cli\\.lake\\build\\lib\\lean;C:\\lean\\mathlib4\\.lake\\packages\\batteries\\.lake\\build\\lib\\lean;C:\\lean\\mathlib4\\.lake\\packages\\Qq\\.lake\\build\\lib\\lean;C:\\lean\\mathlib4\\.lake\\packages\\aesop\\.lake\\build\\lib\\lean;C:\\lean\\mathlib4\\.lake\\packages\\proofwidgets\\.lake\\build\\lib\\lean;C:\\lean\\mathlib4\\.lake\\packages\\importGraph\\.lake\\build\\lib\\lean;C:\\lean\\mathlib4\\.lake\\packages\\LeanSearchClient\\.lake\\build\\lib\\lean;C:\\lean\\mathlib4\\.lake\\packages\\plausible\\.lake\\build\\lib\\lean;C:\\lean\\mathlib4\\.lake\\build\\lib\\lean;C:\\lean\\libs\\physlib\\.lake\\build\\lib\\lean c:\\Users\\Administrator\\.elan\\toolchains\\leanprover--lean4---v4.34.0\\bin\\lean.exe -Dwarn.sorry=false -Dweak.says.verify=true C:\\lean\\libs\\physlib\\Physlib\\QFT\\QED\\AnomalyCancellation\\Permutations.lean -o C:\\lean\\libs\\physlib\\.lake\\build\\lib\\lean\\Physlib\\QFT\\QED\\AnomalyCancellation\\Permutations.olean -i C:\\lean\\libs\\physlib\\.lake\\build\\lib\\lean\\Physlib\\QFT\\QED\\AnomalyCancellation\\Permutations.ilean -c C:\\lean\\libs\\physlib\\.lake\\build\\ir\\Physlib\\QFT\\QED\\AnomalyCancellation\\Permutations.c --setup C:\\lean\\libs\\physlib\\.lake\\build\\ir\\Physlib\\QFT\\QED\\AnomalyCancellation\\Permutations.setup.json --json",
   "level": "trace"}],
 "inputs":
 [["deps",
   [["Physlib/Physlib:extraDep", [["@Physlib:extraDep", "00000000000006bb"]]],
    ["imports",
     [["Physlib.QFT.QED.AnomalyCancellation.Basic transitive imports (public)",
       "e589be1527fb9a31"],
      ["Physlib.QFT.QED.AnomalyCancellation.Basic:importArts",
       "b54c773807dddb75"],
      ["Physlib.QFT.AnomalyCancellation.GroupActions transitive imports (public)",
       "8ed253a34b672129"],
      ["Physlib.QFT.AnomalyCancellation.GroupActions:importArts",
       "9decb3ba3b3205ef"]]]]],
  ["libs",
   [["import dynlibs", "00000000000006bb"],
    ["package external libraries", "00000000000006bb"],
    ["module dynlibs", "00000000000006bb"],
    ["module plugins", "00000000000006bb"]]],
  ["Lean 4.34.0, commit 293d5d0c0c3f3dded4688b3ccd6a33939ac5102b",
   "a1c6c7aa3e9abfe7"],
  ["C:\\lean\\libs\\physlib\\Physlib\\QFT\\QED\\AnomalyCancellation\\Permutations.lean",
   "c68113952747993c"],
  ["options", "00000000000006bb"],
  ["isModule: true", "760fcc16989f4b9b"],
  ["Module.name: Physlib.QFT.QED.AnomalyCancellation.Permutations",
   "4b015930aab5ba4d"],
  ["Package.id?: (some Physlib)", "6dd4b1a3d0e46d70"],
  ["Module.leanArgs: #[-Dwarn.sorry=false, -Dweak.says.verify=true]",
   "72cd5083b9c31fb2"]],
 "depHash": "5f822a83946cb331"}