{"synthetic": false,
 "schemaVersion": "2025-09-10",
 "outputs":
 {"rs": "2755fb912079df3d.ir.sig",
  "r": "129cf051ba55afbe.ir",
  "o":
  ["b6e1409e581813be.olean",
   "acf81f70b7abf086.olean.server",
   "9355c0b4d55b6275.olean.private"],
  "m": true,
  "i": "b008328d3d3b2b1b.ilean",
  "c": "3676ae114ae547d4.c"},
 "log":
 [{"message":
   ".> LEAN_PATH=C:\\lean\\mathlib4\\.lake\\packages\\Cli\\.lake\\build\\lib\\lean;C:\\lean\\mathlib4\\.lake\\packages\\batteries\\.lake\\build\\lib\\lean;C:\\lean\\mathlib4\\.lake\\packages\\Qq\\.lake\\build\\lib\\lean;C:\\lean\\mathlib4\\.lake\\packages\\aesop\\.lake\\build\\lib\\lean;C:\\lean\\mathlib4\\.lake\\packages\\proofwidgets\\.lake\\build\\lib\\lean;C:\\lean\\mathlib4\\.lake\\packages\\importGraph\\.lake\\build\\lib\\lean;C:\\lean\\mathlib4\\.lake\\packages\\LeanSearchClient\\.lake\\build\\lib\\lean;C:\\lean\\mathlib4\\.lake\\packages\\plausible\\.lake\\build\\lib\\lean;C:\\lean\\mathlib4\\.lake\\build\\lib\\lean;C:\\lean\\libs\\physlib\\.lake\\build\\lib\\lean c:\\Users\\Administrator\\.elan\\toolchains\\leanprover--lean4---v4.34.0\\bin\\lean.exe -Dwarn.sorry=false -Dweak.says.verify=true C:\\lean\\libs\\physlib\\Physlib\\QFT\\QED\\AnomalyCancellation\\Sorts.lean -o C:\\lean\\libs\\physlib\\.lake\\build\\lib\\lean\\Physlib\\QFT\\QED\\AnomalyCancellation\\Sorts.olean -i C:\\lean\\libs\\physlib\\.lake\\build\\lib\\lean\\Physlib\\QFT\\QED\\AnomalyCancellation\\Sorts.ilean -c C:\\lean\\libs\\physlib\\.lake\\build\\ir\\Physlib\\QFT\\QED\\AnomalyCancellation\\Sorts.c --setup C:\\lean\\libs\\physlib\\.lake\\build\\ir\\Physlib\\QFT\\QED\\AnomalyCancellation\\Sorts.setup.json --json",
   "level": "trace"}],
 "inputs":
 [["deps",
   [["Physlib/Physlib:extraDep", [["@Physlib:extraDep", "00000000000006bb"]]],
    ["imports",
     [["Physlib.QFT.QED.AnomalyCancellation.Permutations transitive imports (public)",
       "71103af77da7a4ac"],
      ["Physlib.QFT.QED.AnomalyCancellation.Permutations:importArts",
       "82961d5c87a3dbce"],
      ["Mathlib.Data.Fin.Tuple.Sort transitive imports (public)",
       "a37ca3fddb3d160e"],
      ["Mathlib.Data.Fin.Tuple.Sort:importArts", "9f904f5b2d4fd482"]]]]],
  ["libs",
   [["import dynlibs", "00000000000006bb"],
    ["package external libraries", "00000000000006bb"],
    ["module dynlibs", "00000000000006bb"],
    ["module plugins", "00000000000006bb"]]],
  ["Lean 4.34.0, commit 293d5d0c0c3f3dded4688b3ccd6a33939ac5102b",
   "a1c6c7aa3e9abfe7"],
  ["C:\\lean\\libs\\physlib\\Physlib\\QFT\\QED\\AnomalyCancellation\\Sorts.lean",
   "87076c311ea30092"],
  ["options", "00000000000006bb"],
  ["isModule: true", "760fcc16989f4b9b"],
  ["Module.name: Physlib.QFT.QED.AnomalyCancellation.Sorts",
   "65f45f46a143a219"],
  ["Package.id?: (some Physlib)", "6dd4b1a3d0e46d70"],
  ["Module.leanArgs: #[-Dwarn.sorry=false, -Dweak.says.verify=true]",
   "72cd5083b9c31fb2"]],
 "depHash": "1f5c09f67b84c261"}