{"synthetic": false,
 "schemaVersion": "2025-09-10",
 "outputs":
 {"rs": "f1a548e0e13fb9bb.ir.sig",
  "r": "0e2e0179b729fc51.ir",
  "o":
  ["f2c50f6c8730e18e.olean",
   "2ae43b41bc6549cf.olean.server",
   "5115192cb6383fad.olean.private"],
  "m": true,
  "i": "98c17b6c8938fc25.ilean",
  "c": "37e528065fe268f4.c"},
 "log":
 [{"message":
   ".> LEAN_PATH=C:\\lean\\mathlib4\\.lake\\packages\\Cli\\.lake\\build\\lib\\lean;C:\\lean\\mathlib4\\.lake\\packages\\batteries\\.lake\\build\\lib\\lean;C:\\lean\\mathlib4\\.lake\\packages\\Qq\\.lake\\build\\lib\\lean;C:\\lean\\mathlib4\\.lake\\packages\\aesop\\.lake\\build\\lib\\lean;C:\\lean\\mathlib4\\.lake\\packages\\proofwidgets\\.lake\\build\\lib\\lean;C:\\lean\\mathlib4\\.lake\\packages\\importGraph\\.lake\\build\\lib\\lean;C:\\lean\\mathlib4\\.lake\\packages\\LeanSearchClient\\.lake\\build\\lib\\lean;C:\\lean\\mathlib4\\.lake\\packages\\plausible\\.lake\\build\\lib\\lean;C:\\lean\\mathlib4\\.lake\\build\\lib\\lean;C:\\lean\\libs\\physlib\\.lake\\build\\lib\\lean c:\\Users\\Administrator\\.elan\\toolchains\\leanprover--lean4---v4.34.0\\bin\\lean.exe -Dwarn.sorry=false -Dweak.says.verify=true C:\\lean\\libs\\physlib\\Physlib\\Particles\\StandardModel\\HiggsBoson\\Basic.lean -o C:\\lean\\libs\\physlib\\.lake\\build\\lib\\lean\\Physlib\\Particles\\StandardModel\\HiggsBoson\\Basic.olean -i C:\\lean\\libs\\physlib\\.lake\\build\\lib\\lean\\Physlib\\Particles\\StandardModel\\HiggsBoson\\Basic.ilean -c C:\\lean\\libs\\physlib\\.lake\\build\\ir\\Physlib\\Particles\\StandardModel\\HiggsBoson\\Basic.c --setup C:\\lean\\libs\\physlib\\.lake\\build\\ir\\Physlib\\Particles\\StandardModel\\HiggsBoson\\Basic.setup.json --json",
   "level": "trace"}],
 "inputs":
 [["deps",
   [["Physlib/Physlib:extraDep", [["@Physlib:extraDep", "00000000000006bb"]]],
    ["imports",
     [["Physlib.Particles.StandardModel.Basic transitive imports (public)",
       "2435c8cca4350c49"],
      ["Physlib.Particles.StandardModel.Basic:importArts", "4751a4116a666b43"],
      ["Mathlib.Geometry.Manifold.VectorBundle.ContMDiffSection transitive imports (public)",
       "2a63e1ab700a3480"],
      ["Mathlib.Geometry.Manifold.VectorBundle.ContMDiffSection:importArts",
       "36758e38a8b5f648"]]]]],
  ["libs",
   [["import dynlibs", "00000000000006bb"],
    ["package external libraries", "00000000000006bb"],
    ["module dynlibs", "00000000000006bb"],
    ["module plugins", "00000000000006bb"]]],
  ["Lean 4.34.0, commit 293d5d0c0c3f3dded4688b3ccd6a33939ac5102b",
   "a1c6c7aa3e9abfe7"],
  ["C:\\lean\\libs\\physlib\\Physlib\\Particles\\StandardModel\\HiggsBoson\\Basic.lean",
   "b9f8b5d865a8fa9f"],
  ["options", "00000000000006bb"],
  ["isModule: true", "760fcc16989f4b9b"],
  ["Module.name: Physlib.Particles.StandardModel.HiggsBoson.Basic",
   "56e49d80f98195bb"],
  ["Package.id?: (some Physlib)", "6dd4b1a3d0e46d70"],
  ["Module.leanArgs: #[-Dwarn.sorry=false, -Dweak.says.verify=true]",
   "72cd5083b9c31fb2"]],
 "depHash": "8504a5651313b766"}