{"synthetic": false,
 "schemaVersion": "2025-09-10",
 "outputs":
 {"rs": "78f5f3c965fbc59f.ir.sig",
  "r": "eebf2c1fb7455945.ir",
  "o":
  ["14bff7bc97569a6f.olean",
   "568d934c3e006863.olean.server",
   "5f9f08949d777596.olean.private"],
  "m": true,
  "i": "5498da95efba0046.ilean",
  "c": "0aa7c796c7bbb172.c"},
 "log":
 [{"message":
   ".> LEAN_PATH=C:\\lean\\mathlib4\\.lake\\packages\\Cli\\.lake\\build\\lib\\lean;C:\\lean\\mathlib4\\.lake\\packages\\batteries\\.lake\\build\\lib\\lean;C:\\lean\\mathlib4\\.lake\\packages\\Qq\\.lake\\build\\lib\\lean;C:\\lean\\mathlib4\\.lake\\packages\\aesop\\.lake\\build\\lib\\lean;C:\\lean\\mathlib4\\.lake\\packages\\proofwidgets\\.lake\\build\\lib\\lean;C:\\lean\\mathlib4\\.lake\\packages\\importGraph\\.lake\\build\\lib\\lean;C:\\lean\\mathlib4\\.lake\\packages\\LeanSearchClient\\.lake\\build\\lib\\lean;C:\\lean\\mathlib4\\.lake\\packages\\plausible\\.lake\\build\\lib\\lean;C:\\lean\\mathlib4\\.lake\\build\\lib\\lean;C:\\lean\\libs\\physlib\\.lake\\build\\lib\\lean c:\\Users\\Administrator\\.elan\\toolchains\\leanprover--lean4---v4.34.0\\bin\\lean.exe -Dwarn.sorry=false -Dweak.says.verify=true C:\\lean\\libs\\physlib\\Physlib\\Relativity\\Tensors\\Contraction\\SuccSuccAbove.lean -o C:\\lean\\libs\\physlib\\.lake\\build\\lib\\lean\\Physlib\\Relativity\\Tensors\\Contraction\\SuccSuccAbove.olean -i C:\\lean\\libs\\physlib\\.lake\\build\\lib\\lean\\Physlib\\Relativity\\Tensors\\Contraction\\SuccSuccAbove.ilean -c C:\\lean\\libs\\physlib\\.lake\\build\\ir\\Physlib\\Relativity\\Tensors\\Contraction\\SuccSuccAbove.c --setup C:\\lean\\libs\\physlib\\.lake\\build\\ir\\Physlib\\Relativity\\Tensors\\Contraction\\SuccSuccAbove.setup.json --json",
   "level": "trace"},
  {"message":
   "Physlib/Relativity/Tensors/Contraction/SuccSuccAbove.lean:159:40: `StrictMono.range_inj` has been deprecated: Use `StrictMono.range_inj_of_wellFoundedLT` instead",
   "level": "warning"}],
 "inputs":
 [["deps",
   [["Physlib/Physlib:extraDep", [["@Physlib:extraDep", "00000000000006bb"]]],
    ["imports",
     [["Mathlib.Data.Finset.Sort transitive imports (public)",
       "890ff35549420df8"],
      ["Mathlib.Data.Finset.Sort:importArts", "9db5f54812b534b7"],
      ["Mathlib.Data.Nat.SuccPred transitive imports (public)",
       "02904d780a5c337b"],
      ["Mathlib.Data.Nat.SuccPred:importArts", "fb458933acedc4c4"]]]]],
  ["libs",
   [["import dynlibs", "00000000000006bb"],
    ["package external libraries", "00000000000006bb"],
    ["module dynlibs", "00000000000006bb"],
    ["module plugins", "00000000000006bb"]]],
  ["Lean 4.34.0, commit 293d5d0c0c3f3dded4688b3ccd6a33939ac5102b",
   "a1c6c7aa3e9abfe7"],
  ["C:\\lean\\libs\\physlib\\Physlib\\Relativity\\Tensors\\Contraction\\SuccSuccAbove.lean",
   "0db40c17ed0c925d"],
  ["options", "00000000000006bb"],
  ["isModule: true", "760fcc16989f4b9b"],
  ["Module.name: Physlib.Relativity.Tensors.Contraction.SuccSuccAbove",
   "bf35cba8e25c36d5"],
  ["Package.id?: (some Physlib)", "6dd4b1a3d0e46d70"],
  ["Module.leanArgs: #[-Dwarn.sorry=false, -Dweak.says.verify=true]",
   "72cd5083b9c31fb2"]],
 "depHash": "d820dc0dba9bb38c"}