{"synthetic": false,
 "schemaVersion": "2025-09-10",
 "outputs":
 {"rs": "d6b5e4b7e6776bb9.ir.sig",
  "r": "e0bc60220f590e4b.ir",
  "o":
  ["89c3a04106552695.olean",
   "e2751a653ea38027.olean.server",
   "68128d6ff1c72170.olean.private"],
  "m": true,
  "i": "b52b4258cb447cce.ilean",
  "c": "4df9b563f71a4d80.c"},
 "log":
 [{"message":
   ".> LEAN_PATH=C:\\lean\\mathlib4\\.lake\\packages\\Cli\\.lake\\build\\lib\\lean;C:\\lean\\mathlib4\\.lake\\packages\\batteries\\.lake\\build\\lib\\lean;C:\\lean\\mathlib4\\.lake\\packages\\Qq\\.lake\\build\\lib\\lean;C:\\lean\\mathlib4\\.lake\\packages\\aesop\\.lake\\build\\lib\\lean;C:\\lean\\mathlib4\\.lake\\packages\\proofwidgets\\.lake\\build\\lib\\lean;C:\\lean\\mathlib4\\.lake\\packages\\importGraph\\.lake\\build\\lib\\lean;C:\\lean\\mathlib4\\.lake\\packages\\LeanSearchClient\\.lake\\build\\lib\\lean;C:\\lean\\mathlib4\\.lake\\packages\\plausible\\.lake\\build\\lib\\lean;C:\\lean\\mathlib4\\.lake\\build\\lib\\lean;C:\\lean\\libs\\physlib\\.lake\\build\\lib\\lean c:\\Users\\Administrator\\.elan\\toolchains\\leanprover--lean4---v4.34.0\\bin\\lean.exe -Dwarn.sorry=false -Dweak.says.verify=true C:\\lean\\libs\\physlib\\Physlib\\Relativity\\Tensors\\Contraction\\UnitTensorContraction.lean -o C:\\lean\\libs\\physlib\\.lake\\build\\lib\\lean\\Physlib\\Relativity\\Tensors\\Contraction\\UnitTensorContraction.olean -i C:\\lean\\libs\\physlib\\.lake\\build\\lib\\lean\\Physlib\\Relativity\\Tensors\\Contraction\\UnitTensorContraction.ilean -c C:\\lean\\libs\\physlib\\.lake\\build\\ir\\Physlib\\Relativity\\Tensors\\Contraction\\UnitTensorContraction.c --setup C:\\lean\\libs\\physlib\\.lake\\build\\ir\\Physlib\\Relativity\\Tensors\\Contraction\\UnitTensorContraction.setup.json --json",
   "level": "trace"}],
 "inputs":
 [["deps",
   [["Physlib/Physlib:extraDep", [["@Physlib:extraDep", "00000000000006bb"]]],
    ["imports",
     [["Physlib.Relativity.Tensors.Contraction.CrossToSlot transitive imports (public)",
       "f5e11ad03e425188"],
      ["Physlib.Relativity.Tensors.Contraction.CrossToSlot:importArts",
       "a5fa70c96f75f279"],
      ["Physlib.Relativity.Tensors.UnitTensor transitive imports (public)",
       "03e3b4e7366fc34e"],
      ["Physlib.Relativity.Tensors.UnitTensor:importArts", "b03fef2879482a3c"],
      ["Physlib.Relativity.Tensors.Evaluation transitive imports (public)",
       "fd78df78616c6efb"],
      ["Physlib.Relativity.Tensors.Evaluation:importArts",
       "2e0405997d676c17"]]]]],
  ["libs",
   [["import dynlibs", "00000000000006bb"],
    ["package external libraries", "00000000000006bb"],
    ["module dynlibs", "00000000000006bb"],
    ["module plugins", "00000000000006bb"]]],
  ["Lean 4.34.0, commit 293d5d0c0c3f3dded4688b3ccd6a33939ac5102b",
   "a1c6c7aa3e9abfe7"],
  ["C:\\lean\\libs\\physlib\\Physlib\\Relativity\\Tensors\\Contraction\\UnitTensorContraction.lean",
   "f73d0823c31c6f17"],
  ["options", "00000000000006bb"],
  ["isModule: true", "760fcc16989f4b9b"],
  ["Module.name: Physlib.Relativity.Tensors.Contraction.UnitTensorContraction",
   "beaf48547c4ca2bf"],
  ["Package.id?: (some Physlib)", "6dd4b1a3d0e46d70"],
  ["Module.leanArgs: #[-Dwarn.sorry=false, -Dweak.says.verify=true]",
   "72cd5083b9c31fb2"]],
 "depHash": "81c78d8031c7ff26"}