{"synthetic": false,
 "schemaVersion": "2025-09-10",
 "outputs":
 {"rs": "f48d037027bc446b.ir.sig",
  "r": "398be3d1acc021ca.ir",
  "o":
  ["8d07196566da741e.olean",
   "0f6dab896f458cd1.olean.server",
   "f495904329f101c2.olean.private"],
  "m": true,
  "i": "89e9f6b9e72304fa.ilean",
  "c": "afd289bf15809508.c"},
 "log":
 [{"message":
   ".> LEAN_PATH=C:\\lean\\mathlib4\\.lake\\packages\\Cli\\.lake\\build\\lib\\lean;C:\\lean\\mathlib4\\.lake\\packages\\batteries\\.lake\\build\\lib\\lean;C:\\lean\\mathlib4\\.lake\\packages\\Qq\\.lake\\build\\lib\\lean;C:\\lean\\mathlib4\\.lake\\packages\\aesop\\.lake\\build\\lib\\lean;C:\\lean\\mathlib4\\.lake\\packages\\proofwidgets\\.lake\\build\\lib\\lean;C:\\lean\\mathlib4\\.lake\\packages\\importGraph\\.lake\\build\\lib\\lean;C:\\lean\\mathlib4\\.lake\\packages\\LeanSearchClient\\.lake\\build\\lib\\lean;C:\\lean\\mathlib4\\.lake\\packages\\plausible\\.lake\\build\\lib\\lean;C:\\lean\\mathlib4\\.lake\\build\\lib\\lean;C:\\lean\\libs\\physlib\\.lake\\build\\lib\\lean c:\\Users\\Administrator\\.elan\\toolchains\\leanprover--lean4---v4.34.0\\bin\\lean.exe -Dwarn.sorry=false -Dweak.says.verify=true C:\\lean\\libs\\physlib\\Physlib\\Mathematics\\DataStructures\\Matrix\\LieTrace.lean -o C:\\lean\\libs\\physlib\\.lake\\build\\lib\\lean\\Physlib\\Mathematics\\DataStructures\\Matrix\\LieTrace.olean -i C:\\lean\\libs\\physlib\\.lake\\build\\lib\\lean\\Physlib\\Mathematics\\DataStructures\\Matrix\\LieTrace.ilean -c C:\\lean\\libs\\physlib\\.lake\\build\\ir\\Physlib\\Mathematics\\DataStructures\\Matrix\\LieTrace.c --setup C:\\lean\\libs\\physlib\\.lake\\build\\ir\\Physlib\\Mathematics\\DataStructures\\Matrix\\LieTrace.setup.json --json",
   "level": "trace"}],
 "inputs":
 [["deps",
   [["Physlib/Physlib:extraDep", [["@Physlib:extraDep", "00000000000006bb"]]],
    ["imports",
     [["Mathlib.Analysis.Complex.Polynomial.Basic transitive imports (public)",
       "143c1f7bb5b0ba2e"],
      ["Mathlib.Analysis.Complex.Polynomial.Basic:importArts",
       "8b67731c97af0053"],
      ["Mathlib.Analysis.Normed.Algebra.MatrixExponential transitive imports (public)",
       "00a85636a9d0e4e9"],
      ["Mathlib.Analysis.Normed.Algebra.MatrixExponential:importArts",
       "57763507438c84e8"],
      ["Mathlib.Topology.Algebra.InfiniteSum.Constructions transitive imports (public)",
       "934890e4867feaae"],
      ["Mathlib.Topology.Algebra.InfiniteSum.Constructions:importArts",
       "d24841851215a0db"],
      ["Physlib.Mathematics.SchurTriangulation transitive imports (public)",
       "971d7e4236e2c8b6"],
      ["Physlib.Mathematics.SchurTriangulation:importArts",
       "d296f40b2446023b"]]]]],
  ["libs",
   [["import dynlibs", "00000000000006bb"],
    ["package external libraries", "00000000000006bb"],
    ["module dynlibs", "00000000000006bb"],
    ["module plugins", "00000000000006bb"]]],
  ["Lean 4.34.0, commit 293d5d0c0c3f3dded4688b3ccd6a33939ac5102b",
   "a1c6c7aa3e9abfe7"],
  ["C:\\lean\\libs\\physlib\\Physlib\\Mathematics\\DataStructures\\Matrix\\LieTrace.lean",
   "1e810c631e5f2c80"],
  ["options", "00000000000006bb"],
  ["isModule: true", "760fcc16989f4b9b"],
  ["Module.name: Physlib.Mathematics.DataStructures.Matrix.LieTrace",
   "8447b6b5fd7c739f"],
  ["Package.id?: (some Physlib)", "6dd4b1a3d0e46d70"],
  ["Module.leanArgs: #[-Dwarn.sorry=false, -Dweak.says.verify=true]",
   "72cd5083b9c31fb2"]],
 "depHash": "e4c84ccc9476198e"}