{"synthetic": false,
 "schemaVersion": "2025-09-10",
 "outputs":
 {"rs": "c1ebb66f9e122d2f.ir.sig",
  "r": "310e96dfadbf2a65.ir",
  "o":
  ["e807570de934810b.olean",
   "7734ef2d88958653.olean.server",
   "50687691148aa528.olean.private"],
  "m": true,
  "i": "6f3b6652616c0bad.ilean",
  "c": "8fda027ef5ac8c00.c"},
 "log":
 [{"message":
   ".> LEAN_PATH=C:\\lean\\mathlib4\\.lake\\packages\\Cli\\.lake\\build\\lib\\lean;C:\\lean\\mathlib4\\.lake\\packages\\batteries\\.lake\\build\\lib\\lean;C:\\lean\\mathlib4\\.lake\\packages\\Qq\\.lake\\build\\lib\\lean;C:\\lean\\mathlib4\\.lake\\packages\\aesop\\.lake\\build\\lib\\lean;C:\\lean\\mathlib4\\.lake\\packages\\proofwidgets\\.lake\\build\\lib\\lean;C:\\lean\\mathlib4\\.lake\\packages\\importGraph\\.lake\\build\\lib\\lean;C:\\lean\\mathlib4\\.lake\\packages\\LeanSearchClient\\.lake\\build\\lib\\lean;C:\\lean\\mathlib4\\.lake\\packages\\plausible\\.lake\\build\\lib\\lean;C:\\lean\\mathlib4\\.lake\\build\\lib\\lean;C:\\lean\\libs\\physlib\\.lake\\build\\lib\\lean c:\\Users\\Administrator\\.elan\\toolchains\\leanprover--lean4---v4.34.0\\bin\\lean.exe -Dwarn.sorry=false -Dweak.says.verify=true C:\\lean\\libs\\physlib\\Physlib\\SpaceAndTime\\SpaceTime\\Basic.lean -o C:\\lean\\libs\\physlib\\.lake\\build\\lib\\lean\\Physlib\\SpaceAndTime\\SpaceTime\\Basic.olean -i C:\\lean\\libs\\physlib\\.lake\\build\\lib\\lean\\Physlib\\SpaceAndTime\\SpaceTime\\Basic.ilean -c C:\\lean\\libs\\physlib\\.lake\\build\\ir\\Physlib\\SpaceAndTime\\SpaceTime\\Basic.c --setup C:\\lean\\libs\\physlib\\.lake\\build\\ir\\Physlib\\SpaceAndTime\\SpaceTime\\Basic.setup.json --json",
   "level": "trace"}],
 "inputs":
 [["deps",
   [["Physlib/Physlib:extraDep", [["@Physlib:extraDep", "00000000000006bb"]]],
    ["imports",
     [["Physlib.Relativity.SpeedOfLight transitive imports (public)",
       "6162d6e3600c9e77"],
      ["Physlib.Relativity.SpeedOfLight:importArts", "260944147ce624de"],
      ["Physlib.Relativity.Tensors.RealTensor.Vector.Tensorial transitive imports (public)",
       "8c251bcaf216a955"],
      ["Physlib.Relativity.Tensors.RealTensor.Vector.Tensorial:importArts",
       "ad6203995f1a07d1"],
      ["Physlib.SpaceAndTime.Space.Integrals.Basic transitive imports (public)",
       "5af0670be643b4c1"],
      ["Physlib.SpaceAndTime.Space.Integrals.Basic:importArts",
       "59e30a77ecddbb1d"],
      ["Physlib.SpaceAndTime.Time.InnerProductSpace transitive imports (public)",
       "d99dfce9622826c4"],
      ["Physlib.SpaceAndTime.Time.InnerProductSpace:importArts",
       "a2e4f7c402d6045e"],
      ["Physlib.Meta.Informal.Basic transitive imports (public)",
       "00000000000006bb"],
      ["Physlib.Meta.Informal.Basic:importArts", "07c6e10b858a538e"]]]]],
  ["libs",
   [["import dynlibs", "00000000000006bb"],
    ["package external libraries", "00000000000006bb"],
    ["module dynlibs", "00000000000006bb"],
    ["module plugins", "00000000000006bb"]]],
  ["Lean 4.34.0, commit 293d5d0c0c3f3dded4688b3ccd6a33939ac5102b",
   "a1c6c7aa3e9abfe7"],
  ["C:\\lean\\libs\\physlib\\Physlib\\SpaceAndTime\\SpaceTime\\Basic.lean",
   "6eac42b2f6c80b8e"],
  ["options", "00000000000006bb"],
  ["isModule: true", "760fcc16989f4b9b"],
  ["Module.name: Physlib.SpaceAndTime.SpaceTime.Basic", "4c1f079c9d79b9b9"],
  ["Package.id?: (some Physlib)", "6dd4b1a3d0e46d70"],
  ["Module.leanArgs: #[-Dwarn.sorry=false, -Dweak.says.verify=true]",
   "72cd5083b9c31fb2"]],
 "depHash": "6958bc348e8aea1b"}