{"synthetic": false,
 "schemaVersion": "2025-09-10",
 "outputs":
 {"rs": "31f34817a8ff1cd9.ir.sig",
  "r": "39bcbd13b5183337.ir",
  "o":
  ["1e0d6fd039279254.olean",
   "11503146c18b637e.olean.server",
   "2893cbf9b833aa72.olean.private"],
  "m": true,
  "i": "ed26df8e9ab7c0d7.ilean",
  "c": "a17e0bcd692fc8e9.c"},
 "log":
 [{"message":
   ".> LEAN_PATH=C:\\lean\\mathlib4\\.lake\\packages\\Cli\\.lake\\build\\lib\\lean;C:\\lean\\mathlib4\\.lake\\packages\\batteries\\.lake\\build\\lib\\lean;C:\\lean\\mathlib4\\.lake\\packages\\Qq\\.lake\\build\\lib\\lean;C:\\lean\\mathlib4\\.lake\\packages\\aesop\\.lake\\build\\lib\\lean;C:\\lean\\mathlib4\\.lake\\packages\\proofwidgets\\.lake\\build\\lib\\lean;C:\\lean\\mathlib4\\.lake\\packages\\importGraph\\.lake\\build\\lib\\lean;C:\\lean\\mathlib4\\.lake\\packages\\LeanSearchClient\\.lake\\build\\lib\\lean;C:\\lean\\mathlib4\\.lake\\packages\\plausible\\.lake\\build\\lib\\lean;C:\\lean\\mathlib4\\.lake\\build\\lib\\lean;C:\\lean\\libs\\physlib\\.lake\\build\\lib\\lean c:\\Users\\Administrator\\.elan\\toolchains\\leanprover--lean4---v4.34.0-rc1\\bin\\lean.exe -Dwarn.sorry=false -Dweak.says.verify=true C:\\lean\\libs\\physlib\\Physlib\\SpaceAndTime\\SpaceTime\\Derivatives.lean -o C:\\lean\\libs\\physlib\\.lake\\build\\lib\\lean\\Physlib\\SpaceAndTime\\SpaceTime\\Derivatives.olean -i C:\\lean\\libs\\physlib\\.lake\\build\\lib\\lean\\Physlib\\SpaceAndTime\\SpaceTime\\Derivatives.ilean -c C:\\lean\\libs\\physlib\\.lake\\build\\ir\\Physlib\\SpaceAndTime\\SpaceTime\\Derivatives.c --setup C:\\lean\\libs\\physlib\\.lake\\build\\ir\\Physlib\\SpaceAndTime\\SpaceTime\\Derivatives.setup.json --json",
   "level": "trace"}],
 "inputs":
 [["deps",
   [["Physlib/Physlib:extraDep", [["@Physlib:extraDep", "00000000000006bb"]]],
    ["imports",
     [["Physlib.SpaceAndTime.SpaceTime.LorentzAction transitive imports (public)",
       "9a65b70190248f4f"],
      ["Physlib.SpaceAndTime.SpaceTime.LorentzAction:importArts",
       "e347ada7157abe13"],
      ["Physlib.Relativity.Tensors.RealTensor.CoVector.Tensorial transitive imports (public)",
       "e2b1cb0b2453f8f8"],
      ["Physlib.Relativity.Tensors.RealTensor.CoVector.Tensorial:importArts",
       "c8dc14e5a2c27400"],
      ["Mathlib.Analysis.InnerProductSpace.TensorProduct transitive imports (public)",
       "1121f0b87843366d"],
      ["Mathlib.Analysis.InnerProductSpace.TensorProduct:importArts",
       "ac2b0df07116d00d"],
      ["Physlib.SpaceAndTime.Space.Derivatives.Basic transitive imports (public)",
       "1207de59da59e779"],
      ["Physlib.SpaceAndTime.Space.Derivatives.Basic:importArts",
       "2d9a05a0d2186655"],
      ["Physlib.SpaceAndTime.Time.Derivatives transitive imports (public)",
       "9646d1e0a6a778f4"],
      ["Physlib.SpaceAndTime.Time.Derivatives:importArts",
       "b8111bc3f32c0f64"]]]]],
  ["libs",
   [["import dynlibs", "00000000000006bb"],
    ["package external libraries", "00000000000006bb"],
    ["module dynlibs", "00000000000006bb"],
    ["module plugins", "00000000000006bb"]]],
  ["Lean 4.34.0, commit 3447a668783dbce1a8fdb97101dd067687b2b418",
   "421484e3e0c70198"],
  ["C:\\lean\\libs\\physlib\\Physlib\\SpaceAndTime\\SpaceTime\\Derivatives.lean",
   "0cf504210d79f997"],
  ["options", "00000000000006bb"],
  ["isModule: true", "760fcc16989f4b9b"],
  ["Module.name: Physlib.SpaceAndTime.SpaceTime.Derivatives",
   "c600687000cc726f"],
  ["Package.id?: (some Physlib)", "6dd4b1a3d0e46d70"],
  ["Module.leanArgs: #[-Dwarn.sorry=false, -Dweak.says.verify=true]",
   "72cd5083b9c31fb2"]],
 "depHash": "910af3d625c9b06a"}