{"synthetic": false,
 "schemaVersion": "2025-09-10",
 "outputs":
 {"rs": "b9fdf38bfa8b212d.ir.sig",
  "r": "e1b1142b99ecd0f9.ir",
  "o":
  ["5a503141d913cf61.olean",
   "c8df88a0b6fdede1.olean.server",
   "1b5dfad1655c5c67.olean.private"],
  "m": true,
  "i": "f711e57a081034e6.ilean",
  "c": "981c96c7ab982d64.c"},
 "log":
 [{"message":
   ".> LEAN_PATH=C:\\lean\\mathlib4\\.lake\\packages\\Cli\\.lake\\build\\lib\\lean;C:\\lean\\mathlib4\\.lake\\packages\\batteries\\.lake\\build\\lib\\lean;C:\\lean\\mathlib4\\.lake\\packages\\Qq\\.lake\\build\\lib\\lean;C:\\lean\\mathlib4\\.lake\\packages\\aesop\\.lake\\build\\lib\\lean;C:\\lean\\mathlib4\\.lake\\packages\\proofwidgets\\.lake\\build\\lib\\lean;C:\\lean\\mathlib4\\.lake\\packages\\importGraph\\.lake\\build\\lib\\lean;C:\\lean\\mathlib4\\.lake\\packages\\LeanSearchClient\\.lake\\build\\lib\\lean;C:\\lean\\mathlib4\\.lake\\packages\\plausible\\.lake\\build\\lib\\lean;C:\\lean\\mathlib4\\.lake\\build\\lib\\lean;C:\\lean\\libs\\physlib\\.lake\\build\\lib\\lean c:\\Users\\Administrator\\.elan\\toolchains\\leanprover--lean4---v4.34.0-rc1\\bin\\lean.exe -Dwarn.sorry=false -Dweak.says.verify=true C:\\lean\\libs\\physlib\\Physlib\\SpaceAndTime\\SpaceTime\\TimeSlice.lean -o C:\\lean\\libs\\physlib\\.lake\\build\\lib\\lean\\Physlib\\SpaceAndTime\\SpaceTime\\TimeSlice.olean -i C:\\lean\\libs\\physlib\\.lake\\build\\lib\\lean\\Physlib\\SpaceAndTime\\SpaceTime\\TimeSlice.ilean -c C:\\lean\\libs\\physlib\\.lake\\build\\ir\\Physlib\\SpaceAndTime\\SpaceTime\\TimeSlice.c --setup C:\\lean\\libs\\physlib\\.lake\\build\\ir\\Physlib\\SpaceAndTime\\SpaceTime\\TimeSlice.setup.json --json",
   "level": "trace"}],
 "inputs":
 [["deps",
   [["Physlib/Physlib:extraDep", [["@Physlib:extraDep", "00000000000006bb"]]],
    ["imports",
     [["Physlib.SpaceAndTime.SpaceTime.Derivatives transitive imports (public)",
       "6bfa563e7e4da42e"],
      ["Physlib.SpaceAndTime.SpaceTime.Derivatives:importArts",
       "7965267a51aa652a"],
      ["Physlib.SpaceAndTime.TimeAndSpace.Basic transitive imports (public)",
       "33228c7812782b28"],
      ["Physlib.SpaceAndTime.TimeAndSpace.Basic:importArts",
       "f5bb0331e82ab6c3"]]]]],
  ["libs",
   [["import dynlibs", "00000000000006bb"],
    ["package external libraries", "00000000000006bb"],
    ["module dynlibs", "00000000000006bb"],
    ["module plugins", "00000000000006bb"]]],
  ["Lean 4.34.0, commit 3447a668783dbce1a8fdb97101dd067687b2b418",
   "421484e3e0c70198"],
  ["C:\\lean\\libs\\physlib\\Physlib\\SpaceAndTime\\SpaceTime\\TimeSlice.lean",
   "bb8fe5e6f00c55bc"],
  ["options", "00000000000006bb"],
  ["isModule: true", "760fcc16989f4b9b"],
  ["Module.name: Physlib.SpaceAndTime.SpaceTime.TimeSlice", "434bff2e8eb82f67"],
  ["Package.id?: (some Physlib)", "6dd4b1a3d0e46d70"],
  ["Module.leanArgs: #[-Dwarn.sorry=false, -Dweak.says.verify=true]",
   "72cd5083b9c31fb2"]],
 "depHash": "f862d2ee7ec01c4d"}