{"synthetic": false,
 "schemaVersion": "2025-09-10",
 "outputs":
 {"rs": "d8ac2bc51702e090.ir.sig",
  "r": "a650da7a5a4cd56b.ir",
  "o":
  ["3848a19354d174a2.olean",
   "a185e6e6d195c193.olean.server",
   "1a79274d1ac82e59.olean.private"],
  "m": true,
  "i": "5ec5091a58e66c27.ilean",
  "c": "be04973b9886eca4.c"},
 "log":
 [{"message":
   ".> LEAN_PATH=C:\\lean\\mathlib4\\.lake\\packages\\Cli\\.lake\\build\\lib\\lean;C:\\lean\\mathlib4\\.lake\\packages\\batteries\\.lake\\build\\lib\\lean;C:\\lean\\mathlib4\\.lake\\packages\\Qq\\.lake\\build\\lib\\lean;C:\\lean\\mathlib4\\.lake\\packages\\aesop\\.lake\\build\\lib\\lean;C:\\lean\\mathlib4\\.lake\\packages\\proofwidgets\\.lake\\build\\lib\\lean;C:\\lean\\mathlib4\\.lake\\packages\\importGraph\\.lake\\build\\lib\\lean;C:\\lean\\mathlib4\\.lake\\packages\\LeanSearchClient\\.lake\\build\\lib\\lean;C:\\lean\\mathlib4\\.lake\\packages\\plausible\\.lake\\build\\lib\\lean;C:\\lean\\mathlib4\\.lake\\build\\lib\\lean;C:\\lean\\libs\\physlib\\.lake\\build\\lib\\lean c:\\Users\\Administrator\\.elan\\toolchains\\leanprover--lean4---v4.34.0\\bin\\lean.exe -Dwarn.sorry=false -Dweak.says.verify=true C:\\lean\\libs\\physlib\\Physlib\\ClassicalMechanics\\Pendulum\\SimplePendulum\\Geometric\\Basic.lean -o C:\\lean\\libs\\physlib\\.lake\\build\\lib\\lean\\Physlib\\ClassicalMechanics\\Pendulum\\SimplePendulum\\Geometric\\Basic.olean -i C:\\lean\\libs\\physlib\\.lake\\build\\lib\\lean\\Physlib\\ClassicalMechanics\\Pendulum\\SimplePendulum\\Geometric\\Basic.ilean -c C:\\lean\\libs\\physlib\\.lake\\build\\ir\\Physlib\\ClassicalMechanics\\Pendulum\\SimplePendulum\\Geometric\\Basic.c --setup C:\\lean\\libs\\physlib\\.lake\\build\\ir\\Physlib\\ClassicalMechanics\\Pendulum\\SimplePendulum\\Geometric\\Basic.setup.json --json",
   "level": "trace"}],
 "inputs":
 [["deps",
   [["Physlib/Physlib:extraDep", [["@Physlib:extraDep", "00000000000006bb"]]],
    ["imports",
     [["Physlib.SpaceAndTime.Space.Module transitive imports (public)",
       "2732858167cfb273"],
      ["Physlib.SpaceAndTime.Space.Module:importArts", "cb74679d8d2b5b8a"],
      ["Mathlib.Analysis.SpecialFunctions.Complex.Circle transitive imports (public)",
       "b010c5a83b42bd60"],
      ["Mathlib.Analysis.SpecialFunctions.Complex.Circle:importArts",
       "3e44b8b6092ae7d2"],
      ["Mathlib.Geometry.Manifold.Instances.Sphere transitive imports (public)",
       "83fdbb5c438dd488"],
      ["Mathlib.Geometry.Manifold.Instances.Sphere:importArts",
       "d6aa0f4c44745141"],
      ["Mathlib.Topology.Covering.AddCircle transitive imports (public)",
       "2f4a1d604e4a5ef4"],
      ["Mathlib.Topology.Covering.AddCircle:importArts",
       "f07841b1cca74a43"]]]]],
  ["libs",
   [["import dynlibs", "00000000000006bb"],
    ["package external libraries", "00000000000006bb"],
    ["module dynlibs", "00000000000006bb"],
    ["module plugins", "00000000000006bb"]]],
  ["Lean 4.34.0, commit 293d5d0c0c3f3dded4688b3ccd6a33939ac5102b",
   "a1c6c7aa3e9abfe7"],
  ["C:\\lean\\libs\\physlib\\Physlib\\ClassicalMechanics\\Pendulum\\SimplePendulum\\Geometric\\Basic.lean",
   "084c9ed4c1a275cf"],
  ["options", "00000000000006bb"],
  ["isModule: true", "760fcc16989f4b9b"],
  ["Module.name: Physlib.ClassicalMechanics.Pendulum.SimplePendulum.Geometric.Basic",
   "bff46f144b608a63"],
  ["Package.id?: (some Physlib)", "6dd4b1a3d0e46d70"],
  ["Module.leanArgs: #[-Dwarn.sorry=false, -Dweak.says.verify=true]",
   "72cd5083b9c31fb2"]],
 "depHash": "a68701fae5411093"}