{"synthetic": false,
 "schemaVersion": "2025-09-10",
 "outputs":
 {"rs": "3d5fc09eceba2c93.ir.sig",
  "r": "9b47f0d28c36af7c.ir",
  "o":
  ["82d1fd3884e29f88.olean",
   "f584cf48d68d88e2.olean.server",
   "efa6f12080030439.olean.private"],
  "m": true,
  "i": "954dc1df75189663.ilean",
  "c": "b4da9700eea1e8f5.c"},
 "log":
 [{"message":
   ".> LEAN_PATH=C:\\lean\\mathlib4\\.lake\\packages\\Cli\\.lake\\build\\lib\\lean;C:\\lean\\mathlib4\\.lake\\packages\\batteries\\.lake\\build\\lib\\lean;C:\\lean\\mathlib4\\.lake\\packages\\Qq\\.lake\\build\\lib\\lean;C:\\lean\\mathlib4\\.lake\\packages\\aesop\\.lake\\build\\lib\\lean;C:\\lean\\mathlib4\\.lake\\packages\\proofwidgets\\.lake\\build\\lib\\lean;C:\\lean\\mathlib4\\.lake\\packages\\importGraph\\.lake\\build\\lib\\lean;C:\\lean\\mathlib4\\.lake\\packages\\LeanSearchClient\\.lake\\build\\lib\\lean;C:\\lean\\mathlib4\\.lake\\packages\\plausible\\.lake\\build\\lib\\lean;C:\\lean\\mathlib4\\.lake\\build\\lib\\lean;C:\\lean\\libs\\physlib\\.lake\\build\\lib\\lean c:\\Users\\Administrator\\.elan\\toolchains\\leanprover--lean4---v4.34.0-rc1\\bin\\lean.exe -Dwarn.sorry=false -Dweak.says.verify=true C:\\lean\\libs\\physlib\\QuantumInfo\\States\\Mixed\\Fidelity.lean -o C:\\lean\\libs\\physlib\\.lake\\build\\lib\\lean\\QuantumInfo\\States\\Mixed\\Fidelity.olean -i C:\\lean\\libs\\physlib\\.lake\\build\\lib\\lean\\QuantumInfo\\States\\Mixed\\Fidelity.ilean -c C:\\lean\\libs\\physlib\\.lake\\build\\ir\\QuantumInfo\\States\\Mixed\\Fidelity.c --setup C:\\lean\\libs\\physlib\\.lake\\build\\ir\\QuantumInfo\\States\\Mixed\\Fidelity.setup.json --json",
   "level": "trace"}],
 "inputs":
 [["deps",
   [["Physlib/QuantumInfo:extraDep",
     [["@Physlib:extraDep", "00000000000006bb"]]],
    ["imports",
     [["QuantumInfo.Channels.Bundled transitive imports (public)",
       "ef9fa01249ee7c80"],
      ["QuantumInfo.Channels.Bundled:importArts", "4ef0e5da1e014097"],
      ["QuantumInfo.Channels.CPTP transitive imports (public)",
       "d3bec55cce042d09"],
      ["QuantumInfo.Channels.CPTP:importArts", "3f7a2382a64395ec"],
      ["QuantumInfo.Channels.Dual transitive imports (public)",
       "51f12d4821d461d2"],
      ["QuantumInfo.Channels.Dual:importArts", "a3dcaa48b7b9ad67"],
      ["QuantumInfo.Channels.MatrixMap transitive imports (public)",
       "851d7ab6f608f48c"],
      ["QuantumInfo.Channels.MatrixMap:importArts", "0bb27302abac343c"],
      ["QuantumInfo.Channels.Unbundled transitive imports (public)",
       "5e768fcbd516addd"],
      ["QuantumInfo.Channels.Unbundled:importArts", "dfaef85bda6b61f8"],
      ["Physlib.Meta.Sorry transitive imports (public)", "30738f2678b40cbf"],
      ["Physlib.Meta.Sorry:importArts", "017e14767afb8a3b"]]]]],
  ["libs",
   [["import dynlibs", "00000000000006bb"],
    ["package external libraries", "00000000000006bb"],
    ["module dynlibs", "00000000000006bb"],
    ["module plugins", "00000000000006bb"]]],
  ["Lean 4.34.0, commit 3447a668783dbce1a8fdb97101dd067687b2b418",
   "421484e3e0c70198"],
  ["C:\\lean\\libs\\physlib\\QuantumInfo\\States\\Mixed\\Fidelity.lean",
   "7a8e85bbe484d50b"],
  ["options", "00000000000006bb"],
  ["isModule: true", "760fcc16989f4b9b"],
  ["Module.name: QuantumInfo.States.Mixed.Fidelity", "87aa49c8c5818b93"],
  ["Package.id?: (some Physlib)", "6dd4b1a3d0e46d70"],
  ["Module.leanArgs: #[-Dwarn.sorry=false, -Dweak.says.verify=true]",
   "72cd5083b9c31fb2"]],
 "depHash": "e79d5744e671cb02"}