{"synthetic": false,
 "schemaVersion": "2025-09-10",
 "outputs":
 {"rs": "48885e10f67d0abf.ir.sig",
  "r": "6a9a2b85e4d1bd06.ir",
  "o":
  ["cf3e0a09e278bc97.olean",
   "8c21e00331729202.olean.server",
   "8d4d520fff03765b.olean.private"],
  "m": true,
  "i": "736f05af76b669a9.ilean",
  "c": "a0a1abb5b5c0302f.c"},
 "log":
 [{"message":
   ".> LEAN_PATH=C:\\lean\\mathlib4\\.lake\\packages\\Cli\\.lake\\build\\lib\\lean;C:\\lean\\mathlib4\\.lake\\packages\\batteries\\.lake\\build\\lib\\lean;C:\\lean\\mathlib4\\.lake\\packages\\Qq\\.lake\\build\\lib\\lean;C:\\lean\\mathlib4\\.lake\\packages\\aesop\\.lake\\build\\lib\\lean;C:\\lean\\mathlib4\\.lake\\packages\\proofwidgets\\.lake\\build\\lib\\lean;C:\\lean\\mathlib4\\.lake\\packages\\importGraph\\.lake\\build\\lib\\lean;C:\\lean\\mathlib4\\.lake\\packages\\LeanSearchClient\\.lake\\build\\lib\\lean;C:\\lean\\mathlib4\\.lake\\packages\\plausible\\.lake\\build\\lib\\lean;C:\\lean\\mathlib4\\.lake\\build\\lib\\lean;C:\\lean\\libs\\physlib\\.lake\\build\\lib\\lean c:\\Users\\Administrator\\.elan\\toolchains\\leanprover--lean4---v4.34.0\\bin\\lean.exe -Dwarn.sorry=false -Dweak.says.verify=true C:\\lean\\libs\\physlib\\QuantumInfo\\States\\Mixed\\MState.lean -o C:\\lean\\libs\\physlib\\.lake\\build\\lib\\lean\\QuantumInfo\\States\\Mixed\\MState.olean -i C:\\lean\\libs\\physlib\\.lake\\build\\lib\\lean\\QuantumInfo\\States\\Mixed\\MState.ilean -c C:\\lean\\libs\\physlib\\.lake\\build\\ir\\QuantumInfo\\States\\Mixed\\MState.c --setup C:\\lean\\libs\\physlib\\.lake\\build\\ir\\QuantumInfo\\States\\Mixed\\MState.setup.json --json",
   "level": "trace"},
  {"message":
   "QuantumInfo/States/Mixed/MState.lean:423:8: `if_neg` has been deprecated: Use `ite_eq_right` instead",
   "level": "warning"},
  {"message":
   "QuantumInfo/States/Mixed/MState.lean:910:36: `if_neg` has been deprecated: Use `ite_eq_right` instead",
   "level": "warning"}],
 "inputs":
 [["deps",
   [["Physlib/QuantumInfo:extraDep",
     [["@Physlib:extraDep", "00000000000006bb"]]],
    ["imports",
     [["QuantumInfo.ForMathlib.ContinuousLinearMap transitive imports (public)",
       "a490a3049175f7d5"],
      ["QuantumInfo.ForMathlib.ContinuousLinearMap:importArts",
       "441221e4ab3f688e"],
      ["QuantumInfo.ForMathlib.ComplexLaplaceTransform transitive imports (public)",
       "cce15d9d33ec29ee"],
      ["QuantumInfo.ForMathlib.ComplexLaplaceTransform:importArts",
       "f5d02cb371fde13e"],
      ["QuantumInfo.ForMathlib.ContinuousSup transitive imports (public)",
       "c34b4c99a84ec26d"],
      ["QuantumInfo.ForMathlib.ContinuousSup:importArts", "e5869644c6b97516"],
      ["QuantumInfo.ForMathlib.Filter transitive imports (public)",
       "6e7043e254316e1a"],
      ["QuantumInfo.ForMathlib.Filter:importArts", "083b52cfde184a19"],
      ["QuantumInfo.ForMathlib.HermitianMat transitive imports (public)",
       "0194f6eae0466c4e"],
      ["QuantumInfo.ForMathlib.HermitianMat:importArts", "3228d03c4af83b8d"],
      ["QuantumInfo.ForMathlib.Isometry transitive imports (public)",
       "3a37c5ef76bea288"],
      ["QuantumInfo.ForMathlib.Isometry:importArts", "98fb7cefafdb35c1"],
      ["QuantumInfo.ForMathlib.LinearEquiv transitive imports (public)",
       "85aa19cbad06bf6b"],
      ["QuantumInfo.ForMathlib.LinearEquiv:importArts", "61887f29c86e5d23"],
      ["QuantumInfo.ForMathlib.MatrixNorm.TraceNorm transitive imports (public)",
       "00c6970ebff2f9c1"],
      ["QuantumInfo.ForMathlib.MatrixNorm.TraceNorm:importArts",
       "4c5f5c41a3349017"],
      ["QuantumInfo.ForMathlib.Matrix transitive imports (public)",
       "58120ce7b9debd78"],
      ["QuantumInfo.ForMathlib.Matrix:importArts", "1256a98bdf5f4f35"],
      ["QuantumInfo.ForMathlib.Minimax transitive imports (public)",
       "19be3f9e0f9941c5"],
      ["QuantumInfo.ForMathlib.Minimax:importArts", "68c025e01d625c9a"],
      ["QuantumInfo.ForMathlib.Misc transitive imports (public)",
       "3ffe03eaa8b36311"],
      ["QuantumInfo.ForMathlib.Misc:importArts", "2c6cb05378f6e17e"],
      ["QuantumInfo.ForMathlib.Unitary transitive imports (public)",
       "b769b99af82d4b54"],
      ["QuantumInfo.ForMathlib.Unitary:importArts", "bd0d2ae4eebb038d"],
      ["QuantumInfo.ClassicalInfo.Distribution transitive imports (public)",
       "566004a8b6db8edf"],
      ["QuantumInfo.ClassicalInfo.Distribution:importArts", "89475cb8d869efb4"],
      ["QuantumInfo.States.Pure.Braket transitive imports (public)",
       "4301fdd4271e8f12"],
      ["QuantumInfo.States.Pure.Braket:importArts", "45ed6b09af5deffa"],
      ["Mathlib.Logic.Equiv.Basic transitive imports (public)",
       "3294635fad1bb6f2"],
      ["Mathlib.Logic.Equiv.Basic:importArts", "af5720226fa68ee7"]]]]],
  ["libs",
   [["import dynlibs", "00000000000006bb"],
    ["package external libraries", "00000000000006bb"],
    ["module dynlibs", "00000000000006bb"],
    ["module plugins", "00000000000006bb"]]],
  ["Lean 4.34.0, commit 293d5d0c0c3f3dded4688b3ccd6a33939ac5102b",
   "a1c6c7aa3e9abfe7"],
  ["C:\\lean\\libs\\physlib\\QuantumInfo\\States\\Mixed\\MState.lean",
   "141e3f6aad6bb9ef"],
  ["options", "00000000000006bb"],
  ["isModule: true", "760fcc16989f4b9b"],
  ["Module.name: QuantumInfo.States.Mixed.MState", "7f14d33a00f055a9"],
  ["Package.id?: (some Physlib)", "6dd4b1a3d0e46d70"],
  ["Module.leanArgs: #[-Dwarn.sorry=false, -Dweak.says.verify=true]",
   "72cd5083b9c31fb2"]],
 "depHash": "a151bfc2e5b3aad5"}