{"synthetic": false,
 "schemaVersion": "2025-09-10",
 "outputs":
 {"rs": "d17e02a5333efe14.ir.sig",
  "r": "06e367e043985063.ir",
  "o":
  ["8771bd4aec30bc13.olean",
   "61f5190f887ebedc.olean.server",
   "6b6fb6fb19a25dad.olean.private"],
  "m": true,
  "i": "ef424afda5c3e885.ilean",
  "c": "53d91038b2cc8613.c"},
 "log":
 [{"message":
   ".> LEAN_PATH=C:\\lean\\mathlib4\\.lake\\packages\\Cli\\.lake\\build\\lib\\lean;C:\\lean\\mathlib4\\.lake\\packages\\batteries\\.lake\\build\\lib\\lean;C:\\lean\\mathlib4\\.lake\\packages\\Qq\\.lake\\build\\lib\\lean;C:\\lean\\mathlib4\\.lake\\packages\\aesop\\.lake\\build\\lib\\lean;C:\\lean\\mathlib4\\.lake\\packages\\proofwidgets\\.lake\\build\\lib\\lean;C:\\lean\\mathlib4\\.lake\\packages\\importGraph\\.lake\\build\\lib\\lean;C:\\lean\\mathlib4\\.lake\\packages\\LeanSearchClient\\.lake\\build\\lib\\lean;C:\\lean\\mathlib4\\.lake\\packages\\plausible\\.lake\\build\\lib\\lean;C:\\lean\\mathlib4\\.lake\\build\\lib\\lean;C:\\lean\\libs\\physlib\\.lake\\build\\lib\\lean c:\\Users\\Administrator\\.elan\\toolchains\\leanprover--lean4---v4.34.0\\bin\\lean.exe -Dwarn.sorry=false -Dweak.says.verify=true C:\\lean\\libs\\physlib\\QuantumInfo\\States\\Mixed\\TraceDistance.lean -o C:\\lean\\libs\\physlib\\.lake\\build\\lib\\lean\\QuantumInfo\\States\\Mixed\\TraceDistance.olean -i C:\\lean\\libs\\physlib\\.lake\\build\\lib\\lean\\QuantumInfo\\States\\Mixed\\TraceDistance.ilean -c C:\\lean\\libs\\physlib\\.lake\\build\\ir\\QuantumInfo\\States\\Mixed\\TraceDistance.c --setup C:\\lean\\libs\\physlib\\.lake\\build\\ir\\QuantumInfo\\States\\Mixed\\TraceDistance.setup.json --json",
   "level": "trace"}],
 "inputs":
 [["deps",
   [["Physlib/QuantumInfo:extraDep",
     [["@Physlib:extraDep", "00000000000006bb"]]],
    ["imports",
     [["QuantumInfo.States.Mixed.MState transitive imports (public)",
       "1384491c67c2af61"],
      ["QuantumInfo.States.Mixed.MState:importArts", "8ca34269dd2339e1"],
      ["QuantumInfo.ForMathlib.ContinuousLinearMap transitive imports (public)",
       "a490a3049175f7d5"],
      ["QuantumInfo.ForMathlib.ContinuousLinearMap:importArts",
       "441221e4ab3f688e"],
      ["QuantumInfo.ForMathlib.ComplexLaplaceTransform transitive imports (public)",
       "cce15d9d33ec29ee"],
      ["QuantumInfo.ForMathlib.ComplexLaplaceTransform:importArts",
       "f5d02cb371fde13e"],
      ["QuantumInfo.ForMathlib.ContinuousSup transitive imports (public)",
       "c34b4c99a84ec26d"],
      ["QuantumInfo.ForMathlib.ContinuousSup:importArts", "e5869644c6b97516"],
      ["QuantumInfo.ForMathlib.Filter transitive imports (public)",
       "6e7043e254316e1a"],
      ["QuantumInfo.ForMathlib.Filter:importArts", "083b52cfde184a19"],
      ["QuantumInfo.ForMathlib.HermitianMat transitive imports (public)",
       "0194f6eae0466c4e"],
      ["QuantumInfo.ForMathlib.HermitianMat:importArts", "3228d03c4af83b8d"],
      ["QuantumInfo.ForMathlib.Isometry transitive imports (public)",
       "3a37c5ef76bea288"],
      ["QuantumInfo.ForMathlib.Isometry:importArts", "98fb7cefafdb35c1"],
      ["QuantumInfo.ForMathlib.LinearEquiv transitive imports (public)",
       "85aa19cbad06bf6b"],
      ["QuantumInfo.ForMathlib.LinearEquiv:importArts", "61887f29c86e5d23"],
      ["QuantumInfo.ForMathlib.MatrixNorm.TraceNorm transitive imports (public)",
       "00c6970ebff2f9c1"],
      ["QuantumInfo.ForMathlib.MatrixNorm.TraceNorm:importArts",
       "4c5f5c41a3349017"],
      ["QuantumInfo.ForMathlib.Matrix transitive imports (public)",
       "58120ce7b9debd78"],
      ["QuantumInfo.ForMathlib.Matrix:importArts", "1256a98bdf5f4f35"],
      ["QuantumInfo.ForMathlib.Minimax transitive imports (public)",
       "19be3f9e0f9941c5"],
      ["QuantumInfo.ForMathlib.Minimax:importArts", "68c025e01d625c9a"],
      ["QuantumInfo.ForMathlib.Misc transitive imports (public)",
       "3ffe03eaa8b36311"],
      ["QuantumInfo.ForMathlib.Misc:importArts", "2c6cb05378f6e17e"],
      ["QuantumInfo.ForMathlib.Unitary transitive imports (public)",
       "b769b99af82d4b54"],
      ["QuantumInfo.ForMathlib.Unitary:importArts", "bd0d2ae4eebb038d"]]]]],
  ["libs",
   [["import dynlibs", "00000000000006bb"],
    ["package external libraries", "00000000000006bb"],
    ["module dynlibs", "00000000000006bb"],
    ["module plugins", "00000000000006bb"]]],
  ["Lean 4.34.0, commit 293d5d0c0c3f3dded4688b3ccd6a33939ac5102b",
   "a1c6c7aa3e9abfe7"],
  ["C:\\lean\\libs\\physlib\\QuantumInfo\\States\\Mixed\\TraceDistance.lean",
   "98cf0cd37b6bbd74"],
  ["options", "00000000000006bb"],
  ["isModule: true", "760fcc16989f4b9b"],
  ["Module.name: QuantumInfo.States.Mixed.TraceDistance", "8ffd8f566802dd01"],
  ["Package.id?: (some Physlib)", "6dd4b1a3d0e46d70"],
  ["Module.leanArgs: #[-Dwarn.sorry=false, -Dweak.says.verify=true]",
   "72cd5083b9c31fb2"]],
 "depHash": "8fbb920f01418b89"}