{"synthetic": false,
 "schemaVersion": "2025-09-10",
 "outputs":
 {"rs": "0eadf4cfc07d706e.ir.sig",
  "r": "cfe14a98a86a7eca.ir",
  "o":
  ["9e9252fa347e10d7.olean",
   "7c3c2e14ca7b7a83.olean.server",
   "59887ce9a3c6a71a.olean.private"],
  "m": true,
  "i": "105d44178ea5ab56.ilean",
  "c": "584847bc674dafee.c"},
 "log":
 [{"message":
   ".> LEAN_PATH=C:\\lean\\mathlib4\\.lake\\packages\\Cli\\.lake\\build\\lib\\lean;C:\\lean\\mathlib4\\.lake\\packages\\batteries\\.lake\\build\\lib\\lean;C:\\lean\\mathlib4\\.lake\\packages\\Qq\\.lake\\build\\lib\\lean;C:\\lean\\mathlib4\\.lake\\packages\\aesop\\.lake\\build\\lib\\lean;C:\\lean\\mathlib4\\.lake\\packages\\proofwidgets\\.lake\\build\\lib\\lean;C:\\lean\\mathlib4\\.lake\\packages\\importGraph\\.lake\\build\\lib\\lean;C:\\lean\\mathlib4\\.lake\\packages\\LeanSearchClient\\.lake\\build\\lib\\lean;C:\\lean\\mathlib4\\.lake\\packages\\plausible\\.lake\\build\\lib\\lean;C:\\lean\\mathlib4\\.lake\\build\\lib\\lean;C:\\lean\\libs\\physlib\\.lake\\build\\lib\\lean c:\\Users\\Administrator\\.elan\\toolchains\\leanprover--lean4---v4.34.0\\bin\\lean.exe -Dwarn.sorry=false -Dweak.says.verify=true C:\\lean\\libs\\physlib\\Physlib\\Units\\Basic.lean -o C:\\lean\\libs\\physlib\\.lake\\build\\lib\\lean\\Physlib\\Units\\Basic.olean -i C:\\lean\\libs\\physlib\\.lake\\build\\lib\\lean\\Physlib\\Units\\Basic.ilean -c C:\\lean\\libs\\physlib\\.lake\\build\\ir\\Physlib\\Units\\Basic.c --setup C:\\lean\\libs\\physlib\\.lake\\build\\ir\\Physlib\\Units\\Basic.setup.json --json",
   "level": "trace"}],
 "inputs":
 [["deps",
   [["Physlib/Physlib:extraDep", [["@Physlib:extraDep", "00000000000006bb"]]],
    ["imports",
     [["Physlib.SpaceAndTime.Time.TimeUnit transitive imports (public)",
       "7b4a413f787ab9ac"],
      ["Physlib.SpaceAndTime.Time.TimeUnit:importArts", "43c0f985dae7e9f2"],
      ["Physlib.SpaceAndTime.Space.LengthUnit transitive imports (public)",
       "f6851f8b3867dab4"],
      ["Physlib.SpaceAndTime.Space.LengthUnit:importArts", "6860c5e0eb19bd10"],
      ["Physlib.ClassicalMechanics.Mass.MassUnit transitive imports (public)",
       "7b4a413f787ab9ac"],
      ["Physlib.ClassicalMechanics.Mass.MassUnit:importArts",
       "9aebe298464377f5"],
      ["Physlib.Electromagnetism.Charge.ChargeUnit transitive imports (public)",
       "7b4a413f787ab9ac"],
      ["Physlib.Electromagnetism.Charge.ChargeUnit:importArts",
       "ff904d616c3f82aa"],
      ["Physlib.Thermodynamics.Temperature.TemperatureUnits transitive imports (public)",
       "7b4a413f787ab9ac"],
      ["Physlib.Thermodynamics.Temperature.TemperatureUnits:importArts",
       "84c8935677a9d4e8"],
      ["Physlib.Units.LTMCTDimensionBase transitive imports (public)",
       "56f6d2a9b89dd9e3"],
      ["Physlib.Units.LTMCTDimensionBase:importArts", "58023e61908c8d0e"],
      ["Physlib.Meta.TODO.Basic transitive imports (public)",
       "00000000000006bb"],
      ["Physlib.Meta.TODO.Basic:importArts", "00cee186cb0fb022"],
      ["Mathlib.Analysis.SpecialFunctions.Pow.NNReal transitive imports (public)",
       "3ecf358a161597f9"],
      ["Mathlib.Analysis.SpecialFunctions.Pow.NNReal:importArts",
       "14c7ef99b590b187"]]]]],
  ["libs",
   [["import dynlibs", "00000000000006bb"],
    ["package external libraries", "00000000000006bb"],
    ["module dynlibs", "00000000000006bb"],
    ["module plugins", "00000000000006bb"]]],
  ["Lean 4.34.0, commit 293d5d0c0c3f3dded4688b3ccd6a33939ac5102b",
   "a1c6c7aa3e9abfe7"],
  ["C:\\lean\\libs\\physlib\\Physlib\\Units\\Basic.lean", "32de375f271223d4"],
  ["options", "00000000000006bb"],
  ["isModule: true", "760fcc16989f4b9b"],
  ["Module.name: Physlib.Units.Basic", "c4891e8f0f52fc5d"],
  ["Package.id?: (some Physlib)", "6dd4b1a3d0e46d70"],
  ["Module.leanArgs: #[-Dwarn.sorry=false, -Dweak.says.verify=true]",
   "72cd5083b9c31fb2"]],
 "depHash": "841c20f1bc55d339"}