{"synthetic": false,
 "schemaVersion": "2025-09-10",
 "outputs":
 {"rs": "eb810cb34e77d365.ir.sig",
  "r": "b2fef187e3cc1e79.ir",
  "o":
  ["484deef39d6116e4.olean",
   "0da323bcee7ec2ba.olean.server",
   "1ad7ea2ebc9a9c46.olean.private"],
  "m": true,
  "i": "21bcad89ff92f9ce.ilean",
  "c": "f97605397f5081ed.c"},
 "log":
 [{"message":
   ".> LEAN_PATH=C:\\lean\\mathlib4\\.lake\\packages\\Cli\\.lake\\build\\lib\\lean;C:\\lean\\mathlib4\\.lake\\packages\\batteries\\.lake\\build\\lib\\lean;C:\\lean\\mathlib4\\.lake\\packages\\Qq\\.lake\\build\\lib\\lean;C:\\lean\\mathlib4\\.lake\\packages\\aesop\\.lake\\build\\lib\\lean;C:\\lean\\mathlib4\\.lake\\packages\\proofwidgets\\.lake\\build\\lib\\lean;C:\\lean\\mathlib4\\.lake\\packages\\importGraph\\.lake\\build\\lib\\lean;C:\\lean\\mathlib4\\.lake\\packages\\LeanSearchClient\\.lake\\build\\lib\\lean;C:\\lean\\mathlib4\\.lake\\packages\\plausible\\.lake\\build\\lib\\lean;C:\\lean\\mathlib4\\.lake\\build\\lib\\lean;C:\\lean\\libs\\physlib\\.lake\\build\\lib\\lean c:\\Users\\Administrator\\.elan\\toolchains\\leanprover--lean4---v4.34.0\\bin\\lean.exe -Dwarn.sorry=false -Dweak.says.verify=true C:\\lean\\libs\\physlib\\Physlib\\Units\\Dimension.lean -o C:\\lean\\libs\\physlib\\.lake\\build\\lib\\lean\\Physlib\\Units\\Dimension.olean -i C:\\lean\\libs\\physlib\\.lake\\build\\lib\\lean\\Physlib\\Units\\Dimension.ilean -c C:\\lean\\libs\\physlib\\.lake\\build\\ir\\Physlib\\Units\\Dimension.c --setup C:\\lean\\libs\\physlib\\.lake\\build\\ir\\Physlib\\Units\\Dimension.setup.json --json",
   "level": "trace"}],
 "inputs":
 [["deps",
   [["Physlib/Physlib:extraDep", [["@Physlib:extraDep", "00000000000006bb"]]],
    ["imports",
     [["Mathlib.Analysis.Normed.Field.Lemmas transitive imports (public)",
       "e158e18a7a8973b0"],
      ["Mathlib.Analysis.Normed.Field.Lemmas:importArts", "400ec7a9a152256c"],
      ["Mathlib.Tactic.DeriveFintype transitive imports (public)",
       "0af78b71e8df2463"],
      ["Mathlib.Tactic.DeriveFintype:importArts", "8f10b02d6613f127"],
      ["Physlib.Units.Exponent transitive imports (public)",
       "87541979c78c21d1"],
      ["Physlib.Units.Exponent:importArts", "a8e15b8e8d23b568"]]]]],
  ["libs",
   [["import dynlibs", "00000000000006bb"],
    ["package external libraries", "00000000000006bb"],
    ["module dynlibs", "00000000000006bb"],
    ["module plugins", "00000000000006bb"]]],
  ["Lean 4.34.0, commit 293d5d0c0c3f3dded4688b3ccd6a33939ac5102b",
   "a1c6c7aa3e9abfe7"],
  ["C:\\lean\\libs\\physlib\\Physlib\\Units\\Dimension.lean",
   "23a7e567c3d1dd53"],
  ["options", "00000000000006bb"],
  ["isModule: true", "760fcc16989f4b9b"],
  ["Module.name: Physlib.Units.Dimension", "fc2fc6577499431b"],
  ["Package.id?: (some Physlib)", "6dd4b1a3d0e46d70"],
  ["Module.leanArgs: #[-Dwarn.sorry=false, -Dweak.says.verify=true]",
   "72cd5083b9c31fb2"]],
 "depHash": "6682fc5ea943fcd6"}