{"synthetic": false,
 "schemaVersion": "2025-09-10",
 "outputs":
 {"rs": "20c811de0060c977.ir.sig",
  "r": "4d6036c5fe129709.ir",
  "o":
  ["ffc371123fdd3586.olean",
   "84b05595b455d352.olean.server",
   "564b1434701791da.olean.private"],
  "m": true,
  "i": "b4c1986a4f27f857.ilean",
  "c": "1dff577f1670fe83.c"},
 "log":
 [{"message":
   ".> LEAN_PATH=C:\\lean\\mathlib4\\.lake\\packages\\Cli\\.lake\\build\\lib\\lean;C:\\lean\\mathlib4\\.lake\\packages\\batteries\\.lake\\build\\lib\\lean;C:\\lean\\mathlib4\\.lake\\packages\\Qq\\.lake\\build\\lib\\lean;C:\\lean\\mathlib4\\.lake\\packages\\aesop\\.lake\\build\\lib\\lean;C:\\lean\\mathlib4\\.lake\\packages\\proofwidgets\\.lake\\build\\lib\\lean;C:\\lean\\mathlib4\\.lake\\packages\\importGraph\\.lake\\build\\lib\\lean;C:\\lean\\mathlib4\\.lake\\packages\\LeanSearchClient\\.lake\\build\\lib\\lean;C:\\lean\\mathlib4\\.lake\\packages\\plausible\\.lake\\build\\lib\\lean;C:\\lean\\mathlib4\\.lake\\build\\lib\\lean;C:\\lean\\libs\\physlib\\.lake\\build\\lib\\lean c:\\Users\\Administrator\\.elan\\toolchains\\leanprover--lean4---v4.34.0\\bin\\lean.exe -Dwarn.sorry=false -Dweak.says.verify=true C:\\lean\\libs\\physlib\\Physlib\\Units\\Exponent.lean -o C:\\lean\\libs\\physlib\\.lake\\build\\lib\\lean\\Physlib\\Units\\Exponent.olean -i C:\\lean\\libs\\physlib\\.lake\\build\\lib\\lean\\Physlib\\Units\\Exponent.ilean -c C:\\lean\\libs\\physlib\\.lake\\build\\ir\\Physlib\\Units\\Exponent.c --setup C:\\lean\\libs\\physlib\\.lake\\build\\ir\\Physlib\\Units\\Exponent.setup.json --json",
   "level": "trace"}],
 "inputs":
 [["deps",
   [["Physlib/Physlib:extraDep", [["@Physlib:extraDep", "00000000000006bb"]]],
    ["imports",
     [["Mathlib.Algebra.Field.TransferInstance transitive imports (public)",
       "9087a8567b875db0"],
      ["Mathlib.Algebra.Field.TransferInstance:importArts", "155aa8b91725d04f"],
      ["Mathlib.Algebra.Field.Rat transitive imports (public)",
       "bfd98b6ee34406fb"],
      ["Mathlib.Algebra.Field.Rat:importArts", "0135bdd4b1ce3bf2"],
      ["Mathlib.Algebra.Order.Ring.InjSurj transitive imports (public)",
       "096193a58841c0b9"],
      ["Mathlib.Algebra.Order.Ring.InjSurj:importArts", "cc08e6582f5e7669"],
      ["Mathlib.Algebra.Order.Ring.Rat transitive imports (public)",
       "2b03f4aa6f70d2d5"],
      ["Mathlib.Algebra.Order.Ring.Rat:importArts", "1fd751898904c274"]]]]],
  ["libs",
   [["import dynlibs", "00000000000006bb"],
    ["package external libraries", "00000000000006bb"],
    ["module dynlibs", "00000000000006bb"],
    ["module plugins", "00000000000006bb"]]],
  ["Lean 4.34.0, commit 293d5d0c0c3f3dded4688b3ccd6a33939ac5102b",
   "a1c6c7aa3e9abfe7"],
  ["C:\\lean\\libs\\physlib\\Physlib\\Units\\Exponent.lean",
   "fdd2406be6ca3922"],
  ["options", "00000000000006bb"],
  ["isModule: true", "760fcc16989f4b9b"],
  ["Module.name: Physlib.Units.Exponent", "fde825df9b8512ef"],
  ["Package.id?: (some Physlib)", "6dd4b1a3d0e46d70"],
  ["Module.leanArgs: #[-Dwarn.sorry=false, -Dweak.says.verify=true]",
   "72cd5083b9c31fb2"]],
 "depHash": "f0a672e10c64d501"}