{"synthetic": false,
 "schemaVersion": "2025-09-10",
 "outputs":
 {"rs": "bf2da143107a1463.ir.sig",
  "r": "b2b5a22d6208c07b.ir",
  "o":
  ["c0af376c2ec1fa2e.olean",
   "3d0610ad70e46749.olean.server",
   "c56e0e0ff7496c29.olean.private"],
  "m": true,
  "i": "446db056c06656b2.ilean",
  "c": "8bdff077ffe5ad4f.c"},
 "log":
 [{"message":
   ".> LEAN_PATH=C:\\lean\\mathlib4\\.lake\\packages\\Cli\\.lake\\build\\lib\\lean;C:\\lean\\mathlib4\\.lake\\packages\\batteries\\.lake\\build\\lib\\lean;C:\\lean\\mathlib4\\.lake\\packages\\Qq\\.lake\\build\\lib\\lean;C:\\lean\\mathlib4\\.lake\\packages\\aesop\\.lake\\build\\lib\\lean;C:\\lean\\mathlib4\\.lake\\packages\\proofwidgets\\.lake\\build\\lib\\lean;C:\\lean\\mathlib4\\.lake\\packages\\importGraph\\.lake\\build\\lib\\lean;C:\\lean\\mathlib4\\.lake\\packages\\LeanSearchClient\\.lake\\build\\lib\\lean;C:\\lean\\mathlib4\\.lake\\packages\\plausible\\.lake\\build\\lib\\lean;C:\\lean\\mathlib4\\.lake\\build\\lib\\lean;C:\\lean\\libs\\physlib\\.lake\\build\\lib\\lean c:\\Users\\Administrator\\.elan\\toolchains\\leanprover--lean4---v4.34.0\\bin\\lean.exe -Dwarn.sorry=false -Dweak.says.verify=true C:\\lean\\libs\\physlib\\Physlib\\Units\\SIUnitChoices.lean -o C:\\lean\\libs\\physlib\\.lake\\build\\lib\\lean\\Physlib\\Units\\SIUnitChoices.olean -i C:\\lean\\libs\\physlib\\.lake\\build\\lib\\lean\\Physlib\\Units\\SIUnitChoices.ilean -c C:\\lean\\libs\\physlib\\.lake\\build\\ir\\Physlib\\Units\\SIUnitChoices.c --setup C:\\lean\\libs\\physlib\\.lake\\build\\ir\\Physlib\\Units\\SIUnitChoices.setup.json --json",
   "level": "trace"}],
 "inputs":
 [["deps",
   [["Physlib/Physlib:extraDep", [["@Physlib:extraDep", "00000000000006bb"]]],
    ["imports",
     [["Physlib.Units.UnitSystem transitive imports (public)",
       "9846a63696f4b3a6"],
      ["Physlib.Units.UnitSystem:importArts", "c94a5719e4000de5"],
      ["Physlib.Units.ISQDimensionBase transitive imports (public)",
       "56f6d2a9b89dd9e3"],
      ["Physlib.Units.ISQDimensionBase:importArts", "b823e2f8d1e61d87"]]]]],
  ["libs",
   [["import dynlibs", "00000000000006bb"],
    ["package external libraries", "00000000000006bb"],
    ["module dynlibs", "00000000000006bb"],
    ["module plugins", "00000000000006bb"]]],
  ["Lean 4.34.0, commit 293d5d0c0c3f3dded4688b3ccd6a33939ac5102b",
   "a1c6c7aa3e9abfe7"],
  ["C:\\lean\\libs\\physlib\\Physlib\\Units\\SIUnitChoices.lean",
   "1a7a5451a29c7268"],
  ["options", "00000000000006bb"],
  ["isModule: true", "760fcc16989f4b9b"],
  ["Module.name: Physlib.Units.SIUnitChoices", "f02df525e1b3a5bf"],
  ["Package.id?: (some Physlib)", "6dd4b1a3d0e46d70"],
  ["Module.leanArgs: #[-Dwarn.sorry=false, -Dweak.says.verify=true]",
   "72cd5083b9c31fb2"]],
 "depHash": "bd5a927d4701348f"}