{"synthetic": false,
 "schemaVersion": "2025-09-10",
 "outputs":
 {"rs": "dedd31f8ec0e8f10.ir.sig",
  "r": "9b2f08d0fa487ed1.ir",
  "o":
  ["7c5b6f3fb6438677.olean",
   "31963692073cc35e.olean.server",
   "c8da8aff4a12f208.olean.private"],
  "m": true,
  "i": "87a55a6235205cfd.ilean",
  "c": "9b4af8a644aa2ea3.c"},
 "log":
 [{"message":
   ".> LEAN_PATH=C:\\lean\\mathlib4\\.lake\\packages\\Cli\\.lake\\build\\lib\\lean;C:\\lean\\mathlib4\\.lake\\packages\\batteries\\.lake\\build\\lib\\lean;C:\\lean\\mathlib4\\.lake\\packages\\Qq\\.lake\\build\\lib\\lean;C:\\lean\\mathlib4\\.lake\\packages\\aesop\\.lake\\build\\lib\\lean;C:\\lean\\mathlib4\\.lake\\packages\\proofwidgets\\.lake\\build\\lib\\lean;C:\\lean\\mathlib4\\.lake\\packages\\importGraph\\.lake\\build\\lib\\lean;C:\\lean\\mathlib4\\.lake\\packages\\LeanSearchClient\\.lake\\build\\lib\\lean;C:\\lean\\mathlib4\\.lake\\packages\\plausible\\.lake\\build\\lib\\lean;C:\\lean\\mathlib4\\.lake\\build\\lib\\lean;C:\\lean\\libs\\physlib\\.lake\\build\\lib\\lean c:\\Users\\Administrator\\.elan\\toolchains\\leanprover--lean4---v4.34.0\\bin\\lean.exe -Dwarn.sorry=false -Dweak.says.verify=true C:\\lean\\libs\\physlib\\Physlib\\Units\\UnitDependent.lean -o C:\\lean\\libs\\physlib\\.lake\\build\\lib\\lean\\Physlib\\Units\\UnitDependent.olean -i C:\\lean\\libs\\physlib\\.lake\\build\\lib\\lean\\Physlib\\Units\\UnitDependent.ilean -c C:\\lean\\libs\\physlib\\.lake\\build\\ir\\Physlib\\Units\\UnitDependent.c --setup C:\\lean\\libs\\physlib\\.lake\\build\\ir\\Physlib\\Units\\UnitDependent.setup.json --json",
   "level": "trace"}],
 "inputs":
 [["deps",
   [["Physlib/Physlib:extraDep", [["@Physlib:extraDep", "00000000000006bb"]]],
    ["imports",
     [["Physlib.Units.Basic transitive imports (public)", "637e8afe3df6c0a5"],
      ["Physlib.Units.Basic:importArts", "09d91028b49fe956"],
      ["Mathlib.Topology.Algebra.Module.Spaces.ContinuousLinearMap transitive imports (public)",
       "5865fd17b1128f93"],
      ["Mathlib.Topology.Algebra.Module.Spaces.ContinuousLinearMap:importArts",
       "0c9a8727d9667f22"]]]]],
  ["libs",
   [["import dynlibs", "00000000000006bb"],
    ["package external libraries", "00000000000006bb"],
    ["module dynlibs", "00000000000006bb"],
    ["module plugins", "00000000000006bb"]]],
  ["Lean 4.34.0, commit 293d5d0c0c3f3dded4688b3ccd6a33939ac5102b",
   "a1c6c7aa3e9abfe7"],
  ["C:\\lean\\libs\\physlib\\Physlib\\Units\\UnitDependent.lean",
   "748cf6265dd4d35d"],
  ["options", "00000000000006bb"],
  ["isModule: true", "760fcc16989f4b9b"],
  ["Module.name: Physlib.Units.UnitDependent", "5b054ab2ae2e8496"],
  ["Package.id?: (some Physlib)", "6dd4b1a3d0e46d70"],
  ["Module.leanArgs: #[-Dwarn.sorry=false, -Dweak.says.verify=true]",
   "72cd5083b9c31fb2"]],
 "depHash": "cb88665f14aa8c83"}