{"synthetic": false,
 "schemaVersion": "2025-09-10",
 "outputs":
 {"rs": "577a1bdc561ffdc4.ir.sig",
  "r": "fac356703b4c2f5e.ir",
  "o":
  ["832f6ce8411790ac.olean",
   "c4ca44247ee52b9b.olean.server",
   "f19c7055ef420c04.olean.private"],
  "m": true,
  "i": "5cc776dca0692a96.ilean",
  "c": "c3af57bb946eaa3d.c"},
 "log":
 [{"message":
   ".> LEAN_PATH=C:\\lean\\mathlib4\\.lake\\packages\\Cli\\.lake\\build\\lib\\lean;C:\\lean\\mathlib4\\.lake\\packages\\batteries\\.lake\\build\\lib\\lean;C:\\lean\\mathlib4\\.lake\\packages\\Qq\\.lake\\build\\lib\\lean;C:\\lean\\mathlib4\\.lake\\packages\\aesop\\.lake\\build\\lib\\lean;C:\\lean\\mathlib4\\.lake\\packages\\proofwidgets\\.lake\\build\\lib\\lean;C:\\lean\\mathlib4\\.lake\\packages\\importGraph\\.lake\\build\\lib\\lean;C:\\lean\\mathlib4\\.lake\\packages\\LeanSearchClient\\.lake\\build\\lib\\lean;C:\\lean\\mathlib4\\.lake\\packages\\plausible\\.lake\\build\\lib\\lean;C:\\lean\\mathlib4\\.lake\\build\\lib\\lean;C:\\lean\\libs\\physlib\\.lake\\build\\lib\\lean c:\\Users\\Administrator\\.elan\\toolchains\\leanprover--lean4---v4.34.0\\bin\\lean.exe -Dwarn.sorry=false -Dweak.says.verify=true C:\\lean\\libs\\physlib\\Physlib\\Mathematics\\SO3\\Basic.lean -o C:\\lean\\libs\\physlib\\.lake\\build\\lib\\lean\\Physlib\\Mathematics\\SO3\\Basic.olean -i C:\\lean\\libs\\physlib\\.lake\\build\\lib\\lean\\Physlib\\Mathematics\\SO3\\Basic.ilean -c C:\\lean\\libs\\physlib\\.lake\\build\\ir\\Physlib\\Mathematics\\SO3\\Basic.c --setup C:\\lean\\libs\\physlib\\.lake\\build\\ir\\Physlib\\Mathematics\\SO3\\Basic.setup.json --json",
   "level": "trace"}],
 "inputs":
 [["deps",
   [["Physlib/Physlib:extraDep", [["@Physlib:extraDep", "00000000000006bb"]]],
    ["imports",
     [["Mathlib.LinearAlgebra.Eigenspace.Basic transitive imports (public)",
       "4b9f700ade9f8761"],
      ["Mathlib.LinearAlgebra.Eigenspace.Basic:importArts", "7f7e43be8486cd19"],
      ["Mathlib.Analysis.InnerProductSpace.PiL2 transitive imports (public)",
       "3d0ac67deb197c5c"],
      ["Mathlib.Analysis.InnerProductSpace.PiL2:importArts",
       "e80e96e1149f4aa4"],
      ["Mathlib.Topology.Algebra.Group.Units transitive imports (public)",
       "ff88b01a08d91e6a"],
      ["Mathlib.Topology.Algebra.Group.Units:importArts",
       "5d9405ecdd247524"]]]]],
  ["libs",
   [["import dynlibs", "00000000000006bb"],
    ["package external libraries", "00000000000006bb"],
    ["module dynlibs", "00000000000006bb"],
    ["module plugins", "00000000000006bb"]]],
  ["Lean 4.34.0, commit 293d5d0c0c3f3dded4688b3ccd6a33939ac5102b",
   "a1c6c7aa3e9abfe7"],
  ["C:\\lean\\libs\\physlib\\Physlib\\Mathematics\\SO3\\Basic.lean",
   "2362dabba68bb10e"],
  ["options", "00000000000006bb"],
  ["isModule: true", "760fcc16989f4b9b"],
  ["Module.name: Physlib.Mathematics.SO3.Basic", "e60edbb7e91018d7"],
  ["Package.id?: (some Physlib)", "6dd4b1a3d0e46d70"],
  ["Module.leanArgs: #[-Dwarn.sorry=false, -Dweak.says.verify=true]",
   "72cd5083b9c31fb2"]],
 "depHash": "00f3fac173700437"}