{"synthetic": false,
 "schemaVersion": "2025-09-10",
 "outputs":
 {"rs": "378336893c61aef7.ir.sig",
  "r": "7da9e7ca30b7d63a.ir",
  "o":
  ["5c94658bcb7a53e7.olean",
   "e73da7c6c068f065.olean.server",
   "008578beae6dfd42.olean.private"],
  "m": true,
  "i": "b6d530ecb310738d.ilean",
  "c": "c61b37418d54bb0a.c"},
 "log":
 [{"message":
   ".> LEAN_PATH=C:\\lean\\mathlib4\\.lake\\packages\\Cli\\.lake\\build\\lib\\lean;C:\\lean\\mathlib4\\.lake\\packages\\batteries\\.lake\\build\\lib\\lean;C:\\lean\\mathlib4\\.lake\\packages\\Qq\\.lake\\build\\lib\\lean;C:\\lean\\mathlib4\\.lake\\packages\\aesop\\.lake\\build\\lib\\lean;C:\\lean\\mathlib4\\.lake\\packages\\proofwidgets\\.lake\\build\\lib\\lean;C:\\lean\\mathlib4\\.lake\\packages\\importGraph\\.lake\\build\\lib\\lean;C:\\lean\\mathlib4\\.lake\\packages\\LeanSearchClient\\.lake\\build\\lib\\lean;C:\\lean\\mathlib4\\.lake\\packages\\plausible\\.lake\\build\\lib\\lean;C:\\lean\\mathlib4\\.lake\\build\\lib\\lean;C:\\lean\\libs\\physlib\\.lake\\build\\lib\\lean c:\\Users\\Administrator\\.elan\\toolchains\\leanprover--lean4---v4.34.0-rc1\\bin\\lean.exe -Dwarn.sorry=false -Dweak.says.verify=true C:\\lean\\libs\\physlib\\Physlib\\QuantumMechanics\\Hydrogen\\LaplaceRungeLenzVector.lean -o C:\\lean\\libs\\physlib\\.lake\\build\\lib\\lean\\Physlib\\QuantumMechanics\\Hydrogen\\LaplaceRungeLenzVector.olean -i C:\\lean\\libs\\physlib\\.lake\\build\\lib\\lean\\Physlib\\QuantumMechanics\\Hydrogen\\LaplaceRungeLenzVector.ilean -c C:\\lean\\libs\\physlib\\.lake\\build\\ir\\Physlib\\QuantumMechanics\\Hydrogen\\LaplaceRungeLenzVector.c --setup C:\\lean\\libs\\physlib\\.lake\\build\\ir\\Physlib\\QuantumMechanics\\Hydrogen\\LaplaceRungeLenzVector.setup.json --json",
   "level": "trace"}],
 "inputs":
 [["deps",
   [["Physlib/Physlib:extraDep", [["@Physlib:extraDep", "00000000000006bb"]]],
    ["imports",
     [["Physlib.QuantumMechanics.Hydrogen.Basic transitive imports (public)",
       "bf26205f87ad65ba"],
      ["Physlib.QuantumMechanics.Hydrogen.Basic:importArts",
       "b833dbd4fab427ac"],
      ["Physlib.QuantumMechanics.Operators.Commutation transitive imports (public)",
       "d703e5c4a7412471"],
      ["Physlib.QuantumMechanics.Operators.Commutation:importArts",
       "7a7f89796f2bfab6"]]]]],
  ["libs",
   [["import dynlibs", "00000000000006bb"],
    ["package external libraries", "00000000000006bb"],
    ["module dynlibs", "00000000000006bb"],
    ["module plugins", "00000000000006bb"]]],
  ["Lean 4.34.0, commit 3447a668783dbce1a8fdb97101dd067687b2b418",
   "421484e3e0c70198"],
  ["C:\\lean\\libs\\physlib\\Physlib\\QuantumMechanics\\Hydrogen\\LaplaceRungeLenzVector.lean",
   "772fb8fc620fa05f"],
  ["options", "00000000000006bb"],
  ["isModule: true", "760fcc16989f4b9b"],
  ["Module.name: Physlib.QuantumMechanics.Hydrogen.LaplaceRungeLenzVector",
   "a6f79e25b2c4cacc"],
  ["Package.id?: (some Physlib)", "6dd4b1a3d0e46d70"],
  ["Module.leanArgs: #[-Dwarn.sorry=false, -Dweak.says.verify=true]",
   "72cd5083b9c31fb2"]],
 "depHash": "47339519dc61d101"}