{"synthetic": false,
 "schemaVersion": "2025-09-10",
 "outputs":
 {"rs": "8c694d21091f53de.ir.sig",
  "r": "8d630a935c53bf7e.ir",
  "o":
  ["0ed7dd5a4d92715d.olean",
   "243bafb5bfa9e18b.olean.server",
   "20c4cdec6099896f.olean.private"],
  "m": true,
  "i": "9499308848d157b3.ilean",
  "c": "4aa130fe7baaf482.c"},
 "log":
 [{"message":
   ".> LEAN_PATH=C:\\lean\\mathlib4\\.lake\\packages\\Cli\\.lake\\build\\lib\\lean;C:\\lean\\mathlib4\\.lake\\packages\\batteries\\.lake\\build\\lib\\lean;C:\\lean\\mathlib4\\.lake\\packages\\Qq\\.lake\\build\\lib\\lean;C:\\lean\\mathlib4\\.lake\\packages\\aesop\\.lake\\build\\lib\\lean;C:\\lean\\mathlib4\\.lake\\packages\\proofwidgets\\.lake\\build\\lib\\lean;C:\\lean\\mathlib4\\.lake\\packages\\importGraph\\.lake\\build\\lib\\lean;C:\\lean\\mathlib4\\.lake\\packages\\LeanSearchClient\\.lake\\build\\lib\\lean;C:\\lean\\mathlib4\\.lake\\packages\\plausible\\.lake\\build\\lib\\lean;C:\\lean\\mathlib4\\.lake\\build\\lib\\lean;C:\\lean\\libs\\physlib\\.lake\\build\\lib\\lean c:\\Users\\Administrator\\.elan\\toolchains\\leanprover--lean4---v4.34.0-rc1\\bin\\lean.exe -Dwarn.sorry=false -Dweak.says.verify=true C:\\lean\\libs\\physlib\\QuantumInfo\\States\\Ensemble.lean -o C:\\lean\\libs\\physlib\\.lake\\build\\lib\\lean\\QuantumInfo\\States\\Ensemble.olean -i C:\\lean\\libs\\physlib\\.lake\\build\\lib\\lean\\QuantumInfo\\States\\Ensemble.ilean -c C:\\lean\\libs\\physlib\\.lake\\build\\ir\\QuantumInfo\\States\\Ensemble.c --setup C:\\lean\\libs\\physlib\\.lake\\build\\ir\\QuantumInfo\\States\\Ensemble.setup.json --json",
   "level": "trace"}],
 "inputs":
 [["deps",
   [["Physlib/QuantumInfo:extraDep",
     [["@Physlib:extraDep", "00000000000006bb"]]],
    ["imports",
     [["QuantumInfo.States.Mixed.MState transitive imports (public)",
       "f5e796fd61aa49d8"],
      ["QuantumInfo.States.Mixed.MState:importArts", "b33d85140eb329bd"],
      ["Physlib.Meta.Sorry transitive imports (public)", "30738f2678b40cbf"],
      ["Physlib.Meta.Sorry:importArts", "017e14767afb8a3b"]]]]],
  ["libs",
   [["import dynlibs", "00000000000006bb"],
    ["package external libraries", "00000000000006bb"],
    ["module dynlibs", "00000000000006bb"],
    ["module plugins", "00000000000006bb"]]],
  ["Lean 4.34.0, commit 3447a668783dbce1a8fdb97101dd067687b2b418",
   "421484e3e0c70198"],
  ["C:\\lean\\libs\\physlib\\QuantumInfo\\States\\Ensemble.lean",
   "10906d897dc886d4"],
  ["options", "00000000000006bb"],
  ["isModule: true", "760fcc16989f4b9b"],
  ["Module.name: QuantumInfo.States.Ensemble", "20815553a0219879"],
  ["Package.id?: (some Physlib)", "6dd4b1a3d0e46d70"],
  ["Module.leanArgs: #[-Dwarn.sorry=false, -Dweak.says.verify=true]",
   "72cd5083b9c31fb2"]],
 "depHash": "e10ff870a79ccd12"}