{"synthetic": false,
 "schemaVersion": "2025-09-10",
 "outputs":
 {"rs": "a1248ac33b7433b8.ir.sig",
  "r": "0d368591f00feac2.ir",
  "o":
  ["63da8f778a245b01.olean",
   "8437353157e13b73.olean.server",
   "04932a471ceba309.olean.private"],
  "m": true,
  "i": "a33bfe3cf2a45ab6.ilean",
  "c": "d6176595ca95921f.c"},
 "log":
 [{"message":
   ".> LEAN_PATH=C:\\lean\\mathlib4\\.lake\\packages\\Cli\\.lake\\build\\lib\\lean;C:\\lean\\mathlib4\\.lake\\packages\\batteries\\.lake\\build\\lib\\lean;C:\\lean\\mathlib4\\.lake\\packages\\Qq\\.lake\\build\\lib\\lean;C:\\lean\\mathlib4\\.lake\\packages\\aesop\\.lake\\build\\lib\\lean;C:\\lean\\mathlib4\\.lake\\packages\\proofwidgets\\.lake\\build\\lib\\lean;C:\\lean\\mathlib4\\.lake\\packages\\importGraph\\.lake\\build\\lib\\lean;C:\\lean\\mathlib4\\.lake\\packages\\LeanSearchClient\\.lake\\build\\lib\\lean;C:\\lean\\mathlib4\\.lake\\packages\\plausible\\.lake\\build\\lib\\lean;C:\\lean\\mathlib4\\.lake\\build\\lib\\lean;C:\\lean\\libs\\physlib\\.lake\\build\\lib\\lean c:\\Users\\Administrator\\.elan\\toolchains\\leanprover--lean4---v4.34.0-rc1\\bin\\lean.exe -Dwarn.sorry=false -Dweak.says.verify=true C:\\lean\\libs\\physlib\\QuantumInfo\\States\\Entanglement.lean -o C:\\lean\\libs\\physlib\\.lake\\build\\lib\\lean\\QuantumInfo\\States\\Entanglement.olean -i C:\\lean\\libs\\physlib\\.lake\\build\\lib\\lean\\QuantumInfo\\States\\Entanglement.ilean -c C:\\lean\\libs\\physlib\\.lake\\build\\ir\\QuantumInfo\\States\\Entanglement.c --setup C:\\lean\\libs\\physlib\\.lake\\build\\ir\\QuantumInfo\\States\\Entanglement.setup.json --json",
   "level": "trace"}],
 "inputs":
 [["deps",
   [["Physlib/QuantumInfo:extraDep",
     [["@Physlib:extraDep", "00000000000006bb"]]],
    ["imports",
     [["QuantumInfo.States.Pure.Braket transitive imports (public)",
       "6dde2589a9ee8ae7"],
      ["QuantumInfo.States.Pure.Braket:importArts", "a1cb4e7926316c4d"],
      ["QuantumInfo.States.Ensemble transitive imports (public)",
       "08f6a5153f23fea6"],
      ["QuantumInfo.States.Ensemble:importArts", "27ddbc6d9a0235bf"],
      ["QuantumInfo.Entropy.VonNeumann transitive imports (public)",
       "23a13112961d6ea5"],
      ["QuantumInfo.Entropy.VonNeumann:importArts", "62c1508040b4637d"],
      ["QuantumInfo.Entropy.SSA transitive imports (public)",
       "97e60fc47ea8e77f"],
      ["QuantumInfo.Entropy.SSA:importArts", "3c9fe91796074160"],
      ["QuantumInfo.Entropy.Relative transitive imports (public)",
       "cf9349f40e961e05"],
      ["QuantumInfo.Entropy.Relative:importArts", "6c794d6ac80a9a97"],
      ["QuantumInfo.Entropy.DPI transitive imports (public)",
       "09ddd616e93fd686"],
      ["QuantumInfo.Entropy.DPI:importArts", "3b30105ff8db916c"],
      ["QuantumInfo.ClassicalInfo.Entropy transitive imports (public)",
       "c61722c2ea06f6f8"],
      ["QuantumInfo.ClassicalInfo.Entropy:importArts", "0a9a1ac13b18dd98"]]]]],
  ["libs",
   [["import dynlibs", "00000000000006bb"],
    ["package external libraries", "00000000000006bb"],
    ["module dynlibs", "00000000000006bb"],
    ["module plugins", "00000000000006bb"]]],
  ["Lean 4.34.0, commit 3447a668783dbce1a8fdb97101dd067687b2b418",
   "421484e3e0c70198"],
  ["C:\\lean\\libs\\physlib\\QuantumInfo\\States\\Entanglement.lean",
   "2d72806ce26249ac"],
  ["options", "00000000000006bb"],
  ["isModule: true", "760fcc16989f4b9b"],
  ["Module.name: QuantumInfo.States.Entanglement", "015c03aac6ee4c9e"],
  ["Package.id?: (some Physlib)", "6dd4b1a3d0e46d70"],
  ["Module.leanArgs: #[-Dwarn.sorry=false, -Dweak.says.verify=true]",
   "72cd5083b9c31fb2"]],
 "depHash": "f3c6d0918ed9573c"}