{"synthetic": false,
 "schemaVersion": "2025-09-10",
 "outputs":
 {"rs": "edbee77b1646b107.ir.sig",
  "r": "416469921a68447d.ir",
  "o":
  ["b4764f685b49c127.olean",
   "0323321e797c2755.olean.server",
   "696a8c5c5c87c99c.olean.private"],
  "m": true,
  "i": "b2147da3d0bc671f.ilean",
  "c": "652b5a550c8b25ad.c"},
 "log":
 [{"message":
   ".> LEAN_PATH=C:\\lean\\mathlib4\\.lake\\packages\\Cli\\.lake\\build\\lib\\lean;C:\\lean\\mathlib4\\.lake\\packages\\batteries\\.lake\\build\\lib\\lean;C:\\lean\\mathlib4\\.lake\\packages\\Qq\\.lake\\build\\lib\\lean;C:\\lean\\mathlib4\\.lake\\packages\\aesop\\.lake\\build\\lib\\lean;C:\\lean\\mathlib4\\.lake\\packages\\proofwidgets\\.lake\\build\\lib\\lean;C:\\lean\\mathlib4\\.lake\\packages\\importGraph\\.lake\\build\\lib\\lean;C:\\lean\\mathlib4\\.lake\\packages\\LeanSearchClient\\.lake\\build\\lib\\lean;C:\\lean\\mathlib4\\.lake\\packages\\plausible\\.lake\\build\\lib\\lean;C:\\lean\\mathlib4\\.lake\\build\\lib\\lean;C:\\lean\\libs\\physlib\\.lake\\build\\lib\\lean c:\\Users\\Administrator\\.elan\\toolchains\\leanprover--lean4---v4.34.0\\bin\\lean.exe -Dwarn.sorry=false -Dweak.says.verify=true C:\\lean\\libs\\physlib\\Physlib\\Relativity\\SL2C\\Basic.lean -o C:\\lean\\libs\\physlib\\.lake\\build\\lib\\lean\\Physlib\\Relativity\\SL2C\\Basic.olean -i C:\\lean\\libs\\physlib\\.lake\\build\\lib\\lean\\Physlib\\Relativity\\SL2C\\Basic.ilean -c C:\\lean\\libs\\physlib\\.lake\\build\\ir\\Physlib\\Relativity\\SL2C\\Basic.c --setup C:\\lean\\libs\\physlib\\.lake\\build\\ir\\Physlib\\Relativity\\SL2C\\Basic.setup.json --json",
   "level": "trace"}],
 "inputs":
 [["deps",
   [["Physlib/Physlib:extraDep", [["@Physlib:extraDep", "00000000000006bb"]]],
    ["imports",
     [["Physlib.Relativity.SL2C.SelfAdjoint transitive imports (public)",
       "df161109804378b5"],
      ["Physlib.Relativity.SL2C.SelfAdjoint:importArts", "bfaedcb9e0029028"],
      ["Mathlib.Analysis.Complex.Polynomial.Basic transitive imports (public)",
       "143c1f7bb5b0ba2e"],
      ["Mathlib.Analysis.Complex.Polynomial.Basic:importArts",
       "8b67731c97af0053"],
      ["Physlib.Relativity.LorentzGroup.Restricted.Basic transitive imports (public)",
       "a5a6507cd3bfa171"],
      ["Physlib.Relativity.LorentzGroup.Restricted.Basic:importArts",
       "8b547411297cc18c"]]]]],
  ["libs",
   [["import dynlibs", "00000000000006bb"],
    ["package external libraries", "00000000000006bb"],
    ["module dynlibs", "00000000000006bb"],
    ["module plugins", "00000000000006bb"]]],
  ["Lean 4.34.0, commit 293d5d0c0c3f3dded4688b3ccd6a33939ac5102b",
   "a1c6c7aa3e9abfe7"],
  ["C:\\lean\\libs\\physlib\\Physlib\\Relativity\\SL2C\\Basic.lean",
   "a2bd74ab72edec6c"],
  ["options", "00000000000006bb"],
  ["isModule: true", "760fcc16989f4b9b"],
  ["Module.name: Physlib.Relativity.SL2C.Basic", "824f375ac866db9e"],
  ["Package.id?: (some Physlib)", "6dd4b1a3d0e46d70"],
  ["Module.leanArgs: #[-Dwarn.sorry=false, -Dweak.says.verify=true]",
   "72cd5083b9c31fb2"]],
 "depHash": "0d9cba5f3b346aa4"}