{"synthetic": false,
 "schemaVersion": "2025-09-10",
 "outputs":
 {"rs": "e85455d510520748.ir.sig",
  "r": "950283e1b2390e86.ir",
  "o":
  ["2617ea1f06fb20d8.olean",
   "9570ed38480aaa4c.olean.server",
   "f911c48302dcde7a.olean.private"],
  "m": true,
  "i": "6827530e39646723.ilean",
  "c": "d536585490b6512c.c"},
 "log":
 [{"message":
   ".> LEAN_PATH=C:\\lean\\mathlib4\\.lake\\packages\\Cli\\.lake\\build\\lib\\lean;C:\\lean\\mathlib4\\.lake\\packages\\batteries\\.lake\\build\\lib\\lean;C:\\lean\\mathlib4\\.lake\\packages\\Qq\\.lake\\build\\lib\\lean;C:\\lean\\mathlib4\\.lake\\packages\\aesop\\.lake\\build\\lib\\lean;C:\\lean\\mathlib4\\.lake\\packages\\proofwidgets\\.lake\\build\\lib\\lean;C:\\lean\\mathlib4\\.lake\\packages\\importGraph\\.lake\\build\\lib\\lean;C:\\lean\\mathlib4\\.lake\\packages\\LeanSearchClient\\.lake\\build\\lib\\lean;C:\\lean\\mathlib4\\.lake\\packages\\plausible\\.lake\\build\\lib\\lean;C:\\lean\\mathlib4\\.lake\\build\\lib\\lean;C:\\lean\\libs\\physlib\\.lake\\build\\lib\\lean c:\\Users\\Administrator\\.elan\\toolchains\\leanprover--lean4---v4.34.0\\bin\\lean.exe -Dwarn.sorry=false -Dweak.says.verify=true C:\\lean\\libs\\physlib\\Physlib\\Relativity\\LorentzGroup\\Restricted\\FromBoostRotation.lean -o C:\\lean\\libs\\physlib\\.lake\\build\\lib\\lean\\Physlib\\Relativity\\LorentzGroup\\Restricted\\FromBoostRotation.olean -i C:\\lean\\libs\\physlib\\.lake\\build\\lib\\lean\\Physlib\\Relativity\\LorentzGroup\\Restricted\\FromBoostRotation.ilean -c C:\\lean\\libs\\physlib\\.lake\\build\\ir\\Physlib\\Relativity\\LorentzGroup\\Restricted\\FromBoostRotation.c --setup C:\\lean\\libs\\physlib\\.lake\\build\\ir\\Physlib\\Relativity\\LorentzGroup\\Restricted\\FromBoostRotation.setup.json --json",
   "level": "trace"}],
 "inputs":
 [["deps",
   [["Physlib/Physlib:extraDep", [["@Physlib:extraDep", "00000000000006bb"]]],
    ["imports",
     [["Physlib.Relativity.LorentzGroup.Rotations transitive imports (public)",
       "d8d6028760c3d9e2"],
      ["Physlib.Relativity.LorentzGroup.Rotations:importArts",
       "17b27236caf6c9fa"],
      ["Physlib.Relativity.LorentzGroup.Boosts.Generalized transitive imports (public)",
       "d8d6028760c3d9e2"],
      ["Physlib.Relativity.LorentzGroup.Boosts.Generalized:importArts",
       "7a100d96a2673cdc"]]]]],
  ["libs",
   [["import dynlibs", "00000000000006bb"],
    ["package external libraries", "00000000000006bb"],
    ["module dynlibs", "00000000000006bb"],
    ["module plugins", "00000000000006bb"]]],
  ["Lean 4.34.0, commit 293d5d0c0c3f3dded4688b3ccd6a33939ac5102b",
   "a1c6c7aa3e9abfe7"],
  ["C:\\lean\\libs\\physlib\\Physlib\\Relativity\\LorentzGroup\\Restricted\\FromBoostRotation.lean",
   "4abc0506f3db259b"],
  ["options", "00000000000006bb"],
  ["isModule: true", "760fcc16989f4b9b"],
  ["Module.name: Physlib.Relativity.LorentzGroup.Restricted.FromBoostRotation",
   "9efb531b38b025da"],
  ["Package.id?: (some Physlib)", "6dd4b1a3d0e46d70"],
  ["Module.leanArgs: #[-Dwarn.sorry=false, -Dweak.says.verify=true]",
   "72cd5083b9c31fb2"]],
 "depHash": "3b274f69256f784d"}