{"synthetic": false,
 "schemaVersion": "2025-09-10",
 "outputs":
 {"rs": "f89cc6e030619edb.ir.sig",
  "r": "ad305cb7c31a41d5.ir",
  "o":
  ["ac968955b536162a.olean",
   "d1192fb9348bd39e.olean.server",
   "6ed0abaddfa25a75.olean.private"],
  "m": true,
  "i": "2abb9b00931fb743.ilean",
  "c": "e7f0c3f40655e340.c"},
 "log":
 [{"message":
   ".> LEAN_PATH=C:\\lean\\mathlib4\\.lake\\packages\\Cli\\.lake\\build\\lib\\lean;C:\\lean\\mathlib4\\.lake\\packages\\batteries\\.lake\\build\\lib\\lean;C:\\lean\\mathlib4\\.lake\\packages\\Qq\\.lake\\build\\lib\\lean;C:\\lean\\mathlib4\\.lake\\packages\\aesop\\.lake\\build\\lib\\lean;C:\\lean\\mathlib4\\.lake\\packages\\proofwidgets\\.lake\\build\\lib\\lean;C:\\lean\\mathlib4\\.lake\\packages\\importGraph\\.lake\\build\\lib\\lean;C:\\lean\\mathlib4\\.lake\\packages\\LeanSearchClient\\.lake\\build\\lib\\lean;C:\\lean\\mathlib4\\.lake\\packages\\plausible\\.lake\\build\\lib\\lean;C:\\lean\\mathlib4\\.lake\\build\\lib\\lean;C:\\lean\\libs\\physlib\\.lake\\build\\lib\\lean c:\\Users\\Administrator\\.elan\\toolchains\\leanprover--lean4---v4.34.0\\bin\\lean.exe -Dwarn.sorry=false -Dweak.says.verify=true C:\\lean\\libs\\physlib\\Physlib\\Mathematics\\VariationalCalculus\\HasVarAdjoint.lean -o C:\\lean\\libs\\physlib\\.lake\\build\\lib\\lean\\Physlib\\Mathematics\\VariationalCalculus\\HasVarAdjoint.olean -i C:\\lean\\libs\\physlib\\.lake\\build\\lib\\lean\\Physlib\\Mathematics\\VariationalCalculus\\HasVarAdjoint.ilean -c C:\\lean\\libs\\physlib\\.lake\\build\\ir\\Physlib\\Mathematics\\VariationalCalculus\\HasVarAdjoint.c --setup C:\\lean\\libs\\physlib\\.lake\\build\\ir\\Physlib\\Mathematics\\VariationalCalculus\\HasVarAdjoint.setup.json --json",
   "level": "trace"}],
 "inputs":
 [["deps",
   [["Physlib/Physlib:extraDep", [["@Physlib:extraDep", "00000000000006bb"]]],
    ["imports",
     [["Physlib.Mathematics.VariationalCalculus.IsLocalizedfunctionTransform transitive imports (public)",
       "52611b8659cffe1c"],
      ["Physlib.Mathematics.VariationalCalculus.IsLocalizedfunctionTransform:importArts",
       "b748a73c812d18d7"],
      ["Physlib.Mathematics.VariationalCalculus.Basic transitive imports (public)",
       "23872830b9f48387"],
      ["Physlib.Mathematics.VariationalCalculus.Basic:importArts",
       "2b691b6820d8e374"]]]]],
  ["libs",
   [["import dynlibs", "00000000000006bb"],
    ["package external libraries", "00000000000006bb"],
    ["module dynlibs", "00000000000006bb"],
    ["module plugins", "00000000000006bb"]]],
  ["Lean 4.34.0, commit 293d5d0c0c3f3dded4688b3ccd6a33939ac5102b",
   "a1c6c7aa3e9abfe7"],
  ["C:\\lean\\libs\\physlib\\Physlib\\Mathematics\\VariationalCalculus\\HasVarAdjoint.lean",
   "e8f367267a4ac939"],
  ["options", "00000000000006bb"],
  ["isModule: true", "760fcc16989f4b9b"],
  ["Module.name: Physlib.Mathematics.VariationalCalculus.HasVarAdjoint",
   "c670b1c1aad3b536"],
  ["Package.id?: (some Physlib)", "6dd4b1a3d0e46d70"],
  ["Module.leanArgs: #[-Dwarn.sorry=false, -Dweak.says.verify=true]",
   "72cd5083b9c31fb2"]],
 "depHash": "0431dbad11284d41"}