{"synthetic": false,
 "schemaVersion": "2025-09-10",
 "outputs":
 {"rs": "7032258466fb69d2.ir.sig",
  "r": "7756c0f7601607c6.ir",
  "o":
  ["633979e36d6d9a15.olean",
   "ab15d166356d4bee.olean.server",
   "1be0581b34826d9c.olean.private"],
  "m": true,
  "i": "4a3f9bbd9c11fe7a.ilean",
  "c": "2eed4d471e2ebba6.c"},
 "log":
 [{"message":
   ".> LEAN_PATH=C:\\lean\\mathlib4\\.lake\\packages\\Cli\\.lake\\build\\lib\\lean;C:\\lean\\mathlib4\\.lake\\packages\\batteries\\.lake\\build\\lib\\lean;C:\\lean\\mathlib4\\.lake\\packages\\Qq\\.lake\\build\\lib\\lean;C:\\lean\\mathlib4\\.lake\\packages\\aesop\\.lake\\build\\lib\\lean;C:\\lean\\mathlib4\\.lake\\packages\\proofwidgets\\.lake\\build\\lib\\lean;C:\\lean\\mathlib4\\.lake\\packages\\importGraph\\.lake\\build\\lib\\lean;C:\\lean\\mathlib4\\.lake\\packages\\LeanSearchClient\\.lake\\build\\lib\\lean;C:\\lean\\mathlib4\\.lake\\packages\\plausible\\.lake\\build\\lib\\lean;C:\\lean\\mathlib4\\.lake\\build\\lib\\lean;C:\\lean\\libs\\physlib\\.lake\\build\\lib\\lean c:\\Users\\Administrator\\.elan\\toolchains\\leanprover--lean4---v4.34.0\\bin\\lean.exe -Dwarn.sorry=false -Dweak.says.verify=true C:\\lean\\libs\\physlib\\QuantumInfo\\Operators\\Unitary.lean -o C:\\lean\\libs\\physlib\\.lake\\build\\lib\\lean\\QuantumInfo\\Operators\\Unitary.olean -i C:\\lean\\libs\\physlib\\.lake\\build\\lib\\lean\\QuantumInfo\\Operators\\Unitary.ilean -c C:\\lean\\libs\\physlib\\.lake\\build\\ir\\QuantumInfo\\Operators\\Unitary.c --setup C:\\lean\\libs\\physlib\\.lake\\build\\ir\\QuantumInfo\\Operators\\Unitary.setup.json --json",
   "level": "trace"}],
 "inputs":
 [["deps",
   [["Physlib/QuantumInfo:extraDep",
     [["@Physlib:extraDep", "00000000000006bb"]]],
    ["imports",
     [["QuantumInfo.States.Mixed.MState transitive imports (public)",
       "1384491c67c2af61"],
      ["QuantumInfo.States.Mixed.MState:importArts", "8ca34269dd2339e1"]]]]],
  ["libs",
   [["import dynlibs", "00000000000006bb"],
    ["package external libraries", "00000000000006bb"],
    ["module dynlibs", "00000000000006bb"],
    ["module plugins", "00000000000006bb"]]],
  ["Lean 4.34.0, commit 293d5d0c0c3f3dded4688b3ccd6a33939ac5102b",
   "a1c6c7aa3e9abfe7"],
  ["C:\\lean\\libs\\physlib\\QuantumInfo\\Operators\\Unitary.lean",
   "6a476ee8961e8cfd"],
  ["options", "00000000000006bb"],
  ["isModule: true", "760fcc16989f4b9b"],
  ["Module.name: QuantumInfo.Operators.Unitary", "a83be9d84d230d39"],
  ["Package.id?: (some Physlib)", "6dd4b1a3d0e46d70"],
  ["Module.leanArgs: #[-Dwarn.sorry=false, -Dweak.says.verify=true]",
   "72cd5083b9c31fb2"]],
 "depHash": "b6f68d0c4e489728"}