{"synthetic": false,
 "schemaVersion": "2025-09-10",
 "outputs":
 {"rs": "8de42c15870107c7.ir.sig",
  "r": "6c2e34be21c88189.ir",
  "o":
  ["bfef45f85ad79727.olean",
   "7658bb9e67ec1a37.olean.server",
   "942e44bb6cbb4f2b.olean.private"],
  "m": true,
  "i": "d9b254732a0f9d52.ilean",
  "c": "ac4df14e302acce9.c"},
 "log":
 [{"message":
   ".> LEAN_PATH=C:\\lean\\mathlib4\\.lake\\packages\\Cli\\.lake\\build\\lib\\lean;C:\\lean\\mathlib4\\.lake\\packages\\batteries\\.lake\\build\\lib\\lean;C:\\lean\\mathlib4\\.lake\\packages\\Qq\\.lake\\build\\lib\\lean;C:\\lean\\mathlib4\\.lake\\packages\\aesop\\.lake\\build\\lib\\lean;C:\\lean\\mathlib4\\.lake\\packages\\proofwidgets\\.lake\\build\\lib\\lean;C:\\lean\\mathlib4\\.lake\\packages\\importGraph\\.lake\\build\\lib\\lean;C:\\lean\\mathlib4\\.lake\\packages\\LeanSearchClient\\.lake\\build\\lib\\lean;C:\\lean\\mathlib4\\.lake\\packages\\plausible\\.lake\\build\\lib\\lean;C:\\lean\\mathlib4\\.lake\\build\\lib\\lean;C:\\lean\\libs\\physlib\\.lake\\build\\lib\\lean c:\\Users\\Administrator\\.elan\\toolchains\\leanprover--lean4---v4.34.0-rc1\\bin\\lean.exe -Dwarn.sorry=false -Dweak.says.verify=true C:\\lean\\libs\\physlib\\Physlib\\QFT\\PerturbationTheory\\Koszul\\KoszulSignInsert.lean -o C:\\lean\\libs\\physlib\\.lake\\build\\lib\\lean\\Physlib\\QFT\\PerturbationTheory\\Koszul\\KoszulSignInsert.olean -i C:\\lean\\libs\\physlib\\.lake\\build\\lib\\lean\\Physlib\\QFT\\PerturbationTheory\\Koszul\\KoszulSignInsert.ilean -c C:\\lean\\libs\\physlib\\.lake\\build\\ir\\Physlib\\QFT\\PerturbationTheory\\Koszul\\KoszulSignInsert.c --setup C:\\lean\\libs\\physlib\\.lake\\build\\ir\\Physlib\\QFT\\PerturbationTheory\\Koszul\\KoszulSignInsert.setup.json --json",
   "level": "trace"}],
 "inputs":
 [["deps",
   [["Physlib/Physlib:extraDep", [["@Physlib:extraDep", "00000000000006bb"]]],
    ["imports",
     [["Physlib.QFT.PerturbationTheory.FieldStatistics.ExchangeSign transitive imports (public)",
       "7f13bb707f71c747"],
      ["Physlib.QFT.PerturbationTheory.FieldStatistics.ExchangeSign:importArts",
       "0fb27ac16800c805"],
      ["Physlib.Mathematics.List transitive imports (public)",
       "64cdf430be1133bc"],
      ["Physlib.Mathematics.List:importArts", "5fdaff2f19092b52"],
      ["Mathlib.Data.List.Sort transitive imports (all)", "99f511987ad2b64c"],
      ["Mathlib.Data.List.Sort:importAllArts", "99be520c4d7964a3"]]]]],
  ["libs",
   [["import dynlibs", "00000000000006bb"],
    ["package external libraries", "00000000000006bb"],
    ["module dynlibs", "00000000000006bb"],
    ["module plugins", "00000000000006bb"]]],
  ["Lean 4.34.0, commit 3447a668783dbce1a8fdb97101dd067687b2b418",
   "421484e3e0c70198"],
  ["C:\\lean\\libs\\physlib\\Physlib\\QFT\\PerturbationTheory\\Koszul\\KoszulSignInsert.lean",
   "989f4fe89ea89f94"],
  ["options", "00000000000006bb"],
  ["isModule: true", "760fcc16989f4b9b"],
  ["Module.name: Physlib.QFT.PerturbationTheory.Koszul.KoszulSignInsert",
   "4ada7bbd8ee9cadb"],
  ["Package.id?: (some Physlib)", "6dd4b1a3d0e46d70"],
  ["Module.leanArgs: #[-Dwarn.sorry=false, -Dweak.says.verify=true]",
   "72cd5083b9c31fb2"]],
 "depHash": "5c3f0ce405d1a751"}