{"synthetic": false,
 "schemaVersion": "2025-09-10",
 "outputs":
 {"rs": "13676e7219ef0f1f.ir.sig",
  "r": "ac0759feea183203.ir",
  "o":
  ["f18be18055071a20.olean",
   "ed67ac5b04e84b5c.olean.server",
   "948fda00fec3fad5.olean.private"],
  "m": true,
  "i": "edad8b1c6fee6df9.ilean",
  "c": "1ff9a63b0f34fcbd.c"},
 "log":
 [{"message":
   ".> LEAN_PATH=C:\\lean\\mathlib4\\.lake\\packages\\Cli\\.lake\\build\\lib\\lean;C:\\lean\\mathlib4\\.lake\\packages\\batteries\\.lake\\build\\lib\\lean;C:\\lean\\mathlib4\\.lake\\packages\\Qq\\.lake\\build\\lib\\lean;C:\\lean\\mathlib4\\.lake\\packages\\aesop\\.lake\\build\\lib\\lean;C:\\lean\\mathlib4\\.lake\\packages\\proofwidgets\\.lake\\build\\lib\\lean;C:\\lean\\mathlib4\\.lake\\packages\\importGraph\\.lake\\build\\lib\\lean;C:\\lean\\mathlib4\\.lake\\packages\\LeanSearchClient\\.lake\\build\\lib\\lean;C:\\lean\\mathlib4\\.lake\\packages\\plausible\\.lake\\build\\lib\\lean;C:\\lean\\mathlib4\\.lake\\build\\lib\\lean;C:\\lean\\libs\\physlib\\.lake\\build\\lib\\lean c:\\Users\\Administrator\\.elan\\toolchains\\leanprover--lean4---v4.34.0\\bin\\lean.exe -Dwarn.sorry=false -Dweak.says.verify=true C:\\lean\\libs\\physlib\\Physlib\\QFT\\PerturbationTheory\\Koszul\\KoszulSign.lean -o C:\\lean\\libs\\physlib\\.lake\\build\\lib\\lean\\Physlib\\QFT\\PerturbationTheory\\Koszul\\KoszulSign.olean -i C:\\lean\\libs\\physlib\\.lake\\build\\lib\\lean\\Physlib\\QFT\\PerturbationTheory\\Koszul\\KoszulSign.ilean -c C:\\lean\\libs\\physlib\\.lake\\build\\ir\\Physlib\\QFT\\PerturbationTheory\\Koszul\\KoszulSign.c --setup C:\\lean\\libs\\physlib\\.lake\\build\\ir\\Physlib\\QFT\\PerturbationTheory\\Koszul\\KoszulSign.setup.json --json",
   "level": "trace"}],
 "inputs":
 [["deps",
   [["Physlib/Physlib:extraDep", [["@Physlib:extraDep", "00000000000006bb"]]],
    ["imports",
     [["Physlib.QFT.PerturbationTheory.Koszul.KoszulSignInsert transitive imports (public)",
       "a4d4674cb0c8b544"],
      ["Physlib.QFT.PerturbationTheory.Koszul.KoszulSignInsert:importArts",
       "7e82d58ddd9bd53a"],
      ["Physlib.Mathematics.List.InsertionSort transitive imports (public)",
       "617e05330d16cbb0"],
      ["Physlib.Mathematics.List.InsertionSort:importArts", "cd93fbf9142fe25b"],
      ["Physlib.Mathematics.List transitive imports (all)", "36a864723c174f06"],
      ["Physlib.Mathematics.List:importAllArts", "cfe1f2d10a57eac1"]]]]],
  ["libs",
   [["import dynlibs", "00000000000006bb"],
    ["package external libraries", "00000000000006bb"],
    ["module dynlibs", "00000000000006bb"],
    ["module plugins", "00000000000006bb"]]],
  ["Lean 4.34.0, commit 293d5d0c0c3f3dded4688b3ccd6a33939ac5102b",
   "a1c6c7aa3e9abfe7"],
  ["C:\\lean\\libs\\physlib\\Physlib\\QFT\\PerturbationTheory\\Koszul\\KoszulSign.lean",
   "b9033106e0bb6b44"],
  ["options", "00000000000006bb"],
  ["isModule: true", "760fcc16989f4b9b"],
  ["Module.name: Physlib.QFT.PerturbationTheory.Koszul.KoszulSign",
   "63665287857e4f68"],
  ["Package.id?: (some Physlib)", "6dd4b1a3d0e46d70"],
  ["Module.leanArgs: #[-Dwarn.sorry=false, -Dweak.says.verify=true]",
   "72cd5083b9c31fb2"]],
 "depHash": "557ab82bfd8edebe"}