{"synthetic": false,
 "schemaVersion": "2025-09-10",
 "outputs":
 {"rs": "f8f8fb335dacca4b.ir.sig",
  "r": "6af5962172bfaea8.ir",
  "o":
  ["279703adb7b746ef.olean",
   "eae8185351d669ee.olean.server",
   "f183cf5842f9c6a6.olean.private"],
  "m": true,
  "i": "fe3fa53ff672c4e7.ilean",
  "c": "999fd91c8a7e7014.c"},
 "log":
 [{"message":
   ".> LEAN_PATH=C:\\lean\\mathlib4\\.lake\\packages\\Cli\\.lake\\build\\lib\\lean;C:\\lean\\mathlib4\\.lake\\packages\\batteries\\.lake\\build\\lib\\lean;C:\\lean\\mathlib4\\.lake\\packages\\Qq\\.lake\\build\\lib\\lean;C:\\lean\\mathlib4\\.lake\\packages\\aesop\\.lake\\build\\lib\\lean;C:\\lean\\mathlib4\\.lake\\packages\\proofwidgets\\.lake\\build\\lib\\lean;C:\\lean\\mathlib4\\.lake\\packages\\importGraph\\.lake\\build\\lib\\lean;C:\\lean\\mathlib4\\.lake\\packages\\LeanSearchClient\\.lake\\build\\lib\\lean;C:\\lean\\mathlib4\\.lake\\packages\\plausible\\.lake\\build\\lib\\lean;C:\\lean\\mathlib4\\.lake\\build\\lib\\lean;C:\\lean\\libs\\physlib\\.lake\\build\\lib\\lean c:\\Users\\Administrator\\.elan\\toolchains\\leanprover--lean4---v4.34.0\\bin\\lean.exe -Dwarn.sorry=false -Dweak.says.verify=true C:\\lean\\libs\\physlib\\Physlib\\ClassicalMechanics\\EulerLagrange.lean -o C:\\lean\\libs\\physlib\\.lake\\build\\lib\\lean\\Physlib\\ClassicalMechanics\\EulerLagrange.olean -i C:\\lean\\libs\\physlib\\.lake\\build\\lib\\lean\\Physlib\\ClassicalMechanics\\EulerLagrange.ilean -c C:\\lean\\libs\\physlib\\.lake\\build\\ir\\Physlib\\ClassicalMechanics\\EulerLagrange.c --setup C:\\lean\\libs\\physlib\\.lake\\build\\ir\\Physlib\\ClassicalMechanics\\EulerLagrange.setup.json --json",
   "level": "trace"}],
 "inputs":
 [["deps",
   [["Physlib/Physlib:extraDep", [["@Physlib:extraDep", "00000000000006bb"]]],
    ["imports",
     [["Physlib.Mathematics.VariationalCalculus.HasVarGradient transitive imports (public)",
       "b4ad3392a9915bb9"],
      ["Physlib.Mathematics.VariationalCalculus.HasVarGradient:importArts",
       "c60210361276e19b"],
      ["Physlib.SpaceAndTime.Time.Derivatives transitive imports (public)",
       "f0fcd12808a72714"],
      ["Physlib.SpaceAndTime.Time.Derivatives:importArts",
       "f99cd158b939eeb8"]]]]],
  ["libs",
   [["import dynlibs", "00000000000006bb"],
    ["package external libraries", "00000000000006bb"],
    ["module dynlibs", "00000000000006bb"],
    ["module plugins", "00000000000006bb"]]],
  ["Lean 4.34.0, commit 293d5d0c0c3f3dded4688b3ccd6a33939ac5102b",
   "a1c6c7aa3e9abfe7"],
  ["C:\\lean\\libs\\physlib\\Physlib\\ClassicalMechanics\\EulerLagrange.lean",
   "cd2ef28f405e55c6"],
  ["options", "00000000000006bb"],
  ["isModule: true", "760fcc16989f4b9b"],
  ["Module.name: Physlib.ClassicalMechanics.EulerLagrange", "d5a9b9c8f1b5f066"],
  ["Package.id?: (some Physlib)", "6dd4b1a3d0e46d70"],
  ["Module.leanArgs: #[-Dwarn.sorry=false, -Dweak.says.verify=true]",
   "72cd5083b9c31fb2"]],
 "depHash": "d3c188a62a9cdd44"}