{"synthetic": false,
 "schemaVersion": "2025-09-10",
 "outputs":
 {"rs": "199590f00febb51c.ir.sig",
  "r": "fd0aae162044b21e.ir",
  "o":
  ["ba0744a761e5a947.olean",
   "72edcd7947e001fa.olean.server",
   "edee5edc4f4ddb44.olean.private"],
  "m": true,
  "i": "02a3ced4bab1441b.ilean",
  "c": "b6846f06a713e368.c"},
 "log":
 [{"message":
   ".> LEAN_PATH=C:\\lean\\mathlib4\\.lake\\packages\\Cli\\.lake\\build\\lib\\lean;C:\\lean\\mathlib4\\.lake\\packages\\batteries\\.lake\\build\\lib\\lean;C:\\lean\\mathlib4\\.lake\\packages\\Qq\\.lake\\build\\lib\\lean;C:\\lean\\mathlib4\\.lake\\packages\\aesop\\.lake\\build\\lib\\lean;C:\\lean\\mathlib4\\.lake\\packages\\proofwidgets\\.lake\\build\\lib\\lean;C:\\lean\\mathlib4\\.lake\\packages\\importGraph\\.lake\\build\\lib\\lean;C:\\lean\\mathlib4\\.lake\\packages\\LeanSearchClient\\.lake\\build\\lib\\lean;C:\\lean\\mathlib4\\.lake\\packages\\plausible\\.lake\\build\\lib\\lean;C:\\lean\\mathlib4\\.lake\\build\\lib\\lean;C:\\lean\\libs\\physlib\\.lake\\build\\lib\\lean c:\\Users\\Administrator\\.elan\\toolchains\\leanprover--lean4---v4.34.0\\bin\\lean.exe -Dwarn.sorry=false -Dweak.says.verify=true C:\\lean\\libs\\physlib\\Physlib\\QFT\\AnomalyCancellation\\Basic.lean -o C:\\lean\\libs\\physlib\\.lake\\build\\lib\\lean\\Physlib\\QFT\\AnomalyCancellation\\Basic.olean -i C:\\lean\\libs\\physlib\\.lake\\build\\lib\\lean\\Physlib\\QFT\\AnomalyCancellation\\Basic.ilean -c C:\\lean\\libs\\physlib\\.lake\\build\\ir\\Physlib\\QFT\\AnomalyCancellation\\Basic.c --setup C:\\lean\\libs\\physlib\\.lake\\build\\ir\\Physlib\\QFT\\AnomalyCancellation\\Basic.setup.json --json",
   "level": "trace"}],
 "inputs":
 [["deps",
   [["Physlib/Physlib:extraDep", [["@Physlib:extraDep", "00000000000006bb"]]],
    ["imports",
     [["Physlib.Mathematics.LinearMaps transitive imports (public)",
       "5ec3fd44e2211b08"],
      ["Physlib.Mathematics.LinearMaps:importArts", "1feaf89d479ccf45"],
      ["Mathlib.LinearAlgebra.FiniteDimensional.Defs transitive imports (public)",
       "11b749d21015e167"],
      ["Mathlib.LinearAlgebra.FiniteDimensional.Defs:importArts",
       "40d152411d8f97ba"],
      ["Mathlib.Tactic.Cases transitive imports (public)", "c30ccae22c39dc0f"],
      ["Mathlib.Tactic.Cases:importArts", "6902c44e24e6e48b"]]]]],
  ["libs",
   [["import dynlibs", "00000000000006bb"],
    ["package external libraries", "00000000000006bb"],
    ["module dynlibs", "00000000000006bb"],
    ["module plugins", "00000000000006bb"]]],
  ["Lean 4.34.0, commit 293d5d0c0c3f3dded4688b3ccd6a33939ac5102b",
   "a1c6c7aa3e9abfe7"],
  ["C:\\lean\\libs\\physlib\\Physlib\\QFT\\AnomalyCancellation\\Basic.lean",
   "59d4c74a0cf7e48b"],
  ["options", "00000000000006bb"],
  ["isModule: true", "760fcc16989f4b9b"],
  ["Module.name: Physlib.QFT.AnomalyCancellation.Basic", "221725056b5e9b55"],
  ["Package.id?: (some Physlib)", "6dd4b1a3d0e46d70"],
  ["Module.leanArgs: #[-Dwarn.sorry=false, -Dweak.says.verify=true]",
   "72cd5083b9c31fb2"]],
 "depHash": "ad84f14b8db48ee2"}