{"synthetic": false,
 "schemaVersion": "2025-09-10",
 "outputs":
 {"rs": "b5f5d4d0d8a99ce1.ir.sig",
  "r": "ef7378e5f35a6600.ir",
  "o":
  ["681e4df69c1bbb08.olean",
   "6f7aecb6272e1b75.olean.server",
   "610b121e70a6e77a.olean.private"],
  "m": true,
  "i": "a098cb730a6a569a.ilean",
  "c": "b013674a745d8fc4.c"},
 "log":
 [{"message":
   ".> LEAN_PATH=C:\\lean\\mathlib4\\.lake\\packages\\Cli\\.lake\\build\\lib\\lean;C:\\lean\\mathlib4\\.lake\\packages\\batteries\\.lake\\build\\lib\\lean;C:\\lean\\mathlib4\\.lake\\packages\\Qq\\.lake\\build\\lib\\lean;C:\\lean\\mathlib4\\.lake\\packages\\aesop\\.lake\\build\\lib\\lean;C:\\lean\\mathlib4\\.lake\\packages\\proofwidgets\\.lake\\build\\lib\\lean;C:\\lean\\mathlib4\\.lake\\packages\\importGraph\\.lake\\build\\lib\\lean;C:\\lean\\mathlib4\\.lake\\packages\\LeanSearchClient\\.lake\\build\\lib\\lean;C:\\lean\\mathlib4\\.lake\\packages\\plausible\\.lake\\build\\lib\\lean;C:\\lean\\mathlib4\\.lake\\build\\lib\\lean;C:\\lean\\libs\\physlib\\.lake\\build\\lib\\lean c:\\Users\\Administrator\\.elan\\toolchains\\leanprover--lean4---v4.34.0\\bin\\lean.exe -Dwarn.sorry=false -Dweak.says.verify=true C:\\lean\\libs\\physlib\\Physlib\\QFT\\AnomalyCancellation\\GroupActions.lean -o C:\\lean\\libs\\physlib\\.lake\\build\\lib\\lean\\Physlib\\QFT\\AnomalyCancellation\\GroupActions.olean -i C:\\lean\\libs\\physlib\\.lake\\build\\lib\\lean\\Physlib\\QFT\\AnomalyCancellation\\GroupActions.ilean -c C:\\lean\\libs\\physlib\\.lake\\build\\ir\\Physlib\\QFT\\AnomalyCancellation\\GroupActions.c --setup C:\\lean\\libs\\physlib\\.lake\\build\\ir\\Physlib\\QFT\\AnomalyCancellation\\GroupActions.setup.json --json",
   "level": "trace"}],
 "inputs":
 [["deps",
   [["Physlib/Physlib:extraDep", [["@Physlib:extraDep", "00000000000006bb"]]],
    ["imports",
     [["Physlib.QFT.AnomalyCancellation.Basic transitive imports (public)",
       "042fd1ec70c72546"],
      ["Physlib.QFT.AnomalyCancellation.Basic:importArts", "27d9faf781d564b9"],
      ["Mathlib.RepresentationTheory.Basic transitive imports (public)",
       "fadb0819830c3312"],
      ["Mathlib.RepresentationTheory.Basic:importArts", "a765e82dc30fb332"]]]]],
  ["libs",
   [["import dynlibs", "00000000000006bb"],
    ["package external libraries", "00000000000006bb"],
    ["module dynlibs", "00000000000006bb"],
    ["module plugins", "00000000000006bb"]]],
  ["Lean 4.34.0, commit 293d5d0c0c3f3dded4688b3ccd6a33939ac5102b",
   "a1c6c7aa3e9abfe7"],
  ["C:\\lean\\libs\\physlib\\Physlib\\QFT\\AnomalyCancellation\\GroupActions.lean",
   "705bfc81ecd13215"],
  ["options", "00000000000006bb"],
  ["isModule: true", "760fcc16989f4b9b"],
  ["Module.name: Physlib.QFT.AnomalyCancellation.GroupActions",
   "90300abca086447c"],
  ["Package.id?: (some Physlib)", "6dd4b1a3d0e46d70"],
  ["Module.leanArgs: #[-Dwarn.sorry=false, -Dweak.says.verify=true]",
   "72cd5083b9c31fb2"]],
 "depHash": "3548423322a9486b"}