{"synthetic": false,
 "schemaVersion": "2025-09-10",
 "outputs":
 {"rs": "efe6154e782ab88f.ir.sig",
  "r": "69fab9ebc2fed100.ir",
  "o":
  ["12c61867ae3dc6a9.olean",
   "f92a7304873a424c.olean.server",
   "4550dc4774d5fd10.olean.private"],
  "m": true,
  "i": "9314e1fcd1275a2a.ilean",
  "c": "483b9fe4056fb885.c"},
 "log":
 [{"message":
   ".> LEAN_PATH=C:\\lean\\mathlib4\\.lake\\packages\\Cli\\.lake\\build\\lib\\lean;C:\\lean\\mathlib4\\.lake\\packages\\batteries\\.lake\\build\\lib\\lean;C:\\lean\\mathlib4\\.lake\\packages\\Qq\\.lake\\build\\lib\\lean;C:\\lean\\mathlib4\\.lake\\packages\\aesop\\.lake\\build\\lib\\lean;C:\\lean\\mathlib4\\.lake\\packages\\proofwidgets\\.lake\\build\\lib\\lean;C:\\lean\\mathlib4\\.lake\\packages\\importGraph\\.lake\\build\\lib\\lean;C:\\lean\\mathlib4\\.lake\\packages\\LeanSearchClient\\.lake\\build\\lib\\lean;C:\\lean\\mathlib4\\.lake\\packages\\plausible\\.lake\\build\\lib\\lean;C:\\lean\\mathlib4\\.lake\\build\\lib\\lean;C:\\lean\\libs\\physlib\\.lake\\build\\lib\\lean c:\\Users\\Administrator\\.elan\\toolchains\\leanprover--lean4---v4.34.0-rc1\\bin\\lean.exe -Dwarn.sorry=false -Dweak.says.verify=true C:\\lean\\libs\\physlib\\Physlib\\Particles\\StandardModel\\Fermions\\QuarkDoublet.lean -o C:\\lean\\libs\\physlib\\.lake\\build\\lib\\lean\\Physlib\\Particles\\StandardModel\\Fermions\\QuarkDoublet.olean -i C:\\lean\\libs\\physlib\\.lake\\build\\lib\\lean\\Physlib\\Particles\\StandardModel\\Fermions\\QuarkDoublet.ilean -c C:\\lean\\libs\\physlib\\.lake\\build\\ir\\Physlib\\Particles\\StandardModel\\Fermions\\QuarkDoublet.c --setup C:\\lean\\libs\\physlib\\.lake\\build\\ir\\Physlib\\Particles\\StandardModel\\Fermions\\QuarkDoublet.setup.json --json",
   "level": "trace"}],
 "inputs":
 [["deps",
   [["Physlib/Physlib:extraDep", [["@Physlib:extraDep", "00000000000006bb"]]],
    ["imports",
     [["Physlib.Particles.StandardModel.Basic transitive imports (public)",
       "f955d840651c6b48"],
      ["Physlib.Particles.StandardModel.Basic:importArts", "b703671fe886c62e"],
      ["Physlib.Relativity.Fermions.Weyl.LeftHanded transitive imports (public)",
       "425d87c9611cd002"],
      ["Physlib.Relativity.Fermions.Weyl.LeftHanded:importArts",
       "4344d536384994eb"],
      ["Physlib.Relativity.Fermions.Weyl.RightHanded transitive imports (public)",
       "425d87c9611cd002"],
      ["Physlib.Relativity.Fermions.Weyl.RightHanded:importArts",
       "9eb9d2e778bfaaf5"],
      ["Physlib.Relativity.Fermions.Weyl.DualLeftHanded transitive imports (public)",
       "425d87c9611cd002"],
      ["Physlib.Relativity.Fermions.Weyl.DualLeftHanded:importArts",
       "68250126b6f7dd68"],
      ["Physlib.Relativity.Fermions.Weyl.DualRightHanded transitive imports (public)",
       "425d87c9611cd002"],
      ["Physlib.Relativity.Fermions.Weyl.DualRightHanded:importArts",
       "8dc925245342b019"]]]]],
  ["libs",
   [["import dynlibs", "00000000000006bb"],
    ["package external libraries", "00000000000006bb"],
    ["module dynlibs", "00000000000006bb"],
    ["module plugins", "00000000000006bb"]]],
  ["Lean 4.34.0, commit 3447a668783dbce1a8fdb97101dd067687b2b418",
   "421484e3e0c70198"],
  ["C:\\lean\\libs\\physlib\\Physlib\\Particles\\StandardModel\\Fermions\\QuarkDoublet.lean",
   "5d2f3f0151d49dab"],
  ["options", "00000000000006bb"],
  ["isModule: true", "760fcc16989f4b9b"],
  ["Module.name: Physlib.Particles.StandardModel.Fermions.QuarkDoublet",
   "6059aa5328a36442"],
  ["Package.id?: (some Physlib)", "6dd4b1a3d0e46d70"],
  ["Module.leanArgs: #[-Dwarn.sorry=false, -Dweak.says.verify=true]",
   "72cd5083b9c31fb2"]],
 "depHash": "42af79a77e2b4caf"}