{"synthetic": false,
 "schemaVersion": "2025-09-10",
 "outputs":
 {"rs": "a490f4948026afe7.ir.sig",
  "r": "6aabd892e8e55251.ir",
  "o":
  ["2070f381b27acc09.olean",
   "45935ea8ff10619f.olean.server",
   "fefdaf253dc8c4a0.olean.private"],
  "m": true,
  "i": "c3d69595ec03903b.ilean",
  "c": "14814e230a114039.c"},
 "log":
 [{"message":
   ".> LEAN_PATH=C:\\lean\\mathlib4\\.lake\\packages\\Cli\\.lake\\build\\lib\\lean;C:\\lean\\mathlib4\\.lake\\packages\\batteries\\.lake\\build\\lib\\lean;C:\\lean\\mathlib4\\.lake\\packages\\Qq\\.lake\\build\\lib\\lean;C:\\lean\\mathlib4\\.lake\\packages\\aesop\\.lake\\build\\lib\\lean;C:\\lean\\mathlib4\\.lake\\packages\\proofwidgets\\.lake\\build\\lib\\lean;C:\\lean\\mathlib4\\.lake\\packages\\importGraph\\.lake\\build\\lib\\lean;C:\\lean\\mathlib4\\.lake\\packages\\LeanSearchClient\\.lake\\build\\lib\\lean;C:\\lean\\mathlib4\\.lake\\packages\\plausible\\.lake\\build\\lib\\lean;C:\\lean\\mathlib4\\.lake\\build\\lib\\lean;C:\\lean\\libs\\physlib\\.lake\\build\\lib\\lean c:\\Users\\Administrator\\.elan\\toolchains\\leanprover--lean4---v4.34.0\\bin\\lean.exe -Dwarn.sorry=false -Dweak.says.verify=true C:\\lean\\libs\\physlib\\Physlib\\StatisticalMechanics\\CanonicalEnsemble\\Basic.lean -o C:\\lean\\libs\\physlib\\.lake\\build\\lib\\lean\\Physlib\\StatisticalMechanics\\CanonicalEnsemble\\Basic.olean -i C:\\lean\\libs\\physlib\\.lake\\build\\lib\\lean\\Physlib\\StatisticalMechanics\\CanonicalEnsemble\\Basic.ilean -c C:\\lean\\libs\\physlib\\.lake\\build\\ir\\Physlib\\StatisticalMechanics\\CanonicalEnsemble\\Basic.c --setup C:\\lean\\libs\\physlib\\.lake\\build\\ir\\Physlib\\StatisticalMechanics\\CanonicalEnsemble\\Basic.setup.json --json",
   "level": "trace"}],
 "inputs":
 [["deps",
   [["Physlib/Physlib:extraDep", [["@Physlib:extraDep", "00000000000006bb"]]],
    ["imports",
     [["Mathlib.MeasureTheory.Integral.Prod transitive imports (public)",
       "c665f9abebccced8"],
      ["Mathlib.MeasureTheory.Integral.Prod:importArts", "299d0b2c7bf4528f"],
      ["Physlib.Thermodynamics.Temperature.Basic transitive imports (public)",
       "f24c59892f0fb4db"],
      ["Physlib.Thermodynamics.Temperature.Basic:importArts",
       "bece1080e7d31a92"]]]]],
  ["libs",
   [["import dynlibs", "00000000000006bb"],
    ["package external libraries", "00000000000006bb"],
    ["module dynlibs", "00000000000006bb"],
    ["module plugins", "00000000000006bb"]]],
  ["Lean 4.34.0, commit 293d5d0c0c3f3dded4688b3ccd6a33939ac5102b",
   "a1c6c7aa3e9abfe7"],
  ["C:\\lean\\libs\\physlib\\Physlib\\StatisticalMechanics\\CanonicalEnsemble\\Basic.lean",
   "ddcbc86e7c0e013d"],
  ["options", "00000000000006bb"],
  ["isModule: true", "760fcc16989f4b9b"],
  ["Module.name: Physlib.StatisticalMechanics.CanonicalEnsemble.Basic",
   "1f904f8aaa4d98ec"],
  ["Package.id?: (some Physlib)", "6dd4b1a3d0e46d70"],
  ["Module.leanArgs: #[-Dwarn.sorry=false, -Dweak.says.verify=true]",
   "72cd5083b9c31fb2"]],
 "depHash": "29c9907c972297da"}