{"synthetic": false,
 "schemaVersion": "2025-09-10",
 "outputs":
 {"rs": "07e40860ef7f31e2.ir.sig",
  "r": "b361e6114f801153.ir",
  "o":
  ["7a2ec8b8b8e985f7.olean",
   "2d4972ae84eca5d5.olean.server",
   "79fb91392eaf1745.olean.private"],
  "m": true,
  "i": "afa35d1957f35737.ilean",
  "c": "ea8b7ed226b8ad23.c"},
 "log":
 [{"message":
   ".> LEAN_PATH=C:\\lean\\mathlib4\\.lake\\packages\\Cli\\.lake\\build\\lib\\lean;C:\\lean\\mathlib4\\.lake\\packages\\batteries\\.lake\\build\\lib\\lean;C:\\lean\\mathlib4\\.lake\\packages\\Qq\\.lake\\build\\lib\\lean;C:\\lean\\mathlib4\\.lake\\packages\\aesop\\.lake\\build\\lib\\lean;C:\\lean\\mathlib4\\.lake\\packages\\proofwidgets\\.lake\\build\\lib\\lean;C:\\lean\\mathlib4\\.lake\\packages\\importGraph\\.lake\\build\\lib\\lean;C:\\lean\\mathlib4\\.lake\\packages\\LeanSearchClient\\.lake\\build\\lib\\lean;C:\\lean\\mathlib4\\.lake\\packages\\plausible\\.lake\\build\\lib\\lean;C:\\lean\\mathlib4\\.lake\\build\\lib\\lean;C:\\lean\\libs\\physlib\\.lake\\build\\lib\\lean c:\\Users\\Administrator\\.elan\\toolchains\\leanprover--lean4---v4.34.0\\bin\\lean.exe -Dwarn.sorry=false -Dweak.says.verify=true C:\\lean\\libs\\physlib\\Physlib\\StatisticalMechanics\\CanonicalEnsemble\\Finite.lean -o C:\\lean\\libs\\physlib\\.lake\\build\\lib\\lean\\Physlib\\StatisticalMechanics\\CanonicalEnsemble\\Finite.olean -i C:\\lean\\libs\\physlib\\.lake\\build\\lib\\lean\\Physlib\\StatisticalMechanics\\CanonicalEnsemble\\Finite.ilean -c C:\\lean\\libs\\physlib\\.lake\\build\\ir\\Physlib\\StatisticalMechanics\\CanonicalEnsemble\\Finite.c --setup C:\\lean\\libs\\physlib\\.lake\\build\\ir\\Physlib\\StatisticalMechanics\\CanonicalEnsemble\\Finite.setup.json --json",
   "level": "trace"}],
 "inputs":
 [["deps",
   [["Physlib/Physlib:extraDep", [["@Physlib:extraDep", "00000000000006bb"]]],
    ["imports",
     [["Physlib.StatisticalMechanics.CanonicalEnsemble.Lemmas transitive imports (public)",
       "af0279f423fa7c23"],
      ["Physlib.StatisticalMechanics.CanonicalEnsemble.Lemmas:importArts",
       "e350f69a00509a96"]]]]],
  ["libs",
   [["import dynlibs", "00000000000006bb"],
    ["package external libraries", "00000000000006bb"],
    ["module dynlibs", "00000000000006bb"],
    ["module plugins", "00000000000006bb"]]],
  ["Lean 4.34.0, commit 293d5d0c0c3f3dded4688b3ccd6a33939ac5102b",
   "a1c6c7aa3e9abfe7"],
  ["C:\\lean\\libs\\physlib\\Physlib\\StatisticalMechanics\\CanonicalEnsemble\\Finite.lean",
   "11d442e3e4eb5ce6"],
  ["options", "00000000000006bb"],
  ["isModule: true", "760fcc16989f4b9b"],
  ["Module.name: Physlib.StatisticalMechanics.CanonicalEnsemble.Finite",
   "dd406fc0e311b46b"],
  ["Package.id?: (some Physlib)", "6dd4b1a3d0e46d70"],
  ["Module.leanArgs: #[-Dwarn.sorry=false, -Dweak.says.verify=true]",
   "72cd5083b9c31fb2"]],
 "depHash": "1764f7fd64a89172"}