{"synthetic": false,
 "schemaVersion": "2025-09-10",
 "outputs":
 {"rs": "bde25d6f87b3e5db.ir.sig",
  "r": "d340c1ea7c5da408.ir",
  "o":
  ["9cb2496da1135181.olean",
   "312ff3ff79171ae1.olean.server",
   "c45328b79a375296.olean.private"],
  "m": true,
  "i": "c478cd56c6ad7dce.ilean",
  "c": "c305c6b78608d4b5.c"},
 "log":
 [{"message":
   ".> LEAN_PATH=C:\\lean\\mathlib4\\.lake\\packages\\Cli\\.lake\\build\\lib\\lean;C:\\lean\\mathlib4\\.lake\\packages\\batteries\\.lake\\build\\lib\\lean;C:\\lean\\mathlib4\\.lake\\packages\\Qq\\.lake\\build\\lib\\lean;C:\\lean\\mathlib4\\.lake\\packages\\aesop\\.lake\\build\\lib\\lean;C:\\lean\\mathlib4\\.lake\\packages\\proofwidgets\\.lake\\build\\lib\\lean;C:\\lean\\mathlib4\\.lake\\packages\\importGraph\\.lake\\build\\lib\\lean;C:\\lean\\mathlib4\\.lake\\packages\\LeanSearchClient\\.lake\\build\\lib\\lean;C:\\lean\\mathlib4\\.lake\\packages\\plausible\\.lake\\build\\lib\\lean;C:\\lean\\mathlib4\\.lake\\build\\lib\\lean;C:\\lean\\libs\\physlib\\.lake\\build\\lib\\lean c:\\Users\\Administrator\\.elan\\toolchains\\leanprover--lean4---v4.34.0\\bin\\lean.exe -Dwarn.sorry=false -Dweak.says.verify=true C:\\lean\\libs\\physlib\\Physlib\\StatisticalMechanics\\CanonicalEnsemble\\Lemmas.lean -o C:\\lean\\libs\\physlib\\.lake\\build\\lib\\lean\\Physlib\\StatisticalMechanics\\CanonicalEnsemble\\Lemmas.olean -i C:\\lean\\libs\\physlib\\.lake\\build\\lib\\lean\\Physlib\\StatisticalMechanics\\CanonicalEnsemble\\Lemmas.ilean -c C:\\lean\\libs\\physlib\\.lake\\build\\ir\\Physlib\\StatisticalMechanics\\CanonicalEnsemble\\Lemmas.c --setup C:\\lean\\libs\\physlib\\.lake\\build\\ir\\Physlib\\StatisticalMechanics\\CanonicalEnsemble\\Lemmas.setup.json --json",
   "level": "trace"}],
 "inputs":
 [["deps",
   [["Physlib/Physlib:extraDep", [["@Physlib:extraDep", "00000000000006bb"]]],
    ["imports",
     [["Physlib.StatisticalMechanics.CanonicalEnsemble.Basic transitive imports (public)",
       "fcb1918d309cf5d9"],
      ["Physlib.StatisticalMechanics.CanonicalEnsemble.Basic:importArts",
       "2348d46c3b0d3257"],
      ["Mathlib.Analysis.SpecialFunctions.Log.Deriv transitive imports (public)",
       "7c4c317387f9f6d2"],
      ["Mathlib.Analysis.SpecialFunctions.Log.Deriv:importArts",
       "c3d0b2fe1341c7e5"]]]]],
  ["libs",
   [["import dynlibs", "00000000000006bb"],
    ["package external libraries", "00000000000006bb"],
    ["module dynlibs", "00000000000006bb"],
    ["module plugins", "00000000000006bb"]]],
  ["Lean 4.34.0, commit 293d5d0c0c3f3dded4688b3ccd6a33939ac5102b",
   "a1c6c7aa3e9abfe7"],
  ["C:\\lean\\libs\\physlib\\Physlib\\StatisticalMechanics\\CanonicalEnsemble\\Lemmas.lean",
   "fa18aee38f29c125"],
  ["options", "00000000000006bb"],
  ["isModule: true", "760fcc16989f4b9b"],
  ["Module.name: Physlib.StatisticalMechanics.CanonicalEnsemble.Lemmas",
   "745e31822b9fa2ff"],
  ["Package.id?: (some Physlib)", "6dd4b1a3d0e46d70"],
  ["Module.leanArgs: #[-Dwarn.sorry=false, -Dweak.says.verify=true]",
   "72cd5083b9c31fb2"]],
 "depHash": "9cb122838a66bcc0"}