{"synthetic": false,
 "schemaVersion": "2025-09-10",
 "outputs":
 {"rs": "54c16d10b4c435eb.ir.sig",
  "r": "7d06d5bb9061557f.ir",
  "o":
  ["4c8662afa9e15123.olean",
   "813333b48bf4e5a9.olean.server",
   "1d8fcb850d11ec26.olean.private"],
  "m": true,
  "i": "1b6a7ec6379c26f3.ilean",
  "c": "f8b1c259bcbc1257.c"},
 "log":
 [{"message":
   ".> LEAN_PATH=C:\\lean\\mathlib4\\.lake\\packages\\Cli\\.lake\\build\\lib\\lean;C:\\lean\\mathlib4\\.lake\\packages\\batteries\\.lake\\build\\lib\\lean;C:\\lean\\mathlib4\\.lake\\packages\\Qq\\.lake\\build\\lib\\lean;C:\\lean\\mathlib4\\.lake\\packages\\aesop\\.lake\\build\\lib\\lean;C:\\lean\\mathlib4\\.lake\\packages\\proofwidgets\\.lake\\build\\lib\\lean;C:\\lean\\mathlib4\\.lake\\packages\\importGraph\\.lake\\build\\lib\\lean;C:\\lean\\mathlib4\\.lake\\packages\\LeanSearchClient\\.lake\\build\\lib\\lean;C:\\lean\\mathlib4\\.lake\\packages\\plausible\\.lake\\build\\lib\\lean;C:\\lean\\mathlib4\\.lake\\build\\lib\\lean;C:\\lean\\libs\\physlib\\.lake\\build\\lib\\lean c:\\Users\\Administrator\\.elan\\toolchains\\leanprover--lean4---v4.34.0\\bin\\lean.exe -Dwarn.sorry=false -Dweak.says.verify=true C:\\lean\\libs\\physlib\\Physlib\\StatisticalMechanics\\CanonicalEnsemble\\TwoState.lean -o C:\\lean\\libs\\physlib\\.lake\\build\\lib\\lean\\Physlib\\StatisticalMechanics\\CanonicalEnsemble\\TwoState.olean -i C:\\lean\\libs\\physlib\\.lake\\build\\lib\\lean\\Physlib\\StatisticalMechanics\\CanonicalEnsemble\\TwoState.ilean -c C:\\lean\\libs\\physlib\\.lake\\build\\ir\\Physlib\\StatisticalMechanics\\CanonicalEnsemble\\TwoState.c --setup C:\\lean\\libs\\physlib\\.lake\\build\\ir\\Physlib\\StatisticalMechanics\\CanonicalEnsemble\\TwoState.setup.json --json",
   "level": "trace"}],
 "inputs":
 [["deps",
   [["Physlib/Physlib:extraDep", [["@Physlib:extraDep", "00000000000006bb"]]],
    ["imports",
     [["Physlib.StatisticalMechanics.CanonicalEnsemble.Finite transitive imports (public)",
       "ad34a53c8f72f7fb"],
      ["Physlib.StatisticalMechanics.CanonicalEnsemble.Finite:importArts",
       "e1090e2766d2b2c4"]]]]],
  ["libs",
   [["import dynlibs", "00000000000006bb"],
    ["package external libraries", "00000000000006bb"],
    ["module dynlibs", "00000000000006bb"],
    ["module plugins", "00000000000006bb"]]],
  ["Lean 4.34.0, commit 293d5d0c0c3f3dded4688b3ccd6a33939ac5102b",
   "a1c6c7aa3e9abfe7"],
  ["C:\\lean\\libs\\physlib\\Physlib\\StatisticalMechanics\\CanonicalEnsemble\\TwoState.lean",
   "fff2914eb2d8c55b"],
  ["options", "00000000000006bb"],
  ["isModule: true", "760fcc16989f4b9b"],
  ["Module.name: Physlib.StatisticalMechanics.CanonicalEnsemble.TwoState",
   "309cef8aefc83cb5"],
  ["Package.id?: (some Physlib)", "6dd4b1a3d0e46d70"],
  ["Module.leanArgs: #[-Dwarn.sorry=false, -Dweak.says.verify=true]",
   "72cd5083b9c31fb2"]],
 "depHash": "ff6dded343d4de41"}