{"synthetic": false,
 "schemaVersion": "2025-09-10",
 "outputs":
 {"rs": "98bdac3a40d81a40.ir.sig",
  "r": "9ae5fc406a8dabf7.ir",
  "o":
  ["5a0a96e212c4b2c6.olean",
   "7d50f248454369ff.olean.server",
   "9a0032d068c6f64d.olean.private"],
  "m": true,
  "i": "0751fedaf60201f9.ilean",
  "c": "2972d9443fffa4db.c"},
 "log":
 [{"message":
   ".> LEAN_PATH=C:\\lean\\mathlib4\\.lake\\packages\\Cli\\.lake\\build\\lib\\lean;C:\\lean\\mathlib4\\.lake\\packages\\batteries\\.lake\\build\\lib\\lean;C:\\lean\\mathlib4\\.lake\\packages\\Qq\\.lake\\build\\lib\\lean;C:\\lean\\mathlib4\\.lake\\packages\\aesop\\.lake\\build\\lib\\lean;C:\\lean\\mathlib4\\.lake\\packages\\proofwidgets\\.lake\\build\\lib\\lean;C:\\lean\\mathlib4\\.lake\\packages\\importGraph\\.lake\\build\\lib\\lean;C:\\lean\\mathlib4\\.lake\\packages\\LeanSearchClient\\.lake\\build\\lib\\lean;C:\\lean\\mathlib4\\.lake\\packages\\plausible\\.lake\\build\\lib\\lean;C:\\lean\\mathlib4\\.lake\\build\\lib\\lean;C:\\lean\\libs\\physlib\\.lake\\build\\lib\\lean c:\\Users\\Administrator\\.elan\\toolchains\\leanprover--lean4---v4.34.0\\bin\\lean.exe -Dwarn.sorry=false -Dweak.says.verify=true C:\\lean\\libs\\physlib\\Physlib\\Relativity\\Tensors\\ComplexTensor\\Lemmas.lean -o C:\\lean\\libs\\physlib\\.lake\\build\\lib\\lean\\Physlib\\Relativity\\Tensors\\ComplexTensor\\Lemmas.olean -i C:\\lean\\libs\\physlib\\.lake\\build\\lib\\lean\\Physlib\\Relativity\\Tensors\\ComplexTensor\\Lemmas.ilean -c C:\\lean\\libs\\physlib\\.lake\\build\\ir\\Physlib\\Relativity\\Tensors\\ComplexTensor\\Lemmas.c --setup C:\\lean\\libs\\physlib\\.lake\\build\\ir\\Physlib\\Relativity\\Tensors\\ComplexTensor\\Lemmas.setup.json --json",
   "level": "trace"}],
 "inputs":
 [["deps",
   [["Physlib/Physlib:extraDep", [["@Physlib:extraDep", "00000000000006bb"]]],
    ["imports",
     [["Physlib.Relativity.Tensors.ComplexTensor.Basic transitive imports (public)",
       "feb7aa2a3f2a7ece"],
      ["Physlib.Relativity.Tensors.ComplexTensor.Basic:importArts",
       "829ff1800b21eb41"]]]]],
  ["libs",
   [["import dynlibs", "00000000000006bb"],
    ["package external libraries", "00000000000006bb"],
    ["module dynlibs", "00000000000006bb"],
    ["module plugins", "00000000000006bb"]]],
  ["Lean 4.34.0, commit 293d5d0c0c3f3dded4688b3ccd6a33939ac5102b",
   "a1c6c7aa3e9abfe7"],
  ["C:\\lean\\libs\\physlib\\Physlib\\Relativity\\Tensors\\ComplexTensor\\Lemmas.lean",
   "50da6cee35648fa8"],
  ["options", "00000000000006bb"],
  ["isModule: true", "760fcc16989f4b9b"],
  ["Module.name: Physlib.Relativity.Tensors.ComplexTensor.Lemmas",
   "d48ab68dec82a8d5"],
  ["Package.id?: (some Physlib)", "6dd4b1a3d0e46d70"],
  ["Module.leanArgs: #[-Dwarn.sorry=false, -Dweak.says.verify=true]",
   "72cd5083b9c31fb2"]],
 "depHash": "a2515caeeaf40c8d"}