{"synthetic": false,
 "schemaVersion": "2025-09-10",
 "outputs":
 {"rs": "448a5d2eff61d8b5.ir.sig",
  "r": "0fc5e2ab16b092c1.ir",
  "o":
  ["cec42c1253ba076b.olean",
   "5a3b014ec18e7711.olean.server",
   "d6912f85ea3bcb4b.olean.private"],
  "m": true,
  "i": "724e5b9c8d8ec8c9.ilean",
  "c": "a79dc5306603fd0d.c"},
 "log":
 [{"message":
   ".> LEAN_PATH=C:\\lean\\mathlib4\\.lake\\packages\\Cli\\.lake\\build\\lib\\lean;C:\\lean\\mathlib4\\.lake\\packages\\batteries\\.lake\\build\\lib\\lean;C:\\lean\\mathlib4\\.lake\\packages\\Qq\\.lake\\build\\lib\\lean;C:\\lean\\mathlib4\\.lake\\packages\\aesop\\.lake\\build\\lib\\lean;C:\\lean\\mathlib4\\.lake\\packages\\proofwidgets\\.lake\\build\\lib\\lean;C:\\lean\\mathlib4\\.lake\\packages\\importGraph\\.lake\\build\\lib\\lean;C:\\lean\\mathlib4\\.lake\\packages\\LeanSearchClient\\.lake\\build\\lib\\lean;C:\\lean\\mathlib4\\.lake\\packages\\plausible\\.lake\\build\\lib\\lean;C:\\lean\\mathlib4\\.lake\\build\\lib\\lean;C:\\lean\\libs\\physlib\\.lake\\build\\lib\\lean c:\\Users\\Administrator\\.elan\\toolchains\\leanprover--lean4---v4.34.0\\bin\\lean.exe -Dwarn.sorry=false -Dweak.says.verify=true C:\\lean\\libs\\physlib\\QuantumInfo\\Measurements\\POVM.lean -o C:\\lean\\libs\\physlib\\.lake\\build\\lib\\lean\\QuantumInfo\\Measurements\\POVM.olean -i C:\\lean\\libs\\physlib\\.lake\\build\\lib\\lean\\QuantumInfo\\Measurements\\POVM.ilean -c C:\\lean\\libs\\physlib\\.lake\\build\\ir\\QuantumInfo\\Measurements\\POVM.c --setup C:\\lean\\libs\\physlib\\.lake\\build\\ir\\QuantumInfo\\Measurements\\POVM.setup.json --json",
   "level": "trace"},
  {"message":
   "QuantumInfo/Measurements/POVM.lean:155:33: `if_neg` has been deprecated: Use `ite_eq_right` instead",
   "level": "warning"}],
 "inputs":
 [["deps",
   [["Physlib/QuantumInfo:extraDep",
     [["@Physlib:extraDep", "00000000000006bb"]]],
    ["imports",
     [["QuantumInfo.Channels.Bundled transitive imports (public)",
       "b96b052cffac3271"],
      ["QuantumInfo.Channels.Bundled:importArts", "f211c12031ca9266"],
      ["QuantumInfo.Channels.CPTP transitive imports (public)",
       "1a164ed312725ce7"],
      ["QuantumInfo.Channels.CPTP:importArts", "f76732e657c77696"],
      ["QuantumInfo.Channels.Dual transitive imports (public)",
       "fdde6f8cd8d5f2a5"],
      ["QuantumInfo.Channels.Dual:importArts", "9db5e1009969f061"],
      ["QuantumInfo.Channels.MatrixMap transitive imports (public)",
       "69c1787683015feb"],
      ["QuantumInfo.Channels.MatrixMap:importArts", "43760fc26170d045"],
      ["QuantumInfo.Channels.Unbundled transitive imports (public)",
       "209541c98022c4c5"],
      ["QuantumInfo.Channels.Unbundled:importArts", "fb043d042eb24658"]]]]],
  ["libs",
   [["import dynlibs", "00000000000006bb"],
    ["package external libraries", "00000000000006bb"],
    ["module dynlibs", "00000000000006bb"],
    ["module plugins", "00000000000006bb"]]],
  ["Lean 4.34.0, commit 293d5d0c0c3f3dded4688b3ccd6a33939ac5102b",
   "a1c6c7aa3e9abfe7"],
  ["C:\\lean\\libs\\physlib\\QuantumInfo\\Measurements\\POVM.lean",
   "efe2c0e666aae629"],
  ["options", "00000000000006bb"],
  ["isModule: true", "760fcc16989f4b9b"],
  ["Module.name: QuantumInfo.Measurements.POVM", "855be469b6a8a304"],
  ["Package.id?: (some Physlib)", "6dd4b1a3d0e46d70"],
  ["Module.leanArgs: #[-Dwarn.sorry=false, -Dweak.says.verify=true]",
   "72cd5083b9c31fb2"]],
 "depHash": "1be16831978da42c"}