{"synthetic": false,
 "schemaVersion": "2025-09-10",
 "outputs":
 {"rs": "bf57c586797f4e30.ir.sig",
  "r": "ccd4d4e707c6bc2e.ir",
  "o":
  ["10b4406fdf0d239a.olean",
   "81b10ce8bb4266a8.olean.server",
   "fb0e048d31d73d44.olean.private"],
  "m": true,
  "i": "80771540ea8c76f2.ilean",
  "c": "099175b693b7d248.c"},
 "log":
 [{"message":
   ".> LEAN_PATH=C:\\lean\\mathlib4\\.lake\\packages\\Cli\\.lake\\build\\lib\\lean;C:\\lean\\mathlib4\\.lake\\packages\\batteries\\.lake\\build\\lib\\lean;C:\\lean\\mathlib4\\.lake\\packages\\Qq\\.lake\\build\\lib\\lean;C:\\lean\\mathlib4\\.lake\\packages\\aesop\\.lake\\build\\lib\\lean;C:\\lean\\mathlib4\\.lake\\packages\\proofwidgets\\.lake\\build\\lib\\lean;C:\\lean\\mathlib4\\.lake\\packages\\importGraph\\.lake\\build\\lib\\lean;C:\\lean\\mathlib4\\.lake\\packages\\LeanSearchClient\\.lake\\build\\lib\\lean;C:\\lean\\mathlib4\\.lake\\packages\\plausible\\.lake\\build\\lib\\lean;C:\\lean\\mathlib4\\.lake\\build\\lib\\lean;C:\\lean\\libs\\physlib\\.lake\\build\\lib\\lean c:\\Users\\Administrator\\.elan\\toolchains\\leanprover--lean4---v4.34.0\\bin\\lean.exe -Dwarn.sorry=false -Dweak.says.verify=true C:\\lean\\libs\\physlib\\Physlib\\Mathematics\\Calculus\\Wirtinger\\Coordinate.lean -o C:\\lean\\libs\\physlib\\.lake\\build\\lib\\lean\\Physlib\\Mathematics\\Calculus\\Wirtinger\\Coordinate.olean -i C:\\lean\\libs\\physlib\\.lake\\build\\lib\\lean\\Physlib\\Mathematics\\Calculus\\Wirtinger\\Coordinate.ilean -c C:\\lean\\libs\\physlib\\.lake\\build\\ir\\Physlib\\Mathematics\\Calculus\\Wirtinger\\Coordinate.c --setup C:\\lean\\libs\\physlib\\.lake\\build\\ir\\Physlib\\Mathematics\\Calculus\\Wirtinger\\Coordinate.setup.json --json",
   "level": "trace"},
  {"message":
   "Physlib/Mathematics/Calculus/Wirtinger/Coordinate.lean:273:55: `if_pos` has been deprecated: Use `ite_eq_left` instead",
   "level": "warning"}],
 "inputs":
 [["deps",
   [["Physlib/Physlib:extraDep", [["@Physlib:extraDep", "00000000000006bb"]]],
    ["imports",
     [["Physlib.Mathematics.Calculus.Wirtinger.Basic transitive imports (public)",
       "8e8b93ecb4075d35"],
      ["Physlib.Mathematics.Calculus.Wirtinger.Basic:importArts",
       "428617741b8890e3"],
      ["Mathlib.Analysis.Calculus.FDeriv.Pi transitive imports (public)",
       "1f3b584561315cdf"],
      ["Mathlib.Analysis.Calculus.FDeriv.Pi:importArts", "1bee292e7340dddb"],
      ["Mathlib.Analysis.Calculus.FDeriv.RestrictScalars transitive imports (public)",
       "cb45c8a84c9c90e5"],
      ["Mathlib.Analysis.Calculus.FDeriv.RestrictScalars:importArts",
       "21a473f6d86f3182"],
      ["Mathlib.Analysis.Calculus.FDeriv.Star transitive imports (public)",
       "e5a3c8209e13bd57"],
      ["Mathlib.Analysis.Calculus.FDeriv.Star:importArts", "89a9a04699a79c9a"],
      ["Mathlib.Data.Fintype.Defs transitive imports (public)",
       "6bb1ed707e8f9818"],
      ["Mathlib.Data.Fintype.Defs:importArts", "3d2eb9a17f23925d"]]]]],
  ["libs",
   [["import dynlibs", "00000000000006bb"],
    ["package external libraries", "00000000000006bb"],
    ["module dynlibs", "00000000000006bb"],
    ["module plugins", "00000000000006bb"]]],
  ["Lean 4.34.0, commit 293d5d0c0c3f3dded4688b3ccd6a33939ac5102b",
   "a1c6c7aa3e9abfe7"],
  ["C:\\lean\\libs\\physlib\\Physlib\\Mathematics\\Calculus\\Wirtinger\\Coordinate.lean",
   "5f09312cfd60d717"],
  ["options", "00000000000006bb"],
  ["isModule: true", "760fcc16989f4b9b"],
  ["Module.name: Physlib.Mathematics.Calculus.Wirtinger.Coordinate",
   "e4c53a3554146dc4"],
  ["Package.id?: (some Physlib)", "6dd4b1a3d0e46d70"],
  ["Module.leanArgs: #[-Dwarn.sorry=false, -Dweak.says.verify=true]",
   "72cd5083b9c31fb2"]],
 "depHash": "5fecce7c89efd512"}