{"synthetic": false,
 "schemaVersion": "2025-09-10",
 "outputs":
 {"rs": "2aa43381a93487ec.ir.sig",
  "r": "4db301b9f7b768b3.ir",
  "o":
  ["9f83aa7b13452ca4.olean",
   "034bbbe17e73e8ee.olean.server",
   "1c4b45080d3b3184.olean.private"],
  "m": true,
  "i": "6557b0ba8e12904a.ilean",
  "c": "bd216e77ff31270b.c"},
 "log":
 [{"message":
   ".> LEAN_PATH=C:\\lean\\mathlib4\\.lake\\packages\\Cli\\.lake\\build\\lib\\lean;C:\\lean\\mathlib4\\.lake\\packages\\batteries\\.lake\\build\\lib\\lean;C:\\lean\\mathlib4\\.lake\\packages\\Qq\\.lake\\build\\lib\\lean;C:\\lean\\mathlib4\\.lake\\packages\\aesop\\.lake\\build\\lib\\lean;C:\\lean\\mathlib4\\.lake\\packages\\proofwidgets\\.lake\\build\\lib\\lean;C:\\lean\\mathlib4\\.lake\\packages\\importGraph\\.lake\\build\\lib\\lean;C:\\lean\\mathlib4\\.lake\\packages\\LeanSearchClient\\.lake\\build\\lib\\lean;C:\\lean\\mathlib4\\.lake\\packages\\plausible\\.lake\\build\\lib\\lean;C:\\lean\\mathlib4\\.lake\\build\\lib\\lean;C:\\lean\\libs\\physlib\\.lake\\build\\lib\\lean c:\\Users\\Administrator\\.elan\\toolchains\\leanprover--lean4---v4.34.0\\bin\\lean.exe -Dwarn.sorry=false -Dweak.says.verify=true C:\\lean\\libs\\physlib\\Physlib\\Units\\WithDim\\Velocity.lean -o C:\\lean\\libs\\physlib\\.lake\\build\\lib\\lean\\Physlib\\Units\\WithDim\\Velocity.olean -i C:\\lean\\libs\\physlib\\.lake\\build\\lib\\lean\\Physlib\\Units\\WithDim\\Velocity.ilean -c C:\\lean\\libs\\physlib\\.lake\\build\\ir\\Physlib\\Units\\WithDim\\Velocity.c --setup C:\\lean\\libs\\physlib\\.lake\\build\\ir\\Physlib\\Units\\WithDim\\Velocity.setup.json --json",
   "level": "trace"}],
 "inputs":
 [["deps",
   [["Physlib/Physlib:extraDep", [["@Physlib:extraDep", "00000000000006bb"]]],
    ["imports", "00000000000006bb"]]],
  ["libs",
   [["import dynlibs", "00000000000006bb"],
    ["package external libraries", "00000000000006bb"],
    ["module dynlibs", "00000000000006bb"],
    ["module plugins", "00000000000006bb"]]],
  ["Lean 4.34.0, commit 293d5d0c0c3f3dded4688b3ccd6a33939ac5102b",
   "a1c6c7aa3e9abfe7"],
  ["C:\\lean\\libs\\physlib\\Physlib\\Units\\WithDim\\Velocity.lean",
   "5d37e0792a4293b6"],
  ["options", "00000000000006bb"],
  ["isModule: true", "760fcc16989f4b9b"],
  ["Module.name: Physlib.Units.WithDim.Velocity", "799254806c634b3c"],
  ["Package.id?: (some Physlib)", "6dd4b1a3d0e46d70"],
  ["Module.leanArgs: #[-Dwarn.sorry=false, -Dweak.says.verify=true]",
   "72cd5083b9c31fb2"]],
 "depHash": "6c5056a62d0759e7"}