{"synthetic": false,
 "schemaVersion": "2025-09-10",
 "outputs":
 {"rs": "98e4c403c731874c.ir.sig",
  "r": "cc2fdc316c09eb4f.ir",
  "o":
  ["a6bf3723feca5414.olean",
   "45507d7447a700d3.olean.server",
   "b46a398a35275272.olean.private"],
  "m": true,
  "i": "21304e0ee969ec9b.ilean",
  "c": "88f701bfbd938e05.c"},
 "log":
 [{"message":
   ".> LEAN_PATH=C:\\lean\\mathlib4\\.lake\\packages\\Cli\\.lake\\build\\lib\\lean;C:\\lean\\mathlib4\\.lake\\packages\\batteries\\.lake\\build\\lib\\lean;C:\\lean\\mathlib4\\.lake\\packages\\Qq\\.lake\\build\\lib\\lean;C:\\lean\\mathlib4\\.lake\\packages\\aesop\\.lake\\build\\lib\\lean;C:\\lean\\mathlib4\\.lake\\packages\\proofwidgets\\.lake\\build\\lib\\lean;C:\\lean\\mathlib4\\.lake\\packages\\importGraph\\.lake\\build\\lib\\lean;C:\\lean\\mathlib4\\.lake\\packages\\LeanSearchClient\\.lake\\build\\lib\\lean;C:\\lean\\mathlib4\\.lake\\packages\\plausible\\.lake\\build\\lib\\lean;C:\\lean\\mathlib4\\.lake\\build\\lib\\lean;C:\\lean\\libs\\physlib\\.lake\\build\\lib\\lean c:\\Users\\Administrator\\.elan\\toolchains\\leanprover--lean4---v4.34.0\\bin\\lean.exe -Dwarn.sorry=false -Dweak.says.verify=true C:\\lean\\libs\\physlib\\Physlib\\QuantumMechanics\\HilbertSpaces\\OneDimension\\Basic.lean -o C:\\lean\\libs\\physlib\\.lake\\build\\lib\\lean\\Physlib\\QuantumMechanics\\HilbertSpaces\\OneDimension\\Basic.olean -i C:\\lean\\libs\\physlib\\.lake\\build\\lib\\lean\\Physlib\\QuantumMechanics\\HilbertSpaces\\OneDimension\\Basic.ilean -c C:\\lean\\libs\\physlib\\.lake\\build\\ir\\Physlib\\QuantumMechanics\\HilbertSpaces\\OneDimension\\Basic.c --setup C:\\lean\\libs\\physlib\\.lake\\build\\ir\\Physlib\\QuantumMechanics\\HilbertSpaces\\OneDimension\\Basic.setup.json --json",
   "level": "trace"},
  {"message":
   "Physlib/QuantumMechanics/HilbertSpaces/OneDimension/Basic.lean:143:13: This simp argument is unused:\n  h1\n\nHint: Omit it from the simp argument list.\n  [apply] simp only [MeasureTheory.eLpNorm_lt_top_iff_lintegral_rpow_enorm_lt_top (Ne.symm (NeZero.ne' 2))\n        ENNReal.ofNat_ne_top hf,\n    ENNReal.toReal_ofNat, ENNReal.rpow_ofNat, true_and, Integrable]\n\nNote: This linter can be disabled with `set_option linter.unusedSimpArgs false`",
   "level": "warning"},
  {"message":
   "Physlib/QuantumMechanics/HilbertSpaces/OneDimension/Basic.lean:145:73: This simp argument is unused:\n  true_and\n\nHint: Omit it from the simp argument list.\n  [apply] simp only [h1,\n    MeasureTheory.eLpNorm_lt_top_iff_lintegral_rpow_enorm_lt_top (Ne.symm (NeZero.ne' 2)) ENNReal.ofNat_ne_top hf,\n    ENNReal.toReal_ofNat, ENNReal.rpow_ofNat, Integrable]\n\nNote: This linter can be disabled with `set_option linter.unusedSimpArgs false`",
   "level": "warning"}],
 "inputs":
 [["deps",
   [["Physlib/Physlib:extraDep", [["@Physlib:extraDep", "00000000000006bb"]]],
    ["imports",
     [["Mathlib.Analysis.InnerProductSpace.Dual transitive imports (public)",
       "416b30a7fe58151b"],
      ["Mathlib.Analysis.InnerProductSpace.Dual:importArts",
       "21343bd8e535be36"],
      ["Mathlib.MeasureTheory.Function.L2Space transitive imports (public)",
       "5f07b3181a1540e8"],
      ["Mathlib.MeasureTheory.Function.L2Space:importArts", "046d0e089d6740df"],
      ["Mathlib.MeasureTheory.Measure.Haar.OfBasis transitive imports (public)",
       "4942e93a9981b4e8"],
      ["Mathlib.MeasureTheory.Measure.Haar.OfBasis:importArts",
       "24711037bf39867c"],
      ["Physlib.Meta.TODO.Basic transitive imports (public)",
       "00000000000006bb"],
      ["Physlib.Meta.TODO.Basic:importArts", "00cee186cb0fb022"]]]]],
  ["libs",
   [["import dynlibs", "00000000000006bb"],
    ["package external libraries", "00000000000006bb"],
    ["module dynlibs", "00000000000006bb"],
    ["module plugins", "00000000000006bb"]]],
  ["Lean 4.34.0, commit 293d5d0c0c3f3dded4688b3ccd6a33939ac5102b",
   "a1c6c7aa3e9abfe7"],
  ["C:\\lean\\libs\\physlib\\Physlib\\QuantumMechanics\\HilbertSpaces\\OneDimension\\Basic.lean",
   "ea6b80c9b077a68f"],
  ["options", "00000000000006bb"],
  ["isModule: true", "760fcc16989f4b9b"],
  ["Module.name: Physlib.QuantumMechanics.HilbertSpaces.OneDimension.Basic",
   "9c62d42db29aa1f7"],
  ["Package.id?: (some Physlib)", "6dd4b1a3d0e46d70"],
  ["Module.leanArgs: #[-Dwarn.sorry=false, -Dweak.says.verify=true]",
   "72cd5083b9c31fb2"]],
 "depHash": "01b41d4329d4948b"}