{"synthetic": false,
 "schemaVersion": "2025-09-10",
 "outputs":
 {"rs": "80d2f867cc0f7be9.ir.sig",
  "r": "81e0b6ec16f44c37.ir",
  "o":
  ["af1adf1f4bfbf960.olean",
   "0bdaab95adfd63c2.olean.server",
   "993cdc48a31d8b66.olean.private"],
  "m": true,
  "i": "51142c5f29d34857.ilean",
  "c": "82a1dc1f59789b30.c"},
 "log":
 [{"message":
   ".> LEAN_PATH=C:\\lean\\mathlib4\\.lake\\packages\\Cli\\.lake\\build\\lib\\lean;C:\\lean\\mathlib4\\.lake\\packages\\batteries\\.lake\\build\\lib\\lean;C:\\lean\\mathlib4\\.lake\\packages\\Qq\\.lake\\build\\lib\\lean;C:\\lean\\mathlib4\\.lake\\packages\\aesop\\.lake\\build\\lib\\lean;C:\\lean\\mathlib4\\.lake\\packages\\proofwidgets\\.lake\\build\\lib\\lean;C:\\lean\\mathlib4\\.lake\\packages\\importGraph\\.lake\\build\\lib\\lean;C:\\lean\\mathlib4\\.lake\\packages\\LeanSearchClient\\.lake\\build\\lib\\lean;C:\\lean\\mathlib4\\.lake\\packages\\plausible\\.lake\\build\\lib\\lean;C:\\lean\\mathlib4\\.lake\\build\\lib\\lean;C:\\lean\\libs\\physlib\\.lake\\build\\lib\\lean c:\\Users\\Administrator\\.elan\\toolchains\\leanprover--lean4---v4.34.0\\bin\\lean.exe -Dwarn.sorry=false -Dweak.says.verify=true C:\\lean\\libs\\physlib\\Physlib\\Relativity\\LorentzGroup\\Boosts\\Apply.lean -o C:\\lean\\libs\\physlib\\.lake\\build\\lib\\lean\\Physlib\\Relativity\\LorentzGroup\\Boosts\\Apply.olean -i C:\\lean\\libs\\physlib\\.lake\\build\\lib\\lean\\Physlib\\Relativity\\LorentzGroup\\Boosts\\Apply.ilean -c C:\\lean\\libs\\physlib\\.lake\\build\\ir\\Physlib\\Relativity\\LorentzGroup\\Boosts\\Apply.c --setup C:\\lean\\libs\\physlib\\.lake\\build\\ir\\Physlib\\Relativity\\LorentzGroup\\Boosts\\Apply.setup.json --json",
   "level": "trace"}],
 "inputs":
 [["deps",
   [["Physlib/Physlib:extraDep", [["@Physlib:extraDep", "00000000000006bb"]]],
    ["imports",
     [["Physlib.Relativity.LorentzGroup.Boosts.Basic transitive imports (public)",
       "f1b65bb303953b74"],
      ["Physlib.Relativity.LorentzGroup.Boosts.Basic:importArts",
       "fce6a908ac8356a5"],
      ["Physlib.Relativity.Tensors.RealTensor.Vector.Tensorial transitive imports (public)",
       "8c251bcaf216a955"],
      ["Physlib.Relativity.Tensors.RealTensor.Vector.Tensorial:importArts",
       "ad6203995f1a07d1"]]]]],
  ["libs",
   [["import dynlibs", "00000000000006bb"],
    ["package external libraries", "00000000000006bb"],
    ["module dynlibs", "00000000000006bb"],
    ["module plugins", "00000000000006bb"]]],
  ["Lean 4.34.0, commit 293d5d0c0c3f3dded4688b3ccd6a33939ac5102b",
   "a1c6c7aa3e9abfe7"],
  ["C:\\lean\\libs\\physlib\\Physlib\\Relativity\\LorentzGroup\\Boosts\\Apply.lean",
   "1fe97689fae2db6d"],
  ["options", "00000000000006bb"],
  ["isModule: true", "760fcc16989f4b9b"],
  ["Module.name: Physlib.Relativity.LorentzGroup.Boosts.Apply",
   "469782ac61393517"],
  ["Package.id?: (some Physlib)", "6dd4b1a3d0e46d70"],
  ["Module.leanArgs: #[-Dwarn.sorry=false, -Dweak.says.verify=true]",
   "72cd5083b9c31fb2"]],
 "depHash": "d671a035890c84be"}