{"synthetic": false,
 "schemaVersion": "2025-09-10",
 "outputs":
 {"rs": "c360ed62bcfab7e2.ir.sig",
  "r": "67b86f9ec0574a15.ir",
  "o":
  ["e198465b54ec4ae4.olean",
   "0afafd1e62bc34eb.olean.server",
   "447d139cc8e5f077.olean.private"],
  "m": true,
  "i": "d188da508dd910cc.ilean",
  "c": "1a77bf0b135a0066.c"},
 "log":
 [{"message":
   ".> LEAN_PATH=C:\\lean\\mathlib4\\.lake\\packages\\Cli\\.lake\\build\\lib\\lean;C:\\lean\\mathlib4\\.lake\\packages\\batteries\\.lake\\build\\lib\\lean;C:\\lean\\mathlib4\\.lake\\packages\\Qq\\.lake\\build\\lib\\lean;C:\\lean\\mathlib4\\.lake\\packages\\aesop\\.lake\\build\\lib\\lean;C:\\lean\\mathlib4\\.lake\\packages\\proofwidgets\\.lake\\build\\lib\\lean;C:\\lean\\mathlib4\\.lake\\packages\\importGraph\\.lake\\build\\lib\\lean;C:\\lean\\mathlib4\\.lake\\packages\\LeanSearchClient\\.lake\\build\\lib\\lean;C:\\lean\\mathlib4\\.lake\\packages\\plausible\\.lake\\build\\lib\\lean;C:\\lean\\mathlib4\\.lake\\build\\lib\\lean;C:\\lean\\libs\\physlib\\.lake\\build\\lib\\lean c:\\Users\\Administrator\\.elan\\toolchains\\leanprover--lean4---v4.34.0\\bin\\lean.exe -Dwarn.sorry=false -Dweak.says.verify=true C:\\lean\\libs\\physlib\\Physlib\\Electromagnetism\\ThreeDimension\\MaxwellEquations.lean -o C:\\lean\\libs\\physlib\\.lake\\build\\lib\\lean\\Physlib\\Electromagnetism\\ThreeDimension\\MaxwellEquations.olean -i C:\\lean\\libs\\physlib\\.lake\\build\\lib\\lean\\Physlib\\Electromagnetism\\ThreeDimension\\MaxwellEquations.ilean -c C:\\lean\\libs\\physlib\\.lake\\build\\ir\\Physlib\\Electromagnetism\\ThreeDimension\\MaxwellEquations.c --setup C:\\lean\\libs\\physlib\\.lake\\build\\ir\\Physlib\\Electromagnetism\\ThreeDimension\\MaxwellEquations.setup.json --json",
   "level": "trace"}],
 "inputs":
 [["deps",
   [["Physlib/Physlib:extraDep", [["@Physlib:extraDep", "00000000000006bb"]]],
    ["imports",
     [["Physlib.Electromagnetism.ThreeDimension.Basic transitive imports (public)",
       "6c438284468aae00"],
      ["Physlib.Electromagnetism.ThreeDimension.Basic:importArts",
       "0fe893f2f0c824e7"],
      ["Physlib.Electromagnetism.Dynamics.IsExtrema transitive imports (public)",
       "a3cc693761889eaf"],
      ["Physlib.Electromagnetism.Dynamics.IsExtrema:importArts",
       "118b9b655f329136"]]]]],
  ["libs",
   [["import dynlibs", "00000000000006bb"],
    ["package external libraries", "00000000000006bb"],
    ["module dynlibs", "00000000000006bb"],
    ["module plugins", "00000000000006bb"]]],
  ["Lean 4.34.0, commit 293d5d0c0c3f3dded4688b3ccd6a33939ac5102b",
   "a1c6c7aa3e9abfe7"],
  ["C:\\lean\\libs\\physlib\\Physlib\\Electromagnetism\\ThreeDimension\\MaxwellEquations.lean",
   "5c32ebf54ba573a8"],
  ["options", "00000000000006bb"],
  ["isModule: true", "760fcc16989f4b9b"],
  ["Module.name: Physlib.Electromagnetism.ThreeDimension.MaxwellEquations",
   "fe0a9a7e30e46d6a"],
  ["Package.id?: (some Physlib)", "6dd4b1a3d0e46d70"],
  ["Module.leanArgs: #[-Dwarn.sorry=false, -Dweak.says.verify=true]",
   "72cd5083b9c31fb2"]],
 "depHash": "608552856ddbcbcf"}