{"synthetic": false,
 "schemaVersion": "2025-09-10",
 "outputs":
 {"rs": "e39240002b03bd11.ir.sig",
  "r": "8d366a20d937c23b.ir",
  "o":
  ["9289b86738b38be1.olean",
   "20d05ea10ecd6dd2.olean.server",
   "eab0670aa83134a4.olean.private"],
  "m": true,
  "i": "757c03297a9e2da6.ilean",
  "c": "a484128c0348ef3f.c"},
 "log":
 [{"message":
   ".> LEAN_PATH=C:\\lean\\mathlib4\\.lake\\packages\\Cli\\.lake\\build\\lib\\lean;C:\\lean\\mathlib4\\.lake\\packages\\batteries\\.lake\\build\\lib\\lean;C:\\lean\\mathlib4\\.lake\\packages\\Qq\\.lake\\build\\lib\\lean;C:\\lean\\mathlib4\\.lake\\packages\\aesop\\.lake\\build\\lib\\lean;C:\\lean\\mathlib4\\.lake\\packages\\proofwidgets\\.lake\\build\\lib\\lean;C:\\lean\\mathlib4\\.lake\\packages\\importGraph\\.lake\\build\\lib\\lean;C:\\lean\\mathlib4\\.lake\\packages\\LeanSearchClient\\.lake\\build\\lib\\lean;C:\\lean\\mathlib4\\.lake\\packages\\plausible\\.lake\\build\\lib\\lean;C:\\lean\\mathlib4\\.lake\\build\\lib\\lean;C:\\lean\\libs\\physlib\\.lake\\build\\lib\\lean c:\\Users\\Administrator\\.elan\\toolchains\\leanprover--lean4---v4.34.0\\bin\\lean.exe -Dwarn.sorry=false -Dweak.says.verify=true C:\\lean\\libs\\physlib\\Physlib\\QFT\\PerturbationTheory\\FieldStatistics\\Basic.lean -o C:\\lean\\libs\\physlib\\.lake\\build\\lib\\lean\\Physlib\\QFT\\PerturbationTheory\\FieldStatistics\\Basic.olean -i C:\\lean\\libs\\physlib\\.lake\\build\\lib\\lean\\Physlib\\QFT\\PerturbationTheory\\FieldStatistics\\Basic.ilean -c C:\\lean\\libs\\physlib\\.lake\\build\\ir\\Physlib\\QFT\\PerturbationTheory\\FieldStatistics\\Basic.c --setup C:\\lean\\libs\\physlib\\.lake\\build\\ir\\Physlib\\QFT\\PerturbationTheory\\FieldStatistics\\Basic.setup.json --json",
   "level": "trace"},
  {"message":
   "Physlib/QFT/PerturbationTheory/FieldStatistics/Basic.lean:241:10: `if_neg` has been deprecated: Use `ite_eq_right` instead",
   "level": "warning"}],
 "inputs":
 [["deps",
   [["Physlib/Physlib:extraDep", [["@Physlib:extraDep", "00000000000006bb"]]],
    ["imports",
     [["Physlib.Mathematics.List.InsertIdx transitive imports (public)",
       "63346776ba7027cd"],
      ["Physlib.Mathematics.List.InsertIdx:importArts", "27c9696448d2bdd7"],
      ["Mathlib.Tactic.FinCases transitive imports (public)",
       "fc3651f18656efc0"],
      ["Mathlib.Tactic.FinCases:importArts", "00c69ad7e3401fef"],
      ["Mathlib.Algebra.BigOperators.Group.Finset.Piecewise transitive imports (public)",
       "65f7a3e2dfa19ca6"],
      ["Mathlib.Algebra.BigOperators.Group.Finset.Piecewise:importArts",
       "dbd0861cec9ae94c"],
      ["Mathlib.Data.Fintype.Card transitive imports (public)",
       "5b65f235fbeb4b07"],
      ["Mathlib.Data.Fintype.Card:importArts", "751212ef2a49e5fe"],
      ["Mathlib.Algebra.FreeMonoid.Basic transitive imports (public)",
       "6726c361f71571fa"],
      ["Mathlib.Algebra.FreeMonoid.Basic:importArts", "8957f1b42b13627e"],
      ["Mathlib.Data.List.Sort transitive imports (public)",
       "0cd92bc4847d24ba"],
      ["Mathlib.Data.List.Sort:importArts", "7bbfbb94ae76fd9b"]]]]],
  ["libs",
   [["import dynlibs", "00000000000006bb"],
    ["package external libraries", "00000000000006bb"],
    ["module dynlibs", "00000000000006bb"],
    ["module plugins", "00000000000006bb"]]],
  ["Lean 4.34.0, commit 293d5d0c0c3f3dded4688b3ccd6a33939ac5102b",
   "a1c6c7aa3e9abfe7"],
  ["C:\\lean\\libs\\physlib\\Physlib\\QFT\\PerturbationTheory\\FieldStatistics\\Basic.lean",
   "58b1b2eae50bc82e"],
  ["options", "00000000000006bb"],
  ["isModule: true", "760fcc16989f4b9b"],
  ["Module.name: Physlib.QFT.PerturbationTheory.FieldStatistics.Basic",
   "4e8361ed8424f6e0"],
  ["Package.id?: (some Physlib)", "6dd4b1a3d0e46d70"],
  ["Module.leanArgs: #[-Dwarn.sorry=false, -Dweak.says.verify=true]",
   "72cd5083b9c31fb2"]],
 "depHash": "8ff86a30c35c5d9c"}