{"synthetic": false,
 "schemaVersion": "2025-09-10",
 "outputs":
 {"rs": "3d83684f486225d5.ir.sig",
  "r": "e59668402be04894.ir",
  "o":
  ["1a0a8ce2097c6996.olean",
   "c9a3fec99bbbbf80.olean.server",
   "2bb4b286e992815c.olean.private"],
  "m": true,
  "i": "b1e8eb0e68ed44b0.ilean",
  "c": "c05ab8bfbbd7bcec.c"},
 "log":
 [{"message":
   ".> LEAN_PATH=C:\\lean\\mathlib4\\.lake\\packages\\Cli\\.lake\\build\\lib\\lean;C:\\lean\\mathlib4\\.lake\\packages\\batteries\\.lake\\build\\lib\\lean;C:\\lean\\mathlib4\\.lake\\packages\\Qq\\.lake\\build\\lib\\lean;C:\\lean\\mathlib4\\.lake\\packages\\aesop\\.lake\\build\\lib\\lean;C:\\lean\\mathlib4\\.lake\\packages\\proofwidgets\\.lake\\build\\lib\\lean;C:\\lean\\mathlib4\\.lake\\packages\\importGraph\\.lake\\build\\lib\\lean;C:\\lean\\mathlib4\\.lake\\packages\\LeanSearchClient\\.lake\\build\\lib\\lean;C:\\lean\\mathlib4\\.lake\\packages\\plausible\\.lake\\build\\lib\\lean;C:\\lean\\mathlib4\\.lake\\build\\lib\\lean;C:\\lean\\libs\\physlib\\.lake\\build\\lib\\lean c:\\Users\\Administrator\\.elan\\toolchains\\leanprover--lean4---v4.34.0\\bin\\lean.exe -Dwarn.sorry=false -Dweak.says.verify=true C:\\lean\\libs\\physlib\\Physlib\\Particles\\BeyondTheStandardModel\\RHN\\AnomalyCancellation\\Permutations.lean -o C:\\lean\\libs\\physlib\\.lake\\build\\lib\\lean\\Physlib\\Particles\\BeyondTheStandardModel\\RHN\\AnomalyCancellation\\Permutations.olean -i C:\\lean\\libs\\physlib\\.lake\\build\\lib\\lean\\Physlib\\Particles\\BeyondTheStandardModel\\RHN\\AnomalyCancellation\\Permutations.ilean -c C:\\lean\\libs\\physlib\\.lake\\build\\ir\\Physlib\\Particles\\BeyondTheStandardModel\\RHN\\AnomalyCancellation\\Permutations.c --setup C:\\lean\\libs\\physlib\\.lake\\build\\ir\\Physlib\\Particles\\BeyondTheStandardModel\\RHN\\AnomalyCancellation\\Permutations.setup.json --json",
   "level": "trace"}],
 "inputs":
 [["deps",
   [["Physlib/Physlib:extraDep", [["@Physlib:extraDep", "00000000000006bb"]]],
    ["imports",
     [["Physlib.Particles.BeyondTheStandardModel.RHN.AnomalyCancellation.Basic transitive imports (public)",
       "e68109bb63e6fc7d"],
      ["Physlib.Particles.BeyondTheStandardModel.RHN.AnomalyCancellation.Basic:importArts",
       "f8c448a9578fcfa9"],
      ["Mathlib.RepresentationTheory.Basic transitive imports (public)",
       "fadb0819830c3312"],
      ["Mathlib.RepresentationTheory.Basic:importArts", "a765e82dc30fb332"]]]]],
  ["libs",
   [["import dynlibs", "00000000000006bb"],
    ["package external libraries", "00000000000006bb"],
    ["module dynlibs", "00000000000006bb"],
    ["module plugins", "00000000000006bb"]]],
  ["Lean 4.34.0, commit 293d5d0c0c3f3dded4688b3ccd6a33939ac5102b",
   "a1c6c7aa3e9abfe7"],
  ["C:\\lean\\libs\\physlib\\Physlib\\Particles\\BeyondTheStandardModel\\RHN\\AnomalyCancellation\\Permutations.lean",
   "a15411e79b7971e7"],
  ["options", "00000000000006bb"],
  ["isModule: true", "760fcc16989f4b9b"],
  ["Module.name: Physlib.Particles.BeyondTheStandardModel.RHN.AnomalyCancellation.Permutations",
   "902aefa8f01dbe2c"],
  ["Package.id?: (some Physlib)", "6dd4b1a3d0e46d70"],
  ["Module.leanArgs: #[-Dwarn.sorry=false, -Dweak.says.verify=true]",
   "72cd5083b9c31fb2"]],
 "depHash": "cd2fcde4d90a4539"}