{"synthetic": false,
 "schemaVersion": "2025-09-10",
 "outputs":
 {"rs": "1bea709e7da44c9a.ir.sig",
  "r": "bd0ee7b34c0a51e6.ir",
  "o":
  ["f25f58bbb9ddd81c.olean",
   "eaaa0a4d1b0c8263.olean.server",
   "e771c14fb98bef4f.olean.private"],
  "m": true,
  "i": "1d51d903579f00b0.ilean",
  "c": "5928cfa5196b0748.c"},
 "log":
 [{"message":
   ".> LEAN_PATH=C:\\lean\\mathlib4\\.lake\\packages\\Cli\\.lake\\build\\lib\\lean;C:\\lean\\mathlib4\\.lake\\packages\\batteries\\.lake\\build\\lib\\lean;C:\\lean\\mathlib4\\.lake\\packages\\Qq\\.lake\\build\\lib\\lean;C:\\lean\\mathlib4\\.lake\\packages\\aesop\\.lake\\build\\lib\\lean;C:\\lean\\mathlib4\\.lake\\packages\\proofwidgets\\.lake\\build\\lib\\lean;C:\\lean\\mathlib4\\.lake\\packages\\importGraph\\.lake\\build\\lib\\lean;C:\\lean\\mathlib4\\.lake\\packages\\LeanSearchClient\\.lake\\build\\lib\\lean;C:\\lean\\mathlib4\\.lake\\packages\\plausible\\.lake\\build\\lib\\lean;C:\\lean\\mathlib4\\.lake\\build\\lib\\lean;C:\\lean\\libs\\physlib\\.lake\\build\\lib\\lean c:\\Users\\Administrator\\.elan\\toolchains\\leanprover--lean4---v4.34.0-rc1\\bin\\lean.exe -Dwarn.sorry=false -Dweak.says.verify=true C:\\lean\\libs\\physlib\\Physlib\\Electromagnetism\\Current\\InfiniteWire.lean -o C:\\lean\\libs\\physlib\\.lake\\build\\lib\\lean\\Physlib\\Electromagnetism\\Current\\InfiniteWire.olean -i C:\\lean\\libs\\physlib\\.lake\\build\\lib\\lean\\Physlib\\Electromagnetism\\Current\\InfiniteWire.ilean -c C:\\lean\\libs\\physlib\\.lake\\build\\ir\\Physlib\\Electromagnetism\\Current\\InfiniteWire.c --setup C:\\lean\\libs\\physlib\\.lake\\build\\ir\\Physlib\\Electromagnetism\\Current\\InfiniteWire.setup.json --json",
   "level": "trace"}],
 "inputs":
 [["deps",
   [["Physlib/Physlib:extraDep", [["@Physlib:extraDep", "00000000000006bb"]]],
    ["imports",
     [["Physlib.Electromagnetism.Distributional.Dynamics.IsExtrema transitive imports (public)",
       "0d220d659a7d7515"],
      ["Physlib.Electromagnetism.Distributional.Dynamics.IsExtrema:importArts",
       "f4c48965e47bfa54"],
      ["Physlib.SpaceAndTime.Space.Norm.Basic transitive imports (public)",
       "2fbc5d3f189ab066"],
      ["Physlib.SpaceAndTime.Space.Norm.Basic:importArts", "6fb14756c9a0b0c8"],
      ["Physlib.SpaceAndTime.Space.ConstantSliceDist transitive imports (public)",
       "c2a3edf9b4e3c857"],
      ["Physlib.SpaceAndTime.Space.ConstantSliceDist:importArts",
       "baa19ce18f24c98b"]]]]],
  ["libs",
   [["import dynlibs", "00000000000006bb"],
    ["package external libraries", "00000000000006bb"],
    ["module dynlibs", "00000000000006bb"],
    ["module plugins", "00000000000006bb"]]],
  ["Lean 4.34.0, commit 3447a668783dbce1a8fdb97101dd067687b2b418",
   "421484e3e0c70198"],
  ["C:\\lean\\libs\\physlib\\Physlib\\Electromagnetism\\Current\\InfiniteWire.lean",
   "6a53e1e589bf79e5"],
  ["options", "00000000000006bb"],
  ["isModule: true", "760fcc16989f4b9b"],
  ["Module.name: Physlib.Electromagnetism.Current.InfiniteWire",
   "b68358d827c8c88a"],
  ["Package.id?: (some Physlib)", "6dd4b1a3d0e46d70"],
  ["Module.leanArgs: #[-Dwarn.sorry=false, -Dweak.says.verify=true]",
   "72cd5083b9c31fb2"]],
 "depHash": "4f9b0b2b22e72086"}