{"synthetic": false,
 "schemaVersion": "2025-09-10",
 "outputs":
 {"rs": "e6ec5612187a43cd.ir.sig",
  "r": "8c6c6afb9c9ece4b.ir",
  "o":
  ["86fc201e32c4174f.olean",
   "2a4e16f5bf84e3f4.olean.server",
   "0fc3dc65db889682.olean.private"],
  "m": true,
  "i": "b760e02578e9d21b.ilean",
  "c": "d7440e9cc115ce3b.c"},
 "log":
 [{"message":
   ".> LEAN_PATH=C:\\lean\\mathlib4\\.lake\\packages\\Cli\\.lake\\build\\lib\\lean;C:\\lean\\mathlib4\\.lake\\packages\\batteries\\.lake\\build\\lib\\lean;C:\\lean\\mathlib4\\.lake\\packages\\Qq\\.lake\\build\\lib\\lean;C:\\lean\\mathlib4\\.lake\\packages\\aesop\\.lake\\build\\lib\\lean;C:\\lean\\mathlib4\\.lake\\packages\\proofwidgets\\.lake\\build\\lib\\lean;C:\\lean\\mathlib4\\.lake\\packages\\importGraph\\.lake\\build\\lib\\lean;C:\\lean\\mathlib4\\.lake\\packages\\LeanSearchClient\\.lake\\build\\lib\\lean;C:\\lean\\mathlib4\\.lake\\packages\\plausible\\.lake\\build\\lib\\lean;C:\\lean\\mathlib4\\.lake\\build\\lib\\lean;C:\\lean\\libs\\physlib\\.lake\\build\\lib\\lean c:\\Users\\Administrator\\.elan\\toolchains\\leanprover--lean4---v4.34.0\\bin\\lean.exe -Dwarn.sorry=false -Dweak.says.verify=true C:\\lean\\libs\\physlib\\Physlib\\QuantumMechanics\\Operators\\Commutation.lean -o C:\\lean\\libs\\physlib\\.lake\\build\\lib\\lean\\Physlib\\QuantumMechanics\\Operators\\Commutation.olean -i C:\\lean\\libs\\physlib\\.lake\\build\\lib\\lean\\Physlib\\QuantumMechanics\\Operators\\Commutation.ilean -c C:\\lean\\libs\\physlib\\.lake\\build\\ir\\Physlib\\QuantumMechanics\\Operators\\Commutation.c --setup C:\\lean\\libs\\physlib\\.lake\\build\\ir\\Physlib\\QuantumMechanics\\Operators\\Commutation.setup.json --json",
   "level": "trace"}],
 "inputs":
 [["deps",
   [["Physlib/Physlib:extraDep", [["@Physlib:extraDep", "00000000000006bb"]]],
    ["imports",
     [["Physlib.Mathematics.KroneckerDelta.Basic transitive imports (public)",
       "0847e4b49792fc1d"],
      ["Physlib.Mathematics.KroneckerDelta.Basic:importArts",
       "c52ab372cf93d6df"],
      ["Physlib.Relativity.Tensors.RealTensor.Vector.Tensorial transitive imports (public)",
       "8c251bcaf216a955"],
      ["Physlib.Relativity.Tensors.RealTensor.Vector.Tensorial:importArts",
       "ad6203995f1a07d1"],
      ["Physlib.QuantumMechanics.Operators.AngularMomentum transitive imports (public)",
       "fd3a607a4f08901b"],
      ["Physlib.QuantumMechanics.Operators.AngularMomentum:importArts",
       "129c7bf1ca96a383"]]]]],
  ["libs",
   [["import dynlibs", "00000000000006bb"],
    ["package external libraries", "00000000000006bb"],
    ["module dynlibs", "00000000000006bb"],
    ["module plugins", "00000000000006bb"]]],
  ["Lean 4.34.0, commit 293d5d0c0c3f3dded4688b3ccd6a33939ac5102b",
   "a1c6c7aa3e9abfe7"],
  ["C:\\lean\\libs\\physlib\\Physlib\\QuantumMechanics\\Operators\\Commutation.lean",
   "c5ec3e7ba9af2288"],
  ["options", "00000000000006bb"],
  ["isModule: true", "760fcc16989f4b9b"],
  ["Module.name: Physlib.QuantumMechanics.Operators.Commutation",
   "0cb9b62db3e85dfb"],
  ["Package.id?: (some Physlib)", "6dd4b1a3d0e46d70"],
  ["Module.leanArgs: #[-Dwarn.sorry=false, -Dweak.says.verify=true]",
   "72cd5083b9c31fb2"]],
 "depHash": "137f1e7afb2de7cf"}