{"synthetic": false,
 "schemaVersion": "2025-09-10",
 "outputs":
 {"rs": "fdd8c7d0c87bc36d.ir.sig",
  "r": "7f3458b2ed6458da.ir",
  "o":
  ["2ba16fbe00102f6e.olean",
   "95a1d63faa67d6b0.olean.server",
   "47da4547969d5099.olean.private"],
  "m": true,
  "i": "1b70d0686759f068.ilean",
  "c": "3c8df7051e0e425e.c"},
 "log":
 [{"message":
   ".> LEAN_PATH=C:\\lean\\mathlib4\\.lake\\packages\\Cli\\.lake\\build\\lib\\lean;C:\\lean\\mathlib4\\.lake\\packages\\batteries\\.lake\\build\\lib\\lean;C:\\lean\\mathlib4\\.lake\\packages\\Qq\\.lake\\build\\lib\\lean;C:\\lean\\mathlib4\\.lake\\packages\\aesop\\.lake\\build\\lib\\lean;C:\\lean\\mathlib4\\.lake\\packages\\proofwidgets\\.lake\\build\\lib\\lean;C:\\lean\\mathlib4\\.lake\\packages\\importGraph\\.lake\\build\\lib\\lean;C:\\lean\\mathlib4\\.lake\\packages\\LeanSearchClient\\.lake\\build\\lib\\lean;C:\\lean\\mathlib4\\.lake\\packages\\plausible\\.lake\\build\\lib\\lean;C:\\lean\\mathlib4\\.lake\\build\\lib\\lean;C:\\lean\\libs\\physlib\\.lake\\build\\lib\\lean c:\\Users\\Administrator\\.elan\\toolchains\\leanprover--lean4---v4.34.0\\bin\\lean.exe -Dwarn.sorry=false -Dweak.says.verify=true C:\\lean\\libs\\physlib\\Physlib\\QuantumMechanics\\Operators\\Momentum.lean -o C:\\lean\\libs\\physlib\\.lake\\build\\lib\\lean\\Physlib\\QuantumMechanics\\Operators\\Momentum.olean -i C:\\lean\\libs\\physlib\\.lake\\build\\lib\\lean\\Physlib\\QuantumMechanics\\Operators\\Momentum.ilean -c C:\\lean\\libs\\physlib\\.lake\\build\\ir\\Physlib\\QuantumMechanics\\Operators\\Momentum.c --setup C:\\lean\\libs\\physlib\\.lake\\build\\ir\\Physlib\\QuantumMechanics\\Operators\\Momentum.setup.json --json",
   "level": "trace"}],
 "inputs":
 [["deps",
   [["Physlib/Physlib:extraDep", [["@Physlib:extraDep", "00000000000006bb"]]],
    ["imports",
     [["Physlib.QuantumMechanics.Operators.Unbounded transitive imports (public)",
       "c957e11a2cb9225e"],
      ["Physlib.QuantumMechanics.Operators.Unbounded:importArts",
       "7314621786ff69b3"],
      ["Physlib.QuantumMechanics.HilbertSpaces.SpaceD.SchwartzSubmodule transitive imports (public)",
       "8345a741d17997ed"],
      ["Physlib.QuantumMechanics.HilbertSpaces.SpaceD.SchwartzSubmodule:importArts",
       "aeac913fc73a229b"],
      ["Physlib.QuantumMechanics.PlanckConstant transitive imports (public)",
       "0afb4afbeb3aef19"],
      ["Physlib.QuantumMechanics.PlanckConstant:importArts",
       "52954f8dad24c0d8"],
      ["Physlib.SpaceAndTime.Space.Derivatives.Basic transitive imports (public)",
       "5ae671ed05a1271a"],
      ["Physlib.SpaceAndTime.Space.Derivatives.Basic:importArts",
       "fa13db80eedae68e"],
      ["Mathlib.Analysis.Calculus.FDeriv.Star transitive imports (public)",
       "e5a3c8209e13bd57"],
      ["Mathlib.Analysis.Calculus.FDeriv.Star:importArts",
       "89a9a04699a79c9a"]]]]],
  ["libs",
   [["import dynlibs", "00000000000006bb"],
    ["package external libraries", "00000000000006bb"],
    ["module dynlibs", "00000000000006bb"],
    ["module plugins", "00000000000006bb"]]],
  ["Lean 4.34.0, commit 293d5d0c0c3f3dded4688b3ccd6a33939ac5102b",
   "a1c6c7aa3e9abfe7"],
  ["C:\\lean\\libs\\physlib\\Physlib\\QuantumMechanics\\Operators\\Momentum.lean",
   "113dda0c69bf5fe4"],
  ["options", "00000000000006bb"],
  ["isModule: true", "760fcc16989f4b9b"],
  ["Module.name: Physlib.QuantumMechanics.Operators.Momentum",
   "4fab946650e34ef3"],
  ["Package.id?: (some Physlib)", "6dd4b1a3d0e46d70"],
  ["Module.leanArgs: #[-Dwarn.sorry=false, -Dweak.says.verify=true]",
   "72cd5083b9c31fb2"]],
 "depHash": "d493872092328420"}