{"synthetic": false,
 "schemaVersion": "2025-09-10",
 "outputs":
 {"rs": "5e7418a038d46877.ir.sig",
  "r": "5bd9c8a1b4d1ba2d.ir",
  "o":
  ["9b603e74dcbdd993.olean",
   "96dfbb8d5b99803f.olean.server",
   "2e2edccdca5ed046.olean.private"],
  "m": true,
  "i": "b6c088cd70efb145.ilean",
  "c": "f42ff853fdacabb9.c"},
 "log":
 [{"message":
   ".> LEAN_PATH=C:\\lean\\mathlib4\\.lake\\packages\\Cli\\.lake\\build\\lib\\lean;C:\\lean\\mathlib4\\.lake\\packages\\batteries\\.lake\\build\\lib\\lean;C:\\lean\\mathlib4\\.lake\\packages\\Qq\\.lake\\build\\lib\\lean;C:\\lean\\mathlib4\\.lake\\packages\\aesop\\.lake\\build\\lib\\lean;C:\\lean\\mathlib4\\.lake\\packages\\proofwidgets\\.lake\\build\\lib\\lean;C:\\lean\\mathlib4\\.lake\\packages\\importGraph\\.lake\\build\\lib\\lean;C:\\lean\\mathlib4\\.lake\\packages\\LeanSearchClient\\.lake\\build\\lib\\lean;C:\\lean\\mathlib4\\.lake\\packages\\plausible\\.lake\\build\\lib\\lean;C:\\lean\\mathlib4\\.lake\\build\\lib\\lean;C:\\lean\\libs\\physlib\\.lake\\build\\lib\\lean c:\\Users\\Administrator\\.elan\\toolchains\\leanprover--lean4---v4.34.0\\bin\\lean.exe -Dwarn.sorry=false -Dweak.says.verify=true C:\\lean\\libs\\physlib\\Physlib\\QuantumMechanics\\Operators\\Multiplication.lean -o C:\\lean\\libs\\physlib\\.lake\\build\\lib\\lean\\Physlib\\QuantumMechanics\\Operators\\Multiplication.olean -i C:\\lean\\libs\\physlib\\.lake\\build\\lib\\lean\\Physlib\\QuantumMechanics\\Operators\\Multiplication.ilean -c C:\\lean\\libs\\physlib\\.lake\\build\\ir\\Physlib\\QuantumMechanics\\Operators\\Multiplication.c --setup C:\\lean\\libs\\physlib\\.lake\\build\\ir\\Physlib\\QuantumMechanics\\Operators\\Multiplication.setup.json --json",
   "level": "trace"}],
 "inputs":
 [["deps",
   [["Physlib/Physlib:extraDep", [["@Physlib:extraDep", "00000000000006bb"]]],
    ["imports",
     [["Physlib.QuantumMechanics.Operators.Unbounded transitive imports (public)",
       "c957e11a2cb9225e"],
      ["Physlib.QuantumMechanics.Operators.Unbounded:importArts",
       "7314621786ff69b3"],
      ["Physlib.QuantumMechanics.HilbertSpaces.SpaceD.SchwartzSubmodule transitive imports (public)",
       "8345a741d17997ed"],
      ["Physlib.QuantumMechanics.HilbertSpaces.SpaceD.SchwartzSubmodule:importArts",
       "aeac913fc73a229b"]]]]],
  ["libs",
   [["import dynlibs", "00000000000006bb"],
    ["package external libraries", "00000000000006bb"],
    ["module dynlibs", "00000000000006bb"],
    ["module plugins", "00000000000006bb"]]],
  ["Lean 4.34.0, commit 293d5d0c0c3f3dded4688b3ccd6a33939ac5102b",
   "a1c6c7aa3e9abfe7"],
  ["C:\\lean\\libs\\physlib\\Physlib\\QuantumMechanics\\Operators\\Multiplication.lean",
   "3fcfaa012a31226d"],
  ["options", "00000000000006bb"],
  ["isModule: true", "760fcc16989f4b9b"],
  ["Module.name: Physlib.QuantumMechanics.Operators.Multiplication",
   "e8a0437f1669395b"],
  ["Package.id?: (some Physlib)", "6dd4b1a3d0e46d70"],
  ["Module.leanArgs: #[-Dwarn.sorry=false, -Dweak.says.verify=true]",
   "72cd5083b9c31fb2"]],
 "depHash": "d25ecf28ba04b101"}