{"synthetic": false,
 "schemaVersion": "2025-09-10",
 "outputs":
 {"rs": "3ed4b2a46b724352.ir.sig",
  "r": "f13b5e33d5209e4f.ir",
  "o":
  ["23f267504c1f42c8.olean",
   "9c76d99ca51bb56d.olean.server",
   "553cf12f57e5f2b3.olean.private"],
  "m": true,
  "i": "2065be77dc613520.ilean",
  "c": "a9a661a9803b5fcc.c"},
 "log":
 [{"message":
   ".> LEAN_PATH=C:\\lean\\mathlib4\\.lake\\packages\\Cli\\.lake\\build\\lib\\lean;C:\\lean\\mathlib4\\.lake\\packages\\batteries\\.lake\\build\\lib\\lean;C:\\lean\\mathlib4\\.lake\\packages\\Qq\\.lake\\build\\lib\\lean;C:\\lean\\mathlib4\\.lake\\packages\\aesop\\.lake\\build\\lib\\lean;C:\\lean\\mathlib4\\.lake\\packages\\proofwidgets\\.lake\\build\\lib\\lean;C:\\lean\\mathlib4\\.lake\\packages\\importGraph\\.lake\\build\\lib\\lean;C:\\lean\\mathlib4\\.lake\\packages\\LeanSearchClient\\.lake\\build\\lib\\lean;C:\\lean\\mathlib4\\.lake\\packages\\plausible\\.lake\\build\\lib\\lean;C:\\lean\\mathlib4\\.lake\\build\\lib\\lean;C:\\lean\\libs\\physlib\\.lake\\build\\lib\\lean c:\\Users\\Administrator\\.elan\\toolchains\\leanprover--lean4---v4.34.0\\bin\\lean.exe -Dwarn.sorry=false -Dweak.says.verify=true C:\\lean\\libs\\physlib\\Physlib\\QuantumMechanics\\Operators\\Position.lean -o C:\\lean\\libs\\physlib\\.lake\\build\\lib\\lean\\Physlib\\QuantumMechanics\\Operators\\Position.olean -i C:\\lean\\libs\\physlib\\.lake\\build\\lib\\lean\\Physlib\\QuantumMechanics\\Operators\\Position.ilean -c C:\\lean\\libs\\physlib\\.lake\\build\\ir\\Physlib\\QuantumMechanics\\Operators\\Position.c --setup C:\\lean\\libs\\physlib\\.lake\\build\\ir\\Physlib\\QuantumMechanics\\Operators\\Position.setup.json --json",
   "level": "trace"}],
 "inputs":
 [["deps",
   [["Physlib/Physlib:extraDep", [["@Physlib:extraDep", "00000000000006bb"]]],
    ["imports",
     [["Physlib.QuantumMechanics.Operators.Multiplication transitive imports (public)",
       "6613cad9ec4666cc"],
      ["Physlib.QuantumMechanics.Operators.Multiplication:importArts",
       "00182883e345e963"],
      ["Physlib.QuantumMechanics.HilbertSpaces.SpaceD.PolyBddSchwartzSubmodule transitive imports (public)",
       "c6658da408897107"],
      ["Physlib.QuantumMechanics.HilbertSpaces.SpaceD.PolyBddSchwartzSubmodule:importArts",
       "5e1dbf3ca4881d8e"],
      ["Physlib.SpaceAndTime.Space.Norm.Regularized transitive imports (public)",
       "b707a4e701e59250"],
      ["Physlib.SpaceAndTime.Space.Norm.Regularized:importArts",
       "df66d353576a79f9"]]]]],
  ["libs",
   [["import dynlibs", "00000000000006bb"],
    ["package external libraries", "00000000000006bb"],
    ["module dynlibs", "00000000000006bb"],
    ["module plugins", "00000000000006bb"]]],
  ["Lean 4.34.0, commit 293d5d0c0c3f3dded4688b3ccd6a33939ac5102b",
   "a1c6c7aa3e9abfe7"],
  ["C:\\lean\\libs\\physlib\\Physlib\\QuantumMechanics\\Operators\\Position.lean",
   "8683cfa19266058d"],
  ["options", "00000000000006bb"],
  ["isModule: true", "760fcc16989f4b9b"],
  ["Module.name: Physlib.QuantumMechanics.Operators.Position",
   "c5f37fe76ce2eb4a"],
  ["Package.id?: (some Physlib)", "6dd4b1a3d0e46d70"],
  ["Module.leanArgs: #[-Dwarn.sorry=false, -Dweak.says.verify=true]",
   "72cd5083b9c31fb2"]],
 "depHash": "fd7451eab958ef62"}