{"synthetic": false,
 "schemaVersion": "2025-09-10",
 "outputs":
 {"rs": "42e3b683fde2efee.ir.sig",
  "r": "38cf221ad770019f.ir",
  "o":
  ["01fb3115266b5e4d.olean",
   "8d01a33b4a342e19.olean.server",
   "46f4b30ca0c80bfa.olean.private"],
  "m": true,
  "i": "a081d9db89f8b1ab.ilean",
  "c": "657eda8e6a9e420b.c"},
 "log":
 [{"message":
   ".> LEAN_PATH=C:\\lean\\mathlib4\\.lake\\packages\\Cli\\.lake\\build\\lib\\lean;C:\\lean\\mathlib4\\.lake\\packages\\batteries\\.lake\\build\\lib\\lean;C:\\lean\\mathlib4\\.lake\\packages\\Qq\\.lake\\build\\lib\\lean;C:\\lean\\mathlib4\\.lake\\packages\\aesop\\.lake\\build\\lib\\lean;C:\\lean\\mathlib4\\.lake\\packages\\proofwidgets\\.lake\\build\\lib\\lean;C:\\lean\\mathlib4\\.lake\\packages\\importGraph\\.lake\\build\\lib\\lean;C:\\lean\\mathlib4\\.lake\\packages\\LeanSearchClient\\.lake\\build\\lib\\lean;C:\\lean\\mathlib4\\.lake\\packages\\plausible\\.lake\\build\\lib\\lean;C:\\lean\\mathlib4\\.lake\\build\\lib\\lean;C:\\lean\\libs\\physlib\\.lake\\build\\lib\\lean c:\\Users\\Administrator\\.elan\\toolchains\\leanprover--lean4---v4.34.0\\bin\\lean.exe -Dwarn.sorry=false -Dweak.says.verify=true C:\\lean\\libs\\physlib\\Physlib\\Particles\\BeyondTheStandardModel\\RHN\\AnomalyCancellation\\Ordinary\\DimSevenPlane.lean -o C:\\lean\\libs\\physlib\\.lake\\build\\lib\\lean\\Physlib\\Particles\\BeyondTheStandardModel\\RHN\\AnomalyCancellation\\Ordinary\\DimSevenPlane.olean -i C:\\lean\\libs\\physlib\\.lake\\build\\lib\\lean\\Physlib\\Particles\\BeyondTheStandardModel\\RHN\\AnomalyCancellation\\Ordinary\\DimSevenPlane.ilean -c C:\\lean\\libs\\physlib\\.lake\\build\\ir\\Physlib\\Particles\\BeyondTheStandardModel\\RHN\\AnomalyCancellation\\Ordinary\\DimSevenPlane.c --setup C:\\lean\\libs\\physlib\\.lake\\build\\ir\\Physlib\\Particles\\BeyondTheStandardModel\\RHN\\AnomalyCancellation\\Ordinary\\DimSevenPlane.setup.json --json",
   "level": "trace"}],
 "inputs":
 [["deps",
   [["Physlib/Physlib:extraDep", [["@Physlib:extraDep", "00000000000006bb"]]],
    ["imports",
     [["Physlib.Particles.BeyondTheStandardModel.RHN.AnomalyCancellation.Ordinary.Basic transitive imports (public)",
       "d5d19eaba009f10e"],
      ["Physlib.Particles.BeyondTheStandardModel.RHN.AnomalyCancellation.Ordinary.Basic:importArts",
       "73f6f3e4ac78229e"]]]]],
  ["libs",
   [["import dynlibs", "00000000000006bb"],
    ["package external libraries", "00000000000006bb"],
    ["module dynlibs", "00000000000006bb"],
    ["module plugins", "00000000000006bb"]]],
  ["Lean 4.34.0, commit 293d5d0c0c3f3dded4688b3ccd6a33939ac5102b",
   "a1c6c7aa3e9abfe7"],
  ["C:\\lean\\libs\\physlib\\Physlib\\Particles\\BeyondTheStandardModel\\RHN\\AnomalyCancellation\\Ordinary\\DimSevenPlane.lean",
   "ad5a00f52b70da30"],
  ["options", "00000000000006bb"],
  ["isModule: true", "760fcc16989f4b9b"],
  ["Module.name: Physlib.Particles.BeyondTheStandardModel.RHN.AnomalyCancellation.Ordinary.DimSevenPlane",
   "9b312530cd475957"],
  ["Package.id?: (some Physlib)", "6dd4b1a3d0e46d70"],
  ["Module.leanArgs: #[-Dwarn.sorry=false, -Dweak.says.verify=true]",
   "72cd5083b9c31fb2"]],
 "depHash": "f62c6b5da83d7cfb"}