{"synthetic": false,
 "schemaVersion": "2025-09-10",
 "outputs":
 {"rs": "6c01ae5b4962d47b.ir.sig",
  "r": "b2af2907e1beaaee.ir",
  "o":
  ["d3ee8ffbcc55d1f0.olean",
   "11a1978540f89934.olean.server",
   "3d4b4ba828052911.olean.private"],
  "m": true,
  "i": "514b7c655b449522.ilean",
  "c": "64e72eeb07d241c3.c"},
 "log":
 [{"message":
   ".> LEAN_PATH=C:\\lean\\mathlib4\\.lake\\packages\\Cli\\.lake\\build\\lib\\lean;C:\\lean\\mathlib4\\.lake\\packages\\batteries\\.lake\\build\\lib\\lean;C:\\lean\\mathlib4\\.lake\\packages\\Qq\\.lake\\build\\lib\\lean;C:\\lean\\mathlib4\\.lake\\packages\\aesop\\.lake\\build\\lib\\lean;C:\\lean\\mathlib4\\.lake\\packages\\proofwidgets\\.lake\\build\\lib\\lean;C:\\lean\\mathlib4\\.lake\\packages\\importGraph\\.lake\\build\\lib\\lean;C:\\lean\\mathlib4\\.lake\\packages\\LeanSearchClient\\.lake\\build\\lib\\lean;C:\\lean\\mathlib4\\.lake\\packages\\plausible\\.lake\\build\\lib\\lean;C:\\lean\\mathlib4\\.lake\\build\\lib\\lean;C:\\lean\\libs\\physlib\\.lake\\build\\lib\\lean c:\\Users\\Administrator\\.elan\\toolchains\\leanprover--lean4---v4.34.0\\bin\\lean.exe -Dwarn.sorry=false -Dweak.says.verify=true C:\\lean\\libs\\physlib\\Physlib\\Relativity\\Tensors\\Conjugation\\Basic.lean -o C:\\lean\\libs\\physlib\\.lake\\build\\lib\\lean\\Physlib\\Relativity\\Tensors\\Conjugation\\Basic.olean -i C:\\lean\\libs\\physlib\\.lake\\build\\lib\\lean\\Physlib\\Relativity\\Tensors\\Conjugation\\Basic.ilean -c C:\\lean\\libs\\physlib\\.lake\\build\\ir\\Physlib\\Relativity\\Tensors\\Conjugation\\Basic.c --setup C:\\lean\\libs\\physlib\\.lake\\build\\ir\\Physlib\\Relativity\\Tensors\\Conjugation\\Basic.setup.json --json",
   "level": "trace"}],
 "inputs":
 [["deps",
   [["Physlib/Physlib:extraDep", [["@Physlib:extraDep", "00000000000006bb"]]],
    ["imports",
     [["Physlib.Relativity.Tensors.Contraction.Basic transitive imports (public)",
       "1092eaa8722b0b7f"],
      ["Physlib.Relativity.Tensors.Contraction.Basic:importArts",
       "b23206f4a8a604da"],
      ["Physlib.Relativity.Tensors.Contraction.Basis transitive imports (public)",
       "ed6a13af20462d97"],
      ["Physlib.Relativity.Tensors.Contraction.Basis:importArts",
       "677b6319e8cd4f7d"],
      ["Physlib.Mathematics.ConjModule transitive imports (public)",
       "30f26d877bccf467"],
      ["Physlib.Mathematics.ConjModule:importArts", "6e205cf45e8351c3"],
      ["Mathlib.Algebra.Star.Basic transitive imports (public)",
       "0ec4fcf0aae5236d"],
      ["Mathlib.Algebra.Star.Basic:importArts", "40991dcd435bb573"],
      ["Mathlib.LinearAlgebra.Finsupp.LSum transitive imports (public)",
       "dc7639aba554283d"],
      ["Mathlib.LinearAlgebra.Finsupp.LSum:importArts", "a015e758a2271b5b"]]]]],
  ["libs",
   [["import dynlibs", "00000000000006bb"],
    ["package external libraries", "00000000000006bb"],
    ["module dynlibs", "00000000000006bb"],
    ["module plugins", "00000000000006bb"]]],
  ["Lean 4.34.0, commit 293d5d0c0c3f3dded4688b3ccd6a33939ac5102b",
   "a1c6c7aa3e9abfe7"],
  ["C:\\lean\\libs\\physlib\\Physlib\\Relativity\\Tensors\\Conjugation\\Basic.lean",
   "794adf788a2a267c"],
  ["options", "00000000000006bb"],
  ["isModule: true", "760fcc16989f4b9b"],
  ["Module.name: Physlib.Relativity.Tensors.Conjugation.Basic",
   "1174f3d63df3104c"],
  ["Package.id?: (some Physlib)", "6dd4b1a3d0e46d70"],
  ["Module.leanArgs: #[-Dwarn.sorry=false, -Dweak.says.verify=true]",
   "72cd5083b9c31fb2"]],
 "depHash": "7273fb51e69f40cc"}