{"synthetic": false,
 "schemaVersion": "2025-09-10",
 "outputs":
 {"rs": "ac9f18fb3bf6c28e.ir.sig",
  "r": "7c86613120b9fd19.ir",
  "o":
  ["41edd58cf7a70ba7.olean",
   "106a70fdd237a7eb.olean.server",
   "7f963013fafb0819.olean.private"],
  "m": true,
  "i": "6c434f723dce2523.ilean",
  "c": "f09db61a19d9b958.c"},
 "log":
 [{"message":
   ".> LEAN_PATH=C:\\lean\\mathlib4\\.lake\\packages\\Cli\\.lake\\build\\lib\\lean;C:\\lean\\mathlib4\\.lake\\packages\\batteries\\.lake\\build\\lib\\lean;C:\\lean\\mathlib4\\.lake\\packages\\Qq\\.lake\\build\\lib\\lean;C:\\lean\\mathlib4\\.lake\\packages\\aesop\\.lake\\build\\lib\\lean;C:\\lean\\mathlib4\\.lake\\packages\\proofwidgets\\.lake\\build\\lib\\lean;C:\\lean\\mathlib4\\.lake\\packages\\importGraph\\.lake\\build\\lib\\lean;C:\\lean\\mathlib4\\.lake\\packages\\LeanSearchClient\\.lake\\build\\lib\\lean;C:\\lean\\mathlib4\\.lake\\packages\\plausible\\.lake\\build\\lib\\lean;C:\\lean\\mathlib4\\.lake\\build\\lib\\lean;C:\\lean\\libs\\physlib\\.lake\\build\\lib\\lean c:\\Users\\Administrator\\.elan\\toolchains\\leanprover--lean4---v4.34.0-rc1\\bin\\lean.exe -Dwarn.sorry=false -Dweak.says.verify=true C:\\lean\\libs\\physlib\\Physlib\\Relativity\\LorentzAlgebra\\ExponentialMap.lean -o C:\\lean\\libs\\physlib\\.lake\\build\\lib\\lean\\Physlib\\Relativity\\LorentzAlgebra\\ExponentialMap.olean -i C:\\lean\\libs\\physlib\\.lake\\build\\lib\\lean\\Physlib\\Relativity\\LorentzAlgebra\\ExponentialMap.ilean -c C:\\lean\\libs\\physlib\\.lake\\build\\ir\\Physlib\\Relativity\\LorentzAlgebra\\ExponentialMap.c --setup C:\\lean\\libs\\physlib\\.lake\\build\\ir\\Physlib\\Relativity\\LorentzAlgebra\\ExponentialMap.setup.json --json",
   "level": "trace"}],
 "inputs":
 [["deps",
   [["Physlib/Physlib:extraDep", [["@Physlib:extraDep", "00000000000006bb"]]],
    ["imports",
     [["Physlib.Mathematics.DataStructures.Matrix.LieTrace transitive imports (public)",
       "e63fdfe8252638e8"],
      ["Physlib.Mathematics.DataStructures.Matrix.LieTrace:importArts",
       "bc6be866f1f0e8c2"],
      ["Physlib.Relativity.LorentzAlgebra.Basic transitive imports (public)",
       "c933179c55e1f775"],
      ["Physlib.Relativity.LorentzAlgebra.Basic:importArts",
       "764059b18189a94c"],
      ["Physlib.Relativity.LorentzGroup.Restricted.Basic transitive imports (public)",
       "4891bccedb80d875"],
      ["Physlib.Relativity.LorentzGroup.Restricted.Basic:importArts",
       "0ab61d6ff3dd8256"]]]]],
  ["libs",
   [["import dynlibs", "00000000000006bb"],
    ["package external libraries", "00000000000006bb"],
    ["module dynlibs", "00000000000006bb"],
    ["module plugins", "00000000000006bb"]]],
  ["Lean 4.34.0, commit 3447a668783dbce1a8fdb97101dd067687b2b418",
   "421484e3e0c70198"],
  ["C:\\lean\\libs\\physlib\\Physlib\\Relativity\\LorentzAlgebra\\ExponentialMap.lean",
   "72af9050be778438"],
  ["options", "00000000000006bb"],
  ["isModule: true", "760fcc16989f4b9b"],
  ["Module.name: Physlib.Relativity.LorentzAlgebra.ExponentialMap",
   "c8911b00bb2bd1b7"],
  ["Package.id?: (some Physlib)", "6dd4b1a3d0e46d70"],
  ["Module.leanArgs: #[-Dwarn.sorry=false, -Dweak.says.verify=true]",
   "72cd5083b9c31fb2"]],
 "depHash": "4266954e0887fdd7"}