{"synthetic": false,
 "schemaVersion": "2025-09-10",
 "outputs":
 {"rs": "a0413fcb7a6065e8.ir.sig",
  "r": "88b40462dfc016e9.ir",
  "o":
  ["79e43592fc0c4469.olean",
   "4f49f89ca9f277fb.olean.server",
   "4f7e105ede5d7c90.olean.private"],
  "m": true,
  "i": "1bdf86c4a1c20b7d.ilean",
  "c": "ca9fb92e01723e5f.c"},
 "log":
 [{"message":
   ".> LEAN_PATH=C:\\lean\\mathlib4\\.lake\\packages\\Cli\\.lake\\build\\lib\\lean;C:\\lean\\mathlib4\\.lake\\packages\\batteries\\.lake\\build\\lib\\lean;C:\\lean\\mathlib4\\.lake\\packages\\Qq\\.lake\\build\\lib\\lean;C:\\lean\\mathlib4\\.lake\\packages\\aesop\\.lake\\build\\lib\\lean;C:\\lean\\mathlib4\\.lake\\packages\\proofwidgets\\.lake\\build\\lib\\lean;C:\\lean\\mathlib4\\.lake\\packages\\importGraph\\.lake\\build\\lib\\lean;C:\\lean\\mathlib4\\.lake\\packages\\LeanSearchClient\\.lake\\build\\lib\\lean;C:\\lean\\mathlib4\\.lake\\packages\\plausible\\.lake\\build\\lib\\lean;C:\\lean\\mathlib4\\.lake\\build\\lib\\lean;C:\\lean\\libs\\physlib\\.lake\\build\\lib\\lean c:\\Users\\Administrator\\.elan\\toolchains\\leanprover--lean4---v4.34.0-rc1\\bin\\lean.exe -Dwarn.sorry=false -Dweak.says.verify=true C:\\lean\\libs\\physlib\\Physlib\\QFT\\PerturbationTheory\\FieldSpecification\\TimeOrder.lean -o C:\\lean\\libs\\physlib\\.lake\\build\\lib\\lean\\Physlib\\QFT\\PerturbationTheory\\FieldSpecification\\TimeOrder.olean -i C:\\lean\\libs\\physlib\\.lake\\build\\lib\\lean\\Physlib\\QFT\\PerturbationTheory\\FieldSpecification\\TimeOrder.ilean -c C:\\lean\\libs\\physlib\\.lake\\build\\ir\\Physlib\\QFT\\PerturbationTheory\\FieldSpecification\\TimeOrder.c --setup C:\\lean\\libs\\physlib\\.lake\\build\\ir\\Physlib\\QFT\\PerturbationTheory\\FieldSpecification\\TimeOrder.setup.json --json",
   "level": "trace"}],
 "inputs":
 [["deps",
   [["Physlib/Physlib:extraDep", [["@Physlib:extraDep", "00000000000006bb"]]],
    ["imports",
     [["Physlib.QFT.PerturbationTheory.FieldSpecification.CrAnSection transitive imports (public)",
       "04c27a5529b1dd7d"],
      ["Physlib.QFT.PerturbationTheory.FieldSpecification.CrAnSection:importArts",
       "0a15ef8d4aadfccb"],
      ["Physlib.QFT.PerturbationTheory.FieldSpecification.NormalOrder transitive imports (public)",
       "f09e48da423a6d19"],
      ["Physlib.QFT.PerturbationTheory.FieldSpecification.NormalOrder:importArts",
       "a734580a9e9ae192"],
      ["Mathlib.Data.List.Sort transitive imports (all)", "99f511987ad2b64c"],
      ["Mathlib.Data.List.Sort:importAllArts", "99be520c4d7964a3"]]]]],
  ["libs",
   [["import dynlibs", "00000000000006bb"],
    ["package external libraries", "00000000000006bb"],
    ["module dynlibs", "00000000000006bb"],
    ["module plugins", "00000000000006bb"]]],
  ["Lean 4.34.0, commit 3447a668783dbce1a8fdb97101dd067687b2b418",
   "421484e3e0c70198"],
  ["C:\\lean\\libs\\physlib\\Physlib\\QFT\\PerturbationTheory\\FieldSpecification\\TimeOrder.lean",
   "027336420dbcdad0"],
  ["options", "00000000000006bb"],
  ["isModule: true", "760fcc16989f4b9b"],
  ["Module.name: Physlib.QFT.PerturbationTheory.FieldSpecification.TimeOrder",
   "95cd1d2599fdb022"],
  ["Package.id?: (some Physlib)", "6dd4b1a3d0e46d70"],
  ["Module.leanArgs: #[-Dwarn.sorry=false, -Dweak.says.verify=true]",
   "72cd5083b9c31fb2"]],
 "depHash": "4057f05c1546c136"}