{"synthetic": false,
 "schemaVersion": "2025-09-10",
 "outputs":
 {"rs": "d9c43585fd8c32bd.ir.sig",
  "r": "df06ff19ed5ae574.ir",
  "o":
  ["bcb6cea7ff59feba.olean",
   "659e513c1f6ad572.olean.server",
   "64acf82a56bd462d.olean.private"],
  "m": true,
  "i": "50770c54c49663b5.ilean",
  "c": "e7239422cbe16e1d.c"},
 "log":
 [{"message":
   ".> LEAN_PATH=C:\\lean\\mathlib4\\.lake\\packages\\Cli\\.lake\\build\\lib\\lean;C:\\lean\\mathlib4\\.lake\\packages\\batteries\\.lake\\build\\lib\\lean;C:\\lean\\mathlib4\\.lake\\packages\\Qq\\.lake\\build\\lib\\lean;C:\\lean\\mathlib4\\.lake\\packages\\aesop\\.lake\\build\\lib\\lean;C:\\lean\\mathlib4\\.lake\\packages\\proofwidgets\\.lake\\build\\lib\\lean;C:\\lean\\mathlib4\\.lake\\packages\\importGraph\\.lake\\build\\lib\\lean;C:\\lean\\mathlib4\\.lake\\packages\\LeanSearchClient\\.lake\\build\\lib\\lean;C:\\lean\\mathlib4\\.lake\\packages\\plausible\\.lake\\build\\lib\\lean;C:\\lean\\mathlib4\\.lake\\build\\lib\\lean;C:\\lean\\libs\\physlib\\.lake\\build\\lib\\lean c:\\Users\\Administrator\\.elan\\toolchains\\leanprover--lean4---v4.34.0\\bin\\lean.exe -Dwarn.sorry=false -Dweak.says.verify=true C:\\lean\\libs\\physlib\\Physlib\\Mathematics\\InnerProductSpace\\Adjoint.lean -o C:\\lean\\libs\\physlib\\.lake\\build\\lib\\lean\\Physlib\\Mathematics\\InnerProductSpace\\Adjoint.olean -i C:\\lean\\libs\\physlib\\.lake\\build\\lib\\lean\\Physlib\\Mathematics\\InnerProductSpace\\Adjoint.ilean -c C:\\lean\\libs\\physlib\\.lake\\build\\ir\\Physlib\\Mathematics\\InnerProductSpace\\Adjoint.c --setup C:\\lean\\libs\\physlib\\.lake\\build\\ir\\Physlib\\Mathematics\\InnerProductSpace\\Adjoint.setup.json --json",
   "level": "trace"}],
 "inputs":
 [["deps",
   [["Physlib/Physlib:extraDep", [["@Physlib:extraDep", "00000000000006bb"]]],
    ["imports",
     [["Physlib.Mathematics.InnerProductSpace.Basic transitive imports (public)",
       "8834b7d38545fde6"],
      ["Physlib.Mathematics.InnerProductSpace.Basic:importArts",
       "4f203dfa0cf7b40c"],
      ["Mathlib.Analysis.InnerProductSpace.Adjoint transitive imports (public)",
       "0b19ebba6398aac2"],
      ["Mathlib.Analysis.InnerProductSpace.Adjoint:importArts",
       "2be9a64bf10a582b"]]]]],
  ["libs",
   [["import dynlibs", "00000000000006bb"],
    ["package external libraries", "00000000000006bb"],
    ["module dynlibs", "00000000000006bb"],
    ["module plugins", "00000000000006bb"]]],
  ["Lean 4.34.0, commit 293d5d0c0c3f3dded4688b3ccd6a33939ac5102b",
   "a1c6c7aa3e9abfe7"],
  ["C:\\lean\\libs\\physlib\\Physlib\\Mathematics\\InnerProductSpace\\Adjoint.lean",
   "84ff6404eb55cfb1"],
  ["options", "00000000000006bb"],
  ["isModule: true", "760fcc16989f4b9b"],
  ["Module.name: Physlib.Mathematics.InnerProductSpace.Adjoint",
   "f9683bff4c0a8240"],
  ["Package.id?: (some Physlib)", "6dd4b1a3d0e46d70"],
  ["Module.leanArgs: #[-Dwarn.sorry=false, -Dweak.says.verify=true]",
   "72cd5083b9c31fb2"]],
 "depHash": "d72fa59ff187dfc3"}