{"synthetic": false,
 "schemaVersion": "2025-09-10",
 "outputs":
 {"rs": "64982e67ae73fa1a.ir.sig",
  "r": "236f1a88ec3c5dfd.ir",
  "o":
  ["2e6d1585374a1088.olean",
   "42da4096e75722db.olean.server",
   "db2d67fa669cf4be.olean.private"],
  "m": true,
  "i": "c3eb92a74ec44532.ilean",
  "c": "9be70f18f463c7f1.c"},
 "log":
 [{"message":
   ".> LEAN_PATH=C:\\lean\\mathlib4\\.lake\\packages\\Cli\\.lake\\build\\lib\\lean;C:\\lean\\mathlib4\\.lake\\packages\\batteries\\.lake\\build\\lib\\lean;C:\\lean\\mathlib4\\.lake\\packages\\Qq\\.lake\\build\\lib\\lean;C:\\lean\\mathlib4\\.lake\\packages\\aesop\\.lake\\build\\lib\\lean;C:\\lean\\mathlib4\\.lake\\packages\\proofwidgets\\.lake\\build\\lib\\lean;C:\\lean\\mathlib4\\.lake\\packages\\importGraph\\.lake\\build\\lib\\lean;C:\\lean\\mathlib4\\.lake\\packages\\LeanSearchClient\\.lake\\build\\lib\\lean;C:\\lean\\mathlib4\\.lake\\packages\\plausible\\.lake\\build\\lib\\lean;C:\\lean\\mathlib4\\.lake\\build\\lib\\lean;C:\\lean\\libs\\physlib\\.lake\\build\\lib\\lean c:\\Users\\Administrator\\.elan\\toolchains\\leanprover--lean4---v4.34.0\\bin\\lean.exe -Dwarn.sorry=false -Dweak.says.verify=true C:\\lean\\libs\\physlib\\Physlib\\Mathematics\\InnerProductSpace\\Gaussian.lean -o C:\\lean\\libs\\physlib\\.lake\\build\\lib\\lean\\Physlib\\Mathematics\\InnerProductSpace\\Gaussian.olean -i C:\\lean\\libs\\physlib\\.lake\\build\\lib\\lean\\Physlib\\Mathematics\\InnerProductSpace\\Gaussian.ilean -c C:\\lean\\libs\\physlib\\.lake\\build\\ir\\Physlib\\Mathematics\\InnerProductSpace\\Gaussian.c --setup C:\\lean\\libs\\physlib\\.lake\\build\\ir\\Physlib\\Mathematics\\InnerProductSpace\\Gaussian.setup.json --json",
   "level": "trace"}],
 "inputs":
 [["deps",
   [["Physlib/Physlib:extraDep", [["@Physlib:extraDep", "00000000000006bb"]]],
    ["imports",
     [["Mathlib.Analysis.Calculus.ContDiff.Bounds transitive imports (public)",
       "4d5a9d240d88e692"],
      ["Mathlib.Analysis.Calculus.ContDiff.Bounds:importArts",
       "b150547865102992"],
      ["Mathlib.Analysis.Distribution.SchwartzSpace.Basic transitive imports (public)",
       "f99734de75afe0f2"],
      ["Mathlib.Analysis.Distribution.SchwartzSpace.Basic:importArts",
       "25f8e26084c78b47"],
      ["Mathlib.Analysis.InnerProductSpace.Calculus transitive imports (public)",
       "fecb3be8e40d6be8"],
      ["Mathlib.Analysis.InnerProductSpace.Calculus:importArts",
       "ac8af82801caec24"],
      ["Mathlib.Analysis.SpecialFunctions.ExpDeriv transitive imports (public)",
       "fff29f9547bd5087"],
      ["Mathlib.Analysis.SpecialFunctions.ExpDeriv:importArts",
       "717b418a53a41153"],
      ["Physlib.Meta.TODO.Basic transitive imports (public)",
       "00000000000006bb"],
      ["Physlib.Meta.TODO.Basic:importArts", "00cee186cb0fb022"]]]]],
  ["libs",
   [["import dynlibs", "00000000000006bb"],
    ["package external libraries", "00000000000006bb"],
    ["module dynlibs", "00000000000006bb"],
    ["module plugins", "00000000000006bb"]]],
  ["Lean 4.34.0, commit 293d5d0c0c3f3dded4688b3ccd6a33939ac5102b",
   "a1c6c7aa3e9abfe7"],
  ["C:\\lean\\libs\\physlib\\Physlib\\Mathematics\\InnerProductSpace\\Gaussian.lean",
   "3ab7ff7862433217"],
  ["options", "00000000000006bb"],
  ["isModule: true", "760fcc16989f4b9b"],
  ["Module.name: Physlib.Mathematics.InnerProductSpace.Gaussian",
   "fc7afb9421e450f3"],
  ["Package.id?: (some Physlib)", "6dd4b1a3d0e46d70"],
  ["Module.leanArgs: #[-Dwarn.sorry=false, -Dweak.says.verify=true]",
   "72cd5083b9c31fb2"]],
 "depHash": "2219cc0e1ff2f94e"}