{"synthetic": false,
 "schemaVersion": "2025-09-10",
 "outputs":
 {"rs": "6347d562ba3c327a.ir.sig",
  "r": "542fb035798c1333.ir",
  "o":
  ["e88014d1e31c8519.olean",
   "5e8565527d2cfa67.olean.server",
   "01c9ea6c220b1d30.olean.private"],
  "m": true,
  "i": "3cd200b6fce789a4.ilean",
  "c": "c9f5a72686cff0be.c"},
 "log":
 [{"message":
   ".> LEAN_PATH=C:\\lean\\mathlib4\\.lake\\packages\\Cli\\.lake\\build\\lib\\lean;C:\\lean\\mathlib4\\.lake\\packages\\batteries\\.lake\\build\\lib\\lean;C:\\lean\\mathlib4\\.lake\\packages\\Qq\\.lake\\build\\lib\\lean;C:\\lean\\mathlib4\\.lake\\packages\\aesop\\.lake\\build\\lib\\lean;C:\\lean\\mathlib4\\.lake\\packages\\proofwidgets\\.lake\\build\\lib\\lean;C:\\lean\\mathlib4\\.lake\\packages\\importGraph\\.lake\\build\\lib\\lean;C:\\lean\\mathlib4\\.lake\\packages\\LeanSearchClient\\.lake\\build\\lib\\lean;C:\\lean\\mathlib4\\.lake\\packages\\plausible\\.lake\\build\\lib\\lean;C:\\lean\\mathlib4\\.lake\\build\\lib\\lean;C:\\lean\\libs\\physlib\\.lake\\build\\lib\\lean c:\\Users\\Administrator\\.elan\\toolchains\\leanprover--lean4---v4.34.0\\bin\\lean.exe -Dwarn.sorry=false -Dweak.says.verify=true C:\\lean\\libs\\physlib\\Physlib\\Mathematics\\Trigonometry\\Tanh.lean -o C:\\lean\\libs\\physlib\\.lake\\build\\lib\\lean\\Physlib\\Mathematics\\Trigonometry\\Tanh.olean -i C:\\lean\\libs\\physlib\\.lake\\build\\lib\\lean\\Physlib\\Mathematics\\Trigonometry\\Tanh.ilean -c C:\\lean\\libs\\physlib\\.lake\\build\\ir\\Physlib\\Mathematics\\Trigonometry\\Tanh.c --setup C:\\lean\\libs\\physlib\\.lake\\build\\ir\\Physlib\\Mathematics\\Trigonometry\\Tanh.setup.json --json",
   "level": "trace"}],
 "inputs":
 [["deps",
   [["Physlib/Physlib:extraDep", [["@Physlib:extraDep", "00000000000006bb"]]],
    ["imports",
     [["Mathlib.Topology.Algebra.Polynomial transitive imports (public)",
       "5e0310f600760687"],
      ["Mathlib.Topology.Algebra.Polynomial:importArts", "9ab27f4652c9bf7a"],
      ["Mathlib.Analysis.Calculus.Deriv.Polynomial transitive imports (public)",
       "146f4b089075f702"],
      ["Mathlib.Analysis.Calculus.Deriv.Polynomial:importArts",
       "46343e6d69f25c57"],
      ["Mathlib.Analysis.SpecialFunctions.Trigonometric.DerivHyp transitive imports (public)",
       "0a375bccca43856d"],
      ["Mathlib.Analysis.SpecialFunctions.Trigonometric.DerivHyp:importArts",
       "5e71bc88a3f89474"],
      ["Mathlib.Analysis.Distribution.TemperateGrowth transitive imports (public)",
       "1e5681b3e7cd4988"],
      ["Mathlib.Analysis.Distribution.TemperateGrowth:importArts",
       "f76ece1b366ba13f"]]]]],
  ["libs",
   [["import dynlibs", "00000000000006bb"],
    ["package external libraries", "00000000000006bb"],
    ["module dynlibs", "00000000000006bb"],
    ["module plugins", "00000000000006bb"]]],
  ["Lean 4.34.0, commit 293d5d0c0c3f3dded4688b3ccd6a33939ac5102b",
   "a1c6c7aa3e9abfe7"],
  ["C:\\lean\\libs\\physlib\\Physlib\\Mathematics\\Trigonometry\\Tanh.lean",
   "95c2ffbfebaec86a"],
  ["options", "00000000000006bb"],
  ["isModule: true", "760fcc16989f4b9b"],
  ["Module.name: Physlib.Mathematics.Trigonometry.Tanh", "ea7a466ba469f8bd"],
  ["Package.id?: (some Physlib)", "6dd4b1a3d0e46d70"],
  ["Module.leanArgs: #[-Dwarn.sorry=false, -Dweak.says.verify=true]",
   "72cd5083b9c31fb2"]],
 "depHash": "33195b0565768022"}