{"synthetic": false,
 "schemaVersion": "2025-09-10",
 "outputs":
 {"rs": "a20fb4cd2701dc82.ir.sig",
  "r": "65e7da958128c86f.ir",
  "o":
  ["d72057b170a23864.olean",
   "530ee2b909525097.olean.server",
   "3fe2bab09df82414.olean.private"],
  "m": true,
  "i": "184f0900c8568f58.ilean",
  "c": "fce6200351a5b584.c"},
 "log":
 [{"message":
   ".> LEAN_PATH=C:\\lean\\mathlib4\\.lake\\packages\\Cli\\.lake\\build\\lib\\lean;C:\\lean\\mathlib4\\.lake\\packages\\batteries\\.lake\\build\\lib\\lean;C:\\lean\\mathlib4\\.lake\\packages\\Qq\\.lake\\build\\lib\\lean;C:\\lean\\mathlib4\\.lake\\packages\\aesop\\.lake\\build\\lib\\lean;C:\\lean\\mathlib4\\.lake\\packages\\proofwidgets\\.lake\\build\\lib\\lean;C:\\lean\\mathlib4\\.lake\\packages\\importGraph\\.lake\\build\\lib\\lean;C:\\lean\\mathlib4\\.lake\\packages\\LeanSearchClient\\.lake\\build\\lib\\lean;C:\\lean\\mathlib4\\.lake\\packages\\plausible\\.lake\\build\\lib\\lean;C:\\lean\\mathlib4\\.lake\\build\\lib\\lean;C:\\lean\\libs\\physlib\\.lake\\build\\lib\\lean c:\\Users\\Administrator\\.elan\\toolchains\\leanprover--lean4---v4.34.0-rc1\\bin\\lean.exe -Dwarn.sorry=false -Dweak.says.verify=true C:\\lean\\libs\\physlib\\Physlib\\Relativity\\Tensors\\ComplexTensor\\Units\\Pre.lean -o C:\\lean\\libs\\physlib\\.lake\\build\\lib\\lean\\Physlib\\Relativity\\Tensors\\ComplexTensor\\Units\\Pre.olean -i C:\\lean\\libs\\physlib\\.lake\\build\\lib\\lean\\Physlib\\Relativity\\Tensors\\ComplexTensor\\Units\\Pre.ilean -c C:\\lean\\libs\\physlib\\.lake\\build\\ir\\Physlib\\Relativity\\Tensors\\ComplexTensor\\Units\\Pre.c --setup C:\\lean\\libs\\physlib\\.lake\\build\\ir\\Physlib\\Relativity\\Tensors\\ComplexTensor\\Units\\Pre.setup.json --json",
   "level": "trace"}],
 "inputs":
 [["deps",
   [["Physlib/Physlib:extraDep", [["@Physlib:extraDep", "00000000000006bb"]]],
    ["imports",
     [["Physlib.Relativity.Tensors.ComplexTensor.Matrix.Pre transitive imports (public)",
       "74e56c2c27937a2e"],
      ["Physlib.Relativity.Tensors.ComplexTensor.Matrix.Pre:importArts",
       "d0ba380b698e499e"],
      ["Physlib.Relativity.Tensors.ComplexTensor.Vector.Pre.Contraction transitive imports (public)",
       "74e56c2c27937a2e"],
      ["Physlib.Relativity.Tensors.ComplexTensor.Vector.Pre.Contraction:importArts",
       "3545b684c2c108fe"]]]]],
  ["libs",
   [["import dynlibs", "00000000000006bb"],
    ["package external libraries", "00000000000006bb"],
    ["module dynlibs", "00000000000006bb"],
    ["module plugins", "00000000000006bb"]]],
  ["Lean 4.34.0, commit 3447a668783dbce1a8fdb97101dd067687b2b418",
   "421484e3e0c70198"],
  ["C:\\lean\\libs\\physlib\\Physlib\\Relativity\\Tensors\\ComplexTensor\\Units\\Pre.lean",
   "b788f8c990ccb607"],
  ["options", "00000000000006bb"],
  ["isModule: true", "760fcc16989f4b9b"],
  ["Module.name: Physlib.Relativity.Tensors.ComplexTensor.Units.Pre",
   "792ff16ab534a172"],
  ["Package.id?: (some Physlib)", "6dd4b1a3d0e46d70"],
  ["Module.leanArgs: #[-Dwarn.sorry=false, -Dweak.says.verify=true]",
   "72cd5083b9c31fb2"]],
 "depHash": "11b43063710bbc1e"}