{"synthetic": false,
 "schemaVersion": "2025-09-10",
 "outputs":
 {"rs": "2d3febd5032d4731.ir.sig",
  "r": "4c371ef3a8ef16ae.ir",
  "o":
  ["6968974c183bda95.olean",
   "a72a1939d818f5d0.olean.server",
   "ead8a9c7520c6bb7.olean.private"],
  "m": true,
  "i": "5728598ac96fc7c7.ilean",
  "c": "459d86a19c8483f3.c"},
 "log":
 [{"message":
   ".> LEAN_PATH=C:\\lean\\mathlib4\\.lake\\packages\\Cli\\.lake\\build\\lib\\lean;C:\\lean\\mathlib4\\.lake\\packages\\batteries\\.lake\\build\\lib\\lean;C:\\lean\\mathlib4\\.lake\\packages\\Qq\\.lake\\build\\lib\\lean;C:\\lean\\mathlib4\\.lake\\packages\\aesop\\.lake\\build\\lib\\lean;C:\\lean\\mathlib4\\.lake\\packages\\proofwidgets\\.lake\\build\\lib\\lean;C:\\lean\\mathlib4\\.lake\\packages\\importGraph\\.lake\\build\\lib\\lean;C:\\lean\\mathlib4\\.lake\\packages\\LeanSearchClient\\.lake\\build\\lib\\lean;C:\\lean\\mathlib4\\.lake\\packages\\plausible\\.lake\\build\\lib\\lean;C:\\lean\\mathlib4\\.lake\\build\\lib\\lean;C:\\lean\\libs\\physlib\\.lake\\build\\lib\\lean c:\\Users\\Administrator\\.elan\\toolchains\\leanprover--lean4---v4.34.0\\bin\\lean.exe -Dwarn.sorry=false -Dweak.says.verify=true C:\\lean\\libs\\physlib\\Physlib\\ClassicalMechanics\\RigidBody\\AngularVelocity.lean -o C:\\lean\\libs\\physlib\\.lake\\build\\lib\\lean\\Physlib\\ClassicalMechanics\\RigidBody\\AngularVelocity.olean -i C:\\lean\\libs\\physlib\\.lake\\build\\lib\\lean\\Physlib\\ClassicalMechanics\\RigidBody\\AngularVelocity.ilean -c C:\\lean\\libs\\physlib\\.lake\\build\\ir\\Physlib\\ClassicalMechanics\\RigidBody\\AngularVelocity.c --setup C:\\lean\\libs\\physlib\\.lake\\build\\ir\\Physlib\\ClassicalMechanics\\RigidBody\\AngularVelocity.setup.json --json",
   "level": "trace"}],
 "inputs":
 [["deps",
   [["Physlib/Physlib:extraDep", [["@Physlib:extraDep", "00000000000006bb"]]],
    ["imports",
     [["Physlib.ClassicalMechanics.RigidBody.Motion transitive imports (public)",
       "6a0b558466fc1339"],
      ["Physlib.ClassicalMechanics.RigidBody.Motion:importArts",
       "b0e260d5a47bbbdd"],
      ["Physlib.Mathematics.CrossProductMatrix transitive imports (public)",
       "7cfe937551c751cd"],
      ["Physlib.Mathematics.CrossProductMatrix:importArts", "738b7a540a559981"],
      ["Physlib.SpaceAndTime.Time.MatrixDerivatives transitive imports (public)",
       "cfd2b8bc66af73d5"],
      ["Physlib.SpaceAndTime.Time.MatrixDerivatives:importArts",
       "68d4abe5bd9b8228"]]]]],
  ["libs",
   [["import dynlibs", "00000000000006bb"],
    ["package external libraries", "00000000000006bb"],
    ["module dynlibs", "00000000000006bb"],
    ["module plugins", "00000000000006bb"]]],
  ["Lean 4.34.0, commit 293d5d0c0c3f3dded4688b3ccd6a33939ac5102b",
   "a1c6c7aa3e9abfe7"],
  ["C:\\lean\\libs\\physlib\\Physlib\\ClassicalMechanics\\RigidBody\\AngularVelocity.lean",
   "fa121a29220770b3"],
  ["options", "00000000000006bb"],
  ["isModule: true", "760fcc16989f4b9b"],
  ["Module.name: Physlib.ClassicalMechanics.RigidBody.AngularVelocity",
   "3ed2d1eea95577c7"],
  ["Package.id?: (some Physlib)", "6dd4b1a3d0e46d70"],
  ["Module.leanArgs: #[-Dwarn.sorry=false, -Dweak.says.verify=true]",
   "72cd5083b9c31fb2"]],
 "depHash": "a0b0825673ce80c8"}