{"synthetic": false,
 "schemaVersion": "2025-09-10",
 "outputs":
 {"rs": "7813e510f42a4a01.ir.sig",
  "r": "8c79444272b8105a.ir",
  "o":
  ["fec8506acc2d5868.olean",
   "61ede859d0c7f4ee.olean.server",
   "638c9655de709ba6.olean.private"],
  "m": true,
  "i": "61d2903172b02795.ilean",
  "c": "c3d319d185689144.c"},
 "log":
 [{"message":
   ".> LEAN_PATH=C:\\lean\\mathlib4\\.lake\\packages\\Cli\\.lake\\build\\lib\\lean;C:\\lean\\mathlib4\\.lake\\packages\\batteries\\.lake\\build\\lib\\lean;C:\\lean\\mathlib4\\.lake\\packages\\Qq\\.lake\\build\\lib\\lean;C:\\lean\\mathlib4\\.lake\\packages\\aesop\\.lake\\build\\lib\\lean;C:\\lean\\mathlib4\\.lake\\packages\\proofwidgets\\.lake\\build\\lib\\lean;C:\\lean\\mathlib4\\.lake\\packages\\importGraph\\.lake\\build\\lib\\lean;C:\\lean\\mathlib4\\.lake\\packages\\LeanSearchClient\\.lake\\build\\lib\\lean;C:\\lean\\mathlib4\\.lake\\packages\\plausible\\.lake\\build\\lib\\lean;C:\\lean\\mathlib4\\.lake\\build\\lib\\lean;C:\\lean\\libs\\physlib\\.lake\\build\\lib\\lean c:\\Users\\Administrator\\.elan\\toolchains\\leanprover--lean4---v4.34.0\\bin\\lean.exe -Dwarn.sorry=false -Dweak.says.verify=true C:\\lean\\libs\\physlib\\Physlib\\ClassicalMechanics\\RigidBody\\KineticEnergy.lean -o C:\\lean\\libs\\physlib\\.lake\\build\\lib\\lean\\Physlib\\ClassicalMechanics\\RigidBody\\KineticEnergy.olean -i C:\\lean\\libs\\physlib\\.lake\\build\\lib\\lean\\Physlib\\ClassicalMechanics\\RigidBody\\KineticEnergy.ilean -c C:\\lean\\libs\\physlib\\.lake\\build\\ir\\Physlib\\ClassicalMechanics\\RigidBody\\KineticEnergy.c --setup C:\\lean\\libs\\physlib\\.lake\\build\\ir\\Physlib\\ClassicalMechanics\\RigidBody\\KineticEnergy.setup.json --json",
   "level": "trace"}],
 "inputs":
 [["deps",
   [["Physlib/Physlib:extraDep", [["@Physlib:extraDep", "00000000000006bb"]]],
    ["imports",
     [["Physlib.ClassicalMechanics.RigidBody.AngularMomentum transitive imports (public)",
       "48bfe3c8cc09e598"],
      ["Physlib.ClassicalMechanics.RigidBody.AngularMomentum:importArts",
       "7cd3fffb6a041a6d"],
      ["Physlib.ClassicalMechanics.RigidBody.AngularVelocity transitive imports (public)",
       "00ab2b25b347f1bd"],
      ["Physlib.ClassicalMechanics.RigidBody.AngularVelocity:importArts",
       "72e707af945332f5"],
      ["Physlib.Mathematics.OrthogonalMatrix transitive imports (public)",
       "e8ba76554f0d1efe"],
      ["Physlib.Mathematics.OrthogonalMatrix:importArts",
       "2faed9517d62e80e"]]]]],
  ["libs",
   [["import dynlibs", "00000000000006bb"],
    ["package external libraries", "00000000000006bb"],
    ["module dynlibs", "00000000000006bb"],
    ["module plugins", "00000000000006bb"]]],
  ["Lean 4.34.0, commit 293d5d0c0c3f3dded4688b3ccd6a33939ac5102b",
   "a1c6c7aa3e9abfe7"],
  ["C:\\lean\\libs\\physlib\\Physlib\\ClassicalMechanics\\RigidBody\\KineticEnergy.lean",
   "7e19f0f19a741cd5"],
  ["options", "00000000000006bb"],
  ["isModule: true", "760fcc16989f4b9b"],
  ["Module.name: Physlib.ClassicalMechanics.RigidBody.KineticEnergy",
   "187d8e07d14004fe"],
  ["Package.id?: (some Physlib)", "6dd4b1a3d0e46d70"],
  ["Module.leanArgs: #[-Dwarn.sorry=false, -Dweak.says.verify=true]",
   "72cd5083b9c31fb2"]],
 "depHash": "a71a7c92f61c03ec"}