{"synthetic": false,
 "schemaVersion": "2025-09-10",
 "outputs":
 {"rs": "8b52aa33ef1aab3c.ir.sig",
  "r": "3a976240879d2067.ir",
  "o":
  ["d8a1015e38535368.olean",
   "c86327491c91e4a0.olean.server",
   "bc612c69f7d88d7c.olean.private"],
  "m": true,
  "i": "ab315fcb45ed7bb1.ilean",
  "c": "4b0b0f367df8719c.c"},
 "log":
 [{"message":
   ".> LEAN_PATH=C:\\lean\\mathlib4\\.lake\\packages\\Cli\\.lake\\build\\lib\\lean;C:\\lean\\mathlib4\\.lake\\packages\\batteries\\.lake\\build\\lib\\lean;C:\\lean\\mathlib4\\.lake\\packages\\Qq\\.lake\\build\\lib\\lean;C:\\lean\\mathlib4\\.lake\\packages\\aesop\\.lake\\build\\lib\\lean;C:\\lean\\mathlib4\\.lake\\packages\\proofwidgets\\.lake\\build\\lib\\lean;C:\\lean\\mathlib4\\.lake\\packages\\importGraph\\.lake\\build\\lib\\lean;C:\\lean\\mathlib4\\.lake\\packages\\LeanSearchClient\\.lake\\build\\lib\\lean;C:\\lean\\mathlib4\\.lake\\packages\\plausible\\.lake\\build\\lib\\lean;C:\\lean\\mathlib4\\.lake\\build\\lib\\lean;C:\\lean\\libs\\physlib\\.lake\\build\\lib\\lean c:\\Users\\Administrator\\.elan\\toolchains\\leanprover--lean4---v4.34.0\\bin\\lean.exe -Dwarn.sorry=false -Dweak.says.verify=true C:\\lean\\libs\\physlib\\Physlib\\ClassicalMechanics\\RigidBody\\Motion.lean -o C:\\lean\\libs\\physlib\\.lake\\build\\lib\\lean\\Physlib\\ClassicalMechanics\\RigidBody\\Motion.olean -i C:\\lean\\libs\\physlib\\.lake\\build\\lib\\lean\\Physlib\\ClassicalMechanics\\RigidBody\\Motion.ilean -c C:\\lean\\libs\\physlib\\.lake\\build\\ir\\Physlib\\ClassicalMechanics\\RigidBody\\Motion.c --setup C:\\lean\\libs\\physlib\\.lake\\build\\ir\\Physlib\\ClassicalMechanics\\RigidBody\\Motion.setup.json --json",
   "level": "trace"}],
 "inputs":
 [["deps",
   [["Physlib/Physlib:extraDep", [["@Physlib:extraDep", "00000000000006bb"]]],
    ["imports",
     [["Physlib.ClassicalMechanics.RigidBody.Basic transitive imports (public)",
       "81c834e3318d2ce3"],
      ["Physlib.ClassicalMechanics.RigidBody.Basic:importArts",
       "ad8571f42eaed0ac"],
      ["Physlib.SpaceAndTime.Time.Derivatives transitive imports (public)",
       "f0fcd12808a72714"],
      ["Physlib.SpaceAndTime.Time.Derivatives:importArts", "f99cd158b939eeb8"],
      ["Physlib.SpaceAndTime.Time.MatrixDerivatives transitive imports (public)",
       "cfd2b8bc66af73d5"],
      ["Physlib.SpaceAndTime.Time.MatrixDerivatives:importArts",
       "68d4abe5bd9b8228"],
      ["Mathlib.LinearAlgebra.UnitaryGroup transitive imports (public)",
       "794fc3b82ab5fe55"],
      ["Mathlib.LinearAlgebra.UnitaryGroup:importArts", "42778b310d3fb63a"]]]]],
  ["libs",
   [["import dynlibs", "00000000000006bb"],
    ["package external libraries", "00000000000006bb"],
    ["module dynlibs", "00000000000006bb"],
    ["module plugins", "00000000000006bb"]]],
  ["Lean 4.34.0, commit 293d5d0c0c3f3dded4688b3ccd6a33939ac5102b",
   "a1c6c7aa3e9abfe7"],
  ["C:\\lean\\libs\\physlib\\Physlib\\ClassicalMechanics\\RigidBody\\Motion.lean",
   "f8c14ed121ed9424"],
  ["options", "00000000000006bb"],
  ["isModule: true", "760fcc16989f4b9b"],
  ["Module.name: Physlib.ClassicalMechanics.RigidBody.Motion",
   "d42dd6b8c9ee24ae"],
  ["Package.id?: (some Physlib)", "6dd4b1a3d0e46d70"],
  ["Module.leanArgs: #[-Dwarn.sorry=false, -Dweak.says.verify=true]",
   "72cd5083b9c31fb2"]],
 "depHash": "df0f68dcb266de09"}