{"synthetic": false,
 "schemaVersion": "2025-09-10",
 "outputs":
 {"rs": "1715f67903d1c459.ir.sig",
  "r": "72bafea9359ecfd0.ir",
  "o":
  ["968c5de60944a9ad.olean",
   "17b728379664730c.olean.server",
   "7cf9fad41242ffad.olean.private"],
  "m": true,
  "i": "fa311a993a8fceb5.ilean",
  "c": "15dd8bc59d3489c0.c"},
 "log":
 [{"message":
   ".> LEAN_PATH=C:\\lean\\mathlib4\\.lake\\packages\\Cli\\.lake\\build\\lib\\lean;C:\\lean\\mathlib4\\.lake\\packages\\batteries\\.lake\\build\\lib\\lean;C:\\lean\\mathlib4\\.lake\\packages\\Qq\\.lake\\build\\lib\\lean;C:\\lean\\mathlib4\\.lake\\packages\\aesop\\.lake\\build\\lib\\lean;C:\\lean\\mathlib4\\.lake\\packages\\proofwidgets\\.lake\\build\\lib\\lean;C:\\lean\\mathlib4\\.lake\\packages\\importGraph\\.lake\\build\\lib\\lean;C:\\lean\\mathlib4\\.lake\\packages\\LeanSearchClient\\.lake\\build\\lib\\lean;C:\\lean\\mathlib4\\.lake\\packages\\plausible\\.lake\\build\\lib\\lean;C:\\lean\\mathlib4\\.lake\\build\\lib\\lean;C:\\lean\\libs\\physlib\\.lake\\build\\lib\\lean c:\\Users\\Administrator\\.elan\\toolchains\\leanprover--lean4---v4.34.0\\bin\\lean.exe -Dwarn.sorry=false -Dweak.says.verify=true C:\\lean\\libs\\physlib\\Physlib\\ClassicalMechanics\\RigidBody\\SolidSphere.lean -o C:\\lean\\libs\\physlib\\.lake\\build\\lib\\lean\\Physlib\\ClassicalMechanics\\RigidBody\\SolidSphere.olean -i C:\\lean\\libs\\physlib\\.lake\\build\\lib\\lean\\Physlib\\ClassicalMechanics\\RigidBody\\SolidSphere.ilean -c C:\\lean\\libs\\physlib\\.lake\\build\\ir\\Physlib\\ClassicalMechanics\\RigidBody\\SolidSphere.c --setup C:\\lean\\libs\\physlib\\.lake\\build\\ir\\Physlib\\ClassicalMechanics\\RigidBody\\SolidSphere.setup.json --json",
   "level": "trace"}],
 "inputs":
 [["deps",
   [["Physlib/Physlib:extraDep", [["@Physlib:extraDep", "00000000000006bb"]]],
    ["imports",
     [["Physlib.ClassicalMechanics.RigidBody.Basic transitive imports (public)",
       "81c834e3318d2ce3"],
      ["Physlib.ClassicalMechanics.RigidBody.Basic:importArts",
       "ad8571f42eaed0ac"],
      ["Physlib.SpaceAndTime.Space.Integrals.Basic transitive imports (public)",
       "5af0670be643b4c1"],
      ["Physlib.SpaceAndTime.Space.Integrals.Basic:importArts",
       "59e30a77ecddbb1d"],
      ["Physlib.Meta.Linters.Sorry transitive imports (public)",
       "a9eab024bc6dcef2"],
      ["Physlib.Meta.Linters.Sorry:importArts", "35fe7de55a6740fc"]]]]],
  ["libs",
   [["import dynlibs", "00000000000006bb"],
    ["package external libraries", "00000000000006bb"],
    ["module dynlibs", "00000000000006bb"],
    ["module plugins", "00000000000006bb"]]],
  ["Lean 4.34.0, commit 293d5d0c0c3f3dded4688b3ccd6a33939ac5102b",
   "a1c6c7aa3e9abfe7"],
  ["C:\\lean\\libs\\physlib\\Physlib\\ClassicalMechanics\\RigidBody\\SolidSphere.lean",
   "1be737ce2ab5d986"],
  ["options", "00000000000006bb"],
  ["isModule: true", "760fcc16989f4b9b"],
  ["Module.name: Physlib.ClassicalMechanics.RigidBody.SolidSphere",
   "fdef6b0936a9aa4d"],
  ["Package.id?: (some Physlib)", "6dd4b1a3d0e46d70"],
  ["Module.leanArgs: #[-Dwarn.sorry=false, -Dweak.says.verify=true]",
   "72cd5083b9c31fb2"]],
 "depHash": "c7d58801e9e9bd4a"}