{"synthetic": false,
 "schemaVersion": "2025-09-10",
 "outputs":
 {"rs": "9c8a7987b47c8b1c.ir.sig",
  "r": "071898409d49951f.ir",
  "o":
  ["e96fc7ed5c5de37f.olean",
   "3edbe08b162f1305.olean.server",
   "7488bdfb358d5b9a.olean.private"],
  "m": true,
  "i": "a23f300a81b37170.ilean",
  "c": "0df94d6494ed5b97.c"},
 "log":
 [{"message":
   ".> LEAN_PATH=C:\\lean\\mathlib4\\.lake\\packages\\Cli\\.lake\\build\\lib\\lean;C:\\lean\\mathlib4\\.lake\\packages\\batteries\\.lake\\build\\lib\\lean;C:\\lean\\mathlib4\\.lake\\packages\\Qq\\.lake\\build\\lib\\lean;C:\\lean\\mathlib4\\.lake\\packages\\aesop\\.lake\\build\\lib\\lean;C:\\lean\\mathlib4\\.lake\\packages\\proofwidgets\\.lake\\build\\lib\\lean;C:\\lean\\mathlib4\\.lake\\packages\\importGraph\\.lake\\build\\lib\\lean;C:\\lean\\mathlib4\\.lake\\packages\\LeanSearchClient\\.lake\\build\\lib\\lean;C:\\lean\\mathlib4\\.lake\\packages\\plausible\\.lake\\build\\lib\\lean;C:\\lean\\mathlib4\\.lake\\build\\lib\\lean;C:\\lean\\libs\\physlib\\.lake\\build\\lib\\lean c:\\Users\\Administrator\\.elan\\toolchains\\leanprover--lean4---v4.34.0\\bin\\lean.exe -Dwarn.sorry=false -Dweak.says.verify=true C:\\lean\\libs\\physlib\\Physlib\\Particles\\SuperSymmetry\\SU5\\ChargeSpectrum\\MinimallyAllowsTerm\\FinsetTerms.lean -o C:\\lean\\libs\\physlib\\.lake\\build\\lib\\lean\\Physlib\\Particles\\SuperSymmetry\\SU5\\ChargeSpectrum\\MinimallyAllowsTerm\\FinsetTerms.olean -i C:\\lean\\libs\\physlib\\.lake\\build\\lib\\lean\\Physlib\\Particles\\SuperSymmetry\\SU5\\ChargeSpectrum\\MinimallyAllowsTerm\\FinsetTerms.ilean -c C:\\lean\\libs\\physlib\\.lake\\build\\ir\\Physlib\\Particles\\SuperSymmetry\\SU5\\ChargeSpectrum\\MinimallyAllowsTerm\\FinsetTerms.c --setup C:\\lean\\libs\\physlib\\.lake\\build\\ir\\Physlib\\Particles\\SuperSymmetry\\SU5\\ChargeSpectrum\\MinimallyAllowsTerm\\FinsetTerms.setup.json --json",
   "level": "trace"}],
 "inputs":
 [["deps",
   [["Physlib/Physlib:extraDep", [["@Physlib:extraDep", "00000000000006bb"]]],
    ["imports",
     [["Mathlib.Tactic.FinCases transitive imports (public)",
       "fc3651f18656efc0"],
      ["Mathlib.Tactic.FinCases:importArts", "00c69ad7e3401fef"],
      ["Physlib.Particles.SuperSymmetry.SU5.ChargeSpectrum.MinimallyAllowsTerm.Basic transitive imports (public)",
       "c86a321670c511ea"],
      ["Physlib.Particles.SuperSymmetry.SU5.ChargeSpectrum.MinimallyAllowsTerm.Basic:importArts",
       "8a1d5d6abef60286"]]]]],
  ["libs",
   [["import dynlibs", "00000000000006bb"],
    ["package external libraries", "00000000000006bb"],
    ["module dynlibs", "00000000000006bb"],
    ["module plugins", "00000000000006bb"]]],
  ["Lean 4.34.0, commit 293d5d0c0c3f3dded4688b3ccd6a33939ac5102b",
   "a1c6c7aa3e9abfe7"],
  ["C:\\lean\\libs\\physlib\\Physlib\\Particles\\SuperSymmetry\\SU5\\ChargeSpectrum\\MinimallyAllowsTerm\\FinsetTerms.lean",
   "2af206ed074f6278"],
  ["options", "00000000000006bb"],
  ["isModule: true", "760fcc16989f4b9b"],
  ["Module.name: Physlib.Particles.SuperSymmetry.SU5.ChargeSpectrum.MinimallyAllowsTerm.FinsetTerms",
   "4631354dedfa07f7"],
  ["Package.id?: (some Physlib)", "6dd4b1a3d0e46d70"],
  ["Module.leanArgs: #[-Dwarn.sorry=false, -Dweak.says.verify=true]",
   "72cd5083b9c31fb2"]],
 "depHash": "d98b21476548c8a3"}