{"synthetic": false,
 "schemaVersion": "2025-09-10",
 "outputs":
 {"rs": "dd74543963551d67.ir.sig",
  "r": "40653534c07cb1b7.ir",
  "o":
  ["5cc49b19f79e2f12.olean",
   "33dd2b104c91ee4a.olean.server",
   "ccf5633b62ee855c.olean.private"],
  "m": true,
  "i": "52adfed8049157f6.ilean",
  "c": "a9e505fe7c53b425.c"},
 "log":
 [{"message":
   ".> LEAN_PATH=C:\\lean\\mathlib4\\.lake\\packages\\Cli\\.lake\\build\\lib\\lean;C:\\lean\\mathlib4\\.lake\\packages\\batteries\\.lake\\build\\lib\\lean;C:\\lean\\mathlib4\\.lake\\packages\\Qq\\.lake\\build\\lib\\lean;C:\\lean\\mathlib4\\.lake\\packages\\aesop\\.lake\\build\\lib\\lean;C:\\lean\\mathlib4\\.lake\\packages\\proofwidgets\\.lake\\build\\lib\\lean;C:\\lean\\mathlib4\\.lake\\packages\\importGraph\\.lake\\build\\lib\\lean;C:\\lean\\mathlib4\\.lake\\packages\\LeanSearchClient\\.lake\\build\\lib\\lean;C:\\lean\\mathlib4\\.lake\\packages\\plausible\\.lake\\build\\lib\\lean;C:\\lean\\mathlib4\\.lake\\build\\lib\\lean;C:\\lean\\libs\\physlib\\.lake\\build\\lib\\lean c:\\Users\\Administrator\\.elan\\toolchains\\leanprover--lean4---v4.34.0\\bin\\lean.exe -Dwarn.sorry=false -Dweak.says.verify=true C:\\lean\\libs\\physlib\\Physlib\\SpaceAndTime\\TimeAndSpace\\ConstantTimeDist.lean -o C:\\lean\\libs\\physlib\\.lake\\build\\lib\\lean\\Physlib\\SpaceAndTime\\TimeAndSpace\\ConstantTimeDist.olean -i C:\\lean\\libs\\physlib\\.lake\\build\\lib\\lean\\Physlib\\SpaceAndTime\\TimeAndSpace\\ConstantTimeDist.ilean -c C:\\lean\\libs\\physlib\\.lake\\build\\ir\\Physlib\\SpaceAndTime\\TimeAndSpace\\ConstantTimeDist.c --setup C:\\lean\\libs\\physlib\\.lake\\build\\ir\\Physlib\\SpaceAndTime\\TimeAndSpace\\ConstantTimeDist.setup.json --json",
   "level": "trace"}],
 "inputs":
 [["deps",
   [["Physlib/Physlib:extraDep", [["@Physlib:extraDep", "00000000000006bb"]]],
    ["imports",
     [["Physlib.SpaceAndTime.TimeAndSpace.Basic transitive imports (public)",
       "a8e5298d932a6c8f"],
      ["Physlib.SpaceAndTime.TimeAndSpace.Basic:importArts",
       "cc4d059552710ce4"],
      ["Mathlib.Analysis.Calculus.ContDiff.FiniteDimension transitive imports (public)",
       "14a902aa2a758562"],
      ["Mathlib.Analysis.Calculus.ContDiff.FiniteDimension:importArts",
       "216a93706fb292f6"]]]]],
  ["libs",
   [["import dynlibs", "00000000000006bb"],
    ["package external libraries", "00000000000006bb"],
    ["module dynlibs", "00000000000006bb"],
    ["module plugins", "00000000000006bb"]]],
  ["Lean 4.34.0, commit 293d5d0c0c3f3dded4688b3ccd6a33939ac5102b",
   "a1c6c7aa3e9abfe7"],
  ["C:\\lean\\libs\\physlib\\Physlib\\SpaceAndTime\\TimeAndSpace\\ConstantTimeDist.lean",
   "1acb0219a09d3d0a"],
  ["options", "00000000000006bb"],
  ["isModule: true", "760fcc16989f4b9b"],
  ["Module.name: Physlib.SpaceAndTime.TimeAndSpace.ConstantTimeDist",
   "c0e7f9aae169122a"],
  ["Package.id?: (some Physlib)", "6dd4b1a3d0e46d70"],
  ["Module.leanArgs: #[-Dwarn.sorry=false, -Dweak.says.verify=true]",
   "72cd5083b9c31fb2"]],
 "depHash": "216dddde97d3c139"}