{"synthetic": false,
 "schemaVersion": "2025-09-10",
 "outputs":
 {"rs": "e41d63bc918c656a.ir.sig",
  "r": "fabb220c27c9bd72.ir",
  "o":
  ["eb6850a80979dd8e.olean",
   "a7548142ddb09cc6.olean.server",
   "de29ef1616db826f.olean.private"],
  "m": true,
  "i": "a31d8330a6802dfb.ilean",
  "c": "7981085fadaf8b03.c"},
 "log":
 [{"message":
   ".> LEAN_PATH=C:\\lean\\mathlib4\\.lake\\packages\\Cli\\.lake\\build\\lib\\lean;C:\\lean\\mathlib4\\.lake\\packages\\batteries\\.lake\\build\\lib\\lean;C:\\lean\\mathlib4\\.lake\\packages\\Qq\\.lake\\build\\lib\\lean;C:\\lean\\mathlib4\\.lake\\packages\\aesop\\.lake\\build\\lib\\lean;C:\\lean\\mathlib4\\.lake\\packages\\proofwidgets\\.lake\\build\\lib\\lean;C:\\lean\\mathlib4\\.lake\\packages\\importGraph\\.lake\\build\\lib\\lean;C:\\lean\\mathlib4\\.lake\\packages\\LeanSearchClient\\.lake\\build\\lib\\lean;C:\\lean\\mathlib4\\.lake\\packages\\plausible\\.lake\\build\\lib\\lean;C:\\lean\\mathlib4\\.lake\\build\\lib\\lean;C:\\lean\\libs\\physlib\\.lake\\build\\lib\\lean c:\\Users\\Administrator\\.elan\\toolchains\\leanprover--lean4---v4.34.0\\bin\\lean.exe -Dwarn.sorry=false -Dweak.says.verify=true C:\\lean\\libs\\physlib\\Physlib\\Relativity\\Tensors\\RealTensor\\Representation\\Contraction.lean -o C:\\lean\\libs\\physlib\\.lake\\build\\lib\\lean\\Physlib\\Relativity\\Tensors\\RealTensor\\Representation\\Contraction.olean -i C:\\lean\\libs\\physlib\\.lake\\build\\lib\\lean\\Physlib\\Relativity\\Tensors\\RealTensor\\Representation\\Contraction.ilean -c C:\\lean\\libs\\physlib\\.lake\\build\\ir\\Physlib\\Relativity\\Tensors\\RealTensor\\Representation\\Contraction.c --setup C:\\lean\\libs\\physlib\\.lake\\build\\ir\\Physlib\\Relativity\\Tensors\\RealTensor\\Representation\\Contraction.setup.json --json",
   "level": "trace"}],
 "inputs":
 [["deps",
   [["Physlib/Physlib:extraDep", [["@Physlib:extraDep", "00000000000006bb"]]],
    ["imports",
     [["Physlib.Relativity.Tensors.RealTensor.Vector.Representation transitive imports (public)",
       "c0b064a0f88e1ddc"],
      ["Physlib.Relativity.Tensors.RealTensor.Vector.Representation:importArts",
       "55f51750ef5a0810"],
      ["Physlib.Relativity.Tensors.RealTensor.CoVector.Representation transitive imports (public)",
       "7829f23f9d65f133"],
      ["Physlib.Relativity.Tensors.RealTensor.CoVector.Representation:importArts",
       "8f40205cc2f436b0"],
      ["Mathlib.RepresentationTheory.Intertwining transitive imports (public)",
       "a6a31a32ece2f1d9"],
      ["Mathlib.RepresentationTheory.Intertwining:importArts",
       "27484d8123c689d0"]]]]],
  ["libs",
   [["import dynlibs", "00000000000006bb"],
    ["package external libraries", "00000000000006bb"],
    ["module dynlibs", "00000000000006bb"],
    ["module plugins", "00000000000006bb"]]],
  ["Lean 4.34.0, commit 293d5d0c0c3f3dded4688b3ccd6a33939ac5102b",
   "a1c6c7aa3e9abfe7"],
  ["C:\\lean\\libs\\physlib\\Physlib\\Relativity\\Tensors\\RealTensor\\Representation\\Contraction.lean",
   "cddaaef25bc7821f"],
  ["options", "00000000000006bb"],
  ["isModule: true", "760fcc16989f4b9b"],
  ["Module.name: Physlib.Relativity.Tensors.RealTensor.Representation.Contraction",
   "88b914bcdb2ed478"],
  ["Package.id?: (some Physlib)", "6dd4b1a3d0e46d70"],
  ["Module.leanArgs: #[-Dwarn.sorry=false, -Dweak.says.verify=true]",
   "72cd5083b9c31fb2"]],
 "depHash": "c568f40ca8d7b228"}