{"synthetic": false,
 "schemaVersion": "2025-09-10",
 "outputs":
 {"rs": "5c5b595211192c0a.ir.sig",
  "r": "50900b39d910fa0d.ir",
  "o":
  ["c9a7e58397907b5f.olean",
   "95e8cb372bc1c72d.olean.server",
   "9bfb0971cc8c254c.olean.private"],
  "m": true,
  "i": "ca360816a8c1a59e.ilean",
  "c": "23d1c514a3150c29.c"},
 "log":
 [{"message":
   ".> LEAN_PATH=C:\\lean\\mathlib4\\.lake\\packages\\Cli\\.lake\\build\\lib\\lean;C:\\lean\\mathlib4\\.lake\\packages\\batteries\\.lake\\build\\lib\\lean;C:\\lean\\mathlib4\\.lake\\packages\\Qq\\.lake\\build\\lib\\lean;C:\\lean\\mathlib4\\.lake\\packages\\aesop\\.lake\\build\\lib\\lean;C:\\lean\\mathlib4\\.lake\\packages\\proofwidgets\\.lake\\build\\lib\\lean;C:\\lean\\mathlib4\\.lake\\packages\\importGraph\\.lake\\build\\lib\\lean;C:\\lean\\mathlib4\\.lake\\packages\\LeanSearchClient\\.lake\\build\\lib\\lean;C:\\lean\\mathlib4\\.lake\\packages\\plausible\\.lake\\build\\lib\\lean;C:\\lean\\mathlib4\\.lake\\build\\lib\\lean;C:\\lean\\libs\\physlib\\.lake\\build\\lib\\lean c:\\Users\\Administrator\\.elan\\toolchains\\leanprover--lean4---v4.34.0\\bin\\lean.exe -Dwarn.sorry=false -Dweak.says.verify=true C:\\lean\\libs\\physlib\\Physlib\\QFT\\PerturbationTheory\\WickContraction\\InsertAndContractNat.lean -o C:\\lean\\libs\\physlib\\.lake\\build\\lib\\lean\\Physlib\\QFT\\PerturbationTheory\\WickContraction\\InsertAndContractNat.olean -i C:\\lean\\libs\\physlib\\.lake\\build\\lib\\lean\\Physlib\\QFT\\PerturbationTheory\\WickContraction\\InsertAndContractNat.ilean -c C:\\lean\\libs\\physlib\\.lake\\build\\ir\\Physlib\\QFT\\PerturbationTheory\\WickContraction\\InsertAndContractNat.c --setup C:\\lean\\libs\\physlib\\.lake\\build\\ir\\Physlib\\QFT\\PerturbationTheory\\WickContraction\\InsertAndContractNat.setup.json --json",
   "level": "trace"}],
 "inputs":
 [["deps",
   [["Physlib/Physlib:extraDep", [["@Physlib:extraDep", "00000000000006bb"]]],
    ["imports",
     [["Physlib.QFT.PerturbationTheory.WickContraction.Erase transitive imports (public)",
       "09125b1505cdacf1"],
      ["Physlib.QFT.PerturbationTheory.WickContraction.Erase:importArts",
       "88608518baaf80ab"]]]]],
  ["libs",
   [["import dynlibs", "00000000000006bb"],
    ["package external libraries", "00000000000006bb"],
    ["module dynlibs", "00000000000006bb"],
    ["module plugins", "00000000000006bb"]]],
  ["Lean 4.34.0, commit 293d5d0c0c3f3dded4688b3ccd6a33939ac5102b",
   "a1c6c7aa3e9abfe7"],
  ["C:\\lean\\libs\\physlib\\Physlib\\QFT\\PerturbationTheory\\WickContraction\\InsertAndContractNat.lean",
   "7e453e1208ec161b"],
  ["options", "00000000000006bb"],
  ["isModule: true", "760fcc16989f4b9b"],
  ["Module.name: Physlib.QFT.PerturbationTheory.WickContraction.InsertAndContractNat",
   "c43249317ee8c028"],
  ["Package.id?: (some Physlib)", "6dd4b1a3d0e46d70"],
  ["Module.leanArgs: #[-Dwarn.sorry=false, -Dweak.says.verify=true]",
   "72cd5083b9c31fb2"]],
 "depHash": "d6b0d5a9bb688590"}