{"synthetic": false,
 "schemaVersion": "2025-09-10",
 "outputs":
 {"rs": "f211f24b9397c6cd.ir.sig",
  "r": "56e3b5c948e8e4c4.ir",
  "o":
  ["870cf08ea71907b7.olean",
   "5856205eef0f7e53.olean.server",
   "662530d431bcc25a.olean.private"],
  "m": true,
  "i": "051001e3cee16791.ilean",
  "c": "5944f674b59f0588.c"},
 "log":
 [{"message":
   ".> LEAN_PATH=C:\\lean\\mathlib4\\.lake\\packages\\Cli\\.lake\\build\\lib\\lean;C:\\lean\\mathlib4\\.lake\\packages\\batteries\\.lake\\build\\lib\\lean;C:\\lean\\mathlib4\\.lake\\packages\\Qq\\.lake\\build\\lib\\lean;C:\\lean\\mathlib4\\.lake\\packages\\aesop\\.lake\\build\\lib\\lean;C:\\lean\\mathlib4\\.lake\\packages\\proofwidgets\\.lake\\build\\lib\\lean;C:\\lean\\mathlib4\\.lake\\packages\\importGraph\\.lake\\build\\lib\\lean;C:\\lean\\mathlib4\\.lake\\packages\\LeanSearchClient\\.lake\\build\\lib\\lean;C:\\lean\\mathlib4\\.lake\\packages\\plausible\\.lake\\build\\lib\\lean;C:\\lean\\mathlib4\\.lake\\build\\lib\\lean;C:\\lean\\libs\\physlib\\.lake\\build\\lib\\lean c:\\Users\\Administrator\\.elan\\toolchains\\leanprover--lean4---v4.34.0-rc1\\bin\\lean.exe -Dwarn.sorry=false -Dweak.says.verify=true C:\\lean\\libs\\physlib\\Physlib\\QFT\\PerturbationTheory\\WickContraction\\Singleton.lean -o C:\\lean\\libs\\physlib\\.lake\\build\\lib\\lean\\Physlib\\QFT\\PerturbationTheory\\WickContraction\\Singleton.olean -i C:\\lean\\libs\\physlib\\.lake\\build\\lib\\lean\\Physlib\\QFT\\PerturbationTheory\\WickContraction\\Singleton.ilean -c C:\\lean\\libs\\physlib\\.lake\\build\\ir\\Physlib\\QFT\\PerturbationTheory\\WickContraction\\Singleton.c --setup C:\\lean\\libs\\physlib\\.lake\\build\\ir\\Physlib\\QFT\\PerturbationTheory\\WickContraction\\Singleton.setup.json --json",
   "level": "trace"}],
 "inputs":
 [["deps",
   [["Physlib/Physlib:extraDep", [["@Physlib:extraDep", "00000000000006bb"]]],
    ["imports",
     [["Physlib.QFT.PerturbationTheory.WickContraction.SubContraction transitive imports (public)",
       "361f077b57e217b4"],
      ["Physlib.QFT.PerturbationTheory.WickContraction.SubContraction:importArts",
       "723b8539b37b94e6"],
      ["Physlib.QFT.PerturbationTheory.WickContraction.StaticContract transitive imports (public)",
       "d12edd0a9242cec5"],
      ["Physlib.QFT.PerturbationTheory.WickContraction.StaticContract:importArts",
       "50f214b0b46506b1"],
      ["Physlib.QFT.PerturbationTheory.WickContraction.TimeContract transitive imports (public)",
       "303c536d448776b4"],
      ["Physlib.QFT.PerturbationTheory.WickContraction.TimeContract:importArts",
       "3b390d007d6e2494"],
      ["Physlib.QFT.PerturbationTheory.WickContraction.Sign.Basic transitive imports (public)",
       "016212bf8ddc299e"],
      ["Physlib.QFT.PerturbationTheory.WickContraction.Sign.Basic:importArts",
       "745ed0b1ea914870"]]]]],
  ["libs",
   [["import dynlibs", "00000000000006bb"],
    ["package external libraries", "00000000000006bb"],
    ["module dynlibs", "00000000000006bb"],
    ["module plugins", "00000000000006bb"]]],
  ["Lean 4.34.0, commit 3447a668783dbce1a8fdb97101dd067687b2b418",
   "421484e3e0c70198"],
  ["C:\\lean\\libs\\physlib\\Physlib\\QFT\\PerturbationTheory\\WickContraction\\Singleton.lean",
   "54a12a8217060ff6"],
  ["options", "00000000000006bb"],
  ["isModule: true", "760fcc16989f4b9b"],
  ["Module.name: Physlib.QFT.PerturbationTheory.WickContraction.Singleton",
   "0f56c1799598f1d0"],
  ["Package.id?: (some Physlib)", "6dd4b1a3d0e46d70"],
  ["Module.leanArgs: #[-Dwarn.sorry=false, -Dweak.says.verify=true]",
   "72cd5083b9c31fb2"]],
 "depHash": "e276ac052f7cca28"}