{"synthetic": false,
 "schemaVersion": "2025-09-10",
 "outputs":
 {"rs": "082b7537d8d65740.ir.sig",
  "r": "ae73729d5706744f.ir",
  "o":
  ["c130f13e8ed39cc5.olean",
   "73086d750decef2b.olean.server",
   "5ce7e06058626331.olean.private"],
  "m": true,
  "i": "fbb6f0b7293e60f9.ilean",
  "c": "d11724e422196cf5.c"},
 "log":
 [{"message":
   ".> LEAN_PATH=C:\\lean\\mathlib4\\.lake\\packages\\Cli\\.lake\\build\\lib\\lean;C:\\lean\\mathlib4\\.lake\\packages\\batteries\\.lake\\build\\lib\\lean;C:\\lean\\mathlib4\\.lake\\packages\\Qq\\.lake\\build\\lib\\lean;C:\\lean\\mathlib4\\.lake\\packages\\aesop\\.lake\\build\\lib\\lean;C:\\lean\\mathlib4\\.lake\\packages\\proofwidgets\\.lake\\build\\lib\\lean;C:\\lean\\mathlib4\\.lake\\packages\\importGraph\\.lake\\build\\lib\\lean;C:\\lean\\mathlib4\\.lake\\packages\\LeanSearchClient\\.lake\\build\\lib\\lean;C:\\lean\\mathlib4\\.lake\\packages\\plausible\\.lake\\build\\lib\\lean;C:\\lean\\mathlib4\\.lake\\build\\lib\\lean;C:\\lean\\libs\\physlib\\.lake\\build\\lib\\lean c:\\Users\\Administrator\\.elan\\toolchains\\leanprover--lean4---v4.34.0-rc1\\bin\\lean.exe -Dwarn.sorry=false -Dweak.says.verify=true C:\\lean\\libs\\physlib\\Physlib\\QFT\\PerturbationTheory\\WickContraction\\TimeContract.lean -o C:\\lean\\libs\\physlib\\.lake\\build\\lib\\lean\\Physlib\\QFT\\PerturbationTheory\\WickContraction\\TimeContract.olean -i C:\\lean\\libs\\physlib\\.lake\\build\\lib\\lean\\Physlib\\QFT\\PerturbationTheory\\WickContraction\\TimeContract.ilean -c C:\\lean\\libs\\physlib\\.lake\\build\\ir\\Physlib\\QFT\\PerturbationTheory\\WickContraction\\TimeContract.c --setup C:\\lean\\libs\\physlib\\.lake\\build\\ir\\Physlib\\QFT\\PerturbationTheory\\WickContraction\\TimeContract.setup.json --json",
   "level": "trace"}],
 "inputs":
 [["deps",
   [["Physlib/Physlib:extraDep", [["@Physlib:extraDep", "00000000000006bb"]]],
    ["imports",
     [["Physlib.QFT.PerturbationTheory.WickAlgebra.TimeContraction transitive imports (public)",
       "20d76d15f0237f7b"],
      ["Physlib.QFT.PerturbationTheory.WickAlgebra.TimeContraction:importArts",
       "ac3d0f83f22d5a80"],
      ["Physlib.QFT.PerturbationTheory.WickContraction.InsertAndContract transitive imports (public)",
       "361f077b57e217b4"],
      ["Physlib.QFT.PerturbationTheory.WickContraction.InsertAndContract:importArts",
       "4ecdec529871a479"]]]]],
  ["libs",
   [["import dynlibs", "00000000000006bb"],
    ["package external libraries", "00000000000006bb"],
    ["module dynlibs", "00000000000006bb"],
    ["module plugins", "00000000000006bb"]]],
  ["Lean 4.34.0, commit 3447a668783dbce1a8fdb97101dd067687b2b418",
   "421484e3e0c70198"],
  ["C:\\lean\\libs\\physlib\\Physlib\\QFT\\PerturbationTheory\\WickContraction\\TimeContract.lean",
   "222d89cb440f22ec"],
  ["options", "00000000000006bb"],
  ["isModule: true", "760fcc16989f4b9b"],
  ["Module.name: Physlib.QFT.PerturbationTheory.WickContraction.TimeContract",
   "246e036a48461135"],
  ["Package.id?: (some Physlib)", "6dd4b1a3d0e46d70"],
  ["Module.leanArgs: #[-Dwarn.sorry=false, -Dweak.says.verify=true]",
   "72cd5083b9c31fb2"]],
 "depHash": "554147966ed08afa"}