{"synthetic": false,
 "schemaVersion": "2025-09-10",
 "outputs":
 {"rs": "ec3962714c0bc534.ir.sig",
  "r": "392996b3ab2c8108.ir",
  "o":
  ["c6297ed7fdcee440.olean",
   "3b49a10495c6837e.olean.server",
   "07e0b9d427b471b4.olean.private"],
  "m": true,
  "i": "b97d61fe89ce16b1.ilean",
  "c": "8c1378174418ab34.c"},
 "log":
 [{"message":
   ".> LEAN_PATH=C:\\lean\\mathlib4\\.lake\\packages\\Cli\\.lake\\build\\lib\\lean;C:\\lean\\mathlib4\\.lake\\packages\\batteries\\.lake\\build\\lib\\lean;C:\\lean\\mathlib4\\.lake\\packages\\Qq\\.lake\\build\\lib\\lean;C:\\lean\\mathlib4\\.lake\\packages\\aesop\\.lake\\build\\lib\\lean;C:\\lean\\mathlib4\\.lake\\packages\\proofwidgets\\.lake\\build\\lib\\lean;C:\\lean\\mathlib4\\.lake\\packages\\importGraph\\.lake\\build\\lib\\lean;C:\\lean\\mathlib4\\.lake\\packages\\LeanSearchClient\\.lake\\build\\lib\\lean;C:\\lean\\mathlib4\\.lake\\packages\\plausible\\.lake\\build\\lib\\lean;C:\\lean\\mathlib4\\.lake\\build\\lib\\lean;C:\\lean\\libs\\physlib\\.lake\\build\\lib\\lean c:\\Users\\Administrator\\.elan\\toolchains\\leanprover--lean4---v4.34.0\\bin\\lean.exe -Dwarn.sorry=false -Dweak.says.verify=true C:\\lean\\libs\\physlib\\Physlib\\Particles\\FlavorPhysics\\CKMMatrix\\StandardParameterization\\StandardParameters.lean -o C:\\lean\\libs\\physlib\\.lake\\build\\lib\\lean\\Physlib\\Particles\\FlavorPhysics\\CKMMatrix\\StandardParameterization\\StandardParameters.olean -i C:\\lean\\libs\\physlib\\.lake\\build\\lib\\lean\\Physlib\\Particles\\FlavorPhysics\\CKMMatrix\\StandardParameterization\\StandardParameters.ilean -c C:\\lean\\libs\\physlib\\.lake\\build\\ir\\Physlib\\Particles\\FlavorPhysics\\CKMMatrix\\StandardParameterization\\StandardParameters.c --setup C:\\lean\\libs\\physlib\\.lake\\build\\ir\\Physlib\\Particles\\FlavorPhysics\\CKMMatrix\\StandardParameterization\\StandardParameters.setup.json --json",
   "level": "trace"},
  {"message":
   "Physlib/Particles/FlavorPhysics/CKMMatrix/StandardParameterization/StandardParameters.lean:147:11: `if_pos` has been deprecated: Use `ite_eq_left` instead",
   "level": "warning"},
  {"message":
   "Physlib/Particles/FlavorPhysics/CKMMatrix/StandardParameterization/StandardParameters.lean:151:11: `if_neg` has been deprecated: Use `ite_eq_right` instead",
   "level": "warning"}],
 "inputs":
 [["deps",
   [["Physlib/Physlib:extraDep", [["@Physlib:extraDep", "00000000000006bb"]]],
    ["imports",
     [["Physlib.Particles.FlavorPhysics.CKMMatrix.PhaseFreedom transitive imports (public)",
       "eb94cf5838ee2c1c"],
      ["Physlib.Particles.FlavorPhysics.CKMMatrix.PhaseFreedom:importArts",
       "a84c2f58245f3579"],
      ["Physlib.Particles.FlavorPhysics.CKMMatrix.StandardParameterization.Basic transitive imports (public)",
       "ac71997eb6ee13c3"],
      ["Physlib.Particles.FlavorPhysics.CKMMatrix.StandardParameterization.Basic:importArts",
       "d0c825bd399b42e4"]]]]],
  ["libs",
   [["import dynlibs", "00000000000006bb"],
    ["package external libraries", "00000000000006bb"],
    ["module dynlibs", "00000000000006bb"],
    ["module plugins", "00000000000006bb"]]],
  ["Lean 4.34.0, commit 293d5d0c0c3f3dded4688b3ccd6a33939ac5102b",
   "a1c6c7aa3e9abfe7"],
  ["C:\\lean\\libs\\physlib\\Physlib\\Particles\\FlavorPhysics\\CKMMatrix\\StandardParameterization\\StandardParameters.lean",
   "93adc6fd74194227"],
  ["options", "00000000000006bb"],
  ["isModule: true", "760fcc16989f4b9b"],
  ["Module.name: Physlib.Particles.FlavorPhysics.CKMMatrix.StandardParameterization.StandardParameters",
   "32b21a0d1004040f"],
  ["Package.id?: (some Physlib)", "6dd4b1a3d0e46d70"],
  ["Module.leanArgs: #[-Dwarn.sorry=false, -Dweak.says.verify=true]",
   "72cd5083b9c31fb2"]],
 "depHash": "69be7e13756f9fce"}