{"synthetic": false,
 "schemaVersion": "2025-09-10",
 "outputs":
 {"rs": "0c20bc4c57ec0f92.ir.sig",
  "r": "803576d9dc07cb4d.ir",
  "o":
  ["d20639ea738a51c3.olean",
   "77ca4519c0a0f697.olean.server",
   "06058bfc34455480.olean.private"],
  "m": true,
  "i": "4969ca851a524d38.ilean",
  "c": "1f2c357cd43b976e.c"},
 "log":
 [{"message":
   ".> LEAN_PATH=C:\\lean\\mathlib4\\.lake\\packages\\Cli\\.lake\\build\\lib\\lean;C:\\lean\\mathlib4\\.lake\\packages\\batteries\\.lake\\build\\lib\\lean;C:\\lean\\mathlib4\\.lake\\packages\\Qq\\.lake\\build\\lib\\lean;C:\\lean\\mathlib4\\.lake\\packages\\aesop\\.lake\\build\\lib\\lean;C:\\lean\\mathlib4\\.lake\\packages\\proofwidgets\\.lake\\build\\lib\\lean;C:\\lean\\mathlib4\\.lake\\packages\\importGraph\\.lake\\build\\lib\\lean;C:\\lean\\mathlib4\\.lake\\packages\\LeanSearchClient\\.lake\\build\\lib\\lean;C:\\lean\\mathlib4\\.lake\\packages\\plausible\\.lake\\build\\lib\\lean;C:\\lean\\mathlib4\\.lake\\build\\lib\\lean;C:\\lean\\libs\\physlib\\.lake\\build\\lib\\lean c:\\Users\\Administrator\\.elan\\toolchains\\leanprover--lean4---v4.34.0\\bin\\lean.exe -Dwarn.sorry=false -Dweak.says.verify=true C:\\lean\\libs\\physlib\\Physlib\\CondensedMatter\\Thermoelectric\\Basic.lean -o C:\\lean\\libs\\physlib\\.lake\\build\\lib\\lean\\Physlib\\CondensedMatter\\Thermoelectric\\Basic.olean -i C:\\lean\\libs\\physlib\\.lake\\build\\lib\\lean\\Physlib\\CondensedMatter\\Thermoelectric\\Basic.ilean -c C:\\lean\\libs\\physlib\\.lake\\build\\ir\\Physlib\\CondensedMatter\\Thermoelectric\\Basic.c --setup C:\\lean\\libs\\physlib\\.lake\\build\\ir\\Physlib\\CondensedMatter\\Thermoelectric\\Basic.setup.json --json",
   "level": "trace"},
  {"message":
   "Physlib/CondensedMatter/Thermoelectric/Basic.lean:8:0: 'Mathlib.Data.Real.Basic' has been deprecated: please replace this import by\n\nimport Mathlib.Basic.Real.Basic",
   "level": "warning"}],
 "inputs":
 [["deps",
   [["Physlib/Physlib:extraDep", [["@Physlib:extraDep", "00000000000006bb"]]],
    ["imports",
     [["Mathlib.Data.Real.Basic transitive imports (public)",
       "49d8ed4777a3c18e"],
      ["Mathlib.Data.Real.Basic:importArts", "21c4880d0d3d3258"],
      ["Mathlib.Tactic.Ring transitive imports (public)", "9d15eba160f619e7"],
      ["Mathlib.Tactic.Ring:importArts", "a70c9704e55e9cc2"],
      ["Mathlib.Tactic.Positivity transitive imports (public)",
       "8eaeedea493a4da2"],
      ["Mathlib.Tactic.Positivity:importArts", "11036cdc137fac3d"]]]]],
  ["libs",
   [["import dynlibs", "00000000000006bb"],
    ["package external libraries", "00000000000006bb"],
    ["module dynlibs", "00000000000006bb"],
    ["module plugins", "00000000000006bb"]]],
  ["Lean 4.34.0, commit 293d5d0c0c3f3dded4688b3ccd6a33939ac5102b",
   "a1c6c7aa3e9abfe7"],
  ["C:\\lean\\libs\\physlib\\Physlib\\CondensedMatter\\Thermoelectric\\Basic.lean",
   "9ea3e5e630b87196"],
  ["options", "00000000000006bb"],
  ["isModule: true", "760fcc16989f4b9b"],
  ["Module.name: Physlib.CondensedMatter.Thermoelectric.Basic",
   "1c5cc7da4280f150"],
  ["Package.id?: (some Physlib)", "6dd4b1a3d0e46d70"],
  ["Module.leanArgs: #[-Dwarn.sorry=false, -Dweak.says.verify=true]",
   "72cd5083b9c31fb2"]],
 "depHash": "5ce52f99fef0c281"}