{"synthetic": false,
 "schemaVersion": "2025-09-10",
 "outputs":
 {"rs": "71d3f42a3531b40f.ir.sig",
  "r": "568cf621311fd89c.ir",
  "o":
  ["96dbbe1e5ac57a6b.olean",
   "3d557dce6fce72a4.olean.server",
   "2f4fa6ecf10fb3a7.olean.private"],
  "m": true,
  "i": "9f54443c114b5d89.ilean",
  "c": "9207319f3d6c19bb.c"},
 "log":
 [{"message":
   ".> LEAN_PATH=C:\\lean\\mathlib4\\.lake\\packages\\Cli\\.lake\\build\\lib\\lean;C:\\lean\\mathlib4\\.lake\\packages\\batteries\\.lake\\build\\lib\\lean;C:\\lean\\mathlib4\\.lake\\packages\\Qq\\.lake\\build\\lib\\lean;C:\\lean\\mathlib4\\.lake\\packages\\aesop\\.lake\\build\\lib\\lean;C:\\lean\\mathlib4\\.lake\\packages\\proofwidgets\\.lake\\build\\lib\\lean;C:\\lean\\mathlib4\\.lake\\packages\\importGraph\\.lake\\build\\lib\\lean;C:\\lean\\mathlib4\\.lake\\packages\\LeanSearchClient\\.lake\\build\\lib\\lean;C:\\lean\\mathlib4\\.lake\\packages\\plausible\\.lake\\build\\lib\\lean;C:\\lean\\mathlib4\\.lake\\build\\lib\\lean;C:\\lean\\libs\\physlib\\.lake\\build\\lib\\lean c:\\Users\\Administrator\\.elan\\toolchains\\leanprover--lean4---v4.34.0\\bin\\lean.exe -Dwarn.sorry=false -Dweak.says.verify=true C:\\lean\\libs\\physlib\\Physlib\\ClassicalMechanics\\HarmonicOscillator\\Basic.lean -o C:\\lean\\libs\\physlib\\.lake\\build\\lib\\lean\\Physlib\\ClassicalMechanics\\HarmonicOscillator\\Basic.olean -i C:\\lean\\libs\\physlib\\.lake\\build\\lib\\lean\\Physlib\\ClassicalMechanics\\HarmonicOscillator\\Basic.ilean -c C:\\lean\\libs\\physlib\\.lake\\build\\ir\\Physlib\\ClassicalMechanics\\HarmonicOscillator\\Basic.c --setup C:\\lean\\libs\\physlib\\.lake\\build\\ir\\Physlib\\ClassicalMechanics\\HarmonicOscillator\\Basic.setup.json --json",
   "level": "trace"},
  {"message":
   "Physlib/ClassicalMechanics/HarmonicOscillator/Basic.lean:750:13: `List.tfae_cons_self` has been deprecated: Use `List.tfae_cons_of_mem` instead\n\nNote: The updated constant has a different type:\n  ∀ {a : Prop} {l : List Prop}, a ∈ l → ((a :: l).TFAE ↔ l.TFAE)\ninstead of\n  ∀ {a : Prop} {l : List Prop}, (a :: a :: l).TFAE ↔ (a :: l).TFAE",
   "level": "warning"},
  {"message":
   "Physlib/ClassicalMechanics/HarmonicOscillator/Basic.lean:752:13: `List.tfae_cons_self` has been deprecated: Use `List.tfae_cons_of_mem` instead\n\nNote: The updated constant has a different type:\n  ∀ {a : Prop} {l : List Prop}, a ∈ l → ((a :: l).TFAE ↔ l.TFAE)\ninstead of\n  ∀ {a : Prop} {l : List Prop}, (a :: a :: l).TFAE ↔ (a :: l).TFAE",
   "level": "warning"},
  {"message":
   "Physlib/ClassicalMechanics/HarmonicOscillator/Basic.lean:754:13: `List.tfae_cons_self` has been deprecated: Use `List.tfae_cons_of_mem` instead\n\nNote: The updated constant has a different type:\n  ∀ {a : Prop} {l : List Prop}, a ∈ l → ((a :: l).TFAE ↔ l.TFAE)\ninstead of\n  ∀ {a : Prop} {l : List Prop}, (a :: a :: l).TFAE ↔ (a :: l).TFAE",
   "level": "warning"}],
 "inputs":
 [["deps",
   [["Physlib/Physlib:extraDep", [["@Physlib:extraDep", "00000000000006bb"]]],
    ["imports",
     [["Physlib.ClassicalMechanics.EulerLagrange transitive imports (public)",
       "ffa4ee99cdb601aa"],
      ["Physlib.ClassicalMechanics.EulerLagrange:importArts",
       "9c7ed83f3c32b327"],
      ["Physlib.ClassicalMechanics.HamiltonsEquations transitive imports (public)",
       "ffa4ee99cdb601aa"],
      ["Physlib.ClassicalMechanics.HamiltonsEquations:importArts",
       "b4b77ee1927835f2"],
      ["Physlib.Mathematics.Calculus.Gradient transitive imports (public)",
       "81c5b1da4c8995a4"],
      ["Physlib.Mathematics.Calculus.Gradient:importArts", "b56d9919d296f3bb"],
      ["Mathlib.Algebra.Order.Archimedean.Real.Hom transitive imports (public)",
       "5bc639b0f10c7b70"],
      ["Mathlib.Algebra.Order.Archimedean.Real.Hom:importArts",
       "360bd4ecffcf9e7c"]]]]],
  ["libs",
   [["import dynlibs", "00000000000006bb"],
    ["package external libraries", "00000000000006bb"],
    ["module dynlibs", "00000000000006bb"],
    ["module plugins", "00000000000006bb"]]],
  ["Lean 4.34.0, commit 293d5d0c0c3f3dded4688b3ccd6a33939ac5102b",
   "a1c6c7aa3e9abfe7"],
  ["C:\\lean\\libs\\physlib\\Physlib\\ClassicalMechanics\\HarmonicOscillator\\Basic.lean",
   "235de187728eb70a"],
  ["options", "00000000000006bb"],
  ["isModule: true", "760fcc16989f4b9b"],
  ["Module.name: Physlib.ClassicalMechanics.HarmonicOscillator.Basic",
   "aa2abefebf3a4eb4"],
  ["Package.id?: (some Physlib)", "6dd4b1a3d0e46d70"],
  ["Module.leanArgs: #[-Dwarn.sorry=false, -Dweak.says.verify=true]",
   "72cd5083b9c31fb2"]],
 "depHash": "f60956f72eef7078"}