{"synthetic": false,
 "schemaVersion": "2025-09-10",
 "outputs":
 {"rs": "1f840de51d5bac24.ir.sig",
  "r": "8116f0a0620402db.ir",
  "o":
  ["94a1c7a8f199ee1d.olean",
   "8a7a0d03fef126fa.olean.server",
   "039b2f2e2cf33d55.olean.private"],
  "m": true,
  "i": "0b839f8930b301c3.ilean",
  "c": "a4087423e3a3e97b.c"},
 "log":
 [{"message":
   ".> LEAN_PATH=C:\\lean\\mathlib4\\.lake\\packages\\Cli\\.lake\\build\\lib\\lean;C:\\lean\\mathlib4\\.lake\\packages\\batteries\\.lake\\build\\lib\\lean;C:\\lean\\mathlib4\\.lake\\packages\\Qq\\.lake\\build\\lib\\lean;C:\\lean\\mathlib4\\.lake\\packages\\aesop\\.lake\\build\\lib\\lean;C:\\lean\\mathlib4\\.lake\\packages\\proofwidgets\\.lake\\build\\lib\\lean;C:\\lean\\mathlib4\\.lake\\packages\\importGraph\\.lake\\build\\lib\\lean;C:\\lean\\mathlib4\\.lake\\packages\\LeanSearchClient\\.lake\\build\\lib\\lean;C:\\lean\\mathlib4\\.lake\\packages\\plausible\\.lake\\build\\lib\\lean;C:\\lean\\mathlib4\\.lake\\build\\lib\\lean;C:\\lean\\libs\\physlib\\.lake\\build\\lib\\lean c:\\Users\\Administrator\\.elan\\toolchains\\leanprover--lean4---v4.34.0\\bin\\lean.exe -Dwarn.sorry=false -Dweak.says.verify=true C:\\lean\\libs\\physlib\\QuantumInfo\\ResourceTheory\\FreeState.lean -o C:\\lean\\libs\\physlib\\.lake\\build\\lib\\lean\\QuantumInfo\\ResourceTheory\\FreeState.olean -i C:\\lean\\libs\\physlib\\.lake\\build\\lib\\lean\\QuantumInfo\\ResourceTheory\\FreeState.ilean -c C:\\lean\\libs\\physlib\\.lake\\build\\ir\\QuantumInfo\\ResourceTheory\\FreeState.c --setup C:\\lean\\libs\\physlib\\.lake\\build\\ir\\QuantumInfo\\ResourceTheory\\FreeState.setup.json --json",
   "level": "trace"}],
 "inputs":
 [["deps",
   [["Physlib/QuantumInfo:extraDep",
     [["@Physlib:extraDep", "00000000000006bb"]]],
    ["imports",
     [["Mathlib.Algebra.Module.Submodule.Lattice transitive imports (public)",
       "52de220307f6f8de"],
      ["Mathlib.Algebra.Module.Submodule.Lattice:importArts",
       "fd8a3695ddbcb541"],
      ["Mathlib.Analysis.Subadditive transitive imports (public)",
       "69318ccf50dbcd5f"],
      ["Mathlib.Analysis.Subadditive:importArts", "bf3c88a2ec7de962"],
      ["Mathlib.CategoryTheory.Functor.FullyFaithful transitive imports (public)",
       "ddab5f0f5f02b34c"],
      ["Mathlib.CategoryTheory.Functor.FullyFaithful:importArts",
       "4673f4be69ae2372"],
      ["Mathlib.CategoryTheory.Monoidal.Braided.Basic transitive imports (public)",
       "a390aed1f2311350"],
      ["Mathlib.CategoryTheory.Monoidal.Braided.Basic:importArts",
       "cd68ea2543734dd6"],
      ["Mathlib.Data.EReal.Basic transitive imports (public)",
       "8df6be054b98a6d9"],
      ["Mathlib.Data.EReal.Basic:importArts", "05cb72315e2e19e3"],
      ["Mathlib.Tactic transitive imports (public)", "68c5259c26a497ec"],
      ["Mathlib.Tactic:importArts", "4eadfda2299d5a97"],
      ["QuantumInfo.Entropy.VonNeumann transitive imports (public)",
       "cfd174de25378fc3"],
      ["QuantumInfo.Entropy.VonNeumann:importArts", "37761c8918808cbc"],
      ["QuantumInfo.Entropy.SSA transitive imports (public)",
       "b3e017b40f346265"],
      ["QuantumInfo.Entropy.SSA:importArts", "931ec9e40cf56307"],
      ["QuantumInfo.Entropy.Relative transitive imports (public)",
       "e173e0c6e5fbb869"],
      ["QuantumInfo.Entropy.Relative:importArts", "46bb1a8326f6137f"],
      ["QuantumInfo.Entropy.DPI transitive imports (public)",
       "a4a700c0dc3fcd92"],
      ["QuantumInfo.Entropy.DPI:importArts", "5b4e6ebaaa148ac9"],
      ["QuantumInfo.Channels.Bundled transitive imports (public)",
       "b96b052cffac3271"],
      ["QuantumInfo.Channels.Bundled:importArts", "f211c12031ca9266"],
      ["QuantumInfo.Channels.CPTP transitive imports (public)",
       "1a164ed312725ce7"],
      ["QuantumInfo.Channels.CPTP:importArts", "f76732e657c77696"],
      ["QuantumInfo.Channels.Dual transitive imports (public)",
       "fdde6f8cd8d5f2a5"],
      ["QuantumInfo.Channels.Dual:importArts", "9db5e1009969f061"],
      ["QuantumInfo.Channels.MatrixMap transitive imports (public)",
       "69c1787683015feb"],
      ["QuantumInfo.Channels.MatrixMap:importArts", "43760fc26170d045"],
      ["QuantumInfo.Channels.Unbundled transitive imports (public)",
       "209541c98022c4c5"],
      ["QuantumInfo.Channels.Unbundled:importArts", "fb043d042eb24658"]]]]],
  ["libs",
   [["import dynlibs", "00000000000006bb"],
    ["package external libraries", "00000000000006bb"],
    ["module dynlibs", "00000000000006bb"],
    ["module plugins", "00000000000006bb"]]],
  ["Lean 4.34.0, commit 293d5d0c0c3f3dded4688b3ccd6a33939ac5102b",
   "a1c6c7aa3e9abfe7"],
  ["C:\\lean\\libs\\physlib\\QuantumInfo\\ResourceTheory\\FreeState.lean",
   "e6a949193a3ff7b7"],
  ["options", "00000000000006bb"],
  ["isModule: true", "760fcc16989f4b9b"],
  ["Module.name: QuantumInfo.ResourceTheory.FreeState", "8fa9f5a37ad3eca3"],
  ["Package.id?: (some Physlib)", "6dd4b1a3d0e46d70"],
  ["Module.leanArgs: #[-Dwarn.sorry=false, -Dweak.says.verify=true]",
   "72cd5083b9c31fb2"]],
 "depHash": "c63743646824abb3"}