{"synthetic": false,
 "schemaVersion": "2025-09-10",
 "outputs":
 {"rs": "7f4dfac3e7f14eb5.ir.sig",
  "r": "68e5dc1d0063f477.ir",
  "o":
  ["81ab368b9eccbaaf.olean",
   "d4ae2edf30eadec1.olean.server",
   "117ce8da07aa74c0.olean.private"],
  "m": true,
  "i": "d420741d45bbf33b.ilean",
  "c": "d0229e9fd14c6da6.c"},
 "log":
 [{"message":
   ".> LEAN_PATH=C:\\lean\\mathlib4\\.lake\\packages\\Cli\\.lake\\build\\lib\\lean;C:\\lean\\mathlib4\\.lake\\packages\\batteries\\.lake\\build\\lib\\lean;C:\\lean\\mathlib4\\.lake\\packages\\Qq\\.lake\\build\\lib\\lean;C:\\lean\\mathlib4\\.lake\\packages\\aesop\\.lake\\build\\lib\\lean;C:\\lean\\mathlib4\\.lake\\packages\\proofwidgets\\.lake\\build\\lib\\lean;C:\\lean\\mathlib4\\.lake\\packages\\importGraph\\.lake\\build\\lib\\lean;C:\\lean\\mathlib4\\.lake\\packages\\LeanSearchClient\\.lake\\build\\lib\\lean;C:\\lean\\mathlib4\\.lake\\packages\\plausible\\.lake\\build\\lib\\lean;C:\\lean\\mathlib4\\.lake\\build\\lib\\lean;C:\\lean\\libs\\physlib\\.lake\\build\\lib\\lean c:\\Users\\Administrator\\.elan\\toolchains\\leanprover--lean4---v4.34.0\\bin\\lean.exe -Dwarn.sorry=false -Dweak.says.verify=true C:\\lean\\libs\\physlib\\QuantumInfo\\ResourceTheory\\SteinsLemma.lean -o C:\\lean\\libs\\physlib\\.lake\\build\\lib\\lean\\QuantumInfo\\ResourceTheory\\SteinsLemma.olean -i C:\\lean\\libs\\physlib\\.lake\\build\\lib\\lean\\QuantumInfo\\ResourceTheory\\SteinsLemma.ilean -c C:\\lean\\libs\\physlib\\.lake\\build\\ir\\QuantumInfo\\ResourceTheory\\SteinsLemma.c --setup C:\\lean\\libs\\physlib\\.lake\\build\\ir\\QuantumInfo\\ResourceTheory\\SteinsLemma.setup.json --json",
   "level": "trace"}],
 "inputs":
 [["deps",
   [["Physlib/QuantumInfo:extraDep",
     [["@Physlib:extraDep", "00000000000006bb"]]],
    ["imports",
     [["QuantumInfo.Channels.Pinching transitive imports (public)",
       "77299c62e7c35b51"],
      ["QuantumInfo.Channels.Pinching:importArts", "1ef4681e623980bd"],
      ["QuantumInfo.ForMathlib.HermitianMat.Jordan transitive imports (public)",
       "9c56a8a518b1d259"],
      ["QuantumInfo.ForMathlib.HermitianMat.Jordan:importArts",
       "82dc3a04db2ddd00"],
      ["QuantumInfo.ForMathlib.LimSupInf transitive imports (public)",
       "991de5aa143bc59b"],
      ["QuantumInfo.ForMathlib.LimSupInf:importArts", "4184b9411be48c29"],
      ["QuantumInfo.ResourceTheory.FreeState transitive imports (public)",
       "8ec6609b53ea3e1b"],
      ["QuantumInfo.ResourceTheory.FreeState:importArts", "a513e64f8b1eed44"],
      ["QuantumInfo.ResourceTheory.HypothesisTesting transitive imports (public)",
       "6a7896be1c99e4f7"],
      ["QuantumInfo.ResourceTheory.HypothesisTesting:importArts",
       "ff435f95b4dd6215"]]]]],
  ["libs",
   [["import dynlibs", "00000000000006bb"],
    ["package external libraries", "00000000000006bb"],
    ["module dynlibs", "00000000000006bb"],
    ["module plugins", "00000000000006bb"]]],
  ["Lean 4.34.0, commit 293d5d0c0c3f3dded4688b3ccd6a33939ac5102b",
   "a1c6c7aa3e9abfe7"],
  ["C:\\lean\\libs\\physlib\\QuantumInfo\\ResourceTheory\\SteinsLemma.lean",
   "0148cc6f433f89a9"],
  ["options", "00000000000006bb"],
  ["isModule: true", "760fcc16989f4b9b"],
  ["Module.name: QuantumInfo.ResourceTheory.SteinsLemma", "85cc021e0afaf096"],
  ["Package.id?: (some Physlib)", "6dd4b1a3d0e46d70"],
  ["Module.leanArgs: #[-Dwarn.sorry=false, -Dweak.says.verify=true]",
   "72cd5083b9c31fb2"]],
 "depHash": "038b801aa0581723"}