{"synthetic": false,
 "schemaVersion": "2025-09-10",
 "outputs":
 {"rs": "90a00daa13812749.ir.sig",
  "r": "9e360c83648f14db.ir",
  "o":
  ["c73d1c16f1bacaf7.olean",
   "2d567fe5ce4b28b4.olean.server",
   "519a2c6b7a8aca08.olean.private"],
  "m": true,
  "i": "5b6c09036db0235b.ilean",
  "c": "fc4525d6493fca65.c"},
 "log":
 [{"message":
   ".> LEAN_PATH=C:\\lean\\mathlib4\\.lake\\packages\\Cli\\.lake\\build\\lib\\lean;C:\\lean\\mathlib4\\.lake\\packages\\batteries\\.lake\\build\\lib\\lean;C:\\lean\\mathlib4\\.lake\\packages\\Qq\\.lake\\build\\lib\\lean;C:\\lean\\mathlib4\\.lake\\packages\\aesop\\.lake\\build\\lib\\lean;C:\\lean\\mathlib4\\.lake\\packages\\proofwidgets\\.lake\\build\\lib\\lean;C:\\lean\\mathlib4\\.lake\\packages\\importGraph\\.lake\\build\\lib\\lean;C:\\lean\\mathlib4\\.lake\\packages\\LeanSearchClient\\.lake\\build\\lib\\lean;C:\\lean\\mathlib4\\.lake\\packages\\plausible\\.lake\\build\\lib\\lean;C:\\lean\\mathlib4\\.lake\\build\\lib\\lean;C:\\lean\\libs\\physlib\\.lake\\build\\lib\\lean c:\\Users\\Administrator\\.elan\\toolchains\\leanprover--lean4---v4.34.0\\bin\\lean.exe -Dwarn.sorry=false -Dweak.says.verify=true C:\\lean\\libs\\physlib\\Physlib\\FluidDynamics\\CauchyFlow\\Inviscid.lean -o C:\\lean\\libs\\physlib\\.lake\\build\\lib\\lean\\Physlib\\FluidDynamics\\CauchyFlow\\Inviscid.olean -i C:\\lean\\libs\\physlib\\.lake\\build\\lib\\lean\\Physlib\\FluidDynamics\\CauchyFlow\\Inviscid.ilean -c C:\\lean\\libs\\physlib\\.lake\\build\\ir\\Physlib\\FluidDynamics\\CauchyFlow\\Inviscid.c --setup C:\\lean\\libs\\physlib\\.lake\\build\\ir\\Physlib\\FluidDynamics\\CauchyFlow\\Inviscid.setup.json --json",
   "level": "trace"}],
 "inputs":
 [["deps",
   [["Physlib/Physlib:extraDep", [["@Physlib:extraDep", "00000000000006bb"]]],
    ["imports",
     [["Physlib.FluidDynamics.CauchyFlow.Basic transitive imports (public)",
       "0efa4f580abfa0fe"],
      ["Physlib.FluidDynamics.CauchyFlow.Basic:importArts", "f11b011fbd4ed8ef"],
      ["Physlib.SpaceAndTime.Space.Derivatives.MatrixDiv transitive imports (public)",
       "65969c2d818a947e"],
      ["Physlib.SpaceAndTime.Space.Derivatives.MatrixDiv:importArts",
       "b124f3094036e32e"]]]]],
  ["libs",
   [["import dynlibs", "00000000000006bb"],
    ["package external libraries", "00000000000006bb"],
    ["module dynlibs", "00000000000006bb"],
    ["module plugins", "00000000000006bb"]]],
  ["Lean 4.34.0, commit 293d5d0c0c3f3dded4688b3ccd6a33939ac5102b",
   "a1c6c7aa3e9abfe7"],
  ["C:\\lean\\libs\\physlib\\Physlib\\FluidDynamics\\CauchyFlow\\Inviscid.lean",
   "f08454c4440a982c"],
  ["options", "00000000000006bb"],
  ["isModule: true", "760fcc16989f4b9b"],
  ["Module.name: Physlib.FluidDynamics.CauchyFlow.Inviscid",
   "dbf649fc61d4b4bc"],
  ["Package.id?: (some Physlib)", "6dd4b1a3d0e46d70"],
  ["Module.leanArgs: #[-Dwarn.sorry=false, -Dweak.says.verify=true]",
   "72cd5083b9c31fb2"]],
 "depHash": "3691d323bf016eaf"}