{"synthetic": false,
 "schemaVersion": "2025-09-10",
 "outputs":
 {"rs": "9b3090ee47adb371.ir.sig",
  "r": "f1bb11696a2cac18.ir",
  "o":
  ["2b6bce6aca54ef00.olean",
   "f5f12fa1df82ce12.olean.server",
   "3392346ef4c18298.olean.private"],
  "m": true,
  "i": "1b477876c9e775ae.ilean",
  "c": "0aaf36c645520a2f.c"},
 "log":
 [{"message":
   ".> LEAN_PATH=C:\\lean\\mathlib4\\.lake\\packages\\Cli\\.lake\\build\\lib\\lean;C:\\lean\\mathlib4\\.lake\\packages\\batteries\\.lake\\build\\lib\\lean;C:\\lean\\mathlib4\\.lake\\packages\\Qq\\.lake\\build\\lib\\lean;C:\\lean\\mathlib4\\.lake\\packages\\aesop\\.lake\\build\\lib\\lean;C:\\lean\\mathlib4\\.lake\\packages\\proofwidgets\\.lake\\build\\lib\\lean;C:\\lean\\mathlib4\\.lake\\packages\\importGraph\\.lake\\build\\lib\\lean;C:\\lean\\mathlib4\\.lake\\packages\\LeanSearchClient\\.lake\\build\\lib\\lean;C:\\lean\\mathlib4\\.lake\\packages\\plausible\\.lake\\build\\lib\\lean;C:\\lean\\mathlib4\\.lake\\build\\lib\\lean;C:\\lean\\libs\\physlib\\.lake\\build\\lib\\lean c:\\Users\\Administrator\\.elan\\toolchains\\leanprover--lean4---v4.34.0\\bin\\lean.exe -Dwarn.sorry=false -Dweak.says.verify=true C:\\lean\\libs\\physlib\\Physlib\\FluidDynamics\\CauchyFlow\\Newtonian.lean -o C:\\lean\\libs\\physlib\\.lake\\build\\lib\\lean\\Physlib\\FluidDynamics\\CauchyFlow\\Newtonian.olean -i C:\\lean\\libs\\physlib\\.lake\\build\\lib\\lean\\Physlib\\FluidDynamics\\CauchyFlow\\Newtonian.ilean -c C:\\lean\\libs\\physlib\\.lake\\build\\ir\\Physlib\\FluidDynamics\\CauchyFlow\\Newtonian.c --setup C:\\lean\\libs\\physlib\\.lake\\build\\ir\\Physlib\\FluidDynamics\\CauchyFlow\\Newtonian.setup.json --json",
   "level": "trace"}],
 "inputs":
 [["deps",
   [["Physlib/Physlib:extraDep", [["@Physlib:extraDep", "00000000000006bb"]]],
    ["imports",
     [["Physlib.FluidDynamics.CauchyFlow.Basic transitive imports (public)",
       "0efa4f580abfa0fe"],
      ["Physlib.FluidDynamics.CauchyFlow.Basic:importArts", "f11b011fbd4ed8ef"],
      ["Physlib.FluidDynamics.FluidFlow.Newtonian transitive imports (public)",
       "b8e0b84424876d9b"],
      ["Physlib.FluidDynamics.FluidFlow.Newtonian:importArts",
       "d7036a05c76b3cc5"]]]]],
  ["libs",
   [["import dynlibs", "00000000000006bb"],
    ["package external libraries", "00000000000006bb"],
    ["module dynlibs", "00000000000006bb"],
    ["module plugins", "00000000000006bb"]]],
  ["Lean 4.34.0, commit 293d5d0c0c3f3dded4688b3ccd6a33939ac5102b",
   "a1c6c7aa3e9abfe7"],
  ["C:\\lean\\libs\\physlib\\Physlib\\FluidDynamics\\CauchyFlow\\Newtonian.lean",
   "04e61f88059a8b7e"],
  ["options", "00000000000006bb"],
  ["isModule: true", "760fcc16989f4b9b"],
  ["Module.name: Physlib.FluidDynamics.CauchyFlow.Newtonian",
   "73b11b791418c865"],
  ["Package.id?: (some Physlib)", "6dd4b1a3d0e46d70"],
  ["Module.leanArgs: #[-Dwarn.sorry=false, -Dweak.says.verify=true]",
   "72cd5083b9c31fb2"]],
 "depHash": "fe80fd91a05dd766"}