{"synthetic": false,
 "schemaVersion": "2025-09-10",
 "outputs":
 {"rs": "425a78404e4be489.ir.sig",
  "r": "38aa9fd3d05c522c.ir",
  "o":
  ["9807f4df797dcc22.olean",
   "6521ebdd20b0ed24.olean.server",
   "413e2da3cb908662.olean.private"],
  "m": true,
  "i": "e34e4f35e4444e48.ilean",
  "c": "c6a162226a0e6f25.c"},
 "log":
 [{"message":
   ".> LEAN_PATH=C:\\lean\\mathlib4\\.lake\\packages\\Cli\\.lake\\build\\lib\\lean;C:\\lean\\mathlib4\\.lake\\packages\\batteries\\.lake\\build\\lib\\lean;C:\\lean\\mathlib4\\.lake\\packages\\Qq\\.lake\\build\\lib\\lean;C:\\lean\\mathlib4\\.lake\\packages\\aesop\\.lake\\build\\lib\\lean;C:\\lean\\mathlib4\\.lake\\packages\\proofwidgets\\.lake\\build\\lib\\lean;C:\\lean\\mathlib4\\.lake\\packages\\importGraph\\.lake\\build\\lib\\lean;C:\\lean\\mathlib4\\.lake\\packages\\LeanSearchClient\\.lake\\build\\lib\\lean;C:\\lean\\mathlib4\\.lake\\packages\\plausible\\.lake\\build\\lib\\lean;C:\\lean\\mathlib4\\.lake\\build\\lib\\lean;C:\\lean\\libs\\physlib\\.lake\\build\\lib\\lean c:\\Users\\Administrator\\.elan\\toolchains\\leanprover--lean4---v4.34.0\\bin\\lean.exe -Dwarn.sorry=false -Dweak.says.verify=true C:\\lean\\libs\\physlib\\Physlib\\Meta\\Notes\\ToHTML.lean -o C:\\lean\\libs\\physlib\\.lake\\build\\lib\\lean\\Physlib\\Meta\\Notes\\ToHTML.olean -i C:\\lean\\libs\\physlib\\.lake\\build\\lib\\lean\\Physlib\\Meta\\Notes\\ToHTML.ilean -c C:\\lean\\libs\\physlib\\.lake\\build\\ir\\Physlib\\Meta\\Notes\\ToHTML.c --setup C:\\lean\\libs\\physlib\\.lake\\build\\ir\\Physlib\\Meta\\Notes\\ToHTML.setup.json --json",
   "level": "trace"}],
 "inputs":
 [["deps",
   [["Physlib/Physlib:extraDep", [["@Physlib:extraDep", "00000000000006bb"]]],
    ["imports",
     [["Physlib.Meta.Notes.HTMLNote transitive imports (meta)",
       "15bc386455fc827e"],
      ["Physlib.Meta.Notes.HTMLNote:importArts (meta)", "06c39f3c5a68cdee"],
      ["Physlib.Meta.Notes.NoteFile transitive imports (public)",
       "00000000000006bb"],
      ["Physlib.Meta.Notes.NoteFile:importArts", "d5dffb8164f14617"]]]]],
  ["libs",
   [["import dynlibs", "00000000000006bb"],
    ["package external libraries", "00000000000006bb"],
    ["module dynlibs", "00000000000006bb"],
    ["module plugins", "00000000000006bb"]]],
  ["Lean 4.34.0, commit 293d5d0c0c3f3dded4688b3ccd6a33939ac5102b",
   "a1c6c7aa3e9abfe7"],
  ["C:\\lean\\libs\\physlib\\Physlib\\Meta\\Notes\\ToHTML.lean",
   "69f04861a89d9c32"],
  ["options", "00000000000006bb"],
  ["isModule: true", "760fcc16989f4b9b"],
  ["Module.name: Physlib.Meta.Notes.ToHTML", "569b36908ae97f7d"],
  ["Package.id?: (some Physlib)", "6dd4b1a3d0e46d70"],
  ["Module.leanArgs: #[-Dwarn.sorry=false, -Dweak.says.verify=true]",
   "72cd5083b9c31fb2"]],
 "depHash": "bf32a33d2bf1383b"}