{"synthetic": false,
 "schemaVersion": "2025-09-10",
 "outputs":
 {"rs": "cd4544ab3c94225c.ir.sig",
  "r": "ff83691ed49506c3.ir",
  "o":
  ["3d5c96ff9664a7f8.olean",
   "3e33ba1c858ffe9c.olean.server",
   "17089bd584eaf96a.olean.private"],
  "m": true,
  "i": "281edc2830394f65.ilean",
  "c": "b2995b606e60a42f.c"},
 "log":
 [{"message":
   ".> LEAN_PATH=C:\\lean\\mathlib4\\.lake\\packages\\Cli\\.lake\\build\\lib\\lean;C:\\lean\\mathlib4\\.lake\\packages\\batteries\\.lake\\build\\lib\\lean;C:\\lean\\mathlib4\\.lake\\packages\\Qq\\.lake\\build\\lib\\lean;C:\\lean\\mathlib4\\.lake\\packages\\aesop\\.lake\\build\\lib\\lean;C:\\lean\\mathlib4\\.lake\\packages\\proofwidgets\\.lake\\build\\lib\\lean;C:\\lean\\mathlib4\\.lake\\packages\\importGraph\\.lake\\build\\lib\\lean;C:\\lean\\mathlib4\\.lake\\packages\\LeanSearchClient\\.lake\\build\\lib\\lean;C:\\lean\\mathlib4\\.lake\\packages\\plausible\\.lake\\build\\lib\\lean;C:\\lean\\mathlib4\\.lake\\build\\lib\\lean;C:\\lean\\libs\\physlib\\.lake\\build\\lib\\lean c:\\Users\\Administrator\\.elan\\toolchains\\leanprover--lean4---v4.34.0\\bin\\lean.exe -Dwarn.sorry=false -Dweak.says.verify=true C:\\lean\\libs\\physlib\\Physlib\\Relativity\\Tensors\\TensorSpecies\\Basic.lean -o C:\\lean\\libs\\physlib\\.lake\\build\\lib\\lean\\Physlib\\Relativity\\Tensors\\TensorSpecies\\Basic.olean -i C:\\lean\\libs\\physlib\\.lake\\build\\lib\\lean\\Physlib\\Relativity\\Tensors\\TensorSpecies\\Basic.ilean -c C:\\lean\\libs\\physlib\\.lake\\build\\ir\\Physlib\\Relativity\\Tensors\\TensorSpecies\\Basic.c --setup C:\\lean\\libs\\physlib\\.lake\\build\\ir\\Physlib\\Relativity\\Tensors\\TensorSpecies\\Basic.setup.json --json",
   "level": "trace"}],
 "inputs":
 [["deps",
   [["Physlib/Physlib:extraDep", [["@Physlib:extraDep", "00000000000006bb"]]],
    ["imports",
     [["Mathlib.RepresentationTheory.Rep.Basic transitive imports (public)",
       "b202cc3e2df6a418"],
      ["Mathlib.RepresentationTheory.Rep.Basic:importArts", "068708c8ab4dbb66"],
      ["Physlib.Mathematics.PiTensorProduct transitive imports (public)",
       "1b900ecb7248018c"],
      ["Physlib.Mathematics.PiTensorProduct:importArts", "2ee75b9169543147"],
      ["Mathlib.Algebra.Lie.OfAssociative transitive imports (public)",
       "4899990f76edd0c7"],
      ["Mathlib.Algebra.Lie.OfAssociative:importArts", "2a5d561b1340243d"],
      ["Physlib.Meta.TODO.Basic transitive imports (public)",
       "00000000000006bb"],
      ["Physlib.Meta.TODO.Basic:importArts", "00cee186cb0fb022"]]]]],
  ["libs",
   [["import dynlibs", "00000000000006bb"],
    ["package external libraries", "00000000000006bb"],
    ["module dynlibs", "00000000000006bb"],
    ["module plugins", "00000000000006bb"]]],
  ["Lean 4.34.0, commit 293d5d0c0c3f3dded4688b3ccd6a33939ac5102b",
   "a1c6c7aa3e9abfe7"],
  ["C:\\lean\\libs\\physlib\\Physlib\\Relativity\\Tensors\\TensorSpecies\\Basic.lean",
   "701b9e46e59c1d42"],
  ["options", "00000000000006bb"],
  ["isModule: true", "760fcc16989f4b9b"],
  ["Module.name: Physlib.Relativity.Tensors.TensorSpecies.Basic",
   "dcbab8e82d065214"],
  ["Package.id?: (some Physlib)", "6dd4b1a3d0e46d70"],
  ["Module.leanArgs: #[-Dwarn.sorry=false, -Dweak.says.verify=true]",
   "72cd5083b9c31fb2"]],
 "depHash": "1653aa3bf6324ad3"}