{"synthetic": false,
 "schemaVersion": "2025-09-10",
 "outputs":
 {"rs": "d0305074c848cc69.ir.sig",
  "r": "03b6ccb5032805a3.ir",
  "o":
  ["5587d638a6b4ea59.olean",
   "f98f4b3ddddbcad2.olean.server",
   "841b6baff94fb9ea.olean.private"],
  "m": true,
  "i": "4839f9992612c5a9.ilean",
  "c": "9f5ffc3b4b35db99.c"},
 "log":
 [{"message":
   ".> LEAN_PATH=C:\\lean\\mathlib4\\.lake\\packages\\Cli\\.lake\\build\\lib\\lean;C:\\lean\\mathlib4\\.lake\\packages\\batteries\\.lake\\build\\lib\\lean;C:\\lean\\mathlib4\\.lake\\packages\\Qq\\.lake\\build\\lib\\lean;C:\\lean\\mathlib4\\.lake\\packages\\aesop\\.lake\\build\\lib\\lean;C:\\lean\\mathlib4\\.lake\\packages\\proofwidgets\\.lake\\build\\lib\\lean;C:\\lean\\mathlib4\\.lake\\packages\\importGraph\\.lake\\build\\lib\\lean;C:\\lean\\mathlib4\\.lake\\packages\\LeanSearchClient\\.lake\\build\\lib\\lean;C:\\lean\\mathlib4\\.lake\\packages\\plausible\\.lake\\build\\lib\\lean;C:\\lean\\mathlib4\\.lake\\build\\lib\\lean;C:\\lean\\libs\\physlib\\.lake\\build\\lib\\lean c:\\Users\\Administrator\\.elan\\toolchains\\leanprover--lean4---v4.34.0\\bin\\lean.exe -Dwarn.sorry=false -Dweak.says.verify=true C:\\lean\\libs\\physlib\\Physlib\\ClassicalMechanics\\DampedHarmonicOscillator\\Solution.lean -o C:\\lean\\libs\\physlib\\.lake\\build\\lib\\lean\\Physlib\\ClassicalMechanics\\DampedHarmonicOscillator\\Solution.olean -i C:\\lean\\libs\\physlib\\.lake\\build\\lib\\lean\\Physlib\\ClassicalMechanics\\DampedHarmonicOscillator\\Solution.ilean -c C:\\lean\\libs\\physlib\\.lake\\build\\ir\\Physlib\\ClassicalMechanics\\DampedHarmonicOscillator\\Solution.c --setup C:\\lean\\libs\\physlib\\.lake\\build\\ir\\Physlib\\ClassicalMechanics\\DampedHarmonicOscillator\\Solution.setup.json --json",
   "level": "trace"},
  {"message":
   "Physlib/ClassicalMechanics/DampedHarmonicOscillator/Solution.lean:526:33: `ContinuousLinearMap.lipschitz` has been deprecated: Use `ContinuousLinearMap.lipschitzWith` instead",
   "level": "warning"}],
 "inputs":
 [["deps",
   [["Physlib/Physlib:extraDep", [["@Physlib:extraDep", "00000000000006bb"]]],
    ["imports",
     [["Physlib.ClassicalMechanics.DampedHarmonicOscillator.Basic transitive imports (public)",
       "a3aa02d3b87ff160"],
      ["Physlib.ClassicalMechanics.DampedHarmonicOscillator.Basic:importArts",
       "07aa91279b9c2e67"],
      ["Mathlib.Analysis.SpecialFunctions.Trigonometric.DerivHyp transitive imports (public)",
       "0a375bccca43856d"],
      ["Mathlib.Analysis.SpecialFunctions.Trigonometric.DerivHyp:importArts",
       "5e71bc88a3f89474"],
      ["Mathlib.Analysis.ODE.ExistUnique transitive imports (public)",
       "4ca5794e13519398"],
      ["Mathlib.Analysis.ODE.ExistUnique:importArts", "4d9aa0d624a6a151"]]]]],
  ["libs",
   [["import dynlibs", "00000000000006bb"],
    ["package external libraries", "00000000000006bb"],
    ["module dynlibs", "00000000000006bb"],
    ["module plugins", "00000000000006bb"]]],
  ["Lean 4.34.0, commit 293d5d0c0c3f3dded4688b3ccd6a33939ac5102b",
   "a1c6c7aa3e9abfe7"],
  ["C:\\lean\\libs\\physlib\\Physlib\\ClassicalMechanics\\DampedHarmonicOscillator\\Solution.lean",
   "27074e165627cf47"],
  ["options", "00000000000006bb"],
  ["isModule: true", "760fcc16989f4b9b"],
  ["Module.name: Physlib.ClassicalMechanics.DampedHarmonicOscillator.Solution",
   "c74123bf39e85578"],
  ["Package.id?: (some Physlib)", "6dd4b1a3d0e46d70"],
  ["Module.leanArgs: #[-Dwarn.sorry=false, -Dweak.says.verify=true]",
   "72cd5083b9c31fb2"]],
 "depHash": "daca679b160c4672"}